{'__utmt': '1',
 '_ga': 'GA1.2.835515260.1461669225',
 '_zap': '35ad1b4d-d70a-4ac3-8993-cc21513ce9f2',
 'cap_id': '"NzA4NzU4OTYzYWIzNDM3Mzk0MzUzMjBiNmU5NGZmNmI=|1467458066|58eb5784c829feed14546217f651f1447c61d7d4"',
 'd_c0': '"AIDAs733tgmPTkfBCjcM5JXKTFuoPtUSdww=|1459677579"',
 'l_cap_id': '"ODdkNTFmOGUwOWNhNDc3OWFhN2JkM2IwNGRlYmVjZDE=|1467458066|620003db16370428d8131c0017a3dc0c44b00c13"',
 'login': '"MWFlN2M1ZmJiYjJjNDhlZmFjZWUxODI5Y2JkNmZkNDE=|1467458086|7b4cc4ab441a548b23ee1fbc545a7395525ac69d"',
 'q_c1': '262153d0d5014781a35b754f24213d97|1466953814000|1466953814000',
 'z_c0': 'Mi4wQUFCQVVXd2NBQUFBZ01DenZmZTJDUmNBQUFCaEFsVk5UUy1mVndEbkxlcU1GRVN0Wl9RNkZWVjdDOXZSejdfeW93|1467458125|bf4bcf0de8699e1e5b62cdb908cb6759cb1b50fe'}
self.email-->fly8421@outlook.com
self.passwd-->123456
r.ending:UTF-8
status code:200
r--><!DOCTYPE html>
<html lang="zh-CN" dropEffect="none" class="no-js ">
<head>
<meta charset="utf-8" />

<meta http-equiv="X-UA-Compatible" content="IE=edge,chrome=1" />
<meta name="renderer" content="webkit" />
<meta http-equiv="X-ZA-Response-Id" content="5e68557ed99e485687a99ecbe980593e">

<title>首页 - 知乎</title>

<meta name="apple-itunes-app" content="app-id=432274380" />


<meta name="viewport" content="width=device-width, initial-scale=1, maximum-scale=1"/>
<meta http-equiv="mobile-agent" content="format=html5;url=https://www.zhihu.com/">
<meta id="znonce" name="znonce" content="7879922df2404a2891c739f73df91dc8">



<link rel="apple-touch-icon" href="https://static.zhihu.com/static/revved/img/ios/touch-icon-152.87c020b9.png" sizes="152x152">
<link rel="apple-touch-icon" href="https://static.zhihu.com/static/revved/img/ios/touch-icon-120.496c913b.png" sizes="120x120">
<link rel="apple-touch-icon" href="https://static.zhihu.com/static/revved/img/ios/touch-icon-76.dcf79352.png" sizes="76x76">
<link rel="apple-touch-icon" href="https://static.zhihu.com/static/revved/img/ios/touch-icon-60.9911cffb.png" sizes="60x60">


<link rel="shortcut icon" href="https://static.zhihu.com/static/favicon.ico" type="image/x-icon">

<link rel="search" type="application/opensearchdescription+xml" href="https://static.zhihu.com/static/search.xml" title="知乎" />
<link rel="stylesheet" href="https://static.zhihu.com/static/revved/-/css/z.f27e53b2.css">





<!--[if lt IE 9]>
<script src="https://static.zhihu.com/static/components/respond/dest/respond.min.js"></script>
<link href="https://static.zhihu.com/static/components/respond/cross-domain/respond-proxy.html" id="respond-proxy" rel="respond-proxy" />
<link href="/static/components/respond/cross-domain/respond.proxy.gif" id="respond-redirect" rel="respond-redirect" />
<script src="/static/components/respond/cross-domain/respond.proxy.js"></script>
<![endif]-->
<script src="https://static.zhihu.com/static/revved/-/js/instant.e7a17de6.js"></script>

<meta property="wb:webmaster" content="8e9c4b702508b902" />

</head>

<body class="zhi ">



<div role="navigation" class="zu-top">
<div class="zg-wrap modal-shifting clearfix" id="zh-top-inner">
<a href="/" class="zu-top-link-logo" id="zh-top-link-logo" data-za-c="view_home" data-za-a="visit_home" data-za-l="top_navigation_zhihu_logo">知乎</a>

<div class="top-nav-profile">
<a href="/people/alex-liu-90-89" class="zu-top-nav-userinfo ">
<span class="name">alex liu</span>
<img class="Avatar" src="https://pic1.zhimg.com/da8e974dc_s.jpg" srcset="https://pic1.zhimg.com/da8e974dc_xs.jpg 2x" alt="alex liu" />
<span id="zh-top-nav-new-pm" class="zg-noti-number zu-top-nav-pm-count"
style="visibility:hidden" data-count="0">

</span>
</a>
<ul class="top-nav-dropdown" id="top-nav-profile-dropdown">
<li>
<a href="/people/alex-liu-90-89">
<i class="zg-icon zg-icon-dd-home"></i>我的主页
</a>
</li>

<li>
<a href="/inbox">
<i class="zg-icon zg-icon-dd-pm"></i>私信
<span id="zh-top-nav-pm-count" class="zu-top-nav-pm-count zg-noti-number"
style="visibility:hidden" data-count="0">

</span>
</a>
</li>
<li>
<a href="/settings">
<i class="zg-icon zg-icon-dd-settings"></i>设置
</a>
</li>
<li>
<a href="/logout">
<i class="zg-icon zg-icon-dd-logout"></i>��
</a>
</li>
</ul>

</div>



<button class="zu-top-add-question" id="zu-top-add-question">提问</button>


<div role="search" id="zh-top-search" class="zu-top-search">
<form method="GET" action="/search" id="zh-top-search-form" class="zu-top-search-form">



<input type="hidden" name="type" value="content">
<label for="q" class="hide-text">知乎搜索</label><input type="text" class="zu-top-search-input" id="q" name="q" autocomplete="off" value="" placeholder="搜索你感兴趣的内�...">
<button type="submit" class="zu-top-search-button"><span class="hide-text">搜索</span><span class="sprite-global-icon-magnifier-dark"></span></button>
</form>
</div>



<div id="zg-top-nav" class="zu-top-nav">
<ul class="zu-top-nav-ul zg-clear">

<li class="zu-top-nav-li current" id="zh-top-nav-home">
<a class="zu-top-nav-link" href="/" id="zh-top-link-home" data-za-c="view_home" data-za-a="visit_home" data-za-l="top_navigation_home">首页</a>
</li>



<li class="top-nav-topic-selector zu-top-nav-li " id="zh-top-nav-topic">
<a class="zu-top-nav-link" href="/topic" id="top-nav-dd-topic">话�</a>
</li>

<li class="zu-top-nav-li " id="zh-top-nav-explore">
<a class="zu-top-nav-link" href="/explore">发现</a>
</li>

<li class="top-nav-noti zu-top-nav-li ">
<a class="zu-top-nav-link" href="javascript:;" id="zh-top-nav-count-wrap" role="button"><span class="mobi-arrow"></span>消息</a>
</li>



</ul>
<div class="zu-top-nav-live zu-noti7-popup zg-r5px no-hovercard" id="zh-top-nav-live-new" role="popup" tabindex="0">
<div class="zu-top-nav-live-inner zg-r5px">
<div class="zu-top-live-icon">&nbsp;</div>
<div class="zu-home-noti-inner" id="zh-top-nav-live-new-inner">
<div class="zm-noti7-popup-tab-container clearfix" tabindex="0">
<button class="zm-noti7-popup-tab-item message">
<span class="icon">消息</span>
</button>
<button class="zm-noti7-popup-tab-item user">
<span class="icon">用户</span>
</button>
<button class="zm-noti7-popup-tab-item thanks">
<span class="icon">赞同和感�</span>
</button>
</div>
</div>
<div class="zm-noti7-frame-border top"></div>
<div class="zm-noti7-frame">
<div class="zm-noti7-content message">
<div class="zm-noti7-content-inner">
<div class="zm-noti7-content-body">
<div class="zm-noti7-popup-loading">
<span class="noti-spinner-loading"></span>
</div>
</div>
</div>
</div>
<div class="zm-noti7-content user" style="display:none;">
<div class="zm-noti7-content-inner">
<div class="zm-noti7-content-body">
<div class="zm-noti7-popup-loading">
<span class="noti-spinner-loading"></span>
</div>
</div>
</div>
</div>
<div class="zm-noti7-content thanks" style="display:none;">
<div class="zm-noti7-content-inner">
<div class="zm-noti7-content-body">
<div class="zm-noti7-popup-loading">
<span class="noti-spinner-loading"></span>
</div>
</div>
</div>
</div>
</div>
<div class="zm-noti7-frame-border bottom"></div>
<div class="zm-noti7-popup-footer">
<a href="/notifications" class="zm-noti7-popup-footer-all zg-right">查看全部 &raquo;</a>
<a href="/settings/notification" class="zm-noti7-popup-footer-set" title="通知设置" ><i class="zg-icon zg-icon-settings"></i></a>
</div>
</div>
</div>

</div>

</div>
</div>


<div class="zu-global-notify" id="zh-global-message" style="display:none">
<div class="zg-wrap">
<div class="zu-global-nitify-inner">
<a class="zu-global-notify-close" href="javascript:;" title="关闭" name="close">x</a>
<span class="zu-global-notify-icon"></span>
<span class="zu-global-notify-msg"></span>
</div>
</div>
</div>






<div class="zg-wrap zu-main clearfix "  role="main">
<div class="zu-main-content">
<div class="zu-main-content-inner">




<div class="HomeEntry">
<div class="HomeEntry-avatar">
<img class="Avatar Avatar--xs" src="https://pic1.zhimg.com/da8e974dc_xs.jpg" srcset="https://pic1.zhimg.com/da8e974dc_l.jpg 2x" alt="alex liu" />
</div>
<div class="HomeEntry-box">
<span class="HomeEntry-boxArrow"></span>
<ul class="HomeEntry-list">
<li class="HomeEntry-item">
<a href="#" class="HomeEntry-ask js-HomeEntry-ask">
<i class="sprite-home-question-off"></i>
提问
</a>
</li>
<li class="HomeEntry-item">
<a href="/question" target="_blank" class="HomeEntry-answer">
<i class="sprite-home-answer-off"></i>
回答
</a>
</li>
<li class="HomeEntry-item">
<a href="//zhuanlan.zhihu.com/write" target="_blank" class="HomeEntry-post js-HomeEntry-post">
<i class="sprite-home-post-off"></i>
写文�
</a>
</li>
</ul>
<div class="HomeEntry-draft">
<a href="/draft" target="_blank">
草� 
</a>
</div>
</div>
</div>
<div class="zg-section" id="zh-home-list-title">
<i class="zg-icon zg-icon-feedlist"></i>
�新动�

<span class="zg-right zm-noti-cleaner-setting" style="list-style:none"><a href="/settings/filter" class="zg-link-gray-normal">
<i class="zg-icon zg-icon-settings"></i>设置</a>
</span>

</div>
<div class="zu-main-feed-con" id="zh-question-list"
data-widget="navigable"
data-navigable-options="{&quot;items&quot;:&quot;&gt; .zh-general-list .feed-content&quot;,&quot;offsetTop&quot;:-82}"
>
<div class="home-suggest-block" id="home-suggest-block">
<div>
<div class="head">
<div class="head-inner">
<button class="close hidden" id="home-suggest-close-button"></button>

我们推荐你关注这些人

<a href="javascript:;" class="zg-link-litblue" id="home-suggest-refresh-button">���</a>
</div>
</div>
<div class="content bordered-block">
<ul class="suggest-list zg-clear" id="home-suggest-list">
</ul>
</div>
</div>
</div>
<a href="javascript:;" class="zu-main-feed-fresh-button" id="zh-main-feed-fresh-button" style="display:none"></a>
<div id="js-home-feed-list" class="zh-general-list clearfix" data-init="{&quot;params&quot;: {}, &quot;nodename&quot;: &quot;HomeFeedListV2&quot;}">


<div class="feed-item folding feed-item-hook feed-item-a

"
id="feed-a1215959_104_0"
data-type="a"
data-feedtype="ANSWER_VOTE_UP">
<meta itemprop="ZReactor" data-id="1215959" data-meta="{&quot;source_type&quot;: &quot;member_voteup_answer&quot;, &quot;voteups&quot;: 551, &quot;comments&quot;: 47, &quot;source&quot;: [[&quot;member&quot;, &quot;ffbe1e25d78aa1aa39b6baf6a6a5c781&quot;]]}" >
<div class="avatar">
<a title="��"
data-tip="p$t$ccat"
class="zm-item-link-avatar"
target="_blank"
href="/people/ccat">
<img src="https://pic2.zhimg.com/484cac951_m.jpg" class="zm-item-img-avatar">
</a>
</div>
<div class="feed-main">
<div class="feed-source" data-za-module="FeedSource">

<a data-tip="p$t$ccat" href="https://www.zhihu.com/people/ccat" target="_blank" class="zg-link" title="��"
>��</a> 
赞同该回�


<span class="time" data-timestamp="1468417737000">1 小时�</span>
</div>
<div class="feed-content">




<meta itemprop="question-id" content="369561">
<meta itemprop="question-url-token" content="20472870">


<link itemprop="url" href="/question/20472870/answer/15222102">
<meta itemprop="answer-id" content="1215959">
<meta itemprop="answer-url-token" content="15222102">

<h2><a class="question_link" target="_blank" href="/question/20472870">
为什么有人会认为，大陆不供水给�港，�港就无水可��
</a></h2>
<div class="expandable entry-body">
<!-- <link itemprop="url" href="/question/20472870/answer/15222102">
<meta itemprop="answer-id" content="1215959">
<meta itemprop="answer-url-token" content="15222102"> -->

<div class="zm-item-vote">
<a class="zm-item-vote-count js-expand js-vote-count" href="javascript:;" data-bind-votecount>551</a>
</div>

<div class="zm-votebar">
<button class="up ">
<i class="icon vote-arrow"></i>
<span class="count">551</span>
<span class="label sr-only">赞同</span>
</button>
<button class="down ">
<i class="icon vote-arrow"></i>
<span class="label sr-only">反�</span>
</button>
</div>



<div class="zm-item-answer-author-info">


<a class="author-link"
data-tip="p$t$yolfilm"
target="_blank" href="/people/yolfilm"
>yolfilm</a>


<span title="(� •�_•�)� �" class="bio">�(� •�_•�)� �</span>

</div>

<div class="zm-item-vote-info" data-votecount="551">



<span class="voters text"><span class="user-block"><a data-tip="p$t$ccat" href="https://www.zhihu.com/people/ccat" target="_blank" class="zg-link" title="��"
>��</a></span><a href="#" class="more text">&nbsp;�&nbsp;<span class="js-voteCount">551</span>&nbsp;人赞�</a></span>


</div>
<div class="zm-item-rich-text expandable js-collapse-body" data-resourceid="369561" data-action="/answer/content" data-author-name="yolfilm" data-entry-url="/question/20472870/answer/15222102">

<textarea hidden class="content">-&lt;br&gt;�國文明初啟的春�時期，諸侯會盟葵丘，齊桓公帶頭宣佈盟約�&lt;br&gt;&lt;br&gt;其中就有�條非常重要：&lt;b&gt;無曲防，無遏籴，無有封�不�&lt;/b&gt;�&lt;br&gt;&lt;br&gt;簡單翻�就是�&lt;br&gt;&lt;br&gt;任何國�不得隨意改變河道，建築堤坊，自己防�，讓它國淹水，以鄰為壑，&lt;br&gt;同樣，遇天災時，不能�己�糧，阻礙糧食流向災��&lt;br&gt;再�，你國家有大事發生了，不可隱密，��告各國�&lt;br&gt;&lt;br&gt;當看見有任何極左的白爛白�，在網上�然�稱要斷香港的水，停香港的電時，&lt;br&gt;請�住，會�出�樣�語建議的，基�上已經沒有人性可��&lt;br&gt;&lt;br&gt;�國自古以來，大一統的內在�求，根本原因，就因為我�身處�風亞洲�&lt;br&gt;數千年�史，有連綿不斷的旱澇之災，�天然的地理因素�迫我�朝統一的方向邁進（黃仁宇之�）�&lt;br&gt;&lt;br&gt;倘若�國內地的人民，只因看香港人不爽，就威脅�斷水停電，不賣吃的給你�&lt;br&gt;「沒有天災，我就製��人禍給你��，真真正�，連兩千�年前的古人都不如了�&lt;br&gt;&lt;br&gt;�國�兩千年文明發展，就�養出這一堆畜牲出來？&lt;br&gt;這算�麼狗屁同胞？&lt;br&gt;渴�他，��他，就因為我看他不爽？&lt;br&gt;&lt;br&gt;聽沒聽�過�危害人類罪� Crimes Against Humanity）�？ &lt;br&gt;&lt;br&gt;�要在「愛國�的名義下，�有的惡�，都有了官冕堂皇的理由了？&lt;br&gt;都能狂言�囂，肆意妄為了？&lt;br&gt;&lt;br&gt;--------------------------------------------------------------------&lt;br&gt;&lt;br&gt;討論串中�出：&lt;br&gt;&lt;br&gt;&lt;blockquote&gt;邹阳 � 15:52&lt;br&gt;这个答�也能用到�日关系上吗&lt;br&gt;&lt;br&gt;yolfilm � 16:01 回�@邹阳�&lt;br&gt;&lt;br&gt;當然�以�當年（1923）日�關東大地震，全世界捐款最多的，�是�國人�&lt;br&gt;�年後，（1931）九��事變�樣發生�&lt;br&gt;這也�，日�人為�麼叫�國人，打從心底瞧不起的原因之��&lt;br&gt;&lt;br&gt;他�可以是禽獸，我們毋�同流合污，也變成畜牲�&lt;/blockquote&gt;-</textarea>


<div class="zh-summary summary clearfix">

-�國文明初啟的春�時期，諸侯會盟葵丘，齊桓公帶頭宣佈盟約。其�就有�條非常重要：<b>無曲防，無遏籴，無有封�不�</b>。簡�翻�就是：任何國家不得隨意改變河道，建築堤坊，自己防�，讓它國淹水，以鄰為壑，同樣，遇天災時，不能�己�糧，阻礙糧食流向災�

<a href="/question/20472870/answer/15222102" class="toggle-expand">显示全部</a>

</div>



<p class="visible-expanded"><a itemprop="url" class="answer-date-link meta-item" data-tip="s$t$发布� 2012-09-11" target="_blank" href="/question/20472870/answer/15222102">编辑� 2012-09-11</a></p>

</div>
</div>
<div class="feed-meta">
<div class="zm-item-meta answer-actions clearfix js-contentActions">
<div class="zm-meta-panel">

<a data-follow="q:link" class="follow-link zg-follow meta-item" href="javascript:;" id="sfb-369561"><i class="z-icon-follow"></i>关注��</a>

<a href="#" name="addcomment" class="meta-item toggle-comment js-toggleCommentBox">
<i class="z-icon-comment"></i>47 条评�</a>


<a href="#" class="meta-item zu-autohide js-thank" data-thanked="false"><i class="z-icon-thank"></i>感谢</a>



<a href="#" class="meta-item zu-autohide js-share"><i class="z-icon-share"></i>分享</a>

<a href="#" class="meta-item zu-autohide js-collect"><i class="z-icon-collect"></i>收藏</a>





<span class="zg-bull zu-autohide">&bull;</span>

<a href="#" class="meta-item zu-autohide js-noHelp">没有��</a>

<span class="zg-bull zu-autohide">&bull;</span>
<a href="#" class="meta-item zu-autohide js-report">举报</a>




<span class="zg-bull">&bull;</span>

<a href="/terms#sec-licence-1" target="_blank" class="meta-item copyright">作�保留权�</a>


<button class="meta-item item-collapse js-collapse">
<i class="z-icon-fold"></i>收起
</button>
</div>
</div>

<a style="cursor: pointer" class="ignore zu-autohide js-ignoreContentItem" data-tip="s$b$不再显示"></a>

</div>
</div>
</div>
<div class="feed-hide-options hidden">
<a href="javascript:;" class="close-button js-close" data-tip="s$b$关闭">
<i class="icon icon-close-16x16"></i><span class="hide-text">关闭</span>
</a>

</div>
</div>

<div class="feed-item folding feed-item-hook feed-item-p

"
id="feed-p816685_10214_0"
data-type="p"
data-feedtype="ARTICLE_VOTE_UP">
<meta itemprop="ZReactor" data-id="816685" data-meta="{&quot;source_type&quot;: &quot;member_voteup_article&quot;, &quot;voteups&quot;: 62, &quot;comments&quot;: 14, &quot;source&quot;: [[&quot;member&quot;, &quot;6733f12c60e7e98ea7491f20de46f79e&quot;], [&quot;column&quot;, 5867]]}" >
<div class="avatar">
<a title="周源"
data-tip="p$t$zhouyuan"
class="zm-item-link-avatar"
target="_blank"
href="/people/zhouyuan">
<img src="https://pic2.zhimg.com/eb64aa88daef788fe6cc080bd771482d_m.jpg" class="zm-item-img-avatar">
</a>
</div>
<div class="feed-main">
<div class="feed-source" data-za-module="FeedSource">

<a data-tip="p$t$zhouyuan" href="https://www.zhihu.com/people/zhouyuan" target="_blank" class="zg-link" title="周源"
>周源</a> 
 赞了 <a class="question_link" target="_blank" href="http://zhuanlan.zhihu.com/hemingke" data-tip="c$t$hemingke">数据冰山</a> �的文�


<span class="time" data-timestamp="1468414940000">2 小时�</span>
</div>
<div class="feed-content">

<link itemprop="url" href="http://zhuanlan.zhihu.com/p/21581197">
<meta itemprop="post-id" content="816685">
<meta itemprop="post-url-token" content="21581197">




<h2><a class="post-link" target="_blank" href="http://zhuanlan.zhihu.com/p/21581197">数�融资市场（2016�</a></h2>
<div class="entry-body post-body js-collapse-body">


<div class="zm-item-vote">
<a class="zm-item-vote-count js-expand js-vote-count" href="#" data-bind-votecount>62</a>
</div>
<div class="zm-votebar">
<button class="up ">
<i class="icon vote-arrow"></i>
<span class="count">62</span>
<span class="label sr-only">�</span>
</button>
</div>


<div class="author-info">
<a href="/people/he-ming-ke" data-tip="p$t$he-ming-ke" class="name"
>何明�</a>，不写程序的数据工程师不�好产品经�
</div>

<div class="zm-item-vote-info" data-votecount="62">



<span class="voters text"><span class="user-block"><a data-tip="p$t$zhouyuan" href="https://www.zhihu.com/people/zhouyuan" target="_blank" class="zg-link" title="周源"
>周源</a></span><a href="#" class="more text">&nbsp;�&nbsp;<span class="js-voteCount">62</span>&nbsp;人赞</a></span>


</div>
<div class="post-content" data-author-name="何明�" data-entry-url="http://zhuanlan.zhihu.com/p/21581197">
<textarea hidden class="content">&lt;img src=&quot;https://pic3.zhimg.com/fd44b1197fe28957cd76c0d7fffe9e3a_b.png&quot; data-rawwidth=&quot;585&quot; data-rawheight=&quot;406&quot; class=&quot;origin_image zh-lightbox-thumb&quot; width=&quot;585&quot; data-original=&quot;https://pic3.zhimg.com/fd44b1197fe28957cd76c0d7fffe9e3a_r.png&quot;&gt;张�和王冉�近又在写信鼓吹资�寒冬，据说就�包凡这最后一�靴子了�作为一�数据控，�有�过数据来回应了�&lt;p&gt;（介于时间有限，不用高大上的�视化工具了，这些分析�从IT桔子直接抓数然后用Kibana生成表格�&lt;/p&gt;&lt;br&gt;&lt;p&gt;下图反映�2014年到现在每个月的项目融资数量，很明显�2015�7月的每月�500�投资，已经��跌落到�前的每月200�左右。�是资本寒冬，并不过分�&lt;br&gt;&lt;/p&gt;&lt;p&gt;&lt;img src=&quot;https://pic3.zhimg.com/5af95810f759f74348019b07a072f10e_b.png&quot; data-rawwidth=&quot;1590&quot; data-rawheight=&quot;724&quot; class=&quot;origin_image zh-lightbox-thumb&quot; width=&quot;1590&quot; data-original=&quot;https://pic3.zhimg.com/5af95810f759f74348019b07a072f10e_r.png&quot;&gt;从投资的子�业来看，曾经的宠儿（游戏�电商和�地生活，即O2O）都跌落很快。�医疗健康和企业服务无�是在绝对数还是相�比例上都保持了增长�&lt;/p&gt;&lt;p&gt;&lt;img src=&quot;https://pic3.zhimg.com/9381c10150d3b4390e1c15a1edf10b82_b.png&quot; data-rawwidth=&quot;1257&quot; data-rawheight=&quot;371&quot; class=&quot;origin_image zh-lightbox-thumb&quot; width=&quot;1257&quot; data-original=&quot;https://pic3.zhimg.com/9381c10150d3b4390e1c15a1edf10b82_r.png&quot;&gt;从投资的币�来看，人民币（红色）和美元（绿色）都在�速跌落，�不过美元的跌落�度更快（右图是人民币和美元投资的占比情况），看起来人民币流动�过盛更严重�&lt;br&gt;&lt;img src=&quot;https://pic1.zhimg.com/eb034a164dc9dff7d9938277ddaddb58_b.png&quot; data-rawwidth=&quot;1038&quot; data-rawheight=&quot;291&quot; class=&quot;origin_image zh-lightbox-thumb&quot; width=&quot;1038&quot; data-original=&quot;https://pic1.zhimg.com/eb034a164dc9dff7d9938277ddaddb58_r.png&quot;&gt;从投资阶段来看，人民币和美元的Pre-A�都在大幅增加。可见，随意的天使轮加上“双创�之风�致过�的项目涌入，但�极少能冲到A�的及格线，只能靠Pre-A�来维系�&lt;br&gt;&lt;img src=&quot;https://pic2.zhimg.com/512e9353a4c6d43c9cadaf38ba1bd305_b.png&quot; data-rawwidth=&quot;1148&quot; data-rawheight=&quot;661&quot; class=&quot;origin_image zh-lightbox-thumb&quot; width=&quot;1148&quot; data-original=&quot;https://pic2.zhimg.com/512e9353a4c6d43c9cadaf38ba1bd305_r.png&quot;&gt;从投资�来看，无�是平均值还��位�，人民币和美元的单�投资额都在缓步上升，根据之前的数�来看，主要是A�和天使轮越来越难拿到融资，从而避免了�低�位的融资拉低均值�&lt;/p&gt;&lt;p&gt;还有��非常有意思的现象，粗看融资�中位�那张图，��中位�完全一致且画出曲线必然水平线，这个有魔法的值是�1000万（人民�/美元）�一�始以为数�跑错了，但后来想到，安全事故的�亡人数总是�30人（具体原因大�懂的）。另外，人民币投资的额度更加坚挺得守�1000万人民币那里，看起来�不是人民币投资更爱忽悠？&lt;/p&gt;&lt;blockquote&gt;�以，现在对�发布投资�，�以�虑��额度，这样能增加�信度�&lt;/blockquote&gt;&lt;p&gt;&lt;img src=&quot;https://pic4.zhimg.com/90d096257142482c064935fee91e0db7_b.png&quot; data-rawwidth=&quot;992&quot; data-rawheight=&quot;282&quot; class=&quot;origin_image zh-lightbox-thumb&quot; width=&quot;992&quot; data-original=&quot;https://pic4.zhimg.com/90d096257142482c064935fee91e0db7_r.png&quot;&gt;从地域分布来看，北京遥遥领先�43%，超过�2-4名（上海、广东和浙江）�同时项�类型在各地区也呈现差�，文娱项�在北�的占比最高（22%），却在其他地方没有�明显，看来北�真是网红天堂。另外，�件项�在广东的占比较高，却在其他地方没有太多出现�&lt;/p&gt;&lt;p&gt;&lt;img src=&quot;https://pic4.zhimg.com/aa6a9ced234b45435a4e4f4a5380509f_b.png&quot; data-rawwidth=&quot;791&quot; data-rawheight=&quot;291&quot; class=&quot;origin_image zh-lightbox-thumb&quot; width=&quot;791&quot; data-original=&quot;https://pic4.zhimg.com/aa6a9ced234b45435a4e4f4a5380509f_r.png&quot;&gt;&lt;br&gt;总结，资�市场真的�冷，创业者就�斗士，不怕冷，实在不行就抱团取暖�&lt;/p&gt;&lt;p&gt;（包大人，可以�虑引用�文数�，免费�）&lt;br&gt;&lt;br&gt;&lt;/p&gt;&lt;p&gt;...更�回答�看&lt;a href=&quot;https://www.zhihu.com/people/he-ming-ke&quot; class=&quot;internal&quot;&gt;何明科的主页&lt;/a&gt;&lt;/p&gt;&lt;p&gt;...更�文章�到&lt;a href=&quot;http://zhuanlan.zhihu.com/hemingke&quot; class=&quot;internal&quot;&gt;数据冰山 - 知乎专栏&lt;/a&gt;&lt;/p&gt;</textarea>
<div class="zh-summary summary clearfix">
<img src="https://pic3.zhimg.com/fd44b1197fe28957cd76c0d7fffe9e3a_200x112.png" data-rawwidth="585" data-rawheight="406" class="origin_image inline-img zh-lightbox-thumb" data-original="https://pic3.zhimg.com/fd44b1197fe28957cd76c0d7fffe9e3a_r.png">张�和王冉�近又在写信鼓吹资�寒冬，据说就�包凡这最后一�靴子了�作为一�数据控，�有�过数据来回应了。（介于时间有限，不用高大上的可视化工具了，这些分析�从IT桔子直接抓数然后用Kibana生成表格）下图反映了2014年到现在每个月的项目融资数量，�

<a href="http://zhuanlan.zhihu.com/p/21581197" class="toggle-expand">显示全部</a>

</div>
<div class="Tipjar-entry hidden">
<div class="Tipjar-tagLine">「真诚赞赏，手留余��</div>
<a href="http://zhuanlan.zhihu.com/p/21581197#tipjar" target="_blank" class="Tipjar-entryButton">赞赏</a>
</div>
<p class="hidden-default"><a class="post-link entry-link" target="_blank" href="http://zhuanlan.zhihu.com/p/21581197">20:01</a></p>
</div>
</div>
<div class="feed-meta">
<div class="zm-item-meta meta clearfix js-contentActions">
<div class="zm-meta-panel">


<a data-follow="c:link" class="zg-follow meta-item" href="#" id="cl-5867"><i class="z-icon-follow"></i>关注专栏</a>

<a href="#" name="toggle-comment" class="meta-item toggle-comment js-toggleCommentBox">
<i class="z-icon-comment"></i>14 条评�</a>
<a href="#" class="meta-item zu-autohide js-share"><i class="z-icon-share"></i>分享</a>
<span class="zg-bull zu-autohide">�</span>
<a href="#" class="meta-item zu-autohide js-report">举报</a>
<button class="meta-item item-collapse js-collapse">
<i class="z-icon-fold"></i>收起
</button>
</div>

</div>

<a style="cursor: pointer" class="ignore zu-autohide js-ignoreContentItem" data-tip="s$b$不再显示"></a>

</div>
</div>
</div>
<div class="feed-hide-options hidden">
<a href="javascript:;" class="close-button js-close" data-tip="s$b$关闭">
<i class="icon icon-close-16x16"></i><span class="hide-text">关闭</span>
</a>

<div class="line option-status">
<a href="http://zhuanlan.zhihu.com/p/21581197" target="_blank">数�融资市场（2016�</a> 将不在你的动态中显示

</div>

<div class="line option-more">
<a href="javascript:;" class="js-ignoreRelatedContentItem" data-type="column" data-id="5867" title="屏蔽专栏"><i class="icon icon-disabled"></i>屏蔽来自 数据冰山 的所有文�</a>
</div>


</div>
</div>

<div class="feed-item folding feed-item-hook feed-item-p

"
id="feed-p818013_10214_0"
data-type="p"
data-feedtype="ARTICLE_VOTE_UP">
<meta itemprop="ZReactor" data-id="818013" data-meta="{&quot;source_type&quot;: &quot;member_voteup_article&quot;, &quot;voteups&quot;: 27, &quot;comments&quot;: 3, &quot;source&quot;: [[&quot;member&quot;, &quot;6733f12c60e7e98ea7491f20de46f79e&quot;], [&quot;column&quot;, 16708]]}" >
<div class="avatar">
<a title="周源"
data-tip="p$t$zhouyuan"
class="zm-item-link-avatar"
target="_blank"
href="/people/zhouyuan">
<img src="https://pic2.zhimg.com/eb64aa88daef788fe6cc080bd771482d_m.jpg" class="zm-item-img-avatar">
</a>
</div>
<div class="feed-main">
<div class="feed-source" data-za-module="FeedSource">

<a data-tip="p$t$zhouyuan" href="https://www.zhihu.com/people/zhouyuan" target="_blank" class="zg-link" title="周源"
>周源</a> 
 赞了 <a class="question_link" target="_blank" href="http://zhuanlan.zhihu.com/chaozhi" data-tip="c$t$chaozhi">值乎</a> �的文�


<span class="time" data-timestamp="1468412732000">2 小时�</span>
</div>
<div class="feed-content">

<link itemprop="url" href="http://zhuanlan.zhihu.com/p/21584475">
<meta itemprop="post-id" content="818013">
<meta itemprop="post-url-token" content="21584475">




<h2><a class="post-link" target="_blank" href="http://zhuanlan.zhihu.com/p/21584475">值乎合辑：�给我钱，�给我钱</a></h2>
<div class="entry-body post-body js-collapse-body">


<div class="zm-item-vote">
<a class="zm-item-vote-count js-expand js-vote-count" href="#" data-bind-votecount>27</a>
</div>
<div class="zm-votebar">
<button class="up ">
<i class="icon vote-arrow"></i>
<span class="count">27</span>
<span class="label sr-only">�</span>
</button>
</div>


<div class="author-info">
<a href="/people/zhi-hu-xiao-mi-shu" data-tip="p$t$zhi-hu-xiao-mi-shu" class="name"
>值乎小�书</a>，�随意问我：�
</div>

<div class="zm-item-vote-info" data-votecount="27">



<span class="voters text"><span class="user-block"><a data-tip="p$t$zhouyuan" href="https://www.zhihu.com/people/zhouyuan" target="_blank" class="zg-link" title="周源"
>周源</a></span><a href="#" class="more text">&nbsp;�&nbsp;<span class="js-voteCount">27</span>&nbsp;人赞</a></span>


</div>
<div class="post-content" data-author-name="值乎小�书" data-entry-url="http://zhuanlan.zhihu.com/p/21584475">
<textarea hidden class="content">&lt;img src=&quot;https://pic4.zhimg.com/674ed8b0d1deb35031b2622dab38d6df_b.jpg&quot; data-rawwidth=&quot;1625&quot; data-rawheight=&quot;1080&quot; class=&quot;origin_image zh-lightbox-thumb&quot; width=&quot;1625&quot; data-original=&quot;https://pic4.zhimg.com/674ed8b0d1deb35031b2622dab38d6df_r.jpg&quot;&gt;&lt;p&gt;遥望前两年，科技�司的挖�有�小半倒是投资人在做：「出来创业吧，给你钱。�&lt;br&gt;&lt;/p&gt;&lt;p&gt;如今风水�流转回来，融资有点难�&lt;/p&gt;&lt;p&gt;朋友，你的天使轮，找到了吗？&lt;br&gt;&lt;/p&gt;&lt;p&gt;老板，你的尽调，做完了吗�&lt;/p&gt;&lt;p&gt;大哥，你的贷款，批下来了吗？&lt;/p&gt;&lt;p&gt;今天上架了一�� VC、PE、投行�商业银行�信贷�评级，�条龙金融服务的合辑，请按�取用�&lt;br&gt;&lt;/p&gt;&lt;img src=&quot;https://pic1.zhimg.com/cce61ff3a08d568b7d9213b04f268cf0_b.png&quot; data-rawwidth=&quot;640&quot; data-rawheight=&quot;538&quot; class=&quot;origin_image zh-lightbox-thumb&quot; width=&quot;640&quot; data-original=&quot;https://pic1.zhimg.com/cce61ff3a08d568b7d9213b04f268cf0_r.png&quot;&gt;&lt;br&gt;&lt;h2&gt;&lt;a href=&quot;https://www.zhihu.com/zhi/collections/736256258054586368?utm_campaign=zhi_three&amp;amp;utm_source=zhihuzhuanlan&amp;amp;utm_medium=chaozhi0713&quot; class=&quot;internal&quot;&gt;锦囊：�何融到�&lt;/a&gt;&lt;/h2&gt;&lt;p&gt;&lt;a href=&quot;https://www.zhihu.com/people/8b68876001197b3b9cd605b20814616f&quot; data-hash=&quot;8b68876001197b3b9cd605b20814616f&quot; class=&quot;member_mention&quot; data-editable=&quot;true&quot; data-title=&quot;@张亮&quot; data-tip=&quot;p$b$8b68876001197b3b9cd605b20814616f&quot;&gt;@张亮&lt;/a&gt; 回答了：&lt;br&gt;&lt;/p&gt;&lt;p&gt;&lt;a href=&quot;https://www.zhihu.com/zhi/messages/724051705217433600?utm_campaign=zhi_three&amp;amp;utm_source=zhihuzhuanlan&amp;amp;utm_medium=chaozhi0713&quot; class=&quot;internal&quot;&gt;草根创业者花了很多时间�金钱�精力去打磨产品，等相�完善的版本出来后，发现就算有产品和数据也很难拿到投资，�否应该放弃？&lt;/a&gt;&lt;/p&gt;&lt;p&gt;&lt;a href=&quot;https://www.zhihu.com/people/c188650fc05edbb8c55cffc2f3ae7f46&quot; data-hash=&quot;c188650fc05edbb8c55cffc2f3ae7f46&quot; class=&quot;member_mention&quot; data-editable=&quot;true&quot; data-title=&quot;@meta&quot; data-tip=&quot;p$b$c188650fc05edbb8c55cffc2f3ae7f46&quot;&gt;@meta&lt;/a&gt;  回答了：&lt;/p&gt;&lt;p&gt;&lt;a href=&quot;https://www.zhihu.com/zhi/messages/723251320374448128?utm_campaign=zhi_three&amp;amp;utm_source=zhihuzhuanlan&amp;amp;utm_medium=chaozhi0713&quot; class=&quot;internal&quot;&gt;商业银�目前在文化类项�融资的发展趋势�何？面临的�大问题在��&lt;/a&gt;&lt;/p&gt;&lt;p&gt;&lt;a href=&quot;https://www.zhihu.com/people/52d859fe2edb2f0ab9067483cf6f3ef3&quot; data-hash=&quot;52d859fe2edb2f0ab9067483cf6f3ef3&quot; class=&quot;member_mention&quot; data-editable=&quot;true&quot; data-title=&quot;@沈一�&quot; data-tip=&quot;p$b$52d859fe2edb2f0ab9067483cf6f3ef3&quot;&gt;@沈一�&lt;/a&gt;  回答了：&lt;br&gt;&lt;/p&gt;&lt;p&gt;&lt;a href=&quot;https://www.zhihu.com/zhi/messages/723166994416816128?utm_campaign=zhi_three&amp;amp;utm_source=zhihuzhuanlan&amp;amp;utm_medium=chaozhi0713&quot; class=&quot;internal&quot;&gt;�么是永续债？&lt;/a&gt;&lt;/p&gt;&lt;p&gt;你可能还关心�&lt;/p&gt;&lt;img src=&quot;https://pic3.zhimg.com/071454b8d893fd5ed505bf58afb0e012_b.png&quot; data-rawwidth=&quot;640&quot; data-rawheight=&quot;526&quot; class=&quot;origin_image zh-lightbox-thumb&quot; width=&quot;640&quot; data-original=&quot;https://pic3.zhimg.com/071454b8d893fd5ed505bf58afb0e012_r.png&quot;&gt;&lt;br&gt;&lt;h2&gt;&lt;a href=&quot;https://www.zhihu.com/zhi/collections/729291597434335232?utm_campaign=zhi_three&amp;amp;utm_source=zhihuzhuanlan&amp;amp;utm_medium=chaozhi0713&quot; class=&quot;internal&quot;&gt;学习�点当老板的经�&lt;/a&gt;&lt;/h2&gt;&lt;p&gt;&lt;a href=&quot;https://www.zhihu.com/people/6733f12c60e7e98ea7491f20de46f79e&quot; data-hash=&quot;6733f12c60e7e98ea7491f20de46f79e&quot; class=&quot;member_mention&quot; data-editable=&quot;true&quot; data-title=&quot;@周源&quot; data-tip=&quot;p$b$6733f12c60e7e98ea7491f20de46f79e&quot;&gt;@周源&lt;/a&gt; 回答了：&lt;br&gt;&lt;/p&gt;&lt;p&gt;&lt;a href=&quot;https://www.zhihu.com/zhi/messages/723132549194330112?utm_campaign=zhi_three&amp;amp;utm_source=zhihuzhuanlan&amp;amp;utm_medium=chaozhi0713&quot; class=&quot;internal&quot;&gt;从实际经验来看，扁平化的�司�理有什么好处和大坑�&lt;/a&gt;&lt;br&gt;&lt;/p&gt;&lt;p&gt;&lt;a href=&quot;https://www.zhihu.com/people/ffbe1e25d78aa1aa39b6baf6a6a5c781&quot; data-hash=&quot;ffbe1e25d78aa1aa39b6baf6a6a5c781&quot; class=&quot;member_mention&quot; data-editable=&quot;true&quot; data-title=&quot;@��&quot; data-tip=&quot;p$b$ffbe1e25d78aa1aa39b6baf6a6a5c781&quot;&gt;@��&lt;/a&gt; 回答了：&lt;/p&gt;&lt;p&gt;&lt;a href=&quot;https://www.zhihu.com/zhi/messages/731990576332836864?utm_campaign=zhi_three&amp;amp;utm_source=zhihuzhuanlan&amp;amp;utm_medium=chaozhi0713&quot; class=&quot;internal&quot;&gt;当店做到足�大时，如何管理好手下员工，防�出现员工拿供货商的回扣和监守自盗的情况�&lt;/a&gt;&lt;/p&gt;&lt;p&gt;你还�以在值乎�&lt;a href=&quot;https://www.zhihu.com/zhi/explore?utm_campaign=zhi_three&amp;amp;utm_source=zhihuzhuanlan&amp;amp;utm_medium=chaozhi0713&quot; class=&quot;internal&quot;&gt;发现&lt;/a&gt;」找到更多�你有用的内容，更�合辑�在陆续上架� (๑��ㅂ��) �&lt;/p&gt;&lt;p&gt;�/&lt;a href=&quot;https://link.zhihu.com/?target=https%3A//www.flickr.com/photos/rafael-jeferson/8142758607/in/photolist-dpxLrM-7T6iyY-qHUyUx-rnnGkE-fC8UfW-a1rJqP-dwLRrp-5edEmH-7yAHNb-8ssfJ9-7yAJWY-82uLEw-azwkwd-cuYoEC-qM71Te-okSvMS-kuysnP-mbUupg-qWZAs6-bn5811-7ubWrT-6HPouy-7yAExE-auPiFQ-hK3mPS-5oUxrw-pJGKSU-8ivdgE-8mxGWu-uUTRXC-8ssfBL-dwSojb-pJGFMu-eVGah1-gVUZP1-7yAJjG-8isRsH-hijUps-9p7dNM-ressjP-dwM1iH-qWr1kp-qHaEmM-pQ1GA1-mDXh72-4dF2Ap-a9idKB-eX7hbv-rvGCP8-dwSt9u&quot; class=&quot; wrap external&quot; target=&quot;_blank&quot; rel=&quot;nofollow noreferrer&quot;&gt;Rafael J M Souza&lt;i class=&quot;icon-external&quot;&gt;&lt;/i&gt;&lt;/a&gt;&lt;/p&gt;</textarea>
<div class="zh-summary summary clearfix">
<img src="https://pic4.zhimg.com/674ed8b0d1deb35031b2622dab38d6df_200x112.jpg" data-rawwidth="1625" data-rawheight="1080" class="origin_image inline-img zh-lightbox-thumb" data-original="https://pic4.zhimg.com/674ed8b0d1deb35031b2622dab38d6df_r.jpg">遥望前两年，科技�司的挖�有�小半倒是投资人在做：「出来创业吧，给你钱。��今风水�流转回来，融资有点难。朋友，你的天使�，找到了吗？老板，你的尽调，做完了吗？大哥，你的贷�，批下来了吗？今天上架了一�� VC、PE、投行�商业银行�信贷�评�

<a href="http://zhuanlan.zhihu.com/p/21584475" class="toggle-expand">显示全部</a>

</div>

<p class="hidden-default"><a class="post-link entry-link" target="_blank" href="http://zhuanlan.zhihu.com/p/21584475">20:12</a></p>
</div>
</div>
<div class="feed-meta">
<div class="zm-item-meta meta clearfix js-contentActions">
<div class="zm-meta-panel">


<a data-follow="c:link" class="zg-follow meta-item" href="#" id="cl-16708"><i class="z-icon-follow"></i>关注专栏</a>

<a href="#" name="toggle-comment" class="meta-item toggle-comment js-toggleCommentBox">
<i class="z-icon-comment"></i>3 条评�</a>
<a href="#" class="meta-item zu-autohide js-share"><i class="z-icon-share"></i>分享</a>
<span class="zg-bull zu-autohide">�</span>
<a href="#" class="meta-item zu-autohide js-report">举报</a>
<button class="meta-item item-collapse js-collapse">
<i class="z-icon-fold"></i>收起
</button>
</div>

</div>

<a style="cursor: pointer" class="ignore zu-autohide js-ignoreContentItem" data-tip="s$b$不再显示"></a>

</div>
</div>
</div>
<div class="feed-hide-options hidden">
<a href="javascript:;" class="close-button js-close" data-tip="s$b$关闭">
<i class="icon icon-close-16x16"></i><span class="hide-text">关闭</span>
</a>

<div class="line option-status">
<a href="http://zhuanlan.zhihu.com/p/21584475" target="_blank">值乎合辑：�给我钱，�给我钱</a> 将不在你的动态中显示

</div>

<div class="line option-more">
<a href="javascript:;" class="js-ignoreRelatedContentItem" data-type="column" data-id="16708" title="屏蔽专栏"><i class="icon icon-disabled"></i>屏蔽来自 值乎 的所有文�</a>
</div>


</div>
</div>

<div class="feed-item folding feed-item-hook feed-item-a

"
id="feed-a39506904_104_0"
data-type="a"
data-feedtype="ANSWER_VOTE_UP">
<meta itemprop="ZReactor" data-id="39506904" data-meta="{&quot;source_type&quot;: &quot;member_voteup_answer&quot;, &quot;voteups&quot;: 2176, &quot;comments&quot;: 465, &quot;source&quot;: [[&quot;member&quot;, &quot;ffbe1e25d78aa1aa39b6baf6a6a5c781&quot;]]}" >
<div class="avatar">
<a title="��"
data-tip="p$t$ccat"
class="zm-item-link-avatar"
target="_blank"
href="/people/ccat">
<img src="https://pic2.zhimg.com/484cac951_m.jpg" class="zm-item-img-avatar">
</a>
</div>
<div class="feed-main">
<div class="feed-source" data-za-module="FeedSource">

<a data-tip="p$t$ccat" href="https://www.zhihu.com/people/ccat" target="_blank" class="zg-link" title="��"
>��</a> 
赞同该回�


<span class="time" data-timestamp="1468409768000">3 小时�</span>
</div>
<div class="feed-content">




<meta itemprop="question-id" content="11516956">
<meta itemprop="question-url-token" content="48254105">


<link itemprop="url" href="/question/48254105/answer/110087442">
<meta itemprop="answer-id" content="39506904">
<meta itemprop="answer-url-token" content="110087442">

<h2><a class="question_link" target="_blank" href="/question/48254105">
如何看待有道人工翻译指责百度�然抄��
</a></h2>
<div class="expandable entry-body">
<!-- <link itemprop="url" href="/question/48254105/answer/110087442">
<meta itemprop="answer-id" content="39506904">
<meta itemprop="answer-url-token" content="110087442"> -->

<div class="zm-item-vote">
<a class="zm-item-vote-count js-expand js-vote-count" href="javascript:;" data-bind-votecount>2176</a>
</div>

<div class="zm-votebar">
<button class="up ">
<i class="icon vote-arrow"></i>
<span class="count">2176</span>
<span class="label sr-only">赞同</span>
</button>
<button class="down ">
<i class="icon vote-arrow"></i>
<span class="label sr-only">反�</span>
</button>
</div>



<div class="zm-item-answer-author-info">


<a class="author-link"
data-tip="p$t$kong-qing-xun"
target="_blank" href="/people/kong-qing-xun"
>孔庆�</a>


<span title="创业ing，微信：cyjxs100" class="bio">，创业ing，微信：cyjxs100</span>

</div>

<div class="zm-item-vote-info" data-votecount="2176">



<span class="voters text"><span class="user-block"><a data-tip="p$t$ccat" href="https://www.zhihu.com/people/ccat" target="_blank" class="zg-link" title="��"
>��</a></span><a href="#" class="more text">&nbsp;�&nbsp;<span class="js-voteCount">2176</span>&nbsp;人赞�</a></span>


</div>
<div class="zm-item-rich-text expandable js-collapse-body" data-resourceid="11516956" data-action="/answer/content" data-author-name="孔庆�" data-entry-url="/question/48254105/answer/110087442">

<textarea hidden class="content">&lt;p&gt;谢邀，最近微博�这个事情刷屏了�其实一�始看到，�来�得没啥大不了的—�不就是竞争对手出了��模一样的功能嘛？网易至于这么小气嘛？&lt;/p&gt;&lt;br&gt;&lt;p&gt;直到我看到了网易官微的�比图��&lt;/p&gt;&lt;img src=&quot;https://pic1.zhimg.com/c3707029dc72514444fd2251e79200f0_b.png&quot; data-rawwidth=&quot;519&quot; data-rawheight=&quot;570&quot; class=&quot;origin_image zh-lightbox-thumb&quot; width=&quot;519&quot; data-original=&quot;https://pic1.zhimg.com/c3707029dc72514444fd2251e79200f0_r.png&quot;&gt;&lt;img src=&quot;https://pic2.zhimg.com/c512765405881d634a25874a3d9ff259_b.png&quot; data-rawwidth=&quot;557&quot; data-rawheight=&quot;655&quot; class=&quot;origin_image zh-lightbox-thumb&quot; width=&quot;557&quot; data-original=&quot;https://pic2.zhimg.com/c512765405881d634a25874a3d9ff259_r.png&quot;&gt;&lt;p&gt;尼玛，上线个新功能没�题，但是咱能不能�弄得像素级近似啊！百度的UE设�这么�巧合�，你����大刘超知道吗？&lt;/p&gt;&lt;img src=&quot;https://pic3.zhimg.com/b8e29b4843acdaefdcd3a6477cdfc1b6_b.png&quot; data-rawwidth=&quot;548&quot; data-rawheight=&quot;676&quot; class=&quot;origin_image zh-lightbox-thumb&quot; width=&quot;548&quot; data-original=&quot;https://pic3.zhimg.com/b8e29b4843acdaefdcd3a6477cdfc1b6_r.png&quot;&gt;&lt;p&gt;连报价表文�都能这么雷同，其余也就不�列举了。�细的，知友��以去网易的官�看一下，平静的维权文案中充斥�满满的咆�…�&lt;/p&gt;&lt;p&gt;&lt;a href=&quot;//link.zhihu.com/?target=http%3A//weibo.com/5755897503/DDIOyFWB4&quot; class=&quot; wrap external&quot; target=&quot;_blank&quot; rel=&quot;nofollow noreferrer&quot;&gt;#百度�然抄�有道人工翻译#有道人工翻译  来自有道人工翻译&lt;i class=&quot;icon-external&quot;&gt;&lt;/i&gt;&lt;/a&gt;&lt;/p&gt;&lt;br&gt;&lt;p&gt;从我�人的角度，一直还��喜�有道的产品的�无论云笔�，还是词典翻译，都�国内同类里的佼佼者��作为不明就里的群众，一旦开始用上百度人工翻译，也�心里还会�得�&lt;b&gt;“为啥某度的产品设�水平突然提高了这么多呢？�&lt;/b&gt;&lt;/p&gt;&lt;br&gt;&lt;p&gt;殊不知，&lt;b&gt;有道人工翻译的上线时间是&lt;/b&gt;&lt;b&gt;2011年，而百度人工翻译的上线时间�2016&lt;/b&gt;&lt;b&gt;�&lt;/b&gt;—�好吧，就连抄�都用了整整五年时间，对于百度，我�也是不服不�了…�&lt;/p&gt;&lt;br&gt;&lt;p&gt;顺便说一句，今天偶然&lt;b&gt;搜了�下百度的抄�案底—�果然是“百度一下，你就知道”啊…�&lt;/b&gt;&lt;/p&gt;&lt;img src=&quot;https://pic3.zhimg.com/5365e1c65203e1b7738dcdc6e77529ce_b.png&quot; data-rawwidth=&quot;773&quot; data-rawheight=&quot;777&quot; class=&quot;origin_image zh-lightbox-thumb&quot; width=&quot;773&quot; data-original=&quot;https://pic3.zhimg.com/5365e1c65203e1b7738dcdc6e77529ce_r.png&quot;&gt;&lt;p&gt;接下来，我们就来整理�下：&lt;b&gt;那些年，百度抄�过的产品&lt;/b&gt;…�&lt;/p&gt;&lt;br&gt;&lt;p&gt;&lt;b&gt;1.百度作业�界面抄�学霸� &lt;/b&gt;&lt;/p&gt;&lt;br&gt;&lt;p&gt;&lt;a href=&quot;//link.zhihu.com/?target=http%3A//tech.sina.com.cn/i/2016-05-01/doc-ifxruaee5268831.shtml&quot; class=&quot; wrap external&quot; target=&quot;_blank&quot; rel=&quot;nofollow noreferrer&quot;&gt;百度旗下作业�涉嫌抄�学霸君界� �索赔50万元&lt;i class=&quot;icon-external&quot;&gt;&lt;/i&gt;&lt;/a&gt;&lt;/p&gt;&lt;blockquote&gt;&lt;p&gt;因�为百度旗下的�作业帮”抄�了自己的界面设�，“�霸君�所属的谦问万答吧公�(以下�称�霸�)将百度诉至海�法院，并索赔50万元�&lt;/p&gt;&lt;p&gt;学霸君发现，百度在�作业帮”使用的画面�，盗用了学霸君独创的人机界面UI设�，这显然已经侵�了�霸君的著作权，且百度公司利用����，使得用户�以为“�霸君�与“作业帮”有牵连关系�&lt;/p&gt;&lt;/blockquote&gt;&lt;p&gt;（�霸君：我跟百度没关系，你才�百度，你全�都�百度！）&lt;br&gt;&lt;/p&gt;&lt;br&gt;&lt;p&gt;&lt;b&gt;2.百度DuWear表盘设�抄�出门��&lt;/b&gt;&lt;/p&gt;&lt;p&gt;百度的DuWear智能手表现在已经无人�津，而其发布之后引起的最大的反响也�是部分表盘界面全盘抄�了出门问��&lt;/p&gt;&lt;img src=&quot;https://pic1.zhimg.com/eca55db295d31967e75f8f9cf2aef5f8_b.png&quot; data-rawwidth=&quot;640&quot; data-rawheight=&quot;432&quot; class=&quot;origin_image zh-lightbox-thumb&quot; width=&quot;640&quot; data-original=&quot;https://pic1.zhimg.com/eca55db295d31967e75f8f9cf2aef5f8_r.png&quot;&gt;&lt;p&gt;上图为百度的表盘界面宣传图��&lt;/p&gt;&lt;img src=&quot;https://pic2.zhimg.com/71b98a6051ae9ccaa06ba63c4a183a15_b.png&quot; data-rawwidth=&quot;694&quot; data-rawheight=&quot;601&quot; class=&quot;origin_image zh-lightbox-thumb&quot; width=&quot;694&quot; data-original=&quot;https://pic2.zhimg.com/71b98a6051ae9ccaa06ba63c4a183a15_r.png&quot;&gt;&lt;p&gt;而这张，则是愤�的出门��设�师在文章中拍照的素材图…�嗯，确实几乎等同于复制粘贴�&lt;br&gt;&lt;/p&gt;&lt;p&gt;�说百度很�就换掉了这两�表盘，但�至今没有任何道歉行为…�&lt;/p&gt;&lt;br&gt;&lt;p&gt;&lt;b&gt;3.百度地图功能界面抄�高德地图&lt;/b&gt;&lt;/p&gt;&lt;img src=&quot;https://pic1.zhimg.com/f3cb71d53b61c32f292034e613e34470_b.png&quot; data-rawwidth=&quot;505&quot; data-rawheight=&quot;707&quot; class=&quot;origin_image zh-lightbox-thumb&quot; width=&quot;505&quot; data-original=&quot;https://pic1.zhimg.com/f3cb71d53b61c32f292034e613e34470_r.png&quot;&gt;&lt;img src=&quot;https://pic2.zhimg.com/7f45d6047dc847d5258efca5b3ee2b59_b.png&quot; data-rawwidth=&quot;499&quot; data-rawheight=&quot;383&quot; class=&quot;origin_image zh-lightbox-thumb&quot; width=&quot;499&quot; data-original=&quot;https://pic2.zhimg.com/7f45d6047dc847d5258efca5b3ee2b59_r.png&quot;&gt;&lt;p&gt;�，从界面上看，两者还�有点区别的�但�重点�—�&lt;b&gt;不用说你也能猜到，这些功能都�高德先上线的…�&lt;/b&gt;&lt;br&gt;&lt;/p&gt;&lt;br&gt;&lt;p&gt;&lt;b&gt;4.百度抄�大众点评评�内�&lt;/b&gt;&lt;/p&gt;&lt;br&gt;&lt;p&gt;&lt;a href=&quot;//link.zhihu.com/?target=http%3A//finance.qq.com/a/20160527/014769.htm&quot; class=&quot; wrap external&quot; target=&quot;_blank&quot; rel=&quot;nofollow noreferrer&quot;&gt;大众点评诉百度抄��9千万 百度�判赔323�&lt;i class=&quot;icon-external&quot;&gt;&lt;/i&gt;&lt;/a&gt;&lt;/p&gt;&lt;br&gt;&lt;p&gt;之前在百度搜索各种�厅时，�以直接看到用户��厅的评论�实际上，全！都！是！从大众点评抓取来的�&lt;/p&gt;&lt;br&gt;&lt;p&gt;抓取没问题，但是人��不让你�，你还继�用算怎么回事�&lt;/p&gt;&lt;br&gt;&lt;p&gt;还好，��百度已经败诉，现在大�已经不能再在百度产品里看到大众点评的评价了（其实之前�得这个功能还是�方便的，�后知道真相的我眼�落下来，果断用脚投票�&lt;/p&gt;&lt;br&gt;&lt;p&gt;附上法院的判��&lt;/p&gt;&lt;blockquote&gt;法院审理后�为，百度地图和大众点评在为用户提供商户信息和点评内容的服务模式上近乎一致，双方存在直接竞争关系。百度地图大量使用大众点评网的用户点评，替代其向网络用户提供信息，会导致大众点评网的流量减少。与此同时，百度地图又推介自己的团购等业务，�取了大众点评网的部分交易机会。�百度知道直接向用户提供来自大众点评网的点评信息，将�些想获取点评信息的网络用户�流到了百度知道�&lt;br&gt;&lt;/blockquote&gt;&lt;br&gt;&lt;p&gt;&lt;b&gt;5.百度百�抄�维基百�&lt;/b&gt;&lt;/p&gt;&lt;p&gt;估�这�事情很��一辈的网民印象都比较深刻�原�维基百�独占鳌头，但是在百度百科以神一�的�Ctrl+C”�Ctrl+V”搬运内容，再加上霸占流量资源的情况下，维基百�很�陷入颓势。�国内的百�市场，从��百度�家独大�&lt;/p&gt;&lt;br&gt;&lt;p&gt;维基百�也曾经�力过，然并卵…�&lt;/p&gt;&lt;img src=&quot;https://pic1.zhimg.com/b8914fcf817bca5b5e45d65e761ab118_b.png&quot; data-rawwidth=&quot;554&quot; data-rawheight=&quot;408&quot; class=&quot;origin_image zh-lightbox-thumb&quot; width=&quot;554&quot; data-original=&quot;https://pic1.zhimg.com/b8914fcf817bca5b5e45d65e761ab118_r.png&quot;&gt;&lt;br&gt;&lt;p&gt;顺便给大家看�下百度百科的回应，也�刷新了三观��&lt;br&gt;&lt;/p&gt;&lt;img src=&quot;https://pic1.zhimg.com/bf9d951c6d54bdeb4ae0027da05770f4_b.png&quot; data-rawwidth=&quot;554&quot; data-rawheight=&quot;254&quot; class=&quot;origin_image zh-lightbox-thumb&quot; width=&quot;554&quot; data-original=&quot;https://pic1.zhimg.com/bf9d951c6d54bdeb4ae0027da05770f4_r.png&quot;&gt;&lt;p&gt;&lt;b&gt;“再次�维基大幅度失望”��那�，到底是谁抄�谁来��&lt;/b&gt;&lt;br&gt;&lt;/p&gt;&lt;br&gt;&lt;p&gt;对了，维基百科是�家非盈利组织，�在百度百�，你只要XXXX元，就可以拥有您的专属页面哦�&lt;/p&gt;&lt;br&gt;&lt;p&gt;&lt;b&gt;6.百度输入法抄�搜狗输入�&lt;/b&gt;&lt;/p&gt;&lt;br&gt;&lt;p&gt;不��话，只发图…�&lt;/p&gt;&lt;img src=&quot;https://pic3.zhimg.com/6a96e9e83f5d61e3f14f61ebd99f2f1e_b.png&quot; data-rawwidth=&quot;485&quot; data-rawheight=&quot;206&quot; class=&quot;origin_image zh-lightbox-thumb&quot; width=&quot;485&quot; data-original=&quot;https://pic3.zhimg.com/6a96e9e83f5d61e3f14f61ebd99f2f1e_r.png&quot;&gt;&lt;br&gt;&lt;p&gt;&lt;b&gt;�看图，你能分清�那��百度���搜狗输入法吗？并不重要��反正先发布的是搜狗…�&lt;/b&gt;&lt;br&gt;&lt;/p&gt;&lt;br&gt;&lt;br&gt;（解释一下：&lt;b&gt;说全世界输入法一样的同�，你们没�过搜狗输入法发布之前的智能ABC�&lt;/b&gt;？）&lt;br&gt;&lt;br&gt;&lt;p&gt;对了，搜狗已经向法院起诉索赔，�好运��&lt;a href=&quot;//link.zhihu.com/?target=http%3A//www.yicai.com/news/4702472.html&quot; class=&quot; wrap external&quot; target=&quot;_blank&quot; rel=&quot;nofollow noreferrer&quot;&gt;百度输入法陷抄�风波 �搜狗索赔8千万&lt;i class=&quot;icon-external&quot;&gt;&lt;/i&gt;&lt;/a&gt;&lt;/p&gt;&lt;br&gt;&lt;p&gt;还是回到主��上边举了这么�例子，其实也只不过�百度抄�史的�小部分�事实上，百度的方法论相当简单粗暴��直接抄�业内�好的产品，�且连改都懒得改（你倒是学一下腾�发扬光大的精神啊！）&lt;/p&gt;&lt;br&gt;&lt;p&gt;这�抄�有道人工翻译算是比较严重的一次，而至于之前的各�文案抄�、功能抄�、界面抄�之类的，其实已经�家常便饭�&lt;b&gt;在一次�抄�的过程中，百度节约了�己的成本，却鲜有付出真�意义上的法律代价��这也�就�百度屡抄不�的原因�在吧�&lt;/b&gt;&lt;/p&gt;&lt;br&gt;&lt;img src=&quot;https://pic3.zhimg.com/1477141085233f3566b6f77d06bbddbe_b.png&quot; data-rawwidth=&quot;600&quot; data-rawheight=&quot;273&quot; class=&quot;origin_image zh-lightbox-thumb&quot; width=&quot;600&quot; data-original=&quot;https://pic3.zhimg.com/1477141085233f3566b6f77d06bbddbe_r.png&quot;&gt;&lt;p&gt;文末送上�张�图，大家自行体会吧�&lt;/p&gt;&lt;br&gt;&lt;p&gt;&lt;b&gt;而面对这样的行为，作为用户的我们，除了用脚投�，还能做些什么呢�&lt;/b&gt;&lt;/p&gt;</textarea>


<div class="zh-summary summary clearfix">
<img src="https://pic1.zhimg.com/c3707029dc72514444fd2251e79200f0_200x112.png" data-rawwidth="519" data-rawheight="570" class="origin_image inline-img zh-lightbox-thumb" data-original="https://pic1.zhimg.com/c3707029dc72514444fd2251e79200f0_r.png">
谢邀，最近微博�这个事情刷屏了�其实一�始看到，�来�得没啥大不了的—�不就是竞争对手出了��模一样的功能嘛？网易至于这么小气嘛？直到我看到了网易官微的�比图��尼玛，上线�新功能没�题，但是咱能不能�弄得像素级近似啊！百度的UE设�这么��

<a href="/question/48254105/answer/110087442" class="toggle-expand">显示全部</a>

</div>



<p class="visible-expanded"><a itemprop="url" class="answer-date-link meta-item" data-tip="s$t$发布� 2016-07-08" target="_blank" href="/question/48254105/answer/110087442">编辑� 2016-07-11</a></p>

</div>
</div>
<div class="feed-meta">
<div class="zm-item-meta answer-actions clearfix js-contentActions">
<div class="zm-meta-panel">

<a data-follow="q:link" class="follow-link zg-follow meta-item" href="javascript:;" id="sfb-11516956"><i class="z-icon-follow"></i>关注��</a>

<a href="#" name="addcomment" class="meta-item toggle-comment js-toggleCommentBox">
<i class="z-icon-comment"></i>465 条评�</a>


<a href="#" class="meta-item zu-autohide js-thank" data-thanked="false"><i class="z-icon-thank"></i>感谢</a>



<a href="#" class="meta-item zu-autohide js-share"><i class="z-icon-share"></i>分享</a>

<a href="#" class="meta-item zu-autohide js-collect"><i class="z-icon-collect"></i>收藏</a>





<span class="zg-bull zu-autohide">&bull;</span>

<a href="#" class="meta-item zu-autohide js-noHelp">没有��</a>

<span class="zg-bull zu-autohide">&bull;</span>
<a href="#" class="meta-item zu-autohide js-report">举报</a>




<span class="zg-bull">&bull;</span>

<a href="/terms#sec-licence-1" target="_blank" class="meta-item copyright">作�保留权�</a>


<button class="meta-item item-collapse js-collapse">
<i class="z-icon-fold"></i>收起
</button>
</div>
</div>

<a style="cursor: pointer" class="ignore zu-autohide js-ignoreContentItem" data-tip="s$b$不再显示"></a>

</div>
</div>
</div>
<div class="feed-hide-options hidden">
<a href="javascript:;" class="close-button js-close" data-tip="s$b$关闭">
<i class="icon icon-close-16x16"></i><span class="hide-text">关闭</span>
</a>

</div>
</div>

<div class="feed-item folding feed-item-hook feed-item-a

"
id="feed-a39774847_104_0"
data-type="a"
data-feedtype="ANSWER_VOTE_UP">
<meta itemprop="ZReactor" data-id="39774847" data-meta="{&quot;source_type&quot;: &quot;member_voteup_answer&quot;, &quot;voteups&quot;: 7391, &quot;comments&quot;: 814, &quot;source&quot;: [[&quot;member&quot;, &quot;ce91b5b28c785ce69090eb1790fea8c7&quot;]]}" >
<div class="avatar">
<a title="欲三�"
data-tip="p$t$yu-san-geng"
class="zm-item-link-avatar"
target="_blank"
href="/people/yu-san-geng">
<img src="https://pic1.zhimg.com/a8701c0e2fdc674c2d83faa4cda95874_m.jpg" class="zm-item-img-avatar">
</a>
</div>
<div class="feed-main">
<div class="feed-source" data-za-module="FeedSource">

<a data-tip="p$t$yu-san-geng" href="https://www.zhihu.com/people/yu-san-geng" target="_blank" class="zg-link" title="欲三�"
>欲三�</a> 
赞同该回�


<span class="time" data-timestamp="1468407945000">3 小时�</span>
</div>
<div class="feed-content">




<meta itemprop="question-id" content="6519178">
<meta itemprop="question-url-token" content="35781319">


<link itemprop="url" href="/question/35781319/answer/110754352">
<meta itemprop="answer-id" content="39774847">
<meta itemprop="answer-url-token" content="110754352">

<h2><a class="question_link" target="_blank" href="/question/35781319">
喜�宅的人，�何把�里装修得更舒服�
</a></h2>
<div class="expandable entry-body">
<!-- <link itemprop="url" href="/question/35781319/answer/110754352">
<meta itemprop="answer-id" content="39774847">
<meta itemprop="answer-url-token" content="110754352"> -->

<div class="zm-item-vote">
<a class="zm-item-vote-count js-expand js-vote-count" href="javascript:;" data-bind-votecount>7391</a>
</div>

<div class="zm-votebar">
<button class="up ">
<i class="icon vote-arrow"></i>
<span class="count">7391</span>
<span class="label sr-only">赞同</span>
</button>
<button class="down ">
<i class="icon vote-arrow"></i>
<span class="label sr-only">反�</span>
</button>
</div>



<div class="zm-item-answer-author-info">


<a class="author-link"
data-tip="p$t$lin-qiao-yi"
target="_blank" href="/people/lin-qiao-yi"
>vienna</a>


<span title="配音 占星 攝影 音樂 �� makeup" class="bio">，配� 占星 攝影 音樂 �� makeup</span>

</div>

<div class="zm-item-vote-info" data-votecount="7391">



<span class="voters text"><span class="user-block"><a data-tip="p$t$yu-san-geng" href="https://www.zhihu.com/people/yu-san-geng" target="_blank" class="zg-link" title="欲三�"
>欲三�</a></span><a href="#" class="more text">&nbsp;�&nbsp;<span class="js-voteCount">7391</span>&nbsp;人赞�</a></span>


</div>
<div class="zm-item-rich-text expandable js-collapse-body" data-resourceid="6519178" data-action="/answer/content" data-author-name="vienna" data-entry-url="/question/35781319/answer/110754352">

<textarea hidden class="content">&lt;p&gt;&lt;strong&gt;夹缝生存&lt;/strong&gt;&lt;br&gt;&lt;/p&gt;&lt;p&gt;&lt;strong&gt;Fissure Survive&lt;/strong&gt;&lt;/p&gt;&lt;br&gt;&lt;p&gt;上海四川北路有一片�房子，&lt;br&gt;&lt;/p&gt;&lt;p&gt;建�将近有百年历史�&lt;br&gt;&lt;/p&gt;&lt;p&gt;而周渊和他父�&lt;/p&gt;&lt;p&gt;从小就住在这片拥挤的老房子里�&lt;br&gt;&lt;/p&gt;&lt;img data-rawwidth=&quot;660&quot; data-rawheight=&quot;371&quot; src=&quot;https://pic2.zhimg.com/35401f3801d9772478bb0c3b6ad57d89_b.jpg&quot; class=&quot;origin_image zh-lightbox-thumb&quot; width=&quot;660&quot; data-original=&quot;https://pic2.zhimg.com/35401f3801d9772478bb0c3b6ad57d89_r.jpg&quot;&gt;&lt;br&gt;&lt;p&gt;“我�这个家是这片区最�的，&lt;/p&gt;&lt;p&gt;�以�在夹缝里生存，&lt;/p&gt;&lt;p&gt;在小弄堂里硬�出一�房子来��&lt;/p&gt;&lt;br&gt;&lt;img data-rawwidth=&quot;660&quot; data-rawheight=&quot;880&quot; src=&quot;https://pic3.zhimg.com/8dc06a82677030162e68654b9d72b8c6_b.jpg&quot; class=&quot;origin_image zh-lightbox-thumb&quot; width=&quot;660&quot; data-original=&quot;https://pic3.zhimg.com/8dc06a82677030162e68654b9d72b8c6_r.jpg&quot;&gt;&lt;br&gt;&lt;br&gt;&lt;p&gt;不到30㎡的三层居住空间�&lt;/p&gt;&lt;p&gt;正常情况�3�人已经是极限了，&lt;/p&gt;&lt;p&gt;周渊的父母曾经一直想�&lt;br&gt;&lt;/p&gt;&lt;p&gt;患有遗传性�友病的儿子，&lt;/p&gt;&lt;p&gt;不结婚是没有�题的�&lt;/p&gt;&lt;br&gt;&lt;br&gt;周渊下楼都�一下下�，必须十分小�&lt;br&gt;&lt;p&gt;“谁知道他结婚了�&lt;/p&gt;&lt;p&gt;结�后还有了孙子，&lt;/p&gt;&lt;p&gt;孙子�点点大起来就尴尬了��&lt;/p&gt;&lt;p&gt;�实际的问题就�&lt;/p&gt;&lt;p&gt;�就很拥挤�3人空间�住�5�人�&lt;/p&gt;&lt;img data-rawwidth=&quot;550&quot; data-rawheight=&quot;367&quot; src=&quot;https://pic3.zhimg.com/4fd48278029d401288f4c42724cd252e_b.jpg&quot; class=&quot;origin_image zh-lightbox-thumb&quot; width=&quot;550&quot; data-original=&quot;https://pic3.zhimg.com/4fd48278029d401288f4c42724cd252e_r.jpg&quot;&gt;&lt;br&gt;&lt;br&gt;&lt;br&gt;&lt;p&gt;周渊的儿子周俊宇想跟父母�起睡�&lt;/p&gt;&lt;p&gt;�患重病的周渊就必须睡在地上�&lt;/p&gt;&lt;img data-rawwidth=&quot;550&quot; data-rawheight=&quot;309&quot; src=&quot;https://pic4.zhimg.com/3c0539d6d09d9895810d01393863c7f7_b.jpg&quot; class=&quot;origin_image zh-lightbox-thumb&quot; width=&quot;550&quot; data-original=&quot;https://pic4.zhimg.com/3c0539d6d09d9895810d01393863c7f7_r.jpg&quot;&gt;&lt;br&gt;&lt;br&gt;&lt;p&gt;周俊宇想跟爷爷奶奶一块睡�&lt;/p&gt;&lt;p&gt;爷爷就必须钻进柜子里···&lt;br&gt;&lt;/p&gt;&lt;img data-rawwidth=&quot;486&quot; data-rawheight=&quot;620&quot; src=&quot;https://pic2.zhimg.com/b11adbf3b7b350eb691f1a81127cff91_b.png&quot; class=&quot;origin_image zh-lightbox-thumb&quot; width=&quot;486&quot; data-original=&quot;https://pic2.zhimg.com/b11adbf3b7b350eb691f1a81127cff91_r.png&quot;&gt;&lt;br&gt;&lt;p&gt;�后小家伙�己也困惑�&lt;/p&gt;&lt;img data-rawwidth=&quot;1049&quot; data-rawheight=&quot;565&quot; src=&quot;https://pic1.zhimg.com/dcb4ce07365f0d9cd4159d9462a2e540_b.png&quot; class=&quot;origin_image zh-lightbox-thumb&quot; width=&quot;1049&quot; data-original=&quot;https://pic1.zhimg.com/dcb4ce07365f0d9cd4159d9462a2e540_r.png&quot;&gt;&lt;br&gt;&lt;br&gt;&lt;p&gt;参与《梦想改造��的设�师王平仲，�年前就有意帮他们改�房子，谁知遇到了一�很�手的问题，周渊家的楼�不仅属于�己�，还属于邻居亲戚�的�部分�&lt;/p&gt;&lt;br&gt;&lt;br&gt;&lt;img data-rawwidth=&quot;660&quot; data-rawheight=&quot;371&quot; src=&quot;https://pic2.zhimg.com/c5e0f7d9338b781a519bc8058f548f71_b.jpg&quot; class=&quot;origin_image zh-lightbox-thumb&quot; width=&quot;660&quot; data-original=&quot;https://pic2.zhimg.com/c5e0f7d9338b781a519bc8058f548f71_r.jpg&quot;&gt;&lt;br&gt;&lt;br&gt;&lt;p&gt;想�改造必须征得亲戚同意，&lt;/p&gt;&lt;p&gt;而两家人因某些原因关系像敌人�&lt;/p&gt;&lt;p&gt;存在很大的分歧，&lt;/p&gt;&lt;p&gt;王平仲不得不无�放弃�&lt;/p&gt;&lt;img data-rawwidth=&quot;660&quot; data-rawheight=&quot;371&quot; src=&quot;https://pic3.zhimg.com/a95aea31d0576ef38244215a4575f6be_b.jpg&quot; class=&quot;origin_image zh-lightbox-thumb&quot; width=&quot;660&quot; data-original=&quot;https://pic3.zhimg.com/a95aea31d0576ef38244215a4575f6be_r.jpg&quot;&gt;&lt;br&gt;&lt;br&gt;&lt;br&gt;设�师王平�&lt;br&gt;&lt;p&gt;时隔�年，&lt;/p&gt;&lt;p&gt;当王平仲再�带�勇气、诚�&lt;/p&gt;&lt;p&gt;走进这里，仔细查看房子一圈后�&lt;/p&gt;&lt;p&gt;他彻底�震惊了··�&lt;/p&gt;&lt;br&gt;&lt;p&gt;房屋的几面�仅有一面属于周家，&lt;br&gt;&lt;/p&gt;&lt;p&gt;��属于他们的那���&lt;br&gt;&lt;/p&gt;&lt;p&gt;还是很临时�的�建法···&lt;/p&gt;&lt;p&gt;�些�面�&lt;/p&gt;&lt;p&gt;随手�掰，就掉�&lt;/p&gt;&lt;img data-rawwidth=&quot;356&quot; data-rawheight=&quot;200&quot; src=&quot;https://pic4.zhimg.com/39e7a454c585315a71dd97e75562b21f_b.jpg&quot; class=&quot;content_image&quot; width=&quot;356&quot;&gt;&lt;br&gt;&lt;p&gt;处在两栋楼的挤压之下�&lt;/p&gt;&lt;p&gt;通��采光存在很大问题不说，&lt;/p&gt;&lt;p&gt;老房子防风�防雨�隔音，&lt;/p&gt;&lt;p&gt;也是很大的问题�&lt;/p&gt;&lt;img data-rawwidth=&quot;550&quot; data-rawheight=&quot;733&quot; src=&quot;https://pic2.zhimg.com/84644a04963e0a54b71b1a1e5265d569_b.jpg&quot; class=&quot;origin_image zh-lightbox-thumb&quot; width=&quot;550&quot; data-original=&quot;https://pic2.zhimg.com/84644a04963e0a54b71b1a1e5265d569_r.jpg&quot;&gt;&lt;br&gt;&lt;br&gt;&lt;br&gt;&lt;p&gt;“这样的房屋结构能撑多久�&lt;/p&gt;&lt;p&gt;顶�五�年时间�已。�&lt;/p&gt;&lt;p&gt;事不宜迟�&lt;/p&gt;&lt;p&gt;王平仲决定挑战这�&lt;/p&gt;&lt;p&gt;�称�史上最难的房型”�&lt;/p&gt;&lt;br&gt;&lt;br&gt;&lt;br&gt;&lt;p&gt;改�还没开始，邻居家亲戚就跳出来了，他�不同意改造，担心占用�家的空间，王平仲不得不���波，一次�地�改��图，�心地为邻居讲解设�方案，而且再三保证不影响他�的利益�&lt;/p&gt;&lt;br&gt;&lt;p&gt;终于在��坚持不懈的�力下，获得了邻居亲戚的同意�&lt;/p&gt;&lt;br&gt;&lt;p&gt;改�终于可以进行了�&lt;/p&gt;&lt;p&gt;但没想到改�的过程却状况�出�&lt;br&gt;&lt;/p&gt;&lt;br&gt;&lt;p&gt;&lt;strong&gt;秉持�好的设�，&lt;br&gt;&lt;/strong&gt;&lt;/p&gt;&lt;p&gt;&lt;strong&gt;首��虑的不�空间�&lt;/strong&gt;&lt;/p&gt;&lt;p&gt;&lt;strong&gt;而是人的舒��&lt;/strong&gt;&lt;/p&gt;&lt;br&gt;&lt;p&gt;王平仲一�始就跑到医院�&lt;/p&gt;&lt;p&gt;询问医生“�友病人需要�样的空间，&lt;/p&gt;&lt;p&gt;有哪�方面的需求？�&lt;/p&gt;&lt;p&gt;医生告诉他�友病人不希望看到红色�&lt;/p&gt;&lt;p&gt;而且要减少上下楼��&lt;/p&gt;&lt;br&gt;&lt;br&gt;&lt;p&gt;平仲当即决定为周渊建�部电��&lt;/p&gt;&lt;p&gt;但工人们却告诉他�&lt;br&gt;&lt;/p&gt;&lt;p&gt;预留的空间无法�电��&lt;/p&gt;&lt;br&gt;&lt;p&gt;而且在施工的过程�还发现：&lt;/p&gt;&lt;p&gt;这幢房子没有�面�是完全垂直的，&lt;/p&gt;&lt;p&gt;这就导致先前房屋的测量出现���&lt;br&gt;&lt;/p&gt;&lt;p&gt;以前对空间的规划必须推翻�&lt;br&gt;&lt;/p&gt;&lt;p&gt;根据�新的测量结果重新设�··�&lt;/p&gt;&lt;br&gt;&lt;p&gt;各�大小问题叠加起来，王平仲几近崩�&lt;/p&gt;&lt;img data-rawwidth=&quot;640&quot; data-rawheight=&quot;360&quot; src=&quot;https://pic2.zhimg.com/a8d90270326e7d02be643e9ab59b4065_b.png&quot; class=&quot;origin_image zh-lightbox-thumb&quot; width=&quot;640&quot; data-original=&quot;https://pic2.zhimg.com/a8d90270326e7d02be643e9ab59b4065_r.png&quot;&gt;&lt;br&gt;&lt;br&gt;&lt;p&gt;但他不能放弃�&lt;/p&gt;&lt;p&gt;因为他身上背负的&lt;/p&gt;&lt;p&gt;不仅�周�五口的信任�&lt;/p&gt;&lt;p&gt;更是整个设�和施工团队的付出�&lt;/p&gt;&lt;br&gt;&lt;p&gt;为�他整�未睡，拿出了�16稿��图&lt;/p&gt;&lt;img data-rawwidth=&quot;356&quot; data-rawheight=&quot;200&quot; src=&quot;https://pic4.zhimg.com/c0580e3f4ed6e93e1fe2b898288ad21b_b.jpg&quot; class=&quot;content_image&quot; width=&quot;356&quot;&gt;&lt;br&gt;&lt;br&gt;&lt;p&gt;不仅�高整�房屋的地基，&lt;br&gt;&lt;/p&gt;&lt;p&gt;做到防潮、防水，&lt;/p&gt;&lt;p&gt;而且重新合理安排空间布局�&lt;/p&gt;&lt;p&gt;巧�扩展出�部电��&lt;br&gt;&lt;/p&gt;&lt;p&gt;再利用天窗的设�，达到通�采光的�的�&lt;br&gt;&lt;/p&gt;&lt;br&gt;&lt;br&gt;&lt;img data-rawwidth=&quot;440&quot; data-rawheight=&quot;660&quot; src=&quot;https://pic2.zhimg.com/0544d41dcecf4222b3c78fdb9c5691c1_b.jpg&quot; class=&quot;origin_image zh-lightbox-thumb&quot; width=&quot;440&quot; data-original=&quot;https://pic2.zhimg.com/0544d41dcecf4222b3c78fdb9c5691c1_r.jpg&quot;&gt;&lt;br&gt;&lt;p&gt;经过72天的紧张施工后，&lt;/p&gt;&lt;p&gt;改�最终完成，&lt;/p&gt;&lt;p&gt;周�人在巷弄远远看到自家的房屋&lt;/p&gt;&lt;p&gt;都不约�同地笑了··�&lt;/p&gt;&lt;br&gt;&lt;img data-rawwidth=&quot;660&quot; data-rawheight=&quot;371&quot; src=&quot;https://pic3.zhimg.com/97131001c9f935fb5f2e55f0aa24394e_b.jpg&quot; class=&quot;origin_image zh-lightbox-thumb&quot; width=&quot;660&quot; data-original=&quot;https://pic3.zhimg.com/97131001c9f935fb5f2e55f0aa24394e_r.jpg&quot;&gt;&lt;br&gt;&lt;br&gt;&lt;p&gt;通�的玻璃��到底&lt;/p&gt;&lt;br&gt;&lt;img data-rawwidth=&quot;660&quot; data-rawheight=&quot;988&quot; src=&quot;https://pic2.zhimg.com/5e823931454466251cc961d8f8e592ed_b.jpg&quot; class=&quot;origin_image zh-lightbox-thumb&quot; width=&quot;660&quot; data-original=&quot;https://pic2.zhimg.com/5e823931454466251cc961d8f8e592ed_r.jpg&quot;&gt;&lt;br&gt;&lt;p&gt;大门上的��周字�&lt;/p&gt;&lt;p&gt;不言而喻的归属感�&lt;/p&gt;&lt;p&gt;让周家人暖到心里�&lt;/p&gt;&lt;br&gt;&lt;img data-rawwidth=&quot;660&quot; data-rawheight=&quot;988&quot; src=&quot;https://pic2.zhimg.com/8e2cab7d06bf1ef3f7e5769941beacb9_b.jpg&quot; class=&quot;origin_image zh-lightbox-thumb&quot; width=&quot;660&quot; data-original=&quot;https://pic2.zhimg.com/8e2cab7d06bf1ef3f7e5769941beacb9_r.jpg&quot;&gt;&lt;br&gt;&lt;br&gt;&lt;p&gt;推门而入�&lt;/p&gt;&lt;p&gt;贴心加�的电��&lt;/p&gt;&lt;p&gt;让周�40年来��次不用再�楼��&lt;/p&gt;&lt;br&gt;&lt;img data-rawwidth=&quot;660&quot; data-rawheight=&quot;371&quot; src=&quot;https://pic3.zhimg.com/e842b509a3175d3fb7e6c6fff296cb42_b.jpg&quot; class=&quot;origin_image zh-lightbox-thumb&quot; width=&quot;660&quot; data-original=&quot;https://pic3.zhimg.com/e842b509a3175d3fb7e6c6fff296cb42_r.jpg&quot;&gt;&lt;img data-rawwidth=&quot;1280&quot; data-rawheight=&quot;1916&quot; src=&quot;https://pic2.zhimg.com/cb2e7638b4117440e1df7c43f22d2735_b.jpg&quot; class=&quot;origin_image zh-lightbox-thumb&quot; width=&quot;1280&quot; data-original=&quot;https://pic2.zhimg.com/cb2e7638b4117440e1df7c43f22d2735_r.jpg&quot;&gt;&lt;br&gt;&lt;br&gt;&lt;br&gt;&lt;br&gt;&lt;p&gt;上到二楼�&lt;br&gt;&lt;/p&gt;&lt;p&gt;两位老人的卧室，&lt;/p&gt;&lt;p&gt;不仅兼�厅、�厅于一��&lt;/p&gt;&lt;br&gt;&lt;img data-rawwidth=&quot;440&quot; data-rawheight=&quot;660&quot; src=&quot;https://pic3.zhimg.com/4e212465cae3ddd45c827eab360f6c1a_b.jpg&quot; class=&quot;origin_image zh-lightbox-thumb&quot; width=&quot;440&quot; data-original=&quot;https://pic3.zhimg.com/4e212465cae3ddd45c827eab360f6c1a_r.jpg&quot;&gt;&lt;br&gt;&lt;br&gt;&lt;br&gt;&lt;br&gt;&lt;br&gt;&lt;p&gt;还拥有了超大的储物空�&lt;/p&gt;&lt;br&gt;&lt;img data-rawwidth=&quot;440&quot; data-rawheight=&quot;660&quot; src=&quot;https://pic3.zhimg.com/fd9c948e6d55e3c97b748514ac967652_b.jpg&quot; class=&quot;origin_image zh-lightbox-thumb&quot; width=&quot;440&quot; data-original=&quot;https://pic3.zhimg.com/fd9c948e6d55e3c97b748514ac967652_r.jpg&quot;&gt;&lt;br&gt;&lt;br&gt;&lt;p&gt;三楼更是让人惊喜�&lt;/p&gt;&lt;p&gt;周渊不用再睡地上�&lt;/p&gt;&lt;p&gt;�妇两人终于能睡在�起了�&lt;/p&gt;&lt;br&gt;&lt;img data-rawwidth=&quot;660&quot; data-rawheight=&quot;988&quot; src=&quot;https://pic2.zhimg.com/44140894bed90bd2131a215e32cb92ed_b.jpg&quot; class=&quot;origin_image zh-lightbox-thumb&quot; width=&quot;660&quot; data-original=&quot;https://pic2.zhimg.com/44140894bed90bd2131a215e32cb92ed_r.jpg&quot;&gt;&lt;br&gt;&lt;br&gt;&lt;br&gt;&lt;p&gt;隔�就�小�伙的房间，&lt;/p&gt;&lt;p&gt;他有了自己的书�，&lt;/p&gt;&lt;p&gt;不用再跟奶奶挤在厨房里写作业�&lt;/p&gt;&lt;img data-rawwidth=&quot;660&quot; data-rawheight=&quot;988&quot; src=&quot;https://pic1.zhimg.com/fb95ea174937c011f52f7386b874a54c_b.jpg&quot; class=&quot;origin_image zh-lightbox-thumb&quot; width=&quot;660&quot; data-original=&quot;https://pic1.zhimg.com/fb95ea174937c011f52f7386b874a54c_r.jpg&quot;&gt;&lt;br&gt;&lt;br&gt;&lt;br&gt;&lt;p&gt;等等···&lt;/p&gt;&lt;p&gt;那小家伙�担心的睡在哪里，&lt;/p&gt;&lt;p&gt;怎么解决�&lt;/p&gt;&lt;br&gt;&lt;p&gt;轻轻�下一拉，书�就变成了一张小床，俊宇终于不用跟爸妈�爷爷奶奶挤在一起了�&lt;/p&gt;&lt;img data-rawwidth=&quot;440&quot; data-rawheight=&quot;660&quot; src=&quot;https://pic3.zhimg.com/672e0696982052b01d7f66a56574874e_b.jpg&quot; class=&quot;origin_image zh-lightbox-thumb&quot; width=&quot;440&quot; data-original=&quot;https://pic3.zhimg.com/672e0696982052b01d7f66a56574874e_r.jpg&quot;&gt;&lt;br&gt;&lt;br&gt;&lt;p&gt;而三楼��的天窗�&lt;/p&gt;&lt;p&gt;更是让自然光�&lt;/p&gt;&lt;p&gt;充分照进书房�&lt;/p&gt;&lt;br&gt;&lt;img data-rawwidth=&quot;660&quot; data-rawheight=&quot;988&quot; src=&quot;https://pic1.zhimg.com/1396ce3ab5399f72ee2869940e9d2b18_b.jpg&quot; class=&quot;origin_image zh-lightbox-thumb&quot; width=&quot;660&quot; data-original=&quot;https://pic1.zhimg.com/1396ce3ab5399f72ee2869940e9d2b18_r.jpg&quot;&gt;&lt;br&gt;&lt;br&gt;&lt;br&gt;&lt;p&gt;厨房和卫生间�&lt;/p&gt;&lt;p&gt;当然也各��立�&lt;/p&gt;&lt;br&gt;&lt;br&gt;&lt;p&gt;二楼周渊父母的卫生间&lt;/p&gt;&lt;img data-rawwidth=&quot;660&quot; data-rawheight=&quot;988&quot; src=&quot;https://pic2.zhimg.com/674fd068fdeb1715d02020afa9aa9961_b.jpg&quot; class=&quot;origin_image zh-lightbox-thumb&quot; width=&quot;660&quot; data-original=&quot;https://pic2.zhimg.com/674fd068fdeb1715d02020afa9aa9961_r.jpg&quot;&gt;&lt;br&gt;&lt;br&gt;&lt;br&gt;&lt;p&gt;厨房&lt;/p&gt;&lt;img data-rawwidth=&quot;660&quot; data-rawheight=&quot;988&quot; src=&quot;https://pic3.zhimg.com/79dcd94e740cca774d9f4a7d91dd5fe6_b.jpg&quot; class=&quot;origin_image zh-lightbox-thumb&quot; width=&quot;660&quot; data-original=&quot;https://pic3.zhimg.com/79dcd94e740cca774d9f4a7d91dd5fe6_r.jpg&quot;&gt;&lt;br&gt;&lt;p&gt;而且考虑到周渊的�体不便，&lt;br&gt;&lt;/p&gt;&lt;p&gt;三楼的卫生间还特意加了扶手�&lt;/p&gt;&lt;br&gt;&lt;p&gt;三楼周渊�妇的�生间&lt;/p&gt;&lt;img data-rawwidth=&quot;660&quot; data-rawheight=&quot;988&quot; src=&quot;https://pic4.zhimg.com/f9ed2f0301b3ddadf86e0da759dca78f_b.jpg&quot; class=&quot;origin_image zh-lightbox-thumb&quot; width=&quot;660&quot; data-original=&quot;https://pic4.zhimg.com/f9ed2f0301b3ddadf86e0da759dca78f_r.jpg&quot;&gt;&lt;br&gt;&lt;p&gt;这样温暖又实用的细节�&lt;/p&gt;&lt;p&gt;在这�家中随�可见�&lt;/p&gt;&lt;br&gt;&lt;p&gt;王平仲制作的“夹缝中的灯”，&lt;/p&gt;&lt;p&gt;用原�的�木地板�手工打�，&lt;/p&gt;&lt;p&gt;既是对过�的纪念�慰�&lt;/p&gt;&lt;p&gt;也寓意新生活的希望与信念�&lt;/p&gt;&lt;img data-rawwidth=&quot;660&quot; data-rawheight=&quot;988&quot; src=&quot;https://pic4.zhimg.com/baf927cd8d366ae0ea454b684446b73b_b.jpg&quot; class=&quot;origin_image zh-lightbox-thumb&quot; width=&quot;660&quot; data-original=&quot;https://pic4.zhimg.com/baf927cd8d366ae0ea454b684446b73b_r.jpg&quot;&gt;&lt;br&gt;&lt;br&gt;&lt;br&gt;&lt;p&gt;为周渊的父亲和周俊宇设�的两把椅子�&lt;/p&gt;&lt;p&gt;爱动手的父亲用来储存五金件，&lt;/p&gt;&lt;p&gt;周俊宇则�以用来存放书籍�玩具�&lt;/p&gt;&lt;img data-rawwidth=&quot;440&quot; data-rawheight=&quot;660&quot; src=&quot;https://pic1.zhimg.com/1bc64a476d32a3f52fb60fa1a761b850_b.jpg&quot; class=&quot;origin_image zh-lightbox-thumb&quot; width=&quot;440&quot; data-original=&quot;https://pic1.zhimg.com/1bc64a476d32a3f52fb60fa1a761b850_r.jpg&quot;&gt;&lt;br&gt;&lt;br&gt;&lt;br&gt;&lt;p&gt;考虑到周渊�在家中完成�些工作，&lt;br&gt;&lt;/p&gt;&lt;p&gt;这把摇�极尽舒适，&lt;/p&gt;&lt;p&gt;久坐也不会劳�不��&lt;/p&gt;&lt;br&gt;&lt;img data-rawwidth=&quot;660&quot; data-rawheight=&quot;988&quot; src=&quot;https://pic1.zhimg.com/dee9ddcec8c5294af49800dfe614ed34_b.jpg&quot; class=&quot;origin_image zh-lightbox-thumb&quot; width=&quot;660&quot; data-original=&quot;https://pic1.zhimg.com/dee9ddcec8c5294af49800dfe614ed34_r.jpg&quot;&gt;&lt;br&gt;&lt;br&gt;&lt;p&gt;不仅室内空间处�体现着&lt;/p&gt;&lt;p&gt;对这座�房子��辈几代�&lt;/p&gt;&lt;p&gt;过往历史的尊重�&lt;/p&gt;&lt;br&gt;&lt;p&gt;随�可见的老照�&lt;/p&gt;&lt;img data-rawwidth=&quot;660&quot; data-rawheight=&quot;988&quot; src=&quot;https://pic1.zhimg.com/0e1cf93eeac931ac5aa1c7e80dd3e868_b.jpg&quot; class=&quot;origin_image zh-lightbox-thumb&quot; width=&quot;660&quot; data-original=&quot;https://pic1.zhimg.com/0e1cf93eeac931ac5aa1c7e80dd3e868_r.jpg&quot;&gt;&lt;img data-rawwidth=&quot;660&quot; data-rawheight=&quot;988&quot; src=&quot;https://pic4.zhimg.com/f7b2b0491bc0c0745f0ed69b1b660b6b_b.jpg&quot; class=&quot;origin_image zh-lightbox-thumb&quot; width=&quot;660&quot; data-original=&quot;https://pic4.zhimg.com/f7b2b0491bc0c0745f0ed69b1b660b6b_r.jpg&quot;&gt;&lt;br&gt;&lt;br&gt;&lt;br&gt;&lt;br&gt;&lt;br&gt;&lt;p&gt;特地保留下来的青�&lt;br&gt;&lt;/p&gt;&lt;br&gt;&lt;br&gt;&lt;br&gt;&lt;p&gt;嵌于地板�的时光流�&lt;/p&gt;&lt;img data-rawwidth=&quot;660&quot; data-rawheight=&quot;440&quot; src=&quot;https://pic1.zhimg.com/fca39e224a3f0fa1c61373bc38f2bad4_b.jpg&quot; class=&quot;origin_image zh-lightbox-thumb&quot; width=&quot;660&quot; data-original=&quot;https://pic1.zhimg.com/fca39e224a3f0fa1c61373bc38f2bad4_r.jpg&quot;&gt;&lt;img data-rawwidth=&quot;660&quot; data-rawheight=&quot;440&quot; src=&quot;https://pic1.zhimg.com/a827b55c1d9c3f11123593e02ae800ac_b.jpg&quot; class=&quot;origin_image zh-lightbox-thumb&quot; width=&quot;660&quot; data-original=&quot;https://pic1.zhimg.com/a827b55c1d9c3f11123593e02ae800ac_r.jpg&quot;&gt;&lt;br&gt;&lt;br&gt;&lt;br&gt;&lt;br&gt;&lt;br&gt;&lt;p&gt;外部空间也�设�得美轮美�&lt;/p&gt;&lt;br&gt;&lt;br&gt;&lt;img data-rawwidth=&quot;660&quot; data-rawheight=&quot;988&quot; src=&quot;https://pic2.zhimg.com/fcce251bd20bce014eca5000e51a17b5_b.jpg&quot; class=&quot;origin_image zh-lightbox-thumb&quot; width=&quot;660&quot; data-original=&quot;https://pic2.zhimg.com/fcce251bd20bce014eca5000e51a17b5_r.jpg&quot;&gt;&lt;img data-rawwidth=&quot;660&quot; data-rawheight=&quot;440&quot; src=&quot;https://pic2.zhimg.com/1aeab9e8eea6fe95d7732d2bb506dd9d_b.jpg&quot; class=&quot;origin_image zh-lightbox-thumb&quot; width=&quot;660&quot; data-original=&quot;https://pic2.zhimg.com/1aeab9e8eea6fe95d7732d2bb506dd9d_r.jpg&quot;&gt;&lt;br&gt;&lt;br&gt;&lt;br&gt;&lt;p&gt;看着看着�&lt;br&gt;&lt;/p&gt;&lt;p&gt;奶奶再也忍不住，&lt;/p&gt;&lt;p&gt;�了起来�&lt;/p&gt;&lt;img data-rawwidth=&quot;660&quot; data-rawheight=&quot;371&quot; src=&quot;https://pic3.zhimg.com/48167a2520c36e485bc053ed84afc80e_b.jpg&quot; class=&quot;origin_image zh-lightbox-thumb&quot; width=&quot;660&quot; data-original=&quot;https://pic3.zhimg.com/48167a2520c36e485bc053ed84afc80e_r.jpg&quot;&gt;&lt;br&gt;&lt;br&gt;&lt;p&gt;几十年的辛酸�&lt;/p&gt;&lt;p&gt;此刻的幸福，&lt;/p&gt;&lt;p&gt;全都��水包��&lt;/p&gt;&lt;p&gt;她跑过去给了设�师��大大的拥抱�&lt;/p&gt;&lt;img data-rawwidth=&quot;660&quot; data-rawheight=&quot;371&quot; src=&quot;https://pic3.zhimg.com/f7bde3ef099e229d794aa7a4cef098d2_b.jpg&quot; class=&quot;origin_image zh-lightbox-thumb&quot; width=&quot;660&quot; data-original=&quot;https://pic3.zhimg.com/f7bde3ef099e229d794aa7a4cef098d2_r.jpg&quot;&gt;&lt;br&gt;&lt;br&gt;&lt;p&gt;曾几何时�&lt;/p&gt;&lt;p&gt;这里还是夹缝�的至暗�落�&lt;/p&gt;&lt;p&gt;如今它竟变成了�灯塔�，&lt;/p&gt;&lt;p&gt;在巷弄的底�，散发出光辉�&lt;/p&gt;&lt;img data-rawwidth=&quot;340&quot; data-rawheight=&quot;385&quot; src=&quot;https://pic2.zhimg.com/45c9efb3c0b10ed2257d5228a52dc7b5_b.jpg&quot; class=&quot;content_image&quot; width=&quot;340&quot;&gt;&lt;br&gt;&lt;br&gt;&lt;br&gt;&lt;p&gt;或�这就是美好设�的意义�&lt;/p&gt;&lt;p&gt;它不仅用温暖、合理�体贴，&lt;/p&gt;&lt;p&gt;点亮作品�&lt;/p&gt;&lt;p&gt;更重要的��&lt;/p&gt;&lt;p&gt;它照�了一家人的梦� &lt;/p&gt;&lt;br&gt;&lt;br&gt;&lt;br&gt;&lt;br&gt;&lt;br&gt;&lt;br&gt;&lt;br&gt;&lt;br&gt;&lt;p&gt;资料�&lt;a href=&quot;//link.zhihu.com/?target=http%3A//mp.weixin.qq.com/s%3F__biz%3DMzA5ODAyOTU2NA%3D%3D%26mid%3D2651281228%26idx%3D1%26sn%3D54526b36444031b792657954f086d80b%26scene%3D1%26srcid%3D0630LpwJRgDYZdDAAcLBQ1Ph%26from%3Dsinglemessage%26isappinstalled%3D0%23wechat_redirect&quot; class=&quot; external&quot; target=&quot;_blank&quot; rel=&quot;nofollow noreferrer&quot;&gt;&lt;span class=&quot;invisible&quot;&gt;http://&lt;/span&gt;&lt;span class=&quot;visible&quot;&gt;mp.weixin.qq.com/s?&lt;/span&gt;&lt;span class=&quot;invisible&quot;&gt;__biz=MzA5ODAyOTU2NA==&amp;amp;mid=2651281228&amp;amp;idx=1&amp;amp;sn=54526b36444031b792657954f086d80b&amp;amp;scene=1&amp;amp;srcid=0630LpwJRgDYZdDAAcLBQ1Ph&amp;amp;from=singlemessage&amp;amp;isappinstalled=0#wechat_redirect&lt;/span&gt;&lt;span class=&quot;ellipsis&quot;&gt;&lt;/span&gt;&lt;i class=&quot;icon-external&quot;&gt;&lt;/i&gt;&lt;/a&gt;&lt;/p&gt;</textarea>


<div class="zh-summary summary clearfix">
<img data-rawwidth="660" data-rawheight="371" src="https://pic2.zhimg.com/35401f3801d9772478bb0c3b6ad57d89_200x112.jpg" class="origin_image inline-img zh-lightbox-thumb" data-original="https://pic2.zhimg.com/35401f3801d9772478bb0c3b6ad57d89_r.jpg">
<strong>夹缝生存</strong><strong>Fissure Survive</strong>上海四川北路有一片�房子，建�将近有百年历史，�周渊和他父母从小就住在这片拥挤的�房子里。�我�这个家是这片区最�的，�以�在夹缝里生存，在小弄堂里硬�出一�房子来��不�30㎡的三层居住空间，�常情况�3�人已经是极�

<a href="/question/35781319/answer/110754352" class="toggle-expand">显示全部</a>

</div>



<p class="visible-expanded"><a itemprop="url" class="answer-date-link meta-item" data-tip="s$t$发布� 昨天 18:35" target="_blank" href="/question/35781319/answer/110754352">编辑� 19:26</a></p>

</div>
</div>
<div class="feed-meta">
<div class="zm-item-meta answer-actions clearfix js-contentActions">
<div class="zm-meta-panel">

<a data-follow="q:link" class="follow-link zg-follow meta-item" href="javascript:;" id="sfb-6519178"><i class="z-icon-follow"></i>关注��</a>

<a href="#" name="addcomment" class="meta-item toggle-comment js-toggleCommentBox">
<i class="z-icon-comment"></i>814 条评�</a>


<a href="#" class="meta-item zu-autohide js-thank" data-thanked="false"><i class="z-icon-thank"></i>感谢</a>



<a href="#" class="meta-item zu-autohide js-share"><i class="z-icon-share"></i>分享</a>

<a href="#" class="meta-item zu-autohide js-collect"><i class="z-icon-collect"></i>收藏</a>





<span class="zg-bull zu-autohide">&bull;</span>

<a href="#" class="meta-item zu-autohide js-noHelp">没有��</a>

<span class="zg-bull zu-autohide">&bull;</span>
<a href="#" class="meta-item zu-autohide js-report">举报</a>




<span class="zg-bull">&bull;</span>

<a href="/terms#sec-licence-1" target="_blank" class="meta-item copyright">作�保留权�</a>


<button class="meta-item item-collapse js-collapse">
<i class="z-icon-fold"></i>收起
</button>
</div>
</div>

<a style="cursor: pointer" class="ignore zu-autohide js-ignoreContentItem" data-tip="s$b$不再显示"></a>

</div>
</div>
</div>
<div class="feed-hide-options hidden">
<a href="javascript:;" class="close-button js-close" data-tip="s$b$关闭">
<i class="icon icon-close-16x16"></i><span class="hide-text">关闭</span>
</a>

</div>
</div>

<div class="feed-item folding feed-item-hook feed-item-a

"
id="feed-a39848897_104_0"
data-type="a"
data-feedtype="ANSWER_VOTE_UP">
<meta itemprop="ZReactor" data-id="39848897" data-meta="{&quot;source_type&quot;: &quot;member_voteup_answer&quot;, &quot;voteups&quot;: 27, &quot;comments&quot;: 6, &quot;source&quot;: [[&quot;member&quot;, &quot;6733f12c60e7e98ea7491f20de46f79e&quot;]]}" >
<div class="avatar">
<a title="周源"
data-tip="p$t$zhouyuan"
class="zm-item-link-avatar"
target="_blank"
href="/people/zhouyuan">
<img src="https://pic2.zhimg.com/eb64aa88daef788fe6cc080bd771482d_m.jpg" class="zm-item-img-avatar">
</a>
</div>
<div class="feed-main">
<div class="feed-source" data-za-module="FeedSource">

<a data-tip="p$t$zhouyuan" href="https://www.zhihu.com/people/zhouyuan" target="_blank" class="zg-link" title="周源"
>周源</a> 
赞同该回�


<span class="time" data-timestamp="1468407933000">3 小时�</span>
</div>
<div class="feed-content">




<meta itemprop="question-id" content="8768143">
<meta itemprop="question-url-token" content="41402281">


<link itemprop="url" href="/question/41402281/answer/110938604">
<meta itemprop="answer-id" content="39848897">
<meta itemprop="answer-url-token" content="110938604">

<h2><a class="question_link" target="_blank" href="/question/41402281">
HTC Vive该�么念？HTC Vive的�音��么？
</a></h2>
<div class="expandable entry-body">
<!-- <link itemprop="url" href="/question/41402281/answer/110938604">
<meta itemprop="answer-id" content="39848897">
<meta itemprop="answer-url-token" content="110938604"> -->

<div class="zm-item-vote">
<a class="zm-item-vote-count js-expand js-vote-count" href="javascript:;" data-bind-votecount>27</a>
</div>

<div class="zm-votebar">
<button class="up ">
<i class="icon vote-arrow"></i>
<span class="count">27</span>
<span class="label sr-only">赞同</span>
</button>
<button class="down ">
<i class="icon vote-arrow"></i>
<span class="label sr-only">反�</span>
</button>
</div>



<div class="zm-item-answer-author-info">


<a class="author-link"
data-tip="p$t$aqingsir"
target="_blank" href="/people/aqingsir"
>aqingsir</a>


<span title="http://how2read.me作�" class="bio">�<a href="//link.zhihu.com/?target=http%3A//how2read.me" class=" external" target="_blank" rel="nofollow noreferrer"><span class="invisible">http://</span><span class="visible">how2read.me</span><span class="invisible"></span><i class="icon-external"></i></a>作�</span>

</div>

<div class="zm-item-vote-info" data-votecount="27">



<span class="voters text"><span class="user-block"><a data-tip="p$t$zhouyuan" href="https://www.zhihu.com/people/zhouyuan" target="_blank" class="zg-link" title="周源"
>周源</a></span><a href="#" class="more text">&nbsp;�&nbsp;<span class="js-voteCount">27</span>&nbsp;人赞�</a></span>


</div>
<div class="zm-item-rich-text expandable js-collapse-body" data-resourceid="8768143" data-action="/answer/content" data-author-name="aqingsir" data-entry-url="/question/41402281/answer/110938604">

<textarea hidden class="content">英�单词vive读作/viːv/，是万岁的意思�&lt;br&gt;但是&quot;HTC Vive&quot;�的Vive(注意V大写)，是��专有名词，到底应该�么读�很多用户纠结了�&lt;br&gt;来自HTC，负�VR项目的执行��Daniel O’Brian 对� &lt;a href=&quot;//link.zhihu.com/?target=http%3A//uploadvr.com/htc-clarifies-once-and-for-all-the-pronunciation-of-the-vive/&quot; class=&quot; wrap external&quot; target=&quot;_blank&quot; rel=&quot;nofollow noreferrer&quot;&gt;专门进�了澄清&lt;i class=&quot;icon-external&quot;&gt;&lt;/i&gt;&lt;/a&gt;�&lt;br&gt;这个单词读作 H-T-C /vaiv/，�不�/viːv/�</textarea>


<div class="zh-summary summary clearfix">

英�单词vive读作/viːv/，是万岁的意思�但�"HTC Vive"�的Vive(注意V大写)，是��专有名词，到底应该�么读�很多用户纠结了。来自HTC，负�VR项目的执行��Daniel O’Brian 对� <a href="//link.zhihu.com/?target=http%3A//uploadvr.com/htc-clarifies-once-and-for-all-the-pronunciation-of-the-vive/" class=" wrap external" target="_blank" rel="nofollow noreferrer">专门进�了澄清<i class="icon-external"></i></a>：这�单词读作 H-T-C /vaiv/，�不�/viːv/�

</div>



<p class="visible-expanded"><a itemprop="url" class="answer-date-link meta-item" target="_blank" href="/question/41402281/answer/110938604">发布� 18:04</a></p>

</div>
</div>
<div class="feed-meta">
<div class="zm-item-meta answer-actions clearfix js-contentActions">
<div class="zm-meta-panel">

<a data-follow="q:link" class="follow-link zg-follow meta-item" href="javascript:;" id="sfb-8768143"><i class="z-icon-follow"></i>关注��</a>

<a href="#" name="addcomment" class="meta-item toggle-comment js-toggleCommentBox">
<i class="z-icon-comment"></i>6 条评�</a>


<a href="#" class="meta-item zu-autohide js-thank" data-thanked="false"><i class="z-icon-thank"></i>感谢</a>



<a href="#" class="meta-item zu-autohide js-share"><i class="z-icon-share"></i>分享</a>

<a href="#" class="meta-item zu-autohide js-collect"><i class="z-icon-collect"></i>收藏</a>





<span class="zg-bull zu-autohide">&bull;</span>

<a href="#" class="meta-item zu-autohide js-noHelp">没有��</a>

<span class="zg-bull zu-autohide">&bull;</span>
<a href="#" class="meta-item zu-autohide js-report">举报</a>




<span class="zg-bull">&bull;</span>

<a href="/terms#sec-licence-1" target="_blank" class="meta-item copyright">作�保留权�</a>


<button class="meta-item item-collapse js-collapse">
<i class="z-icon-fold"></i>收起
</button>
</div>
</div>

<a style="cursor: pointer" class="ignore zu-autohide js-ignoreContentItem" data-tip="s$b$不再显示"></a>

</div>
</div>
</div>
<div class="feed-hide-options hidden">
<a href="javascript:;" class="close-button js-close" data-tip="s$b$关闭">
<i class="icon icon-close-16x16"></i><span class="hide-text">关闭</span>
</a>

</div>
</div>

<div class="feed-item folding feed-item-hook feed-item-a

"
id="feed-a39412733_104_0"
data-type="a"
data-feedtype="ANSWER_VOTE_UP">
<meta itemprop="ZReactor" data-id="39412733" data-meta="{&quot;source_type&quot;: &quot;member_voteup_answer&quot;, &quot;voteups&quot;: 659, &quot;comments&quot;: 66, &quot;source&quot;: [[&quot;member&quot;, &quot;ce91b5b28c785ce69090eb1790fea8c7&quot;]]}" >
<div class="avatar">
<a title="欲三�"
data-tip="p$t$yu-san-geng"
class="zm-item-link-avatar"
target="_blank"
href="/people/yu-san-geng">
<img src="https://pic1.zhimg.com/a8701c0e2fdc674c2d83faa4cda95874_m.jpg" class="zm-item-img-avatar">
</a>
</div>
<div class="feed-main">
<div class="feed-source" data-za-module="FeedSource">

<a data-tip="p$t$yu-san-geng" href="https://www.zhihu.com/people/yu-san-geng" target="_blank" class="zg-link" title="欲三�"
>欲三�</a> 
赞同该回�


<span class="time" data-timestamp="1468403371000">5 小时�</span>
</div>
<div class="feed-content">




<meta itemprop="question-id" content="11475361">
<meta itemprop="question-url-token" content="48150378">


<link itemprop="url" href="/question/48150378/answer/109853202">
<meta itemprop="answer-id" content="39412733">
<meta itemprop="answer-url-token" content="109853202">

<h2><a class="question_link" target="_blank" href="/question/48150378">
如何看待杜兰特加盟勇��
</a></h2>
<div class="expandable entry-body">
<!-- <link itemprop="url" href="/question/48150378/answer/109853202">
<meta itemprop="answer-id" content="39412733">
<meta itemprop="answer-url-token" content="109853202"> -->

<div class="zm-item-vote">
<a class="zm-item-vote-count js-expand js-vote-count" href="javascript:;" data-bind-votecount>659</a>
</div>

<div class="zm-votebar">
<button class="up ">
<i class="icon vote-arrow"></i>
<span class="count">659</span>
<span class="label sr-only">赞同</span>
</button>
<button class="down ">
<i class="icon vote-arrow"></i>
<span class="label sr-only">反�</span>
</button>
</div>



<div class="zm-item-answer-author-info">


<a class="author-link"
data-tip="p$t$jj-chen-11"
target="_blank" href="/people/jj-chen-11"
>jj chen</a>


<span title="每�别人知道我职业的��句话基本都是，哦，你能看出男女吧..." class="bio">，每次别人知道我职业的��句话基本都是，�</span>

</div>

<div class="zm-item-vote-info" data-votecount="659">



<span class="voters text"><span class="user-block"><a data-tip="p$t$yu-san-geng" href="https://www.zhihu.com/people/yu-san-geng" target="_blank" class="zg-link" title="欲三�"
>欲三�</a></span><a href="#" class="more text">&nbsp;�&nbsp;<span class="js-voteCount">659</span>&nbsp;人赞�</a></span>


</div>
<div class="zm-item-rich-text expandable js-collapse-body" data-resourceid="11475361" data-action="/answer/content" data-author-name="jj chen" data-entry-url="/question/48150378/answer/109853202">

<textarea hidden class="content">CBA常�赛�34�,山东队吴轲因�击天津队外援杰克-�克希尔��协追加停�10�,直接导致山东队后半程崩盘,�终排名��,丧失主场优势�广东队横� 导致山东名�比�利提前回到NBA加盟��参加季后� 季后赛�轮�三场��1�,格林抱摔比斯�,赛后�追加�级恶意犯� 至�决赛�5场格林因恶意�规积分超�3分�停赛,�终�致3:1领先的勇��骑士惊天大�转 勇士想组成终极版死亡五小,来年再和勒布朗谈笑�生,于是找来顶配版巴恩斯--杜兰� �以杜兰特加盟勇士全赖吴轲!!!</textarea>


<div class="zh-summary summary clearfix">

CBA常�赛�34�,山东队吴轲因�击天津队外援杰克-�克希尔��协追加停�10�,直接导致山东队后半程崩盘,�终排名��,丧失主场优势�广东队横� 导致山东名�比�利提前回到NBA加盟��参加季后� 季后赛�轮�三场��1�,格林抱摔比斯�,赛后�追加�级�

<a href="/question/48150378/answer/109853202" class="toggle-expand">显示全部</a>

</div>



<p class="visible-expanded"><a itemprop="url" class="answer-date-link meta-item" target="_blank" href="/question/48150378/answer/109853202">发布� 2016-07-07</a></p>

</div>
</div>
<div class="feed-meta">
<div class="zm-item-meta answer-actions clearfix js-contentActions">
<div class="zm-meta-panel">

<a data-follow="q:link" class="follow-link zg-follow meta-item" href="javascript:;" id="sfb-11475361"><i class="z-icon-follow"></i>关注��</a>

<a href="#" name="addcomment" class="meta-item toggle-comment js-toggleCommentBox">
<i class="z-icon-comment"></i>66 条评�</a>


<a href="#" class="meta-item zu-autohide js-thank" data-thanked="false"><i class="z-icon-thank"></i>感谢</a>



<a href="#" class="meta-item zu-autohide js-share"><i class="z-icon-share"></i>分享</a>

<a href="#" class="meta-item zu-autohide js-collect"><i class="z-icon-collect"></i>收藏</a>





<span class="zg-bull zu-autohide">&bull;</span>

<a href="#" class="meta-item zu-autohide js-noHelp">没有��</a>

<span class="zg-bull zu-autohide">&bull;</span>
<a href="#" class="meta-item zu-autohide js-report">举报</a>




<span class="zg-bull">&bull;</span>

<a href="/terms#sec-licence-1" target="_blank" class="meta-item copyright">作�保留权�</a>


<button class="meta-item item-collapse js-collapse">
<i class="z-icon-fold"></i>收起
</button>
</div>
</div>

<a style="cursor: pointer" class="ignore zu-autohide js-ignoreContentItem" data-tip="s$b$不再显示"></a>

</div>
</div>
</div>
<div class="feed-hide-options hidden">
<a href="javascript:;" class="close-button js-close" data-tip="s$b$关闭">
<i class="icon icon-close-16x16"></i><span class="hide-text">关闭</span>
</a>

</div>
</div>

<div class="feed-item folding feed-item-hook feed-item-a

"
id="feed-a39198804_104_0"
data-type="a"
data-feedtype="ANSWER_VOTE_UP">
<meta itemprop="ZReactor" data-id="39198804" data-meta="{&quot;source_type&quot;: &quot;member_voteup_answer&quot;, &quot;voteups&quot;: 161, &quot;comments&quot;: 25, &quot;source&quot;: [[&quot;member&quot;, &quot;6733f12c60e7e98ea7491f20de46f79e&quot;]]}" >
<div class="avatar">
<a title="周源"
data-tip="p$t$zhouyuan"
class="zm-item-link-avatar"
target="_blank"
href="/people/zhouyuan">
<img src="https://pic2.zhimg.com/eb64aa88daef788fe6cc080bd771482d_m.jpg" class="zm-item-img-avatar">
</a>
</div>
<div class="feed-main">
<div class="feed-source" data-za-module="FeedSource">

<a data-tip="p$t$zhouyuan" href="https://www.zhihu.com/people/zhouyuan" target="_blank" class="zg-link" title="周源"
>周源</a> 
赞同该回�


<span class="time" data-timestamp="1468402885000">5 小时�</span>
</div>
<div class="feed-content">




<meta itemprop="question-id" content="11404305">
<meta itemprop="question-url-token" content="47972819">


<link itemprop="url" href="/question/47972819/answer/109321088">
<meta itemprop="answer-id" content="39198804">
<meta itemprop="answer-url-token" content="109321088">

<h2><a class="question_link" target="_blank" href="/question/47972819">
互联网时代，消费者的品牌忠诚度会下降吗？会转向渠道忠诚吗�
</a></h2>
<div class="expandable entry-body">
<!-- <link itemprop="url" href="/question/47972819/answer/109321088">
<meta itemprop="answer-id" content="39198804">
<meta itemprop="answer-url-token" content="109321088"> -->

<div class="zm-item-vote">
<a class="zm-item-vote-count js-expand js-vote-count" href="javascript:;" data-bind-votecount>161</a>
</div>

<div class="zm-votebar">
<button class="up ">
<i class="icon vote-arrow"></i>
<span class="count">161</span>
<span class="label sr-only">赞同</span>
</button>
<button class="down ">
<i class="icon vote-arrow"></i>
<span class="label sr-only">反�</span>
</button>
</div>



<div class="zm-item-answer-author-info">


<a class="author-link"
data-tip="p$t$chen-zhuo-49"
target="_blank" href="/people/chen-zhuo-49"
>陈茁</a>


<span title="经济学博�在�，行为经济�" class="bio">，经济�博�在�，行为经济�</span>

</div>

<div class="zm-item-vote-info" data-votecount="161">


<span class="answer-tag">
<span class="text">收录� </span>


<a class="text" data-tip="s$t$新消费时�" href="/roundtable/consumption">知乎圆�</a>


<span class="text">�</span>



<span class="text">编辑推荐</span>



</span>


<span class="zg-bull text">�</span><span class="voters text"><span class="user-block"><a data-tip="p$t$zhouyuan" href="https://www.zhihu.com/people/zhouyuan" target="_blank" class="zg-link" title="周源"
>周源</a></span><a href="#" class="more text">&nbsp;�&nbsp;<span class="js-voteCount">161</span>&nbsp;人赞�</a></span>


</div>
<div class="zm-item-rich-text expandable js-collapse-body" data-resourceid="11404305" data-action="/answer/content" data-author-name="陈茁" data-entry-url="/question/47972819/answer/109321088">

<textarea hidden class="content">来，我再交个��，哦不，作业�&lt;br&gt;&lt;br&gt;互联网时代，消费者的品牌忠诚度会下降吗？&lt;br&gt;&lt;br&gt;答：不一定�&lt;br&gt;&lt;br&gt;关于这个�题的��基本事实�，在原有的线下品牌中，按照每�品牌原有market share的大小，能�画出一条红线��这条红线以上的品牌，消费�的消费粘�是上升的，对这条红线以下的品牌，消费�的消费粘�是下降的�换�之，互联网时代中，粘�偏好导致的富者更富�强者更强现象更加严重了，消费�所忠诚的品牌数量大幅缩水了，但�留下来的，更忠诚� (例�，Danaher, Wilson, &amp;amp; Davis, 2003, Marketing Science)�&lt;br&gt;&lt;img src=&quot;https://pic1.zhimg.com/af23ca6ee9ac2833e72f8fd44d7a4608_b.png&quot; data-rawwidth=&quot;949&quot; data-rawheight=&quot;403&quot; class=&quot;origin_image zh-lightbox-thumb&quot; width=&quot;949&quot; data-original=&quot;https://pic1.zhimg.com/af23ca6ee9ac2833e72f8fd44d7a4608_r.png&quot;&gt;如何理解这个事实�？我�要从品牌这个东西存在的意义来说：&lt;br&gt;&lt;br&gt;首先，品牌是�种声誉保障机制�我�都知道，因为市场分工带来的头脑分工必然�致信息不�称，在交易�，购买方永远不�售卖方了解产品的质量，正所谓�从南京到北�买的不�卖的精”�这种信�不�称的情况，根据 Akerlof �1970年那篇�他拿了诺�的论文，会导致逆向选择�题并在一定前提下终将使得市场崩溃。这里面的机理很�单，因为生产低质量商品的卖�，比�莆田系医院，在�然状态下没有动机主动�露关于自己产品的信息，用行话说就�“激励相容�条件不成立�&lt;br&gt;&lt;br&gt;在经典的信息经济学�架�，消除这种信�不�称的最重�手段即�声誉机制，消费���过卖方在过去的�作所为，推断�己在这个店里买的东西质量�不是�靠��虑到自己的声誉带来的长期损益，�光足够长远的卖�就不再有动机靠�弄虚作假。出于这�动机，企业有�励放弃掉弄虚作假的机会，方式就是建立品牌。当我�买�双跑鞋的时�，跑鞋的质量作为我这样��非专业跑步�来说是不知道的，但�我愿意相信品牌货甚于地摊儿货，是因为这个品牌背后的厂商愿意以该品牌旗下其他商品的�量作为担保来为这双跑鞋的质量背书。�一�地摊儿货，就算假冒伪劣了，我想报复，都不知道找谁报�去�&lt;br&gt;&lt;br&gt;但这不是品牌的全部价值，品牌的另�方面价�是，它��种高超的“�优��”�现实生活中，人�的消费完全不�像传统经济�理论当�，找出所有可选的商品，画出商品的无差异曲线，然后找无�异曲线与预算约束线的切点。事实是，当我决定买�双跑鞋的时�，我根�就不知道这个世界上有�些跑鞋我�以买，也不知道每�双跑鞋的质量如何。所以，从有了购买的计划�始，到实际上决定买哪�件商品为�，消费�一直都在search，搜寻关于�有�么可买�和“质量�何”的信息，这���经典的explore or exploit�题�&lt;br&gt;&lt;br&gt;Herbert Simon 1955年的文章“A Behavioral Model of Rational Choice”提出了大�可能都�说过的�满意化”模型�他argue道：因为我们没有对�什么是�以�择的�这��题的先验知识，所以我�没有办法去进行�最大化”�在他提出的有限理��择模型当中，决策�&lt;b&gt;按照�定顺�&lt;/b&gt;找到�有潜在的offer，每�个offer提供了关于整�选择�题的新的知识，决策�最终将在发现某��选择达到��“满意水平� (aspiration level) 之后停�信息搜�，并且做出决定。这�理�本�并没有问题，��在后世看来，这不����以操� (tractable) 的模型，因为Simon没有给出具体的�何�定满意水平的配�的理��但�这个理�刺�了包�人工智能、�知心理学和管理学的发展，Simon�人也将这�人�假设，区别于�经济人� (Homo Economicus)，命名为“�理人��&lt;br&gt;&lt;br&gt;如果我们的消费决策近似可以�这个模型刻画，那么，这里有一点非常�得关注�&lt;b&gt;信息呈现的顺序其实是非常重�的&lt;/b&gt;。假如我�来到��卖鞋的市场，按照某个顺序找一双特�好的鞋，但是恰巧市场�越往后走质量越好，我�近似就��完整个市场才能找到那双鞋�&lt;br&gt;&lt;br&gt;那么，你能想象，如果没有品牌，面对浩若烟海的商品，我�的搜寻从�里开始吗？事实上，�名牌�提供给我们了一�搜�过程自然的出发点，来到商场买运动鞋，我的习�就是先��克和阿�达斯，�果没有合�的再�其他的，就�这个道理。有了品牌，以及我们对某些品牌商品的整体认知，可以大大缩减我�寻找合�商品的时间，毕竟，如果我兜里只揣着三百块钱，买包是不会进LV的店的��这样一来，品牌成为了我��有人判断某个搜�方向能否成功的全部经验凝结成的总和，这�以大大降低�找到合适的商品的时间和精力�&lt;br&gt;&lt;br&gt;当然，品牌有时�也���人身份地位的象征，但这不�品牌的意义，而是“名牌�，午饭吃麦当劳，能凸显�么身份地位呢？所以这里就不展�说了�&lt;br&gt;&lt;br&gt;因为有了对品牌的这两方面的需求，�以企业愿意以品牌的形式进行商品贩�，这么做的直接好处是在垄�竞争市场�扩大�己的market share，与之相伴的�价能力和定价权（品牌将商品区分开的能力有时�是区分完全竞争市场和垄�竞争市场的标志）�以�企业获得非零利润，原因�企业�临的�求曲线从水平的变成了向右下方倾斜的�&lt;br&gt;&lt;br&gt;有了这个基本框架，我�来看互联网时代，特别�基于社交网络的WEB 2.0时代，线上消费�何改变了我�对于品牌的忠诚度，�何造成了强者愈强的现象。这里的解释都是基于我们上面提到的关于品牌价值的基本框架的�&lt;br&gt;&lt;br&gt;��基本的事实是，线上消费不�避免地�加了消费品质量的不�定��我�来生��套一下金融经济�当�对�系统��险� (systematic risk) 与�个�风险� (idiosyncratic risk) 之间的区�，可以将消费者�于产品质量的不�定�分成来�市场的和来自��消费品的两部分�险。来���消费品的风险�非常容易理解的，它来源于�买的“那�件�商品自己质量的不确定��比如，当我�要买�筒奶粉，有可能这桶奶粉刚刚好就是添加了三聚氰胺的，即使在同一�货柜的其他奶粉都没有，我�也不�能百分百地相信自己�买的这筒奶粉是无�的。因为我�没有充分的知识去分辨�桶奶粉是不是有这种可怕的添加物，我们能�择的无非是�不是信任卖奶粉的人，套用上面的�辑，�果这个奶粉贴上了某�不是“三鹿�的知名品牌的商标，那么它的�信�就得到了生产商的保证�&lt;br&gt;&lt;br&gt;虽然三鹿事件就是名牌也不�信的��例子，但�事件曝出之后三鹿集团�间土崩瓦解，股东承受了巨大的损失。试想那些没有品牌的商品，可能连这一点都做不到�&lt;br&gt;&lt;br&gt;�以，品牌能�消除的不确定�，��来�是来自��消费品的风险。�什么是来自市场的�险�？简单�，就是同一件商品在不同的市场上卖时带来的不�定���果�件LV的包，在LV�己�修得富丽堂皇的门店里面卖，我们几乎不用�疑那�假货，没人会花动辄上亿的钱搞装修来卖假货的�但�，同样一�做工精良的LV包，如果在大学门口的夜市卖，我想没有人会相信那是真的。地摊儿上的耐克产品，买之前我们至少都��查一下�号的方向是不是勾反了��&lt;br&gt;&lt;br&gt;而在线消费主要的�题就�带来了特�严重的来�市场的�险。比如买衣服，�果线下�买，我们至少�以试穿，�以自拍发给朋友问好不好看，�线上购买就必须靠各种手段，比�查看评价�比如和店主进�繁琐的沟�，来达到这��标�衣服还�小事，�果要购买电�，一旦买到假货就更麻烦了。这时�，从�险控制的�度来�，如果��消费行为�承担的来�市场的�险不可避免地加大了，那么我�就必须想办法把来���消费品的风险降得更低。品牌忠诚从某�意义上与知乎上的关注是�样的，表现为“黏�偏好”，我们初来乍到的时候，总是要先关注那些已经有了相当大关注量的人，因为这些人回答的�点赞的�题质量更�靠�但�，试想�果知乎上所有的答�质量都非常高，这��为的意义就不这么明显了，我�随便关注些什么人，时间线上都�高质量的回答，那么也就没有必要追这个时�了。�是因为互联网消费带来的不确定�的增加，使得我�必须要提高我��消费的那��子里面每�件商品背后的品牌的可信程度，而越�大品牌就越可信，这几乎是�项不争的事实�&lt;br&gt;&lt;br&gt;而从搜�的角度来�，�能�辑关系就不�那么明显了，毕竟，互联网消费实际上一�非常大的好�就�大大节约了搜寻所必须付出的成�—�我�没有大热天去摩肩接踵的商业�一家一家店逛的必�了，只�要在家吹�空调点鼠标就好了。按理�，这是小品牌的福音，但事实上并不是这样。这里面的一�重大的区�在于：虽然上面我提到过，从大品牌�始搜索是��非常明智的搜索�序，但�在线下消费的过程�，有��更自然的顺序使得我们很难真的按照从大品牌�始依次到小品牌的顺序来搜�，那就是地理位置。我�都希望减少��的时间，都希望能一击命�，所以，当难以信任的地摊儿货就在我�楼下卖，�大品牌�要我堵车��小时再找停车位一�小时才能够得到，我很难不从地摊儿货开始��&lt;br&gt;&lt;br&gt;而在互联网上�，这��题就不�存在了，我�很难说大品牌和小品牌谁�消费�更“近”，消费者�到达�每��品牌��要花费的代价几乎��样的。从这个角度来�，恰恰�线上消费让我�能�从大品牌到小品牌依次搜�，�线下消费受限于地理距�，其实给小品牌造成了生存的机会�&lt;br&gt;&lt;br&gt;就酱�</textarea>


<div class="zh-summary summary clearfix">
<img src="https://pic1.zhimg.com/af23ca6ee9ac2833e72f8fd44d7a4608_200x112.png" data-rawwidth="949" data-rawheight="403" class="origin_image inline-img zh-lightbox-thumb" data-original="https://pic1.zhimg.com/af23ca6ee9ac2833e72f8fd44d7a4608_r.png">
来，我再交个��，哦不，作业。互联网时代，消费�的品牌忠诚度会下降吗？答：不一定�关于这��题的��基本事实�，在原有的线下品牌中，按照每�品牌原有market share的大小，能�画出一条红线��这条红线以上的品牌，消费�的消费粘�是上升的，对这�

<a href="/question/47972819/answer/109321088" class="toggle-expand">显示全部</a>

</div>



<p class="visible-expanded"><a itemprop="url" class="answer-date-link meta-item" target="_blank" href="/question/47972819/answer/109321088">发布� 2016-07-04</a></p>

</div>
</div>
<div class="feed-meta">
<div class="zm-item-meta answer-actions clearfix js-contentActions">
<div class="zm-meta-panel">

<a data-follow="q:link" class="follow-link zg-follow meta-item" href="javascript:;" id="sfb-11404305"><i class="z-icon-follow"></i>关注��</a>

<a href="#" name="addcomment" class="meta-item toggle-comment js-toggleCommentBox">
<i class="z-icon-comment"></i>25 条评�</a>


<a href="#" class="meta-item zu-autohide js-thank" data-thanked="false"><i class="z-icon-thank"></i>感谢</a>



<a href="#" class="meta-item zu-autohide js-share"><i class="z-icon-share"></i>分享</a>

<a href="#" class="meta-item zu-autohide js-collect"><i class="z-icon-collect"></i>收藏</a>





<span class="zg-bull zu-autohide">&bull;</span>

<a href="#" class="meta-item zu-autohide js-noHelp">没有��</a>

<span class="zg-bull zu-autohide">&bull;</span>
<a href="#" class="meta-item zu-autohide js-report">举报</a>




<span class="zg-bull">&bull;</span>

<a href="/terms#sec-licence-1" target="_blank" class="meta-item copyright">作�保留权�</a>


<button class="meta-item item-collapse js-collapse">
<i class="z-icon-fold"></i>收起
</button>
</div>
</div>

<a style="cursor: pointer" class="ignore zu-autohide js-ignoreContentItem" data-tip="s$b$不再显示"></a>

</div>
</div>
</div>
<div class="feed-hide-options hidden">
<a href="javascript:;" class="close-button js-close" data-tip="s$b$关闭">
<i class="icon icon-close-16x16"></i><span class="hide-text">关闭</span>
</a>

</div>
</div>

<div class="feed-item folding feed-item-hook feed-item-p

"
id="feed-p817245_10214_0"
data-type="p"
data-feedtype="ARTICLE_VOTE_UP">
<meta itemprop="ZReactor" data-id="817245" data-meta="{&quot;source_type&quot;: &quot;member_voteup_article&quot;, &quot;voteups&quot;: 4881, &quot;comments&quot;: 315, &quot;source&quot;: [[&quot;member&quot;, &quot;61ba7d0d87c9185bcb542adeee9393a7&quot;], [&quot;column&quot;, 154]]}" >
<div class="avatar">
<a title="王维"
data-tip="p$t$wang-wei-63"
class="zm-item-link-avatar"
target="_blank"
href="/people/wang-wei-63">
<img src="https://pic2.zhimg.com/ee3ce0499_m.jpg" class="zm-item-img-avatar">
</a>
</div>
<div class="feed-main">
<div class="feed-source" data-za-module="FeedSource">

<a data-tip="p$t$wang-wei-63" href="https://www.zhihu.com/people/wang-wei-63" target="_blank" class="zg-link" title="王维"
>王维</a> 
 赞了 <a class="question_link" target="_blank" href="http://zhuanlan.zhihu.com/zhangjiawei" data-tip="c$t$zhangjiawei">张佳�写字的地�</a> �的文�


<span class="time" data-timestamp="1468402324000">5 小时�</span>
</div>
<div class="feed-content">

<link itemprop="url" href="http://zhuanlan.zhihu.com/p/21582574">
<meta itemprop="post-id" content="817245">
<meta itemprop="post-url-token" content="21582574">




<h2><a class="post-link" target="_blank" href="http://zhuanlan.zhihu.com/p/21582574">�急着对南海喊打喊�，大国不�</a></h2>
<div class="entry-body post-body js-collapse-body">


<div class="zm-item-vote">
<a class="zm-item-vote-count js-expand js-vote-count" href="#" data-bind-votecount>4881</a>
</div>
<div class="zm-votebar">
<button class="up ">
<i class="icon vote-arrow"></i>
<span class="count">4881</span>
<span class="label sr-only">�</span>
</button>
</div>


<div class="author-info">
<a href="/people/zhang-jia-wei" data-tip="p$t$zhang-jia-wei" class="name"
>张佳�</a>，公众号：张佳玮写字的地�
</div>

<div class="zm-item-vote-info" data-votecount="4881">



<span class="voters text"><span class="user-block"><a data-tip="p$t$wang-wei-63" href="https://www.zhihu.com/people/wang-wei-63" target="_blank" class="zg-link" title="王维"
>王维</a></span><a href="#" class="more text">&nbsp;�&nbsp;<span class="js-voteCount">4881</span>&nbsp;人赞</a></span>


</div>
<div class="post-content" data-author-name="张佳�" data-entry-url="http://zhuanlan.zhihu.com/p/21582574">
<textarea hidden class="content">&lt;img src=&quot;https://pic2.zhimg.com/cc1ecf06a0b61455ecf918b1230dbde9_b.jpg&quot; data-rawwidth=&quot;660&quot; data-rawheight=&quot;371&quot; class=&quot;origin_image zh-lightbox-thumb&quot; width=&quot;660&quot; data-original=&quot;https://pic2.zhimg.com/cc1ecf06a0b61455ecf918b1230dbde9_r.jpg&quot;&gt;&lt;p&gt;南海之事，�位已知道了�&lt;/p&gt;&lt;p&gt;此事始末，非��日，��昨日出来�结尾�&lt;/p&gt;&lt;p&gt;于是互联网上，或慷慨陈词，或喊打喊杀，或嬉笑怒骂，各�文章春��&lt;/p&gt;&lt;br&gt;&lt;p&gt;地不能割。海不能让�一寸不�。这�当然的，必须的�&lt;/p&gt;&lt;p&gt;但就此喊打喊�、仇视全球，甚至大嚷“看见�国这么流氓我就放心了�，恨不得看谁都�敌人，也不太对�&lt;/p&gt;&lt;p&gt;说实话，这�仲裁，不至于�中国失地；倒是有些地方有些势力，巴不得�国在世界眼里��耍流氓呢�&lt;/p&gt;&lt;br&gt;&lt;p&gt;大国不��尤其是这�时候，对个小国急什么呢？吐�烟圈就能解决的事，还有必要巨人调动全�肌肉，去踩蚂蚁么�&lt;/p&gt;&lt;p&gt;况，理又不亏，是�菲律宾人钻了空子，何必�流氓呢�&lt;/p&gt;&lt;p&gt;我们该提倡的�：别��，合理合法地耍�策，平事儿�&lt;/p&gt;&lt;p&gt;实际上，国朝在这件事上，�直在这么做：合理合法地，说不�&lt;/p&gt;&lt;br&gt;&lt;br&gt;&lt;p&gt;具体的事儿，许�位都�传过了�&lt;/p&gt;&lt;p&gt;《联合国海洋法公约�，国朝�同意了，签署了的�&lt;/p&gt;&lt;p&gt;但�公�298条，�规定了一些例外的&lt;/p&gt;&lt;p&gt;2006年，国朝按照�约例外，提出过：&lt;/p&gt;&lt;p&gt;对于《公约��298条�1款（a）�（b）和（c）项�述的任何争�（即涉及海洋划界、�土争�、军事活动等争�），�国政府不接受《公约��15部分�2节�定的任何国际司法或仲��辖�&lt;/p&gt;&lt;p&gt;即：涉及领土，我��不谈的�&lt;/p&gt;&lt;br&gt;&lt;p&gt;菲律宾��，�打了擦边球�他�2013年提出的十五项仲裁�求里，不谈岛，不谈海域，只谈海洋地形的法律地位和岛礁区分�假装不谈�土—�因为我朝十年前说了，涉及�土，那�不谈的��但其意还是在谈领土�&lt;/p&gt;&lt;p&gt;很狡猾，但合法�菲律�人就是钻了空子，绕��玩�&lt;/p&gt;&lt;br&gt;&lt;br&gt;&lt;p&gt;按照�约附件七，凡有仲裁，�组成法庭、�决�&lt;/p&gt;&lt;p&gt;但法�也有义务：他��查明对�争��有�辖权�&lt;/p&gt;&lt;p&gt;国朝2014�12月就发布了�立场文件�，表示我国不承认这�仲�有管辖权，也不出席—�这其实就很�明，文件也写得很好�什么话都不说，或�出�应诉，都不�；还是直接不承认，�好�所以，我国不承认任何仲裁结果，从头到尾地，不承认�&lt;/p&gt;&lt;br&gt;&lt;br&gt;&lt;p&gt;不恰当的比喻���&lt;/p&gt;&lt;p&gt;居�会成立了�张佳玮家作为居民，也加入了。但补了�条：�的都好�，凡是涉及张佳�家户型面�的，就不�居�会裁决�&lt;/p&gt;&lt;p&gt;张佳�隔�芒果�，去告说，张佳�家门口放的那些擦鞋垫，算不算他�的；擦鞋垫这地方按历史来��么定义—�假装没在谈张佳�家的面积，其实就�想盘张佳�家的地方�&lt;/p&gt;&lt;p&gt;张佳�觉得，这�在谈�己�的面积了，于是表示：无视居委会�&lt;/p&gt;&lt;p&gt;居�会在张佳玮缺席之下，自己判了：这事张佳�理亏�&lt;/p&gt;&lt;br&gt;&lt;p&gt;但是，别急��仲裁，理�上，没有强制执行权。菲律�告到联合国去，也是�票否决的事�&lt;/p&gt;&lt;p&gt;菲律宾意图海洋地形的法律地位，躲�了�土�题（我们声明过的例�），其实还�在念叨�土领海�&lt;/p&gt;&lt;p&gt;�以，国朝�直在做，以后也�做的，还是继续�2014年似的，否�仲裁的管辖权，强调其�求已经触及此前声明不谈的�土�题，�以，不接受仲裁�&lt;/p&gt;&lt;br&gt;&lt;p&gt;就像，居委会也没法�着张佳�让位。最多以后邻居们交头接�，把张佳玮名声再弄��点�张佳玮该做的，也不�拿起杆�，去把隔�芒果�砸了，或�去把居委会打了，�是��力争：你�就是在谈我�的面积啊，我早说了这个我不�理的！��顺便捏�拳头，把试图趁乱进门偷东西的给吓出去�&lt;/p&gt;&lt;br&gt;&lt;br&gt;&lt;br&gt;&lt;p&gt;昨天，不�官方口径都出来了么？&lt;/p&gt;&lt;p&gt;“中国不接受任何基于该仲裁�决的主张和行动…�根�国际法，通过谈判协商和平解决有关争�。�&lt;/p&gt;&lt;br&gt;&lt;p&gt;即，我国在�事上，不承认不应答根本不看；但，国朝也得根�法律，有条有理，有礼有节地不承��&lt;/p&gt;&lt;p&gt;而不�喊打喊杀，表示�我�就是耍流氓�，去与天下为敌�&lt;/p&gt;&lt;p&gt;许�地方和势力要的，就�这个“中国在耍流氓�的姿��&lt;/p&gt;&lt;br&gt;&lt;br&gt;&lt;p&gt;当然也难�大�会这么想�中国人民接受的，大多是爱憎分明的教育���人都�得，�交仿佛该是晏子出使调侃楚王，�葛�去舌战群儒；周�理“机智地反驳了�方记�赢得满堂喝彩��好像只要有张好嘴，会抖机灵，就能办外交似的。好像万邦来朝，能帮国�斥�敌国，就�好�交似的�&lt;br&gt;&lt;/p&gt;&lt;p&gt;然�不�的�&lt;/p&gt;&lt;br&gt;&lt;p&gt;国际外交，早已发展为�门高度发达�极其细致�法令琐碎的科��是双方戴着镣铐跳舞，�非各自举着拳头撒泼�&lt;/p&gt;&lt;p&gt;当年某些帝国主义厚�无耻，到底也得表面上�法而�，面子上得过得去�丘吉尔�谓�杀人也要��气气的嘛��以前德皇�山东时，�使臣�什么�中国�不�话，当以老拳捣之”，这事��欧洲人当笑话的：没文化�&lt;/p&gt;&lt;p&gt;外交无��么奸诈—�比如英国人那�大陆均势，�谓�大英帝国没有永恒之对手没有永恒之朋友，�有永恒之利益”，以至于法国强了就��鲁士（德国），德国（�鲁士）强了就�法国—�台�上，�要按照法规来的�就像美国某些坏蛋律师，再�么混蛋，程序�义�起码的�&lt;/p&gt;&lt;p&gt;对中国，程序正义，尤其重要�&lt;/p&gt;&lt;p&gt;�以我�要�当年英国�后来美国，按着国际法来耍�策，�不�提�撒泼浑赖�流氓，反�落人口实�&lt;/p&gt;&lt;br&gt;&lt;p&gt;唐德刚先生津津乐道的��案例�&lt;/p&gt;&lt;p&gt;�百�年前，�国联军在北京。当时列强已经在讨�，想瓜分中国了。就像当时的奥斯曼帝国似的�&lt;/p&gt;&lt;p&gt;谁力挽狂澜？李鸿章�&lt;/p&gt;&lt;p&gt;先是在慈禧发神经搞义和团向全世界宣战时，李鸿章已经东南互保，免得给列强�口�&lt;/p&gt;&lt;p&gt;然后，李鸿章私下里，跟各国搞小动作：&lt;/p&gt;&lt;p&gt;对俄秘密交涉；�美法�求调解；�德国道歉；对日�动以种族情感相召；�英以长江商业利益之保护为词�&lt;/p&gt;&lt;p&gt;当时，�洲列强�想瓜分，而美国是不想让远东利益受损，于是大呼门户�放�李鸿章借着美国这一点，要求保证�国�土完整、主权独立�用��照会（circular note）方式�知各国。按国际法�，这个有临时协定的效果，�不适时提出异�，则�视为默��&lt;/p&gt;&lt;p&gt;然后，李鸿章在国际公法里，�中国是受�国：强调义和团�叛�，慈禧���挟持的，宣战诏书��诏���免去中国政府的责任，不用割地，�用赔款�&lt;/p&gt;&lt;p&gt;谋略、手段�利用法规与矛盾、榨取利益��不�去大义凛然跟人�骂�&lt;/p&gt;&lt;p&gt;结果就是：辛丑条约虽然北�人民吃了大亏，也赔了许�白银，但中国没有割地，连�慈禧归政都没有�&lt;/p&gt;&lt;p&gt;这才�外交�&lt;/p&gt;&lt;br&gt;&lt;p&gt;许�人津津乐道于周总理“机智地回答了�国记�，�片掌声�，然�他老人家做的，�不只�几句妙�，几块补丁�建国初期，与苏联建交，背靠大树，引来援助；朝鲜停战谈判；帮越�柬三国�立，推动万隆会�（那次会�前后殖民主义吃了大亏），换回钱�森；在与苏联失和后，与美国关系正常化�&lt;/p&gt;&lt;p&gt;�直是，先联吴抗魏，再联魏抗吴，度过了两边磨刀霍霍�危险的阶段，�间还顺手扶�了�堆手下�&lt;/p&gt;&lt;p&gt;而且从头到尾，都合理合法�&lt;/p&gt;&lt;p&gt;这才�外交�&lt;/p&gt;&lt;br&gt;&lt;p&gt;我一直�，�国当下�交，绵里藏针，��兼施。最妙的�，中国�交现在很懂国际规矩，但并不完全按�美的方式来出牌—����矩时�，�以不按常理出牌就不按常理出牌。重私交人情、�政治格�，前�招绵韧，后一招灵活�&lt;/p&gt;&lt;br&gt;&lt;p&gt;这�时候，不�喊打喊�，也不��着仇�世界，更不要随意言战���实话，�看南海这么热闹，朋友圈大家都想参军，其实真不�打得起来�&lt;/p&gt;&lt;p&gt;武侠小�里，小�三才会菜鸡互啄�高手都�虚比几下，平淡无奇，然后�招�决�&lt;/p&gt;&lt;p&gt;同样，这�时代，叙利亚那些土鳖武�才菜鸡互啄，旷日持久，赤地千里，流离失�。美、中、俄这�大高手，互相把兵力调动几下，隔空喊几句话，那就�比划招式。谁都不想真打，�打就�地球抖三抖�比划招式给对面看，抖擞�下肌肉，�以了�&lt;/p&gt;&lt;p&gt;菲律宾也不会蠢到，真以为靠个仲�就能从�国搞到海域，�多就�恶心�下中国�&lt;/p&gt;&lt;p&gt;外交谋战，一步�一步，这只�许��中的一步�&lt;/p&gt;&lt;br&gt;&lt;br&gt;&lt;p&gt;大国不��&lt;/p&gt;&lt;p&gt;尤其�这�时候，对小国�吐�烟圈就能解决的事，还有必要巨人去踩蚂蚁么�&lt;/p&gt;&lt;p&gt;作为�民，这�时候，好好学习，好好工作，��情绪沾染得情�亢��跟人噼里啪啦吵架�了自己的正事，就算是爱国了�&lt;/p&gt;&lt;p&gt;毕竟，我国历朝�煽动起来群情�愤的…�事后证明，很�易有坏家伙掺进去�大到辛丑年，小到砸汽车�&lt;/p&gt;&lt;p&gt;毕竟，中国但凡有1/10的人为了这事�动得刷一下午朋友圈，�的工时��可能就顶有些小国一年的生产总�呢�&lt;/p&gt;&lt;p&gt;毕竟，��地区��势力，巴不得�世界�得“中国在耍流氓��&lt;/p&gt;&lt;p&gt;千万��学伊拉克那�，耍起流氓来爽归爽，可�满地掉把柄�&lt;/p&gt;&lt;br&gt;&lt;br&gt;&lt;p&gt;至于海和岛的事，有�了我们纳的税�专门��这事的诸位��&lt;/p&gt;&lt;p&gt;“中国不接受任何基于该仲裁�决的主张和行动”，这是基�态度：海，不让�&lt;/p&gt;&lt;p&gt;“根�国际法，通过谈判协商和平解决有关争�”，这是手�，或�用丘吉尔那句话，�杀人也要��气气��真大国，不跟小邦着急�&lt;/p&gt;&lt;br&gt;&lt;p&gt;重申�遍：不必没事就号�我国耍流氓，这不�流氓斗��我��要�根�国际法�来“和平解决�的。韦小宝都明白，对付人，要一会儿红脸，一会儿白脸，�能如愿。至于最后�方�否真心乐意呢？嘿嘿�&lt;/p&gt;&lt;br&gt;&lt;p&gt;对我�纳了税的那些位有点信心吧。无论是不是喜�我朝，每个人都必须承�的��&lt;/p&gt;&lt;p&gt;在这类事情上，我朝一向�狡猾�&lt;/p&gt;</textarea>
<div class="zh-summary summary clearfix">
<img src="https://pic2.zhimg.com/cc1ecf06a0b61455ecf918b1230dbde9_200x112.jpg" data-rawwidth="660" data-rawheight="371" class="origin_image inline-img zh-lightbox-thumb" data-original="https://pic2.zhimg.com/cc1ecf06a0b61455ecf918b1230dbde9_r.jpg">南海之事，�位已知道了。�事始末，非��日，��昨日出来�结尾。于�互联网上，或慷慨陈词，或喊打喊杀，或嬉笑怒骂，各�文章春��地不能割�海不能让�一寸不�。这�当然的，必须的�但就�喊打喊�、仇视全球，甚至大嚷“看见�国这么流氓我就放心�

<a href="http://zhuanlan.zhihu.com/p/21582574" class="toggle-expand">显示全部</a>

</div>
<div class="Tipjar-entry hidden">
<div class="Tipjar-tagLine">「别�利用，别煽情发狠，别急�</div>
<a href="http://zhuanlan.zhihu.com/p/21582574#tipjar" target="_blank" class="Tipjar-entryButton">赞赏</a>
</div>
<p class="hidden-default"><a class="post-link entry-link" target="_blank" href="http://zhuanlan.zhihu.com/p/21582574">17:07</a></p>
</div>
</div>
<div class="feed-meta">
<div class="zm-item-meta meta clearfix js-contentActions">
<div class="zm-meta-panel">


<a data-follow="c:link" class="zg-follow meta-item" href="#" id="cl-154"><i class="z-icon-follow"></i>关注专栏</a>

<a href="#" name="toggle-comment" class="meta-item toggle-comment js-toggleCommentBox">
<i class="z-icon-comment"></i>315 条评�</a>
<a href="#" class="meta-item zu-autohide js-share"><i class="z-icon-share"></i>分享</a>
<span class="zg-bull zu-autohide">�</span>
<a href="#" class="meta-item zu-autohide js-report">举报</a>
<button class="meta-item item-collapse js-collapse">
<i class="z-icon-fold"></i>收起
</button>
</div>

</div>

<a style="cursor: pointer" class="ignore zu-autohide js-ignoreContentItem" data-tip="s$b$不再显示"></a>

</div>
</div>
</div>
<div class="feed-hide-options hidden">
<a href="javascript:;" class="close-button js-close" data-tip="s$b$关闭">
<i class="icon icon-close-16x16"></i><span class="hide-text">关闭</span>
</a>

<div class="line option-status">
<a href="http://zhuanlan.zhihu.com/p/21582574" target="_blank">�急着对南海喊打喊�，大国不�</a> 将不在你的动态中显示

</div>

<div class="line option-more">
<a href="javascript:;" class="js-ignoreRelatedContentItem" data-type="column" data-id="154" title="屏蔽专栏"><i class="icon icon-disabled"></i>屏蔽来自 张佳�写字的地� 的所有文�</a>
</div>


</div>
</div>

<div class="feed-item folding feed-item-hook feed-item-a

"
id="feed-a39836550_104_0"
data-type="a"
data-feedtype="ANSWER_VOTE_UP">
<meta itemprop="ZReactor" data-id="39836550" data-meta="{&quot;source_type&quot;: &quot;member_voteup_answer&quot;, &quot;voteups&quot;: 2880, &quot;comments&quot;: 457, &quot;source&quot;: [[&quot;member&quot;, &quot;61ba7d0d87c9185bcb542adeee9393a7&quot;]]}" >
<div class="avatar">
<a title="王维"
data-tip="p$t$wang-wei-63"
class="zm-item-link-avatar"
target="_blank"
href="/people/wang-wei-63">
<img src="https://pic2.zhimg.com/ee3ce0499_m.jpg" class="zm-item-img-avatar">
</a>
</div>
<div class="feed-main">
<div class="feed-source" data-za-module="FeedSource">

<a data-tip="p$t$wang-wei-63" href="https://www.zhihu.com/people/wang-wei-63" target="_blank" class="zg-link" title="王维"
>王维</a> 
赞同该回�


<span class="time" data-timestamp="1468401812000">5 小时�</span>
</div>
<div class="feed-content">




<meta itemprop="question-id" content="1423304">
<meta itemprop="question-url-token" content="23105578">


<link itemprop="url" href="/question/23105578/answer/110907780">
<meta itemprop="answer-id" content="39836550">
<meta itemprop="answer-url-token" content="110907780">

<h2><a class="question_link" target="_blank" href="/question/23105578">
�兵是如何看待死亡的？
</a></h2>
<div class="expandable entry-body">
<!-- <link itemprop="url" href="/question/23105578/answer/110907780">
<meta itemprop="answer-id" content="39836550">
<meta itemprop="answer-url-token" content="110907780"> -->

<div class="zm-item-vote">
<a class="zm-item-vote-count js-expand js-vote-count" href="javascript:;" data-bind-votecount>2880</a>
</div>

<div class="zm-votebar">
<button class="up ">
<i class="icon vote-arrow"></i>
<span class="count">2880</span>
<span class="label sr-only">赞同</span>
</button>
<button class="down ">
<i class="icon vote-arrow"></i>
<span class="label sr-only">反�</span>
</button>
</div>



<div class="zm-item-answer-author-info">
<span class="name">匿名用户</span>
</div>

<div class="zm-item-vote-info" data-votecount="2880">



<span class="voters text"><span class="user-block"><a data-tip="p$t$wang-wei-63" href="https://www.zhihu.com/people/wang-wei-63" target="_blank" class="zg-link" title="王维"
>王维</a></span><a href="#" class="more text">&nbsp;�&nbsp;<span class="js-voteCount">2880</span>&nbsp;人赞�</a></span>


</div>
<div class="zm-item-rich-text expandable js-collapse-body" data-resourceid="1423304" data-action="/answer/content" data-author-name="匿名用户" data-entry-url="/question/23105578/answer/110907780">

<textarea hidden class="content">我是�名消防士兵的妻子。我说自己是他�子，但在法律意义上，其实不�。因为还没等到我�的�礼，他就救人牺牲了�&lt;br&gt;平常的他�讷�的，但和大多数消防员一样，�冲进�场他就会变成��威�十足的英雄。只偶尔�想到我和家人的未来，面�着熊熊大火时心底也会有慌张和���但��场环境紧张�杂，更多的时�，根本就来不及去��什么�&lt;br&gt;接受死亡，是军人的使命所在�他很明白�在消防队伍呆的这些年里，他出�看到过不�其数的惨剧和意外，他从�始喜欢抹�眼泪的新兵蛋子到后来变成平淡冷静的�班长，面�险境，不变的信念是用自己的命去换别人的�&lt;br&gt;就�同，他�后所做的那样</textarea>


<div class="zh-summary summary clearfix">

我是�名消防士兵的妻子。我说自己是他�子，但在法律意义上，其实不�。因为还没等到我�的�礼，他就救人牺牲了。平常的他是讷�的，但和大多数消防员一样，�冲进�场他就会变成��威�十足的英雄。只偶尔�想到我和家人的未来，面�着熊熊大火时心底也�

<a href="/question/23105578/answer/110907780" class="toggle-expand">显示全部</a>

</div>



<p class="visible-expanded"><a itemprop="url" class="answer-date-link meta-item" target="_blank" href="/question/23105578/answer/110907780">发布� 15:18</a></p>

</div>
</div>
<div class="feed-meta">
<div class="zm-item-meta answer-actions clearfix js-contentActions">
<div class="zm-meta-panel">

<a data-follow="q:link" class="follow-link zg-follow meta-item" href="javascript:;" id="sfb-1423304"><i class="z-icon-follow"></i>关注��</a>

<a href="#" name="addcomment" class="meta-item toggle-comment js-toggleCommentBox">
<i class="z-icon-comment"></i>457 条评�</a>


<a href="#" class="meta-item zu-autohide js-thank" data-thanked="false"><i class="z-icon-thank"></i>感谢</a>



<a href="#" class="meta-item zu-autohide js-share"><i class="z-icon-share"></i>分享</a>

<a href="#" class="meta-item zu-autohide js-collect"><i class="z-icon-collect"></i>收藏</a>





<span class="zg-bull zu-autohide">&bull;</span>

<a href="#" class="meta-item zu-autohide js-noHelp">没有��</a>

<span class="zg-bull zu-autohide">&bull;</span>
<a href="#" class="meta-item zu-autohide js-report">举报</a>




<span class="zg-bull">&bull;</span>

<a href="/terms#sec-licence-1" target="_blank" class="meta-item copyright">作�保留权�</a>


<button class="meta-item item-collapse js-collapse">
<i class="z-icon-fold"></i>收起
</button>
</div>
</div>

<a style="cursor: pointer" class="ignore zu-autohide js-ignoreContentItem" data-tip="s$b$不再显示"></a>

</div>
</div>
</div>
<div class="feed-hide-options hidden">
<a href="javascript:;" class="close-button js-close" data-tip="s$b$关闭">
<i class="icon icon-close-16x16"></i><span class="hide-text">关闭</span>
</a>

</div>
</div>

<div class="feed-item folding feed-item-hook feed-item-p

"
id="feed-p815879_10214_0"
data-type="p"
data-feedtype="ARTICLE_VOTE_UP">
<meta itemprop="ZReactor" data-id="815879" data-meta="{&quot;source_type&quot;: &quot;member_voteup_article&quot;, &quot;voteups&quot;: 1136, &quot;comments&quot;: 39, &quot;source&quot;: [[&quot;member&quot;, &quot;6733f12c60e7e98ea7491f20de46f79e&quot;], [&quot;column&quot;, 8719]]}" >
<div class="avatar">
<a title="周源"
data-tip="p$t$zhouyuan"
class="zm-item-link-avatar"
target="_blank"
href="/people/zhouyuan">
<img src="https://pic2.zhimg.com/eb64aa88daef788fe6cc080bd771482d_m.jpg" class="zm-item-img-avatar">
</a>
</div>
<div class="feed-main">
<div class="feed-source" data-za-module="FeedSource">

<a data-tip="p$t$zhouyuan" href="https://www.zhihu.com/people/zhouyuan" target="_blank" class="zg-link" title="周源"
>周源</a> 
 赞了 <a class="question_link" target="_blank" href="http://zhuanlan.zhihu.com/duku66" data-tip="c$t$duku66">读库</a> �的文�


<span class="time" data-timestamp="1468393745000">7 小时�</span>
</div>
<div class="feed-content">

<link itemprop="url" href="http://zhuanlan.zhihu.com/p/21579146">
<meta itemprop="post-id" content="815879">
<meta itemprop="post-url-token" content="21579146">




<h2><a class="post-link" target="_blank" href="http://zhuanlan.zhihu.com/p/21579146">“葛优躺”到底是怎么来的�</a></h2>
<div class="entry-body post-body js-collapse-body">


<div class="zm-item-vote">
<a class="zm-item-vote-count js-expand js-vote-count" href="#" data-bind-votecount>1136</a>
</div>
<div class="zm-votebar">
<button class="up ">
<i class="icon vote-arrow"></i>
<span class="count">1136</span>
<span class="label sr-only">�</span>
</button>
</div>


<div class="author-info">
<a href="/people/dk66" data-tip="p$t$dk66" class="name"
>读库老六</a>，�库的各种书，微信号：dukubook
</div>

<div class="zm-item-vote-info" data-votecount="1136">



<span class="voters text"><span class="user-block"><a data-tip="p$t$zhouyuan" href="https://www.zhihu.com/people/zhouyuan" target="_blank" class="zg-link" title="周源"
>周源</a></span><a href="#" class="more text">&nbsp;�&nbsp;<span class="js-voteCount">1136</span>&nbsp;人赞</a></span>


</div>
<div class="post-content" data-author-name="读库老六" data-entry-url="http://zhuanlan.zhihu.com/p/21579146">
<textarea hidden class="content">&lt;img src=&quot;https://pic3.zhimg.com/c10eaafbbd6fa8b7697592817c5cd6ea_b.jpg&quot; data-rawwidth=&quot;640&quot; data-rawheight=&quot;427&quot; class=&quot;origin_image zh-lightbox-thumb&quot; width=&quot;640&quot; data-original=&quot;https://pic3.zhimg.com/c10eaafbbd6fa8b7697592817c5cd6ea_r.jpg&quot;&gt;&lt;h2&gt;�&lt;/h2&gt;&lt;p&gt;2016年的夏天，一组�葛优躺”的照片在网上意外走�。葛优半躺在沙发上的照片�网友PS成各种形象，让常常在夏日里慵懒过活的人们会心�笑�由于�好事者挖掘出这居然是很�北�人坐沙发的常态，因�这组照片也�称作“北��”�&lt;/p&gt;&lt;p&gt;&lt;img src=&quot;https://pic3.zhimg.com/c10eaafbbd6fa8b7697592817c5cd6ea_b.jpg&quot; data-rawwidth=&quot;640&quot; data-rawheight=&quot;427&quot; class=&quot;origin_image zh-lightbox-thumb&quot; width=&quot;640&quot; data-original=&quot;https://pic3.zhimg.com/c10eaafbbd6fa8b7697592817c5cd6ea_r.jpg&quot;&gt;这些照片实际的拍摄时间，�在整�23年前�&lt;/p&gt;&lt;p&gt;而且�切地说，这组风�的照片并不�“葛优躺”，而是“二混子躺�，或�叫“纪春生躺��纪春生外号二混子，�葛优1993年�天在中国��部情�喜剧《我爱我家�中塑�的角色�&lt;img src=&quot;https://pic1.zhimg.com/a0c70e730f3e5bd1c4675528b0f4e838_b.jpg&quot; data-rawwidth=&quot;640&quot; data-rawheight=&quot;451&quot; class=&quot;origin_image zh-lightbox-thumb&quot; width=&quot;640&quot; data-original=&quot;https://pic1.zhimg.com/a0c70e730f3e5bd1c4675528b0f4e838_r.jpg&quot;&gt;&lt;/p&gt;&lt;h2&gt;�&lt;/h2&gt;&lt;p&gt;�春生��农村里一�好吃懒做、游手好闲的混子，跑进城里蒙吃蒙喝，�宋丹丹扮演的贾�儿媳��到领进家中�&lt;/p&gt;&lt;p&gt;&lt;img src=&quot;https://pic4.zhimg.com/126ddb8b41eecc02a17b3c4065e8d243_b.jpg&quot; data-rawwidth=&quot;640&quot; data-rawheight=&quot;438&quot; class=&quot;origin_image zh-lightbox-thumb&quot; width=&quot;640&quot; data-original=&quot;https://pic4.zhimg.com/126ddb8b41eecc02a17b3c4065e8d243_r.jpg&quot;&gt;�春生先是冒充发明家声称自己掌握了“水变油”技�，�家人戳穿后又�说自己是从�里逃�出来，�梁天�演的贾�二儿子实地调查后识破，�终�民�带走�&lt;/p&gt;&lt;p&gt;葛优参演的这两集�作�不速之�》，�很�人奉为《我爱我家�之�的�作。葛优凭借其几乎盖过主演光芒的表演，为�众塑�出�春生这一既夸张又典型的喜剧人物�&lt;/p&gt;&lt;p&gt;在贾家收留他的几天里，纪春生的很多表现令人感到又气又笑�他�量特�大，�进门就快速吃掉全家刚刚包好的200多个饺子，捎带一盘肉�冻和两瓶啤酒；他声称�己研究出�种可使�水变油”的母液，几台��的石油产量就能赶上整个世界石油输出国组织；他又说�里给他包办了一�百依百顺�首贴耳的万元户�的女儿，但这个新�又老又丑�带�眼花耳聋腿脚不利�，还���指，有一天他终于逃了出来�&lt;/p&gt;&lt;p&gt;�戳穿骗局后纪春生气�败坏企图跳楼自�，�家里的�爷子点穴制服，躺在沙发上一动不动�&lt;/p&gt;&lt;img src=&quot;https://pic2.zhimg.com/94deba752851f2e65e2ec682df827589_b.jpg&quot; data-rawwidth=&quot;640&quot; data-rawheight=&quot;420&quot; class=&quot;origin_image zh-lightbox-thumb&quot; width=&quot;640&quot; data-original=&quot;https://pic2.zhimg.com/94deba752851f2e65e2ec682df827589_r.jpg&quot;&gt;&lt;p&gt;&lt;img src=&quot;https://pic4.zhimg.com/37e9a352d3aae2a86920344ff89f6a6b_b.jpg&quot; data-rawwidth=&quot;640&quot; data-rawheight=&quot;437&quot; class=&quot;origin_image zh-lightbox-thumb&quot; width=&quot;640&quot; data-original=&quot;https://pic4.zhimg.com/37e9a352d3aae2a86920344ff89f6a6b_r.jpg&quot;&gt;而后经过�吓他才半坐了起来，�自己已经全���，连小手指头都动不了，全��剩下吃喝机能还算正常。吃完饭老爷子做�春生的�想工作，不耐其烦的他就半瘫在沙发上敷�作答�网上流行的“葛优躺”照片，正是出现在这�场景�&lt;/p&gt;&lt;p&gt;剧中的纪春生还制造出不少后来广为人知的��录�，比��猎手再狡猾，也斗不过好狐狸”，“一不偷二不�，不反�人民不反�党”，“在��伸手不�六指儿的�晚”，“子不嫌母丑，狗不嫌家贫，寒窑虽破能避�雨，白吃白喝苦也甜”�&lt;/p&gt;&lt;h2&gt;�&lt;/h2&gt;&lt;p&gt;而今已经很难想象，这样一�喜剧人物如果当年不是葛优出演，是否还能��引人注�。�拍摄期间�演英达为了请葛优出山，也�费了一些心思和气力�&lt;/p&gt;&lt;p&gt;葛优与英达�交很好，早�1988年出演电影�顽主�时，葛优的表演就�英达注意，�后两人还在《黄河谣》和《围城�中有过合作，在《编辑部的故事�中演绎李冬宝令葛优大红大紫�&lt;/p&gt;&lt;p&gt;在创作�不速之�》一集的剧本时，编剧英壮脑子里就总出现葛优的形象，希望到拍摄期间能把他�来。本集拍摄之前，葛优已赴陕西准�拍摄张艺谋的新片�活�》，其间向剧组告假回�几天办事。英达��天和宋丹丹获知消息后��时间赶到葛优家中，一直等到半夜十�二点才把葛优等来�&lt;/p&gt;&lt;p&gt;有一点需要�明，由于当时葛优还没有正式进��活�》的拍摄，因此他的头发还得以保留，演完�我爱我家�再进�活�》剧组才将头发剃去饰演了福贵�&lt;/p&gt;&lt;p&gt;由于编剧英壮�爱自己笔下纪春生这个角色，尤其又获知果然由他�盼的葛优来扮演，这两集开拍前他专门带�剧组的服装大姐，到�剧组非常远的金台路旧服装市场，挑�了春生�上那�灰色�山�，以及�双破旧的�鞋�&lt;/p&gt;&lt;p&gt;拍摄的时候葛优穿上英��买的行头，化好�刚�出场，就把剧组人员全都�翻了� &lt;/p&gt;&lt;p&gt;&lt;img src=&quot;https://pic2.zhimg.com/ba6d6eed297093471bb6fb2ccea582b9_b.jpg&quot; data-rawwidth=&quot;640&quot; data-rawheight=&quot;427&quot; class=&quot;origin_image zh-lightbox-thumb&quot; width=&quot;640&quot; data-original=&quot;https://pic2.zhimg.com/ba6d6eed297093471bb6fb2ccea582b9_r.jpg&quot;&gt;&lt;img src=&quot;https://pic2.zhimg.com/10c39ce891ca01d97d2162edba36eee9_b.jpg&quot; data-rawwidth=&quot;640&quot; data-rawheight=&quot;430&quot; class=&quot;origin_image zh-lightbox-thumb&quot; width=&quot;640&quot; data-original=&quot;https://pic2.zhimg.com/10c39ce891ca01d97d2162edba36eee9_r.jpg&quot;&gt;葛优忍住不乐，但他越不乐人们越想乐，笑场多��致拍摄无法进�，很长时间都工作不下去。加上当时蔡明和谢园都坐在�众�上夸张大笑，�乐气氛弥�了整�演播室�&lt;/p&gt;&lt;p&gt;�春生那句“在��伸手不�六指儿的�晚”，后来总�观众津津乐道，其实这句话并不�编剧英壮写的，也不是该剧总文学师梁左�写，而是出自导演英达之手。�左对这�包袱儿进行了润色调整，利用相声�三翻四抖�的创作手法，�六指�元素先在前面出现两次，观众在微笑中增加了心理�期，到“伸手不见六指儿”一句果然取得爆笑的效果�&lt;/p&gt;&lt;p&gt;&lt;img src=&quot;https://pic4.zhimg.com/6af70d53aca5453e0518313f1619168f_b.jpg&quot; data-rawwidth=&quot;640&quot; data-rawheight=&quot;429&quot; class=&quot;origin_image zh-lightbox-thumb&quot; width=&quot;640&quot; data-original=&quot;https://pic4.zhimg.com/6af70d53aca5453e0518313f1619168f_r.jpg&quot;&gt;在英达看来，好演员就�好演员，台词非常逗笑�葛优在表演过程中始终能憋住不笑场，换有些演员早就绷不住了。葛优只有�那句�炸酱面该下锅了吧�时笑了�下，而英达�这��谓�笑场�予以保留，因为这句台词笑着说也成立�&lt;/p&gt;&lt;h2&gt;�&lt;/h2&gt;&lt;p&gt;23年弹指一挥，�集中有些台词能�我�感受到时光的流��&lt;/p&gt;&lt;p&gt;先是家里人留�春生在�住�宿，�春生�，�有富余的席梦�吗？�&lt;/p&gt;&lt;p&gt;�说到�梦�，��人都认为无非�弹簧床垫，实际上�梦�是发明弹簧床垫的人的名字，同时也是床垫品牌名�1900年，美国家具商人�梦�（Simmons）生产出世界上���用布包着的弹簧床�，立刻受到消费�的好评。作为最早进入中国市场的世界级床�品牌，席梦�在很长�段时间��国消费�当作床�的代名词，可见其品牌的渗透力。在1993年左右的�国，还不�家�都能用上柔�舒�的弹簧床垫，所以纪春生的问话有些大�不惭。�今，席梦�早已不��么奢侈品，搬入了寻常百���&lt;/p&gt;&lt;p&gt;而后，纪春生想从阳台跳下去自�，�天�演的志新说我�家阳台不高，“你要真想�就从京广大厦�下跳��&lt;/p&gt;&lt;p&gt;�广大厦即�广中心，52层，总高209米，曾经�全北��高的楼宇，�誉为“北�之巅”�这座摩天大�1986年开工建设，1990�6月开业�京广中心开业期间北�正在筹�亚运会，时任北�市副市长的张百发曾做出慷慨承诺：北京亚运会办不成功，我就从京广大厦跳下去！办不好就从北京�高的楼上跳下，表明了承��的巨大决心�&lt;/p&gt;&lt;p&gt;�前北��高的楼早已�2007年�工高达330米的国贸三期�取代，�且附近很快就会有更高的大厦拔地而起。在高楼林立的北�东三环CBD地区，京广大厦显得不再那么鹤立鸡群�&lt;/p&gt;&lt;h2&gt;�&lt;/h2&gt;&lt;p&gt;文章写完了，我长舒一口气，像葛优�样半躺在家里的沙发上�想联翩�也许你也是这样半躺�看完文章的�&lt;/p&gt;&lt;blockquote&gt;&lt;p&gt;文中图片由�我爱我家�摄像师王小�提供&lt;/p&gt;&lt;p&gt;作�郑捕头，著有�我爱·我家�一书，他的文章《二十年前，〈我爱我家��刊发在《�库1306》�作者微信�阅号：zhengbutou&lt;/p&gt;&lt;/blockquote&gt;</textarea>
<div class="zh-summary summary clearfix">
<img src="https://pic3.zhimg.com/c10eaafbbd6fa8b7697592817c5cd6ea_200x112.jpg" data-rawwidth="640" data-rawheight="427" class="origin_image inline-img zh-lightbox-thumb" data-original="https://pic3.zhimg.com/c10eaafbbd6fa8b7697592817c5cd6ea_r.jpg">�2016年的夏天，一组�葛优躺”的照片在网上意外走�。葛优半躺在沙发上的照片�网友PS成各种形象，让常常在夏日里慵懒过活的人们会心�笑�由于�好事者挖掘出这居然是很�北�人坐沙发的常态，因�这组照片也�称作“北��”�这些照片实际的拍摄时间，�

<a href="http://zhuanlan.zhihu.com/p/21579146" class="toggle-expand">显示全部</a>

</div>
<div class="Tipjar-entry hidden">
<div class="Tipjar-tagLine">「六�大顺�</div>
<a href="http://zhuanlan.zhihu.com/p/21579146#tipjar" target="_blank" class="Tipjar-entryButton">赞赏</a>
</div>
<p class="hidden-default"><a class="post-link entry-link" target="_blank" href="http://zhuanlan.zhihu.com/p/21579146">13:26</a></p>
</div>
</div>
<div class="feed-meta">
<div class="zm-item-meta meta clearfix js-contentActions">
<div class="zm-meta-panel">


<a data-follow="c:link" class="zg-follow meta-item" href="#" id="cl-8719"><i class="z-icon-follow"></i>关注专栏</a>

<a href="#" name="toggle-comment" class="meta-item toggle-comment js-toggleCommentBox">
<i class="z-icon-comment"></i>39 条评�</a>
<a href="#" class="meta-item zu-autohide js-share"><i class="z-icon-share"></i>分享</a>
<span class="zg-bull zu-autohide">�</span>
<a href="#" class="meta-item zu-autohide js-report">举报</a>
<button class="meta-item item-collapse js-collapse">
<i class="z-icon-fold"></i>收起
</button>
</div>

</div>

<a style="cursor: pointer" class="ignore zu-autohide js-ignoreContentItem" data-tip="s$b$不再显示"></a>

</div>
</div>
</div>
<div class="feed-hide-options hidden">
<a href="javascript:;" class="close-button js-close" data-tip="s$b$关闭">
<i class="icon icon-close-16x16"></i><span class="hide-text">关闭</span>
</a>

<div class="line option-status">
<a href="http://zhuanlan.zhihu.com/p/21579146" target="_blank">“葛优躺”到底是怎么来的�</a> 将不在你的动态中显示

</div>

<div class="line option-more">
<a href="javascript:;" class="js-ignoreRelatedContentItem" data-type="column" data-id="8719" title="屏蔽专栏"><i class="icon icon-disabled"></i>屏蔽来自 读库 的所有文�</a>
</div>


</div>
</div>


</div>
<a href="javascript:;" id="zh-load-more" data-method="next" class="zg-btn-white zg-r3px zu-button-more" style="display:none">更�</a>
</div>

</div>
</div>


<div class="zu-main-sidebar">

<div class="shameimaru-placeholder" data-loc="home_up" data-params='{}'></div>

<div class="zm-side-section">
<div class="zm-side-section-inner">
<div class="zm-side-nav-group">
<ul class="zm-side-nav" id="zg-sidebar-nav">

<li class="zm-side-nav-li">
<a class="zm-side-nav-link" href="/collections" data-za-c="collection" data-za-l="sidebar_collections" data-za-a="visit_collections">
<i class="zg-icon zg-icon-sidenav-fav"></i>
我的收藏

</a>
</li>

<li class="zm-side-nav-li">
<a class="zm-side-nav-link" href="/question/following">
<i class="zg-icon zg-icon-sidenav-follow"></i>
我关注的��
</a>
</li>
<li class="zm-side-nav-li">
<a class="zm-side-nav-link" href="/question/invited">
<i class="zg-icon zg-icon-sidenav-invite"></i>
�请我回答的问�

</a>
</li>
</ul>
</div>
<div class="zm-side-nav-group">
<ul class="zm-side-nav">

<li class="zm-side-nav-li">
<a class="zm-side-nav-link" href="/topics">
<i class="zg-icon zg-icon-sidenav-plaza"></i>
话�广�
</a>
</li>

<li class="zm-side-nav-li rq3-publiceditlink" id="rq3-sidenav-link">
<a class="zm-side-nav-link" href="/watch">
<i class="zg-icon zg-icon-sidenav-publicedit"></i>
�共编辑动�
<span class="zg-num hidden">0</span>
</a>
</li>

<li class="zm-side-nav-li">
<a class="zm-side-nav-link z-ico-container" href="/community">
<i class="z-ico-community"></i>
社区服务��
</a>
</li>
</ul>
</div>



</div>
</div>

<div class="SidebarSection SidebarListNav zm-side-my-columns">
<h3>知乎专栏</h3>

<ul class="column-homepage zm-side-nav column-empty">
<li class="zm-side-nav-li">
<a class="column-homepage-link column-link zm-side-nav-link" href="http://zhuanlan.zhihu.com/" target="_blank">
<i class="icon-column-logo sprite-sidebar-icon-column-normal"></i>
<span class="name">专栏・发�</span>
</a>
</li>
</ul>
<ul class="zm-side-nav column-list">

</ul>
<script id="SidebarColumnItem-template" type="text/template">

</script>
<ul class="zm-side-nav">

</ul>
</div>


<div class="SidebarSection SidebarListNav js-sidebarRoundtable">
<h3><a href="/roundtable" class="SidebarListNav-sideLink Link--light">查看全部 &raquo;</a>知乎圆�</h3>
<ul class="SidebarListNav-list">

<li class="SidebarListNav-listItem">

<a class="SidebarListNav-itemLink" href="/roundtable/euro2016">
<img class="Avatar SidebarListNav-avatar" src="https://pic3.zhimg.com/fa70eff301ba417d4a9d3f55d603a29e_s.png" srcset="https://pic3.zhimg.com/fa70eff301ba417d4a9d3f55d603a29e_xs.png 2x" data-tip="r$b$euro2016" alt="看球 · 欧洲�" />
<span class="SidebarListNav-label" data-tip="r$b$euro2016">
看球 · 欧洲�
</span>

</a>
</li>

<li class="SidebarListNav-listItem">

<a class="SidebarListNav-itemLink" href="/roundtable/brexit">
<img class="Avatar SidebarListNav-avatar" src="https://pic1.zhimg.com/24ce38dd5fc2a0c4e0525e577eef7d64_s.png" srcset="https://pic1.zhimg.com/24ce38dd5fc2a0c4e0525e577eef7d64_xs.png 2x" data-tip="r$b$brexit" alt="英国 · 欧盟 · 世界" />
<span class="SidebarListNav-label" data-tip="r$b$brexit">
英国 · 欧盟 · 世界
</span>

</a>
</li>

<li class="SidebarListNav-listItem">

<a class="SidebarListNav-itemLink" href="/roundtable/consumption">
<img class="Avatar SidebarListNav-avatar" src="https://pic1.zhimg.com/845303838eca4a5b5f03cc3ca994ec28_s.png" srcset="https://pic1.zhimg.com/845303838eca4a5b5f03cc3ca994ec28_xs.png 2x" data-tip="r$b$consumption" alt="新消费时�" />
<span class="SidebarListNav-label" data-tip="r$b$consumption">
新消费时�
</span>

</a>
</li>

</ul>
</div>
<div class="SidebarSection SidebarListNav">
<h3><a href="/publications" class="SidebarListNav-sideLink Link--light" target="_blank">查看全部 &raquo;</a>知乎电子�</h3>
<ul class="SidebarListNav-list">

<li class="SidebarListNav-listItem">
<a class="SidebarListNav-itemLink" href="/publications/nacl/19551110" target="_blank">
<img class="Avatar SidebarListNav-avatar" src="https://static.zhihu.com/static/revved/img/ebooks/nacl.656ec1c4.png"
srcset="https://static.zhihu.com/static/revved/img/ebooks/nacl@2x.b5f3a720.png">
<span class="SidebarListNav-label">
穿过硝烟：我��实摄影师
</span>

</a>
</li>

<li class="SidebarListNav-listItem">
<a class="SidebarListNav-itemLink" href="/publications/hour/19551116" target="_blank">
<img class="Avatar SidebarListNav-avatar" src="https://static.zhihu.com/static/revved/img/ebooks/hour.3d371c99.png"
srcset="https://static.zhihu.com/static/revved/img/ebooks/hour@2x.f5499fd8.png">
<span class="SidebarListNav-label">
读懂商业银�
</span>

<span class="SidebarListNav-hint">新上�</span>

</a>
</li>

<li class="SidebarListNav-listItem">
<a class="SidebarListNav-itemLink" href="/publications/weekly/19551115" target="_blank">
<img class="Avatar SidebarListNav-avatar" src="https://static.zhihu.com/static/revved/img/ebooks/weekly.65279d61.png"
srcset="https://static.zhihu.com/static/revved/img/ebooks/weekly@2x.78fb79ac.png">
<span class="SidebarListNav-label">
说��唱
</span>

</a>
</li>

</ul>
</div>


<div class="shameimaru-placeholder" data-loc="home_bottom" data-params='{}'></div>
<div id="zh-footer" class="zh-footer">
<div class="content zg-wrap clearfix">
<ul>

<li><a href="https://liukanshan.zhihu.com" target="_blank">刘看�</a></li>

<li><a href="/question/19581624" target="_blank">知乎指南</a></li>
<li><a href="javascript:;" id="js-feedback-button">建�反�</a></li>

<li><a href="/app" target="_blank">移动应用</a></li>
<li><a href="/careers">加入知乎</a></li>
<li><a href="/terms" target="_blank">知乎协�</a></li>
<li><a href="/contact">联系我们</a></li>

</ul>

<span class="copy">&copy; 2016 知乎</span>

</div>
</div>


</div>


</div>



<script type="text/json" class="json-inline" data-name="guiders2">{"exclusive-popover":{},"section":{},"editor":[]}</script>
<script type="text/json" class="json-inline" data-name="current_user">["alex liu","alex-liu-90-89","https:\/\/pic1.zhimg.com\/da8e974dc_s.jpg","23a3f9208f774c3604303b4f5cfa5593","",0,0,true,"fly8421@outlook.com","http:\/\/login.live.com",0,false,false,false,"31251545194496",false]</script>
<script type="text/json" class="json-inline" data-name="user_status">[null,null]</script>
<script type="text/json" class="json-inline" data-name="env">["zhihu.com","comet.zhihu.com",false,null,false]</script>
<script type="text/json" class="json-inline" data-name="permissions">[]</script>


<script type="text/json" class="json-inline" data-name="ga_vars">{"user_created":1373859581000,"now":1468422140000,"abtest_mask":"---------1--------------------","user_attr":[1,0,0,"-",1],"user_hash":"23a3f9208f774c3604303b4f5cfa5593"}</script>

<script type="text/json" class="json-inline" data-name="ra-urls">{"Report":"https:\/\/static.zhihu.com\/static\/revved\/-\/apps\/Report.de4e9d17.js","Community":"https:\/\/static.zhihu.com\/static\/revved\/-\/apps\/Community.4e11c449.js","OrgAnalytics":"https:\/\/static.zhihu.com\/static\/revved\/-\/apps\/OrgAnalytics.47e1a483.js","common":"https:\/\/static.zhihu.com\/static\/revved\/-\/apps\/common.ed1d17c3.js","CommentApp":"https:\/\/static.zhihu.com\/static\/revved\/-\/apps\/CommentApp.2ab02258.js"}</script>

<script src="https://static.zhihu.com/static/revved/-/js/vendor.ff76fbae.js"></script>
<script src="https://static.zhihu.com/static/revved/-/js/closure/base.16f00cdc.js"></script>

<script src="https://static.zhihu.com/static/revved/-/js/closure/common.da58cddd.js"></script>


<script src="https://static.zhihu.com/static/revved/-/js/closure/richtexteditor.2366981a.js" async></script>
<script src="https://static.zhihu.com/static/revved/-/js/closure/page-main.0d0544ce.js"></script>
<meta name="entry" content="ZH.entryHome" data-module-id="page-main">

<script type="text/zscript" znonce="7879922df2404a2891c739f73df91dc8"></script>

<input type="hidden" name="_xsrf" value="e554d006e527eb151cf238216037498e"/>
</body>
</html>
�Ѿ�ץȡ:0����ץȡ--->kaifulee
url-->https://www.zhihu.com/people/kaifulee/followers
status code:200
ץȡ����
now here is the page of -------------> kaifulee
---------------------------------------------->
-----------------------------------------kaifulee
<!DOCTYPE html>
<html lang="zh-CN" dropEffect="none" class="no-js ">
<head>
<meta charset="utf-8" />

<meta http-equiv="X-UA-Compatible" content="IE=edge,chrome=1" />
<meta name="renderer" content="webkit" />
<meta http-equiv="X-ZA-Response-Id" content="fa37c5f4bbd74e5a98450588eda2af58">

<title>李开� 的关注� - 知乎</title>

<meta name="apple-itunes-app" content="app-id=432274380, app-argument=zhihu://people/kaifulee">


<meta name="viewport" content="width=device-width, initial-scale=1, maximum-scale=1"/>
<meta http-equiv="mobile-agent" content="format=html5;url=https://www.zhihu.com/people/kaifulee/followers">
<meta id="znonce" name="znonce" content="9cf9901c61d244a392b2ab88a2cb513c">



<link rel="apple-touch-icon" href="https://static.zhihu.com/static/revved/img/ios/touch-icon-152.87c020b9.png" sizes="152x152">
<link rel="apple-touch-icon" href="https://static.zhihu.com/static/revved/img/ios/touch-icon-120.496c913b.png" sizes="120x120">
<link rel="apple-touch-icon" href="https://static.zhihu.com/static/revved/img/ios/touch-icon-76.dcf79352.png" sizes="76x76">
<link rel="apple-touch-icon" href="https://static.zhihu.com/static/revved/img/ios/touch-icon-60.9911cffb.png" sizes="60x60">


<link rel="shortcut icon" href="https://static.zhihu.com/static/favicon.ico" type="image/x-icon">

<link rel="search" type="application/opensearchdescription+xml" href="https://static.zhihu.com/static/search.xml" title="知乎" />
<link rel="stylesheet" href="https://static.zhihu.com/static/revved/-/css/z.f27e53b2.css">
<link rel="stylesheet" href="https://static.zhihu.com/static/revved/-/css/pages/profile/main.9f9b4fe5.css">




<!--[if lt IE 9]>
<script src="https://static.zhihu.com/static/components/respond/dest/respond.min.js"></script>
<link href="https://static.zhihu.com/static/components/respond/cross-domain/respond-proxy.html" id="respond-proxy" rel="respond-proxy" />
<link href="/static/components/respond/cross-domain/respond.proxy.gif" id="respond-redirect" rel="respond-redirect" />
<script src="/static/components/respond/cross-domain/respond.proxy.js"></script>
<![endif]-->
<script src="https://static.zhihu.com/static/revved/-/js/instant.e7a17de6.js"></script>

<style>
.zm-side-section + .zm-side-section {
margin: 20px 0 0 0;
}
.zm-profile-section-list .zm-item-answer-author-info .zm-item-link-avatar {
display: none;
}
</style>

</head>

<body class="zhi ">



<div role="navigation" class="zu-top">
<div class="zg-wrap modal-shifting clearfix" id="zh-top-inner">
<a href="/" class="zu-top-link-logo" id="zh-top-link-logo" data-za-c="view_home" data-za-a="visit_home" data-za-l="top_navigation_zhihu_logo">知乎</a>

<div class="top-nav-profile">
<a href="/people/alex-liu-90-89" class="zu-top-nav-userinfo ">
<span class="name">alex liu</span>
<img class="Avatar" src="https://pic1.zhimg.com/da8e974dc_s.jpg" srcset="https://pic1.zhimg.com/da8e974dc_xs.jpg 2x" alt="alex liu" />
<span id="zh-top-nav-new-pm" class="zg-noti-number zu-top-nav-pm-count"
style="visibility:hidden" data-count="0">

</span>
</a>
<ul class="top-nav-dropdown" id="top-nav-profile-dropdown">
<li>
<a href="/people/alex-liu-90-89">
<i class="zg-icon zg-icon-dd-home"></i>我的主页
</a>
</li>

<li>
<a href="/inbox">
<i class="zg-icon zg-icon-dd-pm"></i>私信
<span id="zh-top-nav-pm-count" class="zu-top-nav-pm-count zg-noti-number"
style="visibility:hidden" data-count="0">

</span>
</a>
</li>
<li>
<a href="/settings">
<i class="zg-icon zg-icon-dd-settings"></i>设置
</a>
</li>
<li>
<a href="/logout">
<i class="zg-icon zg-icon-dd-logout"></i>��
</a>
</li>
</ul>

</div>



<button class="zu-top-add-question" id="zu-top-add-question">提问</button>


<div role="search" id="zh-top-search" class="zu-top-search">
<form method="GET" action="/search" id="zh-top-search-form" class="zu-top-search-form">



<input type="hidden" name="type" value="content">
<label for="q" class="hide-text">知乎搜索</label><input type="text" class="zu-top-search-input" id="q" name="q" autocomplete="off" value="" placeholder="搜索你感兴趣的内�...">
<button type="submit" class="zu-top-search-button"><span class="hide-text">搜索</span><span class="sprite-global-icon-magnifier-dark"></span></button>
</form>
</div>



<div id="zg-top-nav" class="zu-top-nav">
<ul class="zu-top-nav-ul zg-clear">

<li class="zu-top-nav-li " id="zh-top-nav-home">
<a class="zu-top-nav-link" href="/" id="zh-top-link-home" data-za-c="view_home" data-za-a="visit_home" data-za-l="top_navigation_home">首页</a>
</li>



<li class="top-nav-topic-selector zu-top-nav-li " id="zh-top-nav-topic">
<a class="zu-top-nav-link" href="/topic" id="top-nav-dd-topic">话�</a>
</li>

<li class="zu-top-nav-li " id="zh-top-nav-explore">
<a class="zu-top-nav-link" href="/explore">发现</a>
</li>

<li class="top-nav-noti zu-top-nav-li ">
<a class="zu-top-nav-link" href="javascript:;" id="zh-top-nav-count-wrap" role="button"><span class="mobi-arrow"></span>消息</a>
</li>



</ul>
<div class="zu-top-nav-live zu-noti7-popup zg-r5px no-hovercard" id="zh-top-nav-live-new" role="popup" tabindex="0">
<div class="zu-top-nav-live-inner zg-r5px">
<div class="zu-top-live-icon">&nbsp;</div>
<div class="zu-home-noti-inner" id="zh-top-nav-live-new-inner">
<div class="zm-noti7-popup-tab-container clearfix" tabindex="0">
<button class="zm-noti7-popup-tab-item message">
<span class="icon">消息</span>
</button>
<button class="zm-noti7-popup-tab-item user">
<span class="icon">用户</span>
</button>
<button class="zm-noti7-popup-tab-item thanks">
<span class="icon">赞同和感�</span>
</button>
</div>
</div>
<div class="zm-noti7-frame-border top"></div>
<div class="zm-noti7-frame">
<div class="zm-noti7-content message">
<div class="zm-noti7-content-inner">
<div class="zm-noti7-content-body">
<div class="zm-noti7-popup-loading">
<span class="noti-spinner-loading"></span>
</div>
</div>
</div>
</div>
<div class="zm-noti7-content user" style="display:none;">
<div class="zm-noti7-content-inner">
<div class="zm-noti7-content-body">
<div class="zm-noti7-popup-loading">
<span class="noti-spinner-loading"></span>
</div>
</div>
</div>
</div>
<div class="zm-noti7-content thanks" style="display:none;">
<div class="zm-noti7-content-inner">
<div class="zm-noti7-content-body">
<div class="zm-noti7-popup-loading">
<span class="noti-spinner-loading"></span>
</div>
</div>
</div>
</div>
</div>
<div class="zm-noti7-frame-border bottom"></div>
<div class="zm-noti7-popup-footer">
<a href="/notifications" class="zm-noti7-popup-footer-all zg-right">查看全部 &raquo;</a>
<a href="/settings/notification" class="zm-noti7-popup-footer-set" title="通知设置" ><i class="zg-icon zg-icon-settings"></i></a>
</div>
</div>
</div>

</div>

</div>
</div>


<div class="zu-global-notify" id="zh-global-message" style="display:none">
<div class="zg-wrap">
<div class="zu-global-nitify-inner">
<a class="zu-global-notify-close" href="javascript:;" title="关闭" name="close">x</a>
<span class="zu-global-notify-icon"></span>
<span class="zu-global-notify-msg"></span>
</div>
</div>
</div>




<div class="zg-wrap zu-main clearfix "  role="main">
<div class="zu-main-content">
<div class="zu-main-content-inner">






<div class="zm-profile-header ProfileCard">
<div class="zm-profile-header-main">
<div class="top">

<div class='weibo-wrap'>

<a class="zm-profile-header-user-weibo" target="_blank" href="http://weibo.com/kaifulee" data-tip="s$b$新浪��"><i class="zm-profile-header-icon sina"></i></a>

</div>

<div class="title-section ellipsis">
<a class="name" href="/people/kaifulee">李开�</a>�<span class="bio" title="创新工场CEO">创新工场CEO</span>
</div>
</div>
<div class="body clearfix">

<img class="Avatar Avatar--l" src="https://pic1.zhimg.com/c104d6f24_l.jpg" srcset="https://pic1.zhimg.com/c104d6f24_xl.jpg 2x" alt="李开�" />

<div class="zm-profile-header-info">
<div class="zm-profile-header-user-describe">
<div class="items">

<div class="item editable-group" data-name="location">

<span class="info-wrap">




</span>
<span class="edit-wrap" style="display:none;">
<span class="topic-input-wrap"><input autocomplete="off" aria-haspopup="true" type="text" name="location" value="" class="zg-form-text-input location" placeholder="居住�"/></span>
<div class="business-selection">
<select name="business">
<option value="">选择行业</option>


<option value="高新科技">高新科技</option>

<option value="互联�">&nbsp;&nbsp;&nbsp;互联�</option>

<option value="电子商务">&nbsp;&nbsp;&nbsp;电子商务</option>

<option value="电子游戏">&nbsp;&nbsp;&nbsp;电子游戏</option>

<option value="计算机软�">&nbsp;&nbsp;&nbsp;计算机软�</option>

<option value="计算机硬�">&nbsp;&nbsp;&nbsp;计算机硬�</option>




<option value="信息传媒">信息传媒</option>

<option value="出版�">&nbsp;&nbsp;&nbsp;出版�</option>

<option value="电影录音">&nbsp;&nbsp;&nbsp;电影录音</option>

<option value="广播电�">&nbsp;&nbsp;&nbsp;广播电�</option>

<option value="通信">&nbsp;&nbsp;&nbsp;通信</option>




<option value="金融">金融</option>

<option value="银�">&nbsp;&nbsp;&nbsp;银�</option>

<option value="资本投资">&nbsp;&nbsp;&nbsp;资本投资</option>

<option value="证券投资">&nbsp;&nbsp;&nbsp;证券投资</option>

<option value="保险">&nbsp;&nbsp;&nbsp;保险</option>

<option value="信贷">&nbsp;&nbsp;&nbsp;信贷</option>

<option value="财务">&nbsp;&nbsp;&nbsp;财务</option>

<option value="审�">&nbsp;&nbsp;&nbsp;审�</option>




<option value="服务�">服务�</option>

<option value="法律">&nbsp;&nbsp;&nbsp;法律</option>

<option value="餐饮">&nbsp;&nbsp;&nbsp;餐饮</option>

<option value="酒店">&nbsp;&nbsp;&nbsp;酒店</option>

<option value="旅游">&nbsp;&nbsp;&nbsp;旅游</option>

<option value="广告">&nbsp;&nbsp;&nbsp;广告</option>

<option value="��">&nbsp;&nbsp;&nbsp;��</option>

<option value="��">&nbsp;&nbsp;&nbsp;��</option>

<option value="咨�分�">&nbsp;&nbsp;&nbsp;咨�分�</option>

<option value="市场推广">&nbsp;&nbsp;&nbsp;市场推广</option>

<option value="人力资源">&nbsp;&nbsp;&nbsp;人力资源</option>

<option value="社工服务">&nbsp;&nbsp;&nbsp;社工服务</option>

<option value="养�服�">&nbsp;&nbsp;&nbsp;养�服�</option>




<option value="教育">教育</option>

<option value="高等教育">&nbsp;&nbsp;&nbsp;高等教育</option>

<option value="基�教育">&nbsp;&nbsp;&nbsp;基�教育</option>

<option value="职业教育">&nbsp;&nbsp;&nbsp;职业教育</option>

<option value="幼儿教育">&nbsp;&nbsp;&nbsp;幼儿教育</option>

<option value="特殊教育">&nbsp;&nbsp;&nbsp;特殊教育</option>

<option value="培�">&nbsp;&nbsp;&nbsp;培�</option>




<option value="医疗服务">医疗服务</option>

<option value="临床医疗">&nbsp;&nbsp;&nbsp;临床医疗</option>

<option value="制药">&nbsp;&nbsp;&nbsp;制药</option>

<option value="保健">&nbsp;&nbsp;&nbsp;保健</option>

<option value="美�">&nbsp;&nbsp;&nbsp;美�</option>

<option value="医疗器材">&nbsp;&nbsp;&nbsp;医疗器材</option>

<option value="生物工程">&nbsp;&nbsp;&nbsp;生物工程</option>

<option value="疗养服务">&nbsp;&nbsp;&nbsp;疗养服务</option>

<option value="护理服务">&nbsp;&nbsp;&nbsp;护理服务</option>




<option value="艺术娱乐">艺术娱乐</option>

<option value="创意艺术">&nbsp;&nbsp;&nbsp;创意艺术</option>

<option value="体育健身">&nbsp;&nbsp;&nbsp;体育健身</option>

<option value="娱乐休闲">&nbsp;&nbsp;&nbsp;娱乐休闲</option>

<option value="图书�">&nbsp;&nbsp;&nbsp;图书�</option>

<option value="博物�">&nbsp;&nbsp;&nbsp;博物�</option>

<option value="策展">&nbsp;&nbsp;&nbsp;策展</option>

<option value="博彩">&nbsp;&nbsp;&nbsp;博彩</option>




<option value="制�加�">制�加�</option>

<option value="食品�料业">&nbsp;&nbsp;&nbsp;食品�料业</option>

<option value="纺织�革业">&nbsp;&nbsp;&nbsp;纺织�革业</option>

<option value="服�业">&nbsp;&nbsp;&nbsp;服�业</option>

<option value="烟草�">&nbsp;&nbsp;&nbsp;烟草�</option>

<option value="造纸�">&nbsp;&nbsp;&nbsp;造纸�</option>

<option value="印刷�">&nbsp;&nbsp;&nbsp;印刷�</option>

<option value="化工�">&nbsp;&nbsp;&nbsp;化工�</option>

<option value="汽车">&nbsp;&nbsp;&nbsp;汽车</option>

<option value="家具">&nbsp;&nbsp;&nbsp;家具</option>

<option value="电子电器">&nbsp;&nbsp;&nbsp;电子电器</option>

<option value="机���">&nbsp;&nbsp;&nbsp;机���</option>

<option value="塑料工业">&nbsp;&nbsp;&nbsp;塑料工业</option>

<option value="金属加工">&nbsp;&nbsp;&nbsp;金属加工</option>

<option value="军火">&nbsp;&nbsp;&nbsp;军火</option>




<option value="地产建筑">地产建筑</option>

<option value="房地�">&nbsp;&nbsp;&nbsp;房地�</option>

<option value="装饰装潢">&nbsp;&nbsp;&nbsp;装饰装潢</option>

<option value="物业服务">&nbsp;&nbsp;&nbsp;物业服务</option>

<option value="特殊建�">&nbsp;&nbsp;&nbsp;特殊建�</option>

<option value="建筑设�">&nbsp;&nbsp;&nbsp;建筑设�</option>




<option value="贸易零售">贸易零售</option>

<option value="零售">&nbsp;&nbsp;&nbsp;零售</option>

<option value="大宗交易">&nbsp;&nbsp;&nbsp;大宗交易</option>

<option value="进出口贸�">&nbsp;&nbsp;&nbsp;进出口贸�</option>




<option value="�共服�">�共服�</option>

<option value="政府">&nbsp;&nbsp;&nbsp;政府</option>

<option value="国防军事">&nbsp;&nbsp;&nbsp;国防军事</option>

<option value="��">&nbsp;&nbsp;&nbsp;��</option>

<option value="科研">&nbsp;&nbsp;&nbsp;科研</option>

<option value="给排�">&nbsp;&nbsp;&nbsp;给排�</option>

<option value="水利能源">&nbsp;&nbsp;&nbsp;水利能源</option>

<option value="电力电网">&nbsp;&nbsp;&nbsp;电力电网</option>

<option value="�共�理">&nbsp;&nbsp;&nbsp;�共�理</option>

<option value="�境保�">&nbsp;&nbsp;&nbsp;�境保�</option>

<option value="非营利组�">&nbsp;&nbsp;&nbsp;非营利组�</option>




<option value="�采冶�">�采冶�</option>

<option value="煤炭工业">&nbsp;&nbsp;&nbsp;煤炭工业</option>

<option value="石油工业">&nbsp;&nbsp;&nbsp;石油工业</option>

<option value="黑色金属">&nbsp;&nbsp;&nbsp;黑色金属</option>

<option value="有色金属">&nbsp;&nbsp;&nbsp;有色金属</option>

<option value="土砂石开�">&nbsp;&nbsp;&nbsp;土砂石开�</option>

<option value="地热��">&nbsp;&nbsp;&nbsp;地热��</option>




<option value="交�仓�">交�仓�</option>

<option value="��">&nbsp;&nbsp;&nbsp;��</option>

<option value="物流递�">&nbsp;&nbsp;&nbsp;物流递�</option>

<option value="地面运输">&nbsp;&nbsp;&nbsp;地面运输</option>

<option value="铁路运输">&nbsp;&nbsp;&nbsp;铁路运输</option>

<option value="管线运输">&nbsp;&nbsp;&nbsp;管线运输</option>

<option value="�运业">&nbsp;&nbsp;&nbsp;�运业</option>

<option value="民用�空业">&nbsp;&nbsp;&nbsp;民用�空业</option>




<option value="农林牧渔">农林牧渔</option>

<option value="种�业">&nbsp;&nbsp;&nbsp;种�业</option>

<option value="畜牧养殖�">&nbsp;&nbsp;&nbsp;畜牧养殖�</option>

<option value="林业">&nbsp;&nbsp;&nbsp;林业</option>

<option value="渔业">&nbsp;&nbsp;&nbsp;渔业</option>



</select>
</div>
<span class="zg-bull"></span>
<input type="radio" name="gender" value="1"  class="male"/> �&nbsp;&nbsp;
<input type="radio" name="gender" value="0"  class="female"/> �
<a class="zg-btn-blue" name="save" href="javascript:;">��</a>
</span>
</div>


<div class="item">

<a class="zm-profile-header-user-detail zg-link-litblue-normal zm-profile-icon-return" href="/people/kaifulee">
<i class="icon zm-profile-header-icon"></i>
<span>返回�人主�</span>
</a>

</div>

</div>

</div>
</div>
</div>
</div>


<div class="zm-profile-header-marked">
<i class="sprite-global-icon-marked"></i>�知乎周刊和编辑推荐收录了 <a class="zg-link-litblue-normal" href="/people/kaifulee/answers/marked">8 �回答</a>
</div>


<div class="zm-profile-header-operation zg-clear ">
<div class="zm-profile-header-info-list">
<span class="zm-profile-header-info-title">获得</span>
<span class="zm-profile-header-user-agree"><span class="zm-profile-header-icon"></span><strong>91318</strong>赞同</span>
<span class="zm-profile-header-user-thanks"><span class="zm-profile-header-icon"></span><strong>20899</strong>感谢</span>

</div>

<div class="zm-profile-header-op-btns clearfix">


<button data-follow="m:button" data-id="043ff01e5d03c529c268d50f388012c2" class="zg-btn zg-btn-unfollow zm-rich-follow-btn">取消关注</button>




</div>

</div>
<div class="profile-navbar clearfix">
<a class="item home first "
href="/people/kaifulee">
<i class="icon icon-profile-tab-home"></i><span class="hide-text">主页</span>
</a>
<a class="item "
href="/people/kaifulee/asks">
提问
<span class="num">6</span>
</a>
<a class="item "
href="/people/kaifulee/answers">
回答
<span class="num">107</span>
</a>
<a class="item "
href="/people/kaifulee/posts">
文章
<span class="num">1</span>
</a>

<a class="item "
href="/people/kaifulee/collections">
收藏
<span class="num">0</span>
</a>
<a class="item "
href="/people/kaifulee/logs">
�共编�
<span class="num">7</span>
</a>

</div>

</div>


<div class="zm-profile-section-wrap">
<div class="zm-profile-section-head">
<span class="zm-profile-section-name"><a href="/people/kaifulee">李开�</a> � 964180 人关�</span>
<a class="zg-right zg-link-litblue-normal zm-profile-answer-page-return" href="/people/kaifulee">返回�人主�</a>

</div>
<div class="zm-profile-section-list">
<div id="zh-profile-follows-list">
<div class="zh-general-list clearfix" data-init="{&quot;params&quot;: {&quot;offset&quot;: 0, &quot;order_by&quot;: &quot;created&quot;, &quot;hash_id&quot;: &quot;043ff01e5d03c529c268d50f388012c2&quot;}, &quot;nodename&quot;: &quot;ProfileFollowersListV2&quot;}">

<div class="zm-profile-card zm-profile-section-item zg-clear no-hovercard">
<div class="zg-right">
<button data-follow="m:button" data-id="58cea36f5601d232bb307479f21cc337" class="zg-btn zg-btn-follow zm-rich-follow-btn small nth-0">关注�</button>
</div>
<a title="小�熊"
data-tip="p$t$xiao-zong-xiong-37"
class="zm-item-link-avatar"
href="/people/xiao-zong-xiong-37">
<img src="https://pic4.zhimg.com/939b0c9a8d923ccd547f7f0e0a62a71b_m.jpg" class="zm-item-img-avatar">
</a>
<div class="zm-list-content-medium">
<h2 class="zm-list-content-title"><a data-tip="p$t$xiao-zong-xiong-37" href="https://www.zhihu.com/people/xiao-zong-xiong-37" class="zg-link" title="小�熊"
>小�熊</a></h2>

<div class="zg-big-gray">�爱汽车的小白��</div>
<div class="details zg-gray">
<a target="_blank" href="/people/xiao-zong-xiong-37/followers" class="zg-link-gray-normal">1 关注�</a>
/
<a target="_blank" href="/people/xiao-zong-xiong-37/asks" class="zg-link-gray-normal">1 提问</a>
/
<a target="_blank" href="/people/xiao-zong-xiong-37/answers" class="zg-link-gray-normal">2 回答</a>
/
<a target="_blank" href="/people/xiao-zong-xiong-37" class="zg-link-gray-normal">0 赞同</a>
</div>

</div>
</div>

<div class="zm-profile-card zm-profile-section-item zg-clear no-hovercard">
<div class="zg-right">
<button data-follow="m:button" data-id="15ce0bf6d758225c30be4f1cf3677f15" class="zg-btn zg-btn-follow zm-rich-follow-btn small nth-0">关注�</button>
</div>
<a title="世故流光"
data-tip="p$t$shi-gu-liu-guang"
class="zm-item-link-avatar"
href="/people/shi-gu-liu-guang">
<img src="https://pic4.zhimg.com/03bfa448a87fde9b2900f124c29365f3_m.jpg" class="zm-item-img-avatar">
</a>
<div class="zm-list-content-medium">
<h2 class="zm-list-content-title"><a data-tip="p$t$shi-gu-liu-guang" href="https://www.zhihu.com/people/shi-gu-liu-guang" class="zg-link" title="世故流光"
>世故流光</a></h2>

<div class="zg-big-gray"></div>
<div class="details zg-gray">
<a target="_blank" href="/people/shi-gu-liu-guang/followers" class="zg-link-gray-normal">0 关注�</a>
/
<a target="_blank" href="/people/shi-gu-liu-guang/asks" class="zg-link-gray-normal">0 提问</a>
/
<a target="_blank" href="/people/shi-gu-liu-guang/answers" class="zg-link-gray-normal">0 回答</a>
/
<a target="_blank" href="/people/shi-gu-liu-guang" class="zg-link-gray-normal">0 赞同</a>
</div>

</div>
</div>

<div class="zm-profile-card zm-profile-section-item zg-clear no-hovercard">
<div class="zg-right">
<button data-follow="m:button" data-id="52c68672263737a683381e1d7fa431d3" class="zg-btn zg-btn-follow zm-rich-follow-btn small nth-0">关注�</button>
</div>
<a title="Jade Wu"
data-tip="p$t$jade-wu-44"
class="zm-item-link-avatar"
href="/people/jade-wu-44">
<img src="https://pic2.zhimg.com/9e2f710f9_m.jpg" class="zm-item-img-avatar">
</a>
<div class="zm-list-content-medium">
<h2 class="zm-list-content-title"><a data-tip="p$t$jade-wu-44" href="https://www.zhihu.com/people/jade-wu-44" class="zg-link" title="Jade Wu"
>Jade Wu</a></h2>

<div class="zg-big-gray">r we on the air~?</div>
<div class="details zg-gray">
<a target="_blank" href="/people/jade-wu-44/followers" class="zg-link-gray-normal">1 关注�</a>
/
<a target="_blank" href="/people/jade-wu-44/asks" class="zg-link-gray-normal">0 提问</a>
/
<a target="_blank" href="/people/jade-wu-44/answers" class="zg-link-gray-normal">0 回答</a>
/
<a target="_blank" href="/people/jade-wu-44" class="zg-link-gray-normal">0 赞同</a>
</div>

</div>
</div>

<div class="zm-profile-card zm-profile-section-item zg-clear no-hovercard">
<div class="zg-right">
<button data-follow="m:button" data-id="6e2aeb75ec1438662c9210b22a2af035" class="zg-btn zg-btn-follow zm-rich-follow-btn small nth-0">关注</button>
</div>
<a title="包大�"
data-tip="p$t$fang-ming-ming-78"
class="zm-item-link-avatar"
href="/people/fang-ming-ming-78">
<img src="https://pic2.zhimg.com/17aaa343f4b5b51f410788bcad5b733d_m.jpg" class="zm-item-img-avatar">
</a>
<div class="zm-list-content-medium">
<h2 class="zm-list-content-title"><a data-tip="p$t$fang-ming-ming-78" href="https://www.zhihu.com/people/fang-ming-ming-78" class="zg-link" title="包大�"
>包大�</a></h2>

<div class="zg-big-gray">�体�营</div>
<div class="details zg-gray">
<a target="_blank" href="/people/fang-ming-ming-78/followers" class="zg-link-gray-normal">1 关注�</a>
/
<a target="_blank" href="/people/fang-ming-ming-78/asks" class="zg-link-gray-normal">0 提问</a>
/
<a target="_blank" href="/people/fang-ming-ming-78/answers" class="zg-link-gray-normal">0 回答</a>
/
<a target="_blank" href="/people/fang-ming-ming-78" class="zg-link-gray-normal">0 赞同</a>
</div>

</div>
</div>

<div class="zm-profile-card zm-profile-section-item zg-clear no-hovercard">
<div class="zg-right">
<button data-follow="m:button" data-id="c8aa3d6bf7d0293e35dba7ceea3fdcd6" class="zg-btn zg-btn-follow zm-rich-follow-btn small nth-0">关注</button>
</div>
<a title="哦哦"
data-tip="p$t$e-e-70-38"
class="zm-item-link-avatar"
href="/people/e-e-70-38">
<img src="https://pic1.zhimg.com/6ae97ebba47c4e4e8f4b0ff17e64003c_m.jpg" class="zm-item-img-avatar">
</a>
<div class="zm-list-content-medium">
<h2 class="zm-list-content-title"><a data-tip="p$t$e-e-70-38" href="https://www.zhihu.com/people/e-e-70-38" class="zg-link" title="哦哦"
>哦哦</a></h2>

<div class="zg-big-gray"></div>
<div class="details zg-gray">
<a target="_blank" href="/people/e-e-70-38/followers" class="zg-link-gray-normal">0 关注�</a>
/
<a target="_blank" href="/people/e-e-70-38/asks" class="zg-link-gray-normal">0 提问</a>
/
<a target="_blank" href="/people/e-e-70-38/answers" class="zg-link-gray-normal">0 回答</a>
/
<a target="_blank" href="/people/e-e-70-38" class="zg-link-gray-normal">0 赞同</a>
</div>

</div>
</div>

<div class="zm-profile-card zm-profile-section-item zg-clear no-hovercard">
<div class="zg-right">
<button data-follow="m:button" data-id="151437ebc770f9c40e47ff6e119a7681" class="zg-btn zg-btn-follow zm-rich-follow-btn small nth-0">关注�</button>
</div>
<a title="锦晴"
data-tip="p$t$jin-qing-59-9"
class="zm-item-link-avatar"
href="/people/jin-qing-59-9">
<img src="https://pic1.zhimg.com/da8e974dc_m.jpg" class="zm-item-img-avatar">
</a>
<div class="zm-list-content-medium">
<h2 class="zm-list-content-title"><a data-tip="p$t$jin-qing-59-9" href="https://www.zhihu.com/people/jin-qing-59-9" class="zg-link" title="锦晴"
>锦晴</a></h2>

<div class="zg-big-gray">高中学生</div>
<div class="details zg-gray">
<a target="_blank" href="/people/jin-qing-59-9/followers" class="zg-link-gray-normal">1 关注�</a>
/
<a target="_blank" href="/people/jin-qing-59-9/asks" class="zg-link-gray-normal">1 提问</a>
/
<a target="_blank" href="/people/jin-qing-59-9/answers" class="zg-link-gray-normal">1 回答</a>
/
<a target="_blank" href="/people/jin-qing-59-9" class="zg-link-gray-normal">0 赞同</a>
</div>

</div>
</div>

<div class="zm-profile-card zm-profile-section-item zg-clear no-hovercard">
<div class="zg-right">
<button data-follow="m:button" data-id="2138a03e5b8489aa798bae6359cf02af" class="zg-btn zg-btn-follow zm-rich-follow-btn small nth-0">关注</button>
</div>
<a title="Maldolro"
data-tip="p$t$maldolro"
class="zm-item-link-avatar"
href="/people/maldolro">
<img src="https://pic1.zhimg.com/da8e974dc_m.jpg" class="zm-item-img-avatar">
</a>
<div class="zm-list-content-medium">
<h2 class="zm-list-content-title"><a data-tip="p$t$maldolro" href="https://www.zhihu.com/people/maldolro" class="zg-link" title="Maldolro"
>Maldolro</a></h2>

<div class="zg-big-gray">Creator</div>
<div class="details zg-gray">
<a target="_blank" href="/people/maldolro/followers" class="zg-link-gray-normal">0 关注�</a>
/
<a target="_blank" href="/people/maldolro/asks" class="zg-link-gray-normal">0 提问</a>
/
<a target="_blank" href="/people/maldolro/answers" class="zg-link-gray-normal">0 回答</a>
/
<a target="_blank" href="/people/maldolro" class="zg-link-gray-normal">0 赞同</a>
</div>

</div>
</div>

<div class="zm-profile-card zm-profile-section-item zg-clear no-hovercard">
<div class="zg-right">
<button data-follow="m:button" data-id="47751156682dab9f01a00ae6f6e309d0" class="zg-btn zg-btn-follow zm-rich-follow-btn small nth-0">关注</button>
</div>
<a title="心之行至"
data-tip="p$t$xin-zhi-xing-zhi"
class="zm-item-link-avatar"
href="/people/xin-zhi-xing-zhi">
<img src="https://pic1.zhimg.com/da8e974dc_m.jpg" class="zm-item-img-avatar">
</a>
<div class="zm-list-content-medium">
<h2 class="zm-list-content-title"><a data-tip="p$t$xin-zhi-xing-zhi" href="https://www.zhihu.com/people/xin-zhi-xing-zhi" class="zg-link" title="心之行至"
>心之行至</a></h2>

<div class="zg-big-gray">高中�</div>
<div class="details zg-gray">
<a target="_blank" href="/people/xin-zhi-xing-zhi/followers" class="zg-link-gray-normal">0 关注�</a>
/
<a target="_blank" href="/people/xin-zhi-xing-zhi/asks" class="zg-link-gray-normal">0 提问</a>
/
<a target="_blank" href="/people/xin-zhi-xing-zhi/answers" class="zg-link-gray-normal">0 回答</a>
/
<a target="_blank" href="/people/xin-zhi-xing-zhi" class="zg-link-gray-normal">0 赞同</a>
</div>

</div>
</div>

<div class="zm-profile-card zm-profile-section-item zg-clear no-hovercard">
<div class="zg-right">
<button data-follow="m:button" data-id="2da86bcb95653daaa1c878a816e5737b" class="zg-btn zg-btn-follow zm-rich-follow-btn small nth-0">关注�</button>
</div>
<a title="FU雨吁"
data-tip="p$t$fuyu-xu"
class="zm-item-link-avatar"
href="/people/fuyu-xu">
<img src="https://pic3.zhimg.com/9a9fd0a8ceb21c009e1ec47246cf6ede_m.jpg" class="zm-item-img-avatar">
</a>
<div class="zm-list-content-medium">
<h2 class="zm-list-content-title"><a data-tip="p$t$fuyu-xu" href="https://www.zhihu.com/people/fuyu-xu" class="zg-link" title="FU雨吁"
>FU雨吁</a></h2>

<div class="zg-big-gray">满地的六便士，他却抬头看到了月亮</div>
<div class="details zg-gray">
<a target="_blank" href="/people/fuyu-xu/followers" class="zg-link-gray-normal">1 关注�</a>
/
<a target="_blank" href="/people/fuyu-xu/asks" class="zg-link-gray-normal">0 提问</a>
/
<a target="_blank" href="/people/fuyu-xu/answers" class="zg-link-gray-normal">1 回答</a>
/
<a target="_blank" href="/people/fuyu-xu" class="zg-link-gray-normal">8 赞同</a>
</div>

</div>
</div>

<div class="zm-profile-card zm-profile-section-item zg-clear no-hovercard">
<div class="zg-right">
<button data-follow="m:button" data-id="55115f55832f69c855e02cc21109ca54" class="zg-btn zg-btn-follow zm-rich-follow-btn small nth-0">关注</button>
</div>
<a title="��"
data-tip="p$t$ruan-peng-73"
class="zm-item-link-avatar"
href="/people/ruan-peng-73">
<img src="https://pic1.zhimg.com/c1bb6a4abacecb1ff0bbf838ab3a4e08_m.jpg" class="zm-item-img-avatar">
</a>
<div class="zm-list-content-medium">
<h2 class="zm-list-content-title"><a data-tip="p$t$ruan-peng-73" href="https://www.zhihu.com/people/ruan-peng-73" class="zg-link" title="��"
>��</a></h2>

<div class="zg-big-gray"></div>
<div class="details zg-gray">
<a target="_blank" href="/people/ruan-peng-73/followers" class="zg-link-gray-normal">0 关注�</a>
/
<a target="_blank" href="/people/ruan-peng-73/asks" class="zg-link-gray-normal">0 提问</a>
/
<a target="_blank" href="/people/ruan-peng-73/answers" class="zg-link-gray-normal">0 回答</a>
/
<a target="_blank" href="/people/ruan-peng-73" class="zg-link-gray-normal">0 赞同</a>
</div>

</div>
</div>

<div class="zm-profile-card zm-profile-section-item zg-clear no-hovercard">
<div class="zg-right">
<button data-follow="m:button" data-id="8831bf1501749bc5bd4a48e310ea66cd" class="zg-btn zg-btn-follow zm-rich-follow-btn small nth-0">关注</button>
</div>
<a title="bee"
data-tip="p$t$bee-64-20"
class="zm-item-link-avatar"
href="/people/bee-64-20">
<img src="https://pic1.zhimg.com/da8e974dc_m.jpg" class="zm-item-img-avatar">
</a>
<div class="zm-list-content-medium">
<h2 class="zm-list-content-title"><a data-tip="p$t$bee-64-20" href="https://www.zhihu.com/people/bee-64-20" class="zg-link" title="bee"
>bee</a></h2>

<div class="zg-big-gray">医生</div>
<div class="details zg-gray">
<a target="_blank" href="/people/bee-64-20/followers" class="zg-link-gray-normal">0 关注�</a>
/
<a target="_blank" href="/people/bee-64-20/asks" class="zg-link-gray-normal">0 提问</a>
/
<a target="_blank" href="/people/bee-64-20/answers" class="zg-link-gray-normal">0 回答</a>
/
<a target="_blank" href="/people/bee-64-20" class="zg-link-gray-normal">0 赞同</a>
</div>

</div>
</div>

<div class="zm-profile-card zm-profile-section-item zg-clear no-hovercard">
<div class="zg-right">
<button data-follow="m:button" data-id="1a58cb7e00a9609c9cfc5a41da769c6b" class="zg-btn zg-btn-follow zm-rich-follow-btn small nth-0">关注</button>
</div>
<a title="滔滔�"
data-tip="p$t$tao-tao-xiao"
class="zm-item-link-avatar"
href="/people/tao-tao-xiao">
<img src="https://pic1.zhimg.com/d4f06e92c1173dae5dae897f97ea0154_m.png" class="zm-item-img-avatar">
</a>
<div class="zm-list-content-medium">
<h2 class="zm-list-content-title"><a data-tip="p$t$tao-tao-xiao" href="https://www.zhihu.com/people/tao-tao-xiao" class="zg-link" title="滔滔�"
>滔滔�</a></h2>

<div class="zg-big-gray"></div>
<div class="details zg-gray">
<a target="_blank" href="/people/tao-tao-xiao/followers" class="zg-link-gray-normal">0 关注�</a>
/
<a target="_blank" href="/people/tao-tao-xiao/asks" class="zg-link-gray-normal">0 提问</a>
/
<a target="_blank" href="/people/tao-tao-xiao/answers" class="zg-link-gray-normal">0 回答</a>
/
<a target="_blank" href="/people/tao-tao-xiao" class="zg-link-gray-normal">0 赞同</a>
</div>

</div>
</div>

<div class="zm-profile-card zm-profile-section-item zg-clear no-hovercard">
<div class="zg-right">
<button data-follow="m:button" data-id="2243583979bb826d5404d64868b31347" class="zg-btn zg-btn-follow zm-rich-follow-btn small nth-0">关注�</button>
</div>
<a title="毕金�"
data-tip="p$t$bi-jin-jin"
class="zm-item-link-avatar"
href="/people/bi-jin-jin">
<img src="https://pic1.zhimg.com/da8e974dc_m.jpg" class="zm-item-img-avatar">
</a>
<div class="zm-list-content-medium">
<h2 class="zm-list-content-title"><a data-tip="p$t$bi-jin-jin" href="https://www.zhihu.com/people/bi-jin-jin" class="zg-link" title="毕金�"
>毕金�</a></h2>

<div class="zg-big-gray"></div>
<div class="details zg-gray">
<a target="_blank" href="/people/bi-jin-jin/followers" class="zg-link-gray-normal">0 关注�</a>
/
<a target="_blank" href="/people/bi-jin-jin/asks" class="zg-link-gray-normal">0 提问</a>
/
<a target="_blank" href="/people/bi-jin-jin/answers" class="zg-link-gray-normal">0 回答</a>
/
<a target="_blank" href="/people/bi-jin-jin" class="zg-link-gray-normal">0 赞同</a>
</div>

</div>
</div>

<div class="zm-profile-card zm-profile-section-item zg-clear no-hovercard">
<div class="zg-right">
<button data-follow="m:button" data-id="9db5c538e5a16ae0fca4673a99cdeb7c" class="zg-btn zg-btn-follow zm-rich-follow-btn small nth-0">关注</button>
</div>
<a title="wuli罕罕"
data-tip="p$t$wulihan-han-96"
class="zm-item-link-avatar"
href="/people/wulihan-han-96">
<img src="https://pic1.zhimg.com/da8e974dc_m.jpg" class="zm-item-img-avatar">
</a>
<div class="zm-list-content-medium">
<h2 class="zm-list-content-title"><a data-tip="p$t$wulihan-han-96" href="https://www.zhihu.com/people/wulihan-han-96" class="zg-link" title="wuli罕罕"
>wuli罕罕</a></h2>

<div class="zg-big-gray">社交撕��</div>
<div class="details zg-gray">
<a target="_blank" href="/people/wulihan-han-96/followers" class="zg-link-gray-normal">1 关注�</a>
/
<a target="_blank" href="/people/wulihan-han-96/asks" class="zg-link-gray-normal">0 提问</a>
/
<a target="_blank" href="/people/wulihan-han-96/answers" class="zg-link-gray-normal">0 回答</a>
/
<a target="_blank" href="/people/wulihan-han-96" class="zg-link-gray-normal">0 赞同</a>
</div>

</div>
</div>

<div class="zm-profile-card zm-profile-section-item zg-clear no-hovercard">
<div class="zg-right">
<button data-follow="m:button" data-id="62e93bbd689830cc4660e552b997acc7" class="zg-btn zg-btn-follow zm-rich-follow-btn small nth-0">关注�</button>
</div>
<a title="罗开�"
data-tip="p$t$luo-kai-feng-19"
class="zm-item-link-avatar"
href="/people/luo-kai-feng-19">
<img src="https://pic1.zhimg.com/3d3fc0bad30fa5c7672db15d2732f220_m.jpg" class="zm-item-img-avatar">
</a>
<div class="zm-list-content-medium">
<h2 class="zm-list-content-title"><a data-tip="p$t$luo-kai-feng-19" href="https://www.zhihu.com/people/luo-kai-feng-19" class="zg-link" title="罗开�"
>罗开�</a></h2>

<div class="zg-big-gray">卡卡西的千年��</div>
<div class="details zg-gray">
<a target="_blank" href="/people/luo-kai-feng-19/followers" class="zg-link-gray-normal">0 关注�</a>
/
<a target="_blank" href="/people/luo-kai-feng-19/asks" class="zg-link-gray-normal">0 提问</a>
/
<a target="_blank" href="/people/luo-kai-feng-19/answers" class="zg-link-gray-normal">14 回答</a>
/
<a target="_blank" href="/people/luo-kai-feng-19" class="zg-link-gray-normal">13 赞同</a>
</div>

</div>
</div>

<div class="zm-profile-card zm-profile-section-item zg-clear no-hovercard">
<div class="zg-right">
<button data-follow="m:button" data-id="22b40dd78ae1fb181ab47052b22ccc56" class="zg-btn zg-btn-follow zm-rich-follow-btn small nth-0">关注</button>
</div>
<a title="大白"
data-tip="p$t$da-bai-88-43"
class="zm-item-link-avatar"
href="/people/da-bai-88-43">
<img src="https://pic1.zhimg.com/0ab02a611055a79e7369e35dfdc9f38c_m.jpg" class="zm-item-img-avatar">
</a>
<div class="zm-list-content-medium">
<h2 class="zm-list-content-title"><a data-tip="p$t$da-bai-88-43" href="https://www.zhihu.com/people/da-bai-88-43" class="zg-link" title="大白"
>大白</a></h2>

<div class="zg-big-gray"></div>
<div class="details zg-gray">
<a target="_blank" href="/people/da-bai-88-43/followers" class="zg-link-gray-normal">0 关注�</a>
/
<a target="_blank" href="/people/da-bai-88-43/asks" class="zg-link-gray-normal">0 提问</a>
/
<a target="_blank" href="/people/da-bai-88-43/answers" class="zg-link-gray-normal">0 回答</a>
/
<a target="_blank" href="/people/da-bai-88-43" class="zg-link-gray-normal">0 赞同</a>
</div>

</div>
</div>

<div class="zm-profile-card zm-profile-section-item zg-clear no-hovercard">
<div class="zg-right">
<button data-follow="m:button" data-id="1e5779b2a1d555ed296ec04dabd8144c" class="zg-btn zg-btn-follow zm-rich-follow-btn small nth-0">关注�</button>
</div>
<a title="方玉�"
data-tip="p$t$fang-yu-xuan-35-46"
class="zm-item-link-avatar"
href="/people/fang-yu-xuan-35-46">
<img src="https://pic1.zhimg.com/e7516e8d5f717394c5a863585bc68bd8_m.jpg" class="zm-item-img-avatar">
</a>
<div class="zm-list-content-medium">
<h2 class="zm-list-content-title"><a data-tip="p$t$fang-yu-xuan-35-46" href="https://www.zhihu.com/people/fang-yu-xuan-35-46" class="zg-link" title="方玉�"
>方玉�</a></h2>

<div class="zg-big-gray">头像�我的��</div>
<div class="details zg-gray">
<a target="_blank" href="/people/fang-yu-xuan-35-46/followers" class="zg-link-gray-normal">5 关注�</a>
/
<a target="_blank" href="/people/fang-yu-xuan-35-46/asks" class="zg-link-gray-normal">0 提问</a>
/
<a target="_blank" href="/people/fang-yu-xuan-35-46/answers" class="zg-link-gray-normal">1 回答</a>
/
<a target="_blank" href="/people/fang-yu-xuan-35-46" class="zg-link-gray-normal">0 赞同</a>
</div>

</div>
</div>

<div class="zm-profile-card zm-profile-section-item zg-clear no-hovercard">
<div class="zg-right">
<button data-follow="m:button" data-id="ba55433a246ac6bad284efd7c9375a95" class="zg-btn zg-btn-follow zm-rich-follow-btn small nth-0">关注</button>
</div>
<a title="胡坤�"
data-tip="p$t$hu-kun-peng-12"
class="zm-item-link-avatar"
href="/people/hu-kun-peng-12">
<img src="https://pic1.zhimg.com/da8e974dc_m.jpg" class="zm-item-img-avatar">
</a>
<div class="zm-list-content-medium">
<h2 class="zm-list-content-title"><a data-tip="p$t$hu-kun-peng-12" href="https://www.zhihu.com/people/hu-kun-peng-12" class="zg-link" title="胡坤�"
>胡坤�</a></h2>

<div class="zg-big-gray"></div>
<div class="details zg-gray">
<a target="_blank" href="/people/hu-kun-peng-12/followers" class="zg-link-gray-normal">0 关注�</a>
/
<a target="_blank" href="/people/hu-kun-peng-12/asks" class="zg-link-gray-normal">0 提问</a>
/
<a target="_blank" href="/people/hu-kun-peng-12/answers" class="zg-link-gray-normal">0 回答</a>
/
<a target="_blank" href="/people/hu-kun-peng-12" class="zg-link-gray-normal">0 赞同</a>
</div>

</div>
</div>

<div class="zm-profile-card zm-profile-section-item zg-clear no-hovercard">
<div class="zg-right">
<button data-follow="m:button" data-id="11d50a2de6b133962eb95ee34f512f4a" class="zg-btn zg-btn-follow zm-rich-follow-btn small nth-0">关注�</button>
</div>
<a title="Leo小�"
data-tip="p$t$leoxiao-rang"
class="zm-item-link-avatar"
href="/people/leoxiao-rang">
<img src="https://pic1.zhimg.com/da8e974dc_m.jpg" class="zm-item-img-avatar">
</a>
<div class="zm-list-content-medium">
<h2 class="zm-list-content-title"><a data-tip="p$t$leoxiao-rang" href="https://www.zhihu.com/people/leoxiao-rang" class="zg-link" title="Leo小�"
>Leo小�</a></h2>

<div class="zg-big-gray"></div>
<div class="details zg-gray">
<a target="_blank" href="/people/leoxiao-rang/followers" class="zg-link-gray-normal">0 关注�</a>
/
<a target="_blank" href="/people/leoxiao-rang/asks" class="zg-link-gray-normal">0 提问</a>
/
<a target="_blank" href="/people/leoxiao-rang/answers" class="zg-link-gray-normal">1 回答</a>
/
<a target="_blank" href="/people/leoxiao-rang" class="zg-link-gray-normal">0 赞同</a>
</div>

</div>
</div>

<div class="zm-profile-card zm-profile-section-item zg-clear no-hovercard">
<div class="zg-right">
<button data-follow="m:button" data-id="72be63c761c95a74f1b265cc768ba8e1" class="zg-btn zg-btn-follow zm-rich-follow-btn small nth-0">关注</button>
</div>
<a title="单程"
data-tip="p$t$dan-cheng-32-45"
class="zm-item-link-avatar"
href="/people/dan-cheng-32-45">
<img src="https://pic1.zhimg.com/da8e974dc_m.jpg" class="zm-item-img-avatar">
</a>
<div class="zm-list-content-medium">
<h2 class="zm-list-content-title"><a data-tip="p$t$dan-cheng-32-45" href="https://www.zhihu.com/people/dan-cheng-32-45" class="zg-link" title="单程"
>单程</a></h2>

<div class="zg-big-gray"></div>
<div class="details zg-gray">
<a target="_blank" href="/people/dan-cheng-32-45/followers" class="zg-link-gray-normal">0 关注�</a>
/
<a target="_blank" href="/people/dan-cheng-32-45/asks" class="zg-link-gray-normal">0 提问</a>
/
<a target="_blank" href="/people/dan-cheng-32-45/answers" class="zg-link-gray-normal">0 回答</a>
/
<a target="_blank" href="/people/dan-cheng-32-45" class="zg-link-gray-normal">0 赞同</a>
</div>

</div>
</div>

</div>
<a href="javascript:;" id="zh-load-more" data-method="next" class="zg-btn-white zg-r3px zu-button-more" style="display:none">更�</a>
</div>
</div>
</div>


</div>
</div>


<div class="zu-main-sidebar">

<div class="zm-profile-side-following zg-clear">
<a class="item" href="/people/kaifulee/followees">
<span class="zg-gray-normal">关注�</span><br />
<strong>201</strong><label> �</label>
</a>
<a class="item" href="/people/kaifulee/followers">
<span class="zg-gray-normal">关注�</span><br />
<strong>964180</strong><label> �</label>
</a>
</div>

<div class="zm-profile-side-section">
<div class="zm-side-section-inner zg-clear">
<div class="zm-profile-side-same-friends">
<div class="zm-profile-side-section-title">
我关注的人中�<a href="/people/kaifulee/mutuals" class="zg-link-litblue">5 �</a>也关注他
</div>
<div class="zu-small-avatar-list zg-clear">

<a title="欲三�"
data-tip="p$t$yu-san-geng"
class="zm-item-link-avatar"
href="/people/yu-san-geng">
<img src="https://pic1.zhimg.com/a8701c0e2fdc674c2d83faa4cda95874_s.jpg" class="zm-item-img-avatar">
</a>

<a title="��"
data-tip="p$t$ccat"
class="zm-item-link-avatar"
href="/people/ccat">
<img src="https://pic2.zhimg.com/484cac951_s.jpg" class="zm-item-img-avatar">
</a>

<a title="张克�"
data-tip="p$t$kejun"
class="zm-item-link-avatar"
href="/people/kejun">
<img src="https://pic2.zhimg.com/191ec5daa9b4d6931eed0eba8a9cf39d_s.jpg" class="zm-item-img-avatar">
</a>

<a title="王维"
data-tip="p$t$wang-wei-63"
class="zm-item-link-avatar"
href="/people/wang-wei-63">
<img src="https://pic2.zhimg.com/ee3ce0499_s.jpg" class="zm-item-img-avatar">
</a>

<a title="周源"
data-tip="p$t$zhouyuan"
class="zm-item-link-avatar"
href="/people/zhouyuan">
<img src="https://pic2.zhimg.com/eb64aa88daef788fe6cc080bd771482d_s.jpg" class="zm-item-img-avatar">
</a>

</div>
</div>
</div>
</div>

<div class="zm-profile-side-section">
<div class="zm-side-section-inner zg-clear">
<div class="zm-profile-side-section-title">
关注� <a href="/people/kaifulee/topics" class="zg-link-litblue"><strong>28 �话�</strong></a>
</div>
<div class="zm-profile-side-topics" id="zh-profile-following-topic">

<a class="link" data-tip="t$t$19552720" href="/topic/19552720">
<img class="Avatar Avatar--l" src="https://pic1.zhimg.com/722691568_l.jpg" srcset="https://pic1.zhimg.com/722691568_xl.jpg 2x" alt="李开复（人物�" />
</a>

<a class="link" data-tip="t$t$19624098" href="/topic/19624098">
<img class="Avatar Avatar--l" src="https://pic4.zhimg.com/2af49c3d3_l.jpg" srcset="https://pic4.zhimg.com/2af49c3d3_xl.jpg 2x" alt="创新工场" />
</a>

<a class="link" data-tip="t$t$19565870" href="/topic/19565870">
<img class="Avatar Avatar--l" src="https://pic4.zhimg.com/aee94de3e96d04c20c50b02b58c76adb_l.png" srcset="https://pic4.zhimg.com/aee94de3e96d04c20c50b02b58c76adb_xl.png 2x" alt="谷歌 (Google)" />
</a>

<a class="link" data-tip="t$t$19552679" href="/topic/19552679">
<img class="Avatar Avatar--l" src="https://pic3.zhimg.com/5deb78a9d750d0cd1b8b00d191ea121e_l.jpg" srcset="https://pic3.zhimg.com/5deb78a9d750d0cd1b8b00d191ea121e_xl.jpg 2x" alt="��" />
</a>

<a class="link" data-tip="t$t$19550340" href="/topic/19550340">
<img class="Avatar Avatar--l" src="https://pic3.zhimg.com/86cb8736a8a7498fafe2f017465bf5b2_l.jpg" srcset="https://pic3.zhimg.com/86cb8736a8a7498fafe2f017465bf5b2_xl.jpg 2x" alt="Facebook" />
</a>

<a class="link" data-tip="t$t$19550228" href="/topic/19550228">
<img class="Avatar Avatar--l" src="https://pic1.zhimg.com/2e33f063f1bd9221df967219167b5de0_l.jpg" srcset="https://pic1.zhimg.com/2e33f063f1bd9221df967219167b5de0_xl.jpg 2x" alt="知乎" />
</a>

<a class="link" data-tip="t$t$19552722" href="/topic/19552722">
<img class="Avatar Avatar--l" src="https://pic1.zhimg.com/93efcb36ce8d1bc35127deb23fb9eb4c_l.jpg" srcset="https://pic1.zhimg.com/93efcb36ce8d1bc35127deb23fb9eb4c_xl.jpg 2x" alt="谷歌��" />
</a>

</div>
</div>
</div>

<div class="zm-profile-side-section">
<div class="zm-side-section-inner">
<ul id="profile-side-op" class="profile-side-op">

<li><a href="javascript:void(0);" name="report" class="zg-link-gray-normal">举报用户</a></li>



<li><a href="javascript:void(0);" name="block" class="zg-link-gray-normal">屏蔽用户</a></li>


</ul>
</div>
</div>

<div class="zm-profile-side-section">
<div class="zm-side-section-inner">
<span class="zg-gray-normal">�人主页� <strong>153783</strong> 人浏�</span>
</div>
</div>

<script type="text/json" class="json-inline" data-name="current_people">["\u674e\u5f00\u590d","kaifulee","https:\/\/pic1.zhimg.com\/c104d6f24_s.jpg","043ff01e5d03c529c268d50f388012c2"]</script>
<div id="zh-footer" class="zh-footer">
<div class="content zg-wrap clearfix">
<ul>

<li><a href="https://liukanshan.zhihu.com" target="_blank">刘看�</a></li>

<li><a href="/question/19581624" target="_blank">知乎指南</a></li>
<li><a href="javascript:;" id="js-feedback-button">建�反�</a></li>

<li><a href="/app" target="_blank">移动应用</a></li>
<li><a href="/careers">加入知乎</a></li>
<li><a href="/terms" target="_blank">知乎协�</a></li>
<li><a href="/contact">联系我们</a></li>

</ul>

<span class="copy">&copy; 2016 知乎</span>

</div>
</div>


</div>


</div>



<script type="text/json" class="json-inline" data-name="guiders2">{"exclusive-popover":{},"section":{},"editor":[]}</script>
<script type="text/json" class="json-inline" data-name="current_user">["alex liu","alex-liu-90-89","https:\/\/pic1.zhimg.com\/da8e974dc_s.jpg","23a3f9208f774c3604303b4f5cfa5593","",0,0,true,"fly8421@outlook.com","http:\/\/login.live.com",0,false,false,false,"31251545194496",false]</script>
<script type="text/json" class="json-inline" data-name="user_status">[null,null]</script>
<script type="text/json" class="json-inline" data-name="env">["zhihu.com","comet.zhihu.com",false,null,false]</script>
<script type="text/json" class="json-inline" data-name="permissions">[]</script>


<script type="text/json" class="json-inline" data-name="ga_vars">{"user_created":1373859581000,"now":1468422142000,"abtest_mask":"---------1--------------------","user_attr":[1,0,0,"-",1],"user_hash":"23a3f9208f774c3604303b4f5cfa5593"}</script>

<script type="text/json" class="json-inline" data-name="ra-urls">{"Report":"https:\/\/static.zhihu.com\/static\/revved\/-\/apps\/Report.de4e9d17.js","Community":"https:\/\/static.zhihu.com\/static\/revved\/-\/apps\/Community.4e11c449.js","OrgAnalytics":"https:\/\/static.zhihu.com\/static\/revved\/-\/apps\/OrgAnalytics.47e1a483.js","common":"https:\/\/static.zhihu.com\/static\/revved\/-\/apps\/common.ed1d17c3.js","CommentApp":"https:\/\/static.zhihu.com\/static\/revved\/-\/apps\/CommentApp.2ab02258.js"}</script>

<script src="https://static.zhihu.com/static/revved/-/js/vendor.ff76fbae.js"></script>
<script src="https://static.zhihu.com/static/revved/-/js/closure/base.16f00cdc.js"></script>

<script src="https://static.zhihu.com/static/revved/-/js/closure/common.da58cddd.js"></script>


<script src="https://static.zhihu.com/static/revved/-/js/closure/richtexteditor.2366981a.js" async></script>
<script src="https://static.zhihu.com/static/revved/-/js/closure/page-profile.cefc86c5.js"></script>
<meta name="entry" content="ZH.entryProfile" data-module-id="page-profile">

<script type="text/zscript" znonce="9cf9901c61d244a392b2ab88a2cb513c"></script>

<input type="hidden" name="_xsrf" value="e554d006e527eb151cf238216037498e"/>
</body>
</html>
�������:xiao-zong-xiong-37
�������:shi-gu-liu-guang
�������:jade-wu-44
�������:fang-ming-ming-78
�������:e-e-70-38
�������:jin-qing-59-9
�������:maldolro
�������:xin-zhi-xing-zhi
�������:fuyu-xu
�������:ruan-peng-73
�������:bee-64-20
�������:tao-tao-xiao
�������:bi-jin-jin
�������:wulihan-han-96
�������:luo-kai-feng-19
�������:da-bai-88-43
�������:fang-yu-xuan-35-46
�������:hu-kun-peng-12
�������:leoxiao-rang
�������:dan-cheng-32-45
status code:200
�������:qingfengzi
�������:xiaozhenliu
�������:yang-yang-36-55
�������:wu-jun-65-59
�������:chen-yi-ying
�������:shi-qing-65
�������:nie-hong-shan
�������:shli
�������:bai-he-68
�������:xie-jia-yang
�������:xu-xiao-ping-87
�������:mifan
�������:dong-qing
�������:chriscpu
�������:michelle-li
�������:geng-yun-feng
�������:yirangyue
�������:zhang-zhen-33
�������:yuebin
�������:pmpm
�Ѿ�ץȡ:1����ץȡ--->xiao-zong-xiong-37
url-->https://www.zhihu.com/people/xiao-zong-xiong-37/followers
status code:200
ץȡ����
now here is the page of -------------> xiao-zong-xiong-37
---------------------------------------------->
-----------------------------------------xiao-zong-xiong-37
<!DOCTYPE html>
<html lang="zh-CN" dropEffect="none" class="no-js ">
<head>
<meta charset="utf-8" />

<meta http-equiv="X-UA-Compatible" content="IE=edge,chrome=1" />
<meta name="renderer" content="webkit" />
<meta http-equiv="X-ZA-Response-Id" content="c31bf5053ef849b782f2779a151ba834">

<title>小�熊 的关注� - 知乎</title>

<meta name="apple-itunes-app" content="app-id=432274380, app-argument=zhihu://people/xiao-zong-xiong-37">


<meta name="viewport" content="width=device-width, initial-scale=1, maximum-scale=1"/>
<meta http-equiv="mobile-agent" content="format=html5;url=https://www.zhihu.com/people/xiao-zong-xiong-37/followers">
<meta id="znonce" name="znonce" content="56c5da6ab1554b898dfa94418867bf0b">



<link rel="apple-touch-icon" href="https://static.zhihu.com/static/revved/img/ios/touch-icon-152.87c020b9.png" sizes="152x152">
<link rel="apple-touch-icon" href="https://static.zhihu.com/static/revved/img/ios/touch-icon-120.496c913b.png" sizes="120x120">
<link rel="apple-touch-icon" href="https://static.zhihu.com/static/revved/img/ios/touch-icon-76.dcf79352.png" sizes="76x76">
<link rel="apple-touch-icon" href="https://static.zhihu.com/static/revved/img/ios/touch-icon-60.9911cffb.png" sizes="60x60">


<link rel="shortcut icon" href="https://static.zhihu.com/static/favicon.ico" type="image/x-icon">

<link rel="search" type="application/opensearchdescription+xml" href="https://static.zhihu.com/static/search.xml" title="知乎" />
<link rel="stylesheet" href="https://static.zhihu.com/static/revved/-/css/z.f27e53b2.css">
<link rel="stylesheet" href="https://static.zhihu.com/static/revved/-/css/pages/profile/main.9f9b4fe5.css">




<!--[if lt IE 9]>
<script src="https://static.zhihu.com/static/components/respond/dest/respond.min.js"></script>
<link href="https://static.zhihu.com/static/components/respond/cross-domain/respond-proxy.html" id="respond-proxy" rel="respond-proxy" />
<link href="/static/components/respond/cross-domain/respond.proxy.gif" id="respond-redirect" rel="respond-redirect" />
<script src="/static/components/respond/cross-domain/respond.proxy.js"></script>
<![endif]-->
<script src="https://static.zhihu.com/static/revved/-/js/instant.e7a17de6.js"></script>

<style>
.zm-side-section + .zm-side-section {
margin: 20px 0 0 0;
}
.zm-profile-section-list .zm-item-answer-author-info .zm-item-link-avatar {
display: none;
}
</style>

</head>

<body class="zhi ">



<div role="navigation" class="zu-top">
<div class="zg-wrap modal-shifting clearfix" id="zh-top-inner">
<a href="/" class="zu-top-link-logo" id="zh-top-link-logo" data-za-c="view_home" data-za-a="visit_home" data-za-l="top_navigation_zhihu_logo">知乎</a>

<div class="top-nav-profile">
<a href="/people/alex-liu-90-89" class="zu-top-nav-userinfo ">
<span class="name">alex liu</span>
<img class="Avatar" src="https://pic1.zhimg.com/da8e974dc_s.jpg" srcset="https://pic1.zhimg.com/da8e974dc_xs.jpg 2x" alt="alex liu" />
<span id="zh-top-nav-new-pm" class="zg-noti-number zu-top-nav-pm-count"
style="visibility:hidden" data-count="0">

</span>
</a>
<ul class="top-nav-dropdown" id="top-nav-profile-dropdown">
<li>
<a href="/people/alex-liu-90-89">
<i class="zg-icon zg-icon-dd-home"></i>我的主页
</a>
</li>

<li>
<a href="/inbox">
<i class="zg-icon zg-icon-dd-pm"></i>私信
<span id="zh-top-nav-pm-count" class="zu-top-nav-pm-count zg-noti-number"
style="visibility:hidden" data-count="0">

</span>
</a>
</li>
<li>
<a href="/settings">
<i class="zg-icon zg-icon-dd-settings"></i>设置
</a>
</li>
<li>
<a href="/logout">
<i class="zg-icon zg-icon-dd-logout"></i>��
</a>
</li>
</ul>

</div>



<button class="zu-top-add-question" id="zu-top-add-question">提问</button>


<div role="search" id="zh-top-search" class="zu-top-search">
<form method="GET" action="/search" id="zh-top-search-form" class="zu-top-search-form">



<input type="hidden" name="type" value="content">
<label for="q" class="hide-text">知乎搜索</label><input type="text" class="zu-top-search-input" id="q" name="q" autocomplete="off" value="" placeholder="搜索你感兴趣的内�...">
<button type="submit" class="zu-top-search-button"><span class="hide-text">搜索</span><span class="sprite-global-icon-magnifier-dark"></span></button>
</form>
</div>



<div id="zg-top-nav" class="zu-top-nav">
<ul class="zu-top-nav-ul zg-clear">

<li class="zu-top-nav-li " id="zh-top-nav-home">
<a class="zu-top-nav-link" href="/" id="zh-top-link-home" data-za-c="view_home" data-za-a="visit_home" data-za-l="top_navigation_home">首页</a>
</li>



<li class="top-nav-topic-selector zu-top-nav-li " id="zh-top-nav-topic">
<a class="zu-top-nav-link" href="/topic" id="top-nav-dd-topic">话�</a>
</li>

<li class="zu-top-nav-li " id="zh-top-nav-explore">
<a class="zu-top-nav-link" href="/explore">发现</a>
</li>

<li class="top-nav-noti zu-top-nav-li ">
<a class="zu-top-nav-link" href="javascript:;" id="zh-top-nav-count-wrap" role="button"><span class="mobi-arrow"></span>消息</a>
</li>



</ul>
<div class="zu-top-nav-live zu-noti7-popup zg-r5px no-hovercard" id="zh-top-nav-live-new" role="popup" tabindex="0">
<div class="zu-top-nav-live-inner zg-r5px">
<div class="zu-top-live-icon">&nbsp;</div>
<div class="zu-home-noti-inner" id="zh-top-nav-live-new-inner">
<div class="zm-noti7-popup-tab-container clearfix" tabindex="0">
<button class="zm-noti7-popup-tab-item message">
<span class="icon">消息</span>
</button>
<button class="zm-noti7-popup-tab-item user">
<span class="icon">用户</span>
</button>
<button class="zm-noti7-popup-tab-item thanks">
<span class="icon">赞同和感�</span>
</button>
</div>
</div>
<div class="zm-noti7-frame-border top"></div>
<div class="zm-noti7-frame">
<div class="zm-noti7-content message">
<div class="zm-noti7-content-inner">
<div class="zm-noti7-content-body">
<div class="zm-noti7-popup-loading">
<span class="noti-spinner-loading"></span>
</div>
</div>
</div>
</div>
<div class="zm-noti7-content user" style="display:none;">
<div class="zm-noti7-content-inner">
<div class="zm-noti7-content-body">
<div class="zm-noti7-popup-loading">
<span class="noti-spinner-loading"></span>
</div>
</div>
</div>
</div>
<div class="zm-noti7-content thanks" style="display:none;">
<div class="zm-noti7-content-inner">
<div class="zm-noti7-content-body">
<div class="zm-noti7-popup-loading">
<span class="noti-spinner-loading"></span>
</div>
</div>
</div>
</div>
</div>
<div class="zm-noti7-frame-border bottom"></div>
<div class="zm-noti7-popup-footer">
<a href="/notifications" class="zm-noti7-popup-footer-all zg-right">查看全部 &raquo;</a>
<a href="/settings/notification" class="zm-noti7-popup-footer-set" title="通知设置" ><i class="zg-icon zg-icon-settings"></i></a>
</div>
</div>
</div>

</div>

</div>
</div>


<div class="zu-global-notify" id="zh-global-message" style="display:none">
<div class="zg-wrap">
<div class="zu-global-nitify-inner">
<a class="zu-global-notify-close" href="javascript:;" title="关闭" name="close">x</a>
<span class="zu-global-notify-icon"></span>
<span class="zu-global-notify-msg"></span>
</div>
</div>
</div>




<div class="zg-wrap zu-main clearfix "  role="main">
<div class="zu-main-content">
<div class="zu-main-content-inner">






<div class="zm-profile-header ProfileCard">
<div class="zm-profile-header-main">
<div class="top">

<div class='weibo-wrap'>

</div>

<div class="title-section ellipsis">
<a class="name" href="/people/xiao-zong-xiong-37">小�熊</a>�<span class="bio" title="�爱汽车的小白��">�爱汽车的小白��</span>
</div>
</div>
<div class="body clearfix">

<img class="Avatar Avatar--l" src="https://pic4.zhimg.com/939b0c9a8d923ccd547f7f0e0a62a71b_l.jpg" srcset="https://pic4.zhimg.com/939b0c9a8d923ccd547f7f0e0a62a71b_xl.jpg 2x" alt="小�熊" />

<div class="zm-profile-header-info">
<div class="zm-profile-header-user-describe">
<div class="items">

<div class="item editable-group" data-name="location">

<i class="icon icon-profile-location"></i>

<span class="info-wrap">


<span class="business item" title="金属加工"><a href="/topic/19859037" title="金属加工" class="topic-link" data-token="19859037" data-topicid="105041">金属加工</a></span>


<span class="item gender" ><i class="icon icon-profile-male"></i></span>


</span>
<span class="edit-wrap" style="display:none;">
<span class="topic-input-wrap"><input autocomplete="off" aria-haspopup="true" type="text" name="location" value="" class="zg-form-text-input location" placeholder="居住�"/></span>
<div class="business-selection">
<select name="business">
<option value="">选择行业</option>


<option value="高新科技">高新科技</option>

<option value="互联�">&nbsp;&nbsp;&nbsp;互联�</option>

<option value="电子商务">&nbsp;&nbsp;&nbsp;电子商务</option>

<option value="电子游戏">&nbsp;&nbsp;&nbsp;电子游戏</option>

<option value="计算机软�">&nbsp;&nbsp;&nbsp;计算机软�</option>

<option value="计算机硬�">&nbsp;&nbsp;&nbsp;计算机硬�</option>




<option value="信息传媒">信息传媒</option>

<option value="出版�">&nbsp;&nbsp;&nbsp;出版�</option>

<option value="电影录音">&nbsp;&nbsp;&nbsp;电影录音</option>

<option value="广播电�">&nbsp;&nbsp;&nbsp;广播电�</option>

<option value="通信">&nbsp;&nbsp;&nbsp;通信</option>




<option value="金融">金融</option>

<option value="银�">&nbsp;&nbsp;&nbsp;银�</option>

<option value="资本投资">&nbsp;&nbsp;&nbsp;资本投资</option>

<option value="证券投资">&nbsp;&nbsp;&nbsp;证券投资</option>

<option value="保险">&nbsp;&nbsp;&nbsp;保险</option>

<option value="信贷">&nbsp;&nbsp;&nbsp;信贷</option>

<option value="财务">&nbsp;&nbsp;&nbsp;财务</option>

<option value="审�">&nbsp;&nbsp;&nbsp;审�</option>




<option value="服务�">服务�</option>

<option value="法律">&nbsp;&nbsp;&nbsp;法律</option>

<option value="餐饮">&nbsp;&nbsp;&nbsp;餐饮</option>

<option value="酒店">&nbsp;&nbsp;&nbsp;酒店</option>

<option value="旅游">&nbsp;&nbsp;&nbsp;旅游</option>

<option value="广告">&nbsp;&nbsp;&nbsp;广告</option>

<option value="��">&nbsp;&nbsp;&nbsp;��</option>

<option value="��">&nbsp;&nbsp;&nbsp;��</option>

<option value="咨�分�">&nbsp;&nbsp;&nbsp;咨�分�</option>

<option value="市场推广">&nbsp;&nbsp;&nbsp;市场推广</option>

<option value="人力资源">&nbsp;&nbsp;&nbsp;人力资源</option>

<option value="社工服务">&nbsp;&nbsp;&nbsp;社工服务</option>

<option value="养�服�">&nbsp;&nbsp;&nbsp;养�服�</option>




<option value="教育">教育</option>

<option value="高等教育">&nbsp;&nbsp;&nbsp;高等教育</option>

<option value="基�教育">&nbsp;&nbsp;&nbsp;基�教育</option>

<option value="职业教育">&nbsp;&nbsp;&nbsp;职业教育</option>

<option value="幼儿教育">&nbsp;&nbsp;&nbsp;幼儿教育</option>

<option value="特殊教育">&nbsp;&nbsp;&nbsp;特殊教育</option>

<option value="培�">&nbsp;&nbsp;&nbsp;培�</option>




<option value="医疗服务">医疗服务</option>

<option value="临床医疗">&nbsp;&nbsp;&nbsp;临床医疗</option>

<option value="制药">&nbsp;&nbsp;&nbsp;制药</option>

<option value="保健">&nbsp;&nbsp;&nbsp;保健</option>

<option value="美�">&nbsp;&nbsp;&nbsp;美�</option>

<option value="医疗器材">&nbsp;&nbsp;&nbsp;医疗器材</option>

<option value="生物工程">&nbsp;&nbsp;&nbsp;生物工程</option>

<option value="疗养服务">&nbsp;&nbsp;&nbsp;疗养服务</option>

<option value="护理服务">&nbsp;&nbsp;&nbsp;护理服务</option>




<option value="艺术娱乐">艺术娱乐</option>

<option value="创意艺术">&nbsp;&nbsp;&nbsp;创意艺术</option>

<option value="体育健身">&nbsp;&nbsp;&nbsp;体育健身</option>

<option value="娱乐休闲">&nbsp;&nbsp;&nbsp;娱乐休闲</option>

<option value="图书�">&nbsp;&nbsp;&nbsp;图书�</option>

<option value="博物�">&nbsp;&nbsp;&nbsp;博物�</option>

<option value="策展">&nbsp;&nbsp;&nbsp;策展</option>

<option value="博彩">&nbsp;&nbsp;&nbsp;博彩</option>




<option value="制�加�">制�加�</option>

<option value="食品�料业">&nbsp;&nbsp;&nbsp;食品�料业</option>

<option value="纺织�革业">&nbsp;&nbsp;&nbsp;纺织�革业</option>

<option value="服�业">&nbsp;&nbsp;&nbsp;服�业</option>

<option value="烟草�">&nbsp;&nbsp;&nbsp;烟草�</option>

<option value="造纸�">&nbsp;&nbsp;&nbsp;造纸�</option>

<option value="印刷�">&nbsp;&nbsp;&nbsp;印刷�</option>

<option value="化工�">&nbsp;&nbsp;&nbsp;化工�</option>

<option value="汽车">&nbsp;&nbsp;&nbsp;汽车</option>

<option value="家具">&nbsp;&nbsp;&nbsp;家具</option>

<option value="电子电器">&nbsp;&nbsp;&nbsp;电子电器</option>

<option value="机���">&nbsp;&nbsp;&nbsp;机���</option>

<option value="塑料工业">&nbsp;&nbsp;&nbsp;塑料工业</option>

<option value="金属加工" selected>&nbsp;&nbsp;&nbsp;金属加工</option>

<option value="军火">&nbsp;&nbsp;&nbsp;军火</option>




<option value="地产建筑">地产建筑</option>

<option value="房地�">&nbsp;&nbsp;&nbsp;房地�</option>

<option value="装饰装潢">&nbsp;&nbsp;&nbsp;装饰装潢</option>

<option value="物业服务">&nbsp;&nbsp;&nbsp;物业服务</option>

<option value="特殊建�">&nbsp;&nbsp;&nbsp;特殊建�</option>

<option value="建筑设�">&nbsp;&nbsp;&nbsp;建筑设�</option>




<option value="贸易零售">贸易零售</option>

<option value="零售">&nbsp;&nbsp;&nbsp;零售</option>

<option value="大宗交易">&nbsp;&nbsp;&nbsp;大宗交易</option>

<option value="进出口贸�">&nbsp;&nbsp;&nbsp;进出口贸�</option>




<option value="�共服�">�共服�</option>

<option value="政府">&nbsp;&nbsp;&nbsp;政府</option>

<option value="国防军事">&nbsp;&nbsp;&nbsp;国防军事</option>

<option value="��">&nbsp;&nbsp;&nbsp;��</option>

<option value="科研">&nbsp;&nbsp;&nbsp;科研</option>

<option value="给排�">&nbsp;&nbsp;&nbsp;给排�</option>

<option value="水利能源">&nbsp;&nbsp;&nbsp;水利能源</option>

<option value="电力电网">&nbsp;&nbsp;&nbsp;电力电网</option>

<option value="�共�理">&nbsp;&nbsp;&nbsp;�共�理</option>

<option value="�境保�">&nbsp;&nbsp;&nbsp;�境保�</option>

<option value="非营利组�">&nbsp;&nbsp;&nbsp;非营利组�</option>




<option value="�采冶�">�采冶�</option>

<option value="煤炭工业">&nbsp;&nbsp;&nbsp;煤炭工业</option>

<option value="石油工业">&nbsp;&nbsp;&nbsp;石油工业</option>

<option value="黑色金属">&nbsp;&nbsp;&nbsp;黑色金属</option>

<option value="有色金属">&nbsp;&nbsp;&nbsp;有色金属</option>

<option value="土砂石开�">&nbsp;&nbsp;&nbsp;土砂石开�</option>

<option value="地热��">&nbsp;&nbsp;&nbsp;地热��</option>




<option value="交�仓�">交�仓�</option>

<option value="��">&nbsp;&nbsp;&nbsp;��</option>

<option value="物流递�">&nbsp;&nbsp;&nbsp;物流递�</option>

<option value="地面运输">&nbsp;&nbsp;&nbsp;地面运输</option>

<option value="铁路运输">&nbsp;&nbsp;&nbsp;铁路运输</option>

<option value="管线运输">&nbsp;&nbsp;&nbsp;管线运输</option>

<option value="�运业">&nbsp;&nbsp;&nbsp;�运业</option>

<option value="民用�空业">&nbsp;&nbsp;&nbsp;民用�空业</option>




<option value="农林牧渔">农林牧渔</option>

<option value="种�业">&nbsp;&nbsp;&nbsp;种�业</option>

<option value="畜牧养殖�">&nbsp;&nbsp;&nbsp;畜牧养殖�</option>

<option value="林业">&nbsp;&nbsp;&nbsp;林业</option>

<option value="渔业">&nbsp;&nbsp;&nbsp;渔业</option>



</select>
</div>
<span class="zg-bull"></span>
<input type="radio" name="gender" value="1" checked="checked" class="male"/> �&nbsp;&nbsp;
<input type="radio" name="gender" value="0"  class="female"/> �
<a class="zg-btn-blue" name="save" href="javascript:;">��</a>
</span>
</div>


<div class="item">

<a class="zm-profile-header-user-detail zg-link-litblue-normal zm-profile-icon-return" href="/people/xiao-zong-xiong-37">
<i class="icon zm-profile-header-icon"></i>
<span>返回�人主�</span>
</a>

</div>

</div>

<div class="zm-profile-header-description editable-group " data-name="description">
<span class="info-wrap fold-wrap fold disable-fold">
<span class="description unfold-item">
<span class="content">

喜��书和关注实事动�

</span>
<a href="javascript:;" name="fold" class="fold collapse meta-item"><i class="z-icon-fold"></i>收起</a>
</span>
<span class="fold-item">
<span class="content">

喜��书和关注实事动�

</span>
<a href="javascript:;" class="unfold zg-link-litblue-normal" name="unfold">显示全部 »</a>
</span>

</span>

<span class="edit-wrap" style="display:none;">
<div class="zm-editable-editor-outer">
<div class="zm-editable-editor-inner zg-form-text-input">
<textarea name="description" value="" class="zm-editable-editor-input description" id="profile-header-description-input">喜��书和关注实事动�</textarea>
</div>
</div>
<a class="zg-btn-blue" name="save" href="javascript:;">��</a>
</span>
</div>

</div>
</div>
</div>
</div>



<div class="zm-profile-header-operation zg-clear ">
<div class="zm-profile-header-info-list">
<span class="zm-profile-header-info-title">获得</span>
<span class="zm-profile-header-user-agree"><span class="zm-profile-header-icon"></span><strong>0</strong>赞同</span>
<span class="zm-profile-header-user-thanks"><span class="zm-profile-header-icon"></span><strong>2</strong>感谢</span>

</div>

<div class="zm-profile-header-op-btns clearfix">


<button data-follow="m:button" data-id="58cea36f5601d232bb307479f21cc337" class="zg-btn zg-btn-follow zm-rich-follow-btn">关注�</button>



<a href="/inbox/6846927800" class="zg-btn-white zm-profile-header-pm-btn" id="zm-profile-header-pm-btn"><i class="zg-icon">私信</i></a>


</div>

</div>
<div class="profile-navbar clearfix">
<a class="item home first "
href="/people/xiao-zong-xiong-37">
<i class="icon icon-profile-tab-home"></i><span class="hide-text">主页</span>
</a>
<a class="item "
href="/people/xiao-zong-xiong-37/asks">
提问
<span class="num">1</span>
</a>
<a class="item "
href="/people/xiao-zong-xiong-37/answers">
回答
<span class="num">2</span>
</a>
<a class="item "
href="/people/xiao-zong-xiong-37/posts">
文章
<span class="num">0</span>
</a>

<a class="item "
href="/people/xiao-zong-xiong-37/collections">
收藏
<span class="num">13</span>
</a>
<a class="item "
href="/people/xiao-zong-xiong-37/logs">
�共编�
<span class="num">3</span>
</a>

</div>

</div>


<div class="zm-profile-section-wrap">
<div class="zm-profile-section-head">
<span class="zm-profile-section-name"><a href="/people/xiao-zong-xiong-37">小�熊</a> � 1 人关�</span>
<a class="zg-right zg-link-litblue-normal zm-profile-answer-page-return" href="/people/xiao-zong-xiong-37">返回�人主�</a>

</div>
<div class="zm-profile-section-list">
<div id="zh-profile-follows-list">
<div class="zh-general-list clearfix" data-init="{&quot;params&quot;: {&quot;offset&quot;: 0, &quot;order_by&quot;: &quot;created&quot;, &quot;hash_id&quot;: &quot;58cea36f5601d232bb307479f21cc337&quot;}, &quot;nodename&quot;: &quot;ProfileFollowersListV2&quot;}">

<div class="zm-profile-card zm-profile-section-item zg-clear no-hovercard">
<div class="zg-right">
<button data-follow="m:button" data-id="8e3f4a642adc4280755b88d9e5b53daf" class="zg-btn zg-btn-follow zm-rich-follow-btn small nth-0">关注�</button>
</div>
<a title="roy13"
data-tip="p$t$roy13"
class="zm-item-link-avatar"
href="/people/roy13">
<img src="https://pic4.zhimg.com/11211b17f8ae6a8aa53d6880f5e2480f_m.jpg" class="zm-item-img-avatar">
</a>
<div class="zm-list-content-medium">
<h2 class="zm-list-content-title"><a data-tip="p$t$roy13" href="https://www.zhihu.com/people/roy13" class="zg-link" title="roy13"
>roy13</a></h2>

<div class="zg-big-gray">汽车��培��</div>
<div class="details zg-gray">
<a target="_blank" href="/people/roy13/followers" class="zg-link-gray-normal">139 关注�</a>
/
<a target="_blank" href="/people/roy13/asks" class="zg-link-gray-normal">0 提问</a>
/
<a target="_blank" href="/people/roy13/answers" class="zg-link-gray-normal">34 回答</a>
/
<a target="_blank" href="/people/roy13" class="zg-link-gray-normal">189 赞同</a>
</div>

</div>
</div>

</div>
<a href="javascript:;" id="zh-load-more" data-method="next" class="zg-btn-white zg-r3px zu-button-more" style="display:none">更�</a>
</div>
</div>
</div>


</div>
</div>


<div class="zu-main-sidebar">

<div class="zm-profile-side-following zg-clear">
<a class="item" href="/people/xiao-zong-xiong-37/followees">
<span class="zg-gray-normal">关注�</span><br />
<strong>13</strong><label> �</label>
</a>
<a class="item" href="/people/xiao-zong-xiong-37/followers">
<span class="zg-gray-normal">关注�</span><br />
<strong>1</strong><label> �</label>
</a>
</div>
<div class="zm-profile-side-section">
<div class="zm-side-section-inner zg-clear">
<div class="zm-profile-side-section-title">
关注� <a href="/people/xiao-zong-xiong-37/columns/followed" class="zg-link-litblue"><strong>1 �专栏</strong></a>
</div>
<div class="zm-profile-side-columns">

<a href="http://zhuanlan.zhihu.com/dai-shao-he" data-tip="c$t$dai-shao-he" class="link" target="_blank">
<img class="Avatar Avatar--is" src="https://pic4.zhimg.com/8f29977de72dc726894d0a7aa027c12f_l.jpg" srcset="https://pic4.zhimg.com/8f29977de72dc726894d0a7aa027c12f_l.jpg 2x" alt="谈漆" />
</a>

</div>
</div>
</div>
<div class="zm-profile-side-section">
<div class="zm-side-section-inner zg-clear">
<div class="zm-profile-side-section-title">
关注� <a href="/people/xiao-zong-xiong-37/topics" class="zg-link-litblue"><strong>51 �话�</strong></a>
</div>
<div class="zm-profile-side-topics" id="zh-profile-following-topic">

<a class="link" data-tip="t$t$19557876" href="/topic/19557876">
<img class="Avatar Avatar--l" src="https://pic3.zhimg.com/386dc566a_l.jpg" srcset="https://pic3.zhimg.com/386dc566a_xl.jpg 2x" alt="职场" />
</a>

<a class="link" data-tip="t$t$19585985" href="/topic/19585985">
<img class="Avatar Avatar--l" src="https://pic1.zhimg.com/8fba6cd28_l.jpg" srcset="https://pic1.zhimg.com/8fba6cd28_xl.jpg 2x" alt="汽车行业" />
</a>

<a class="link" data-tip="t$t$19635603" href="/topic/19635603">
<img class="Avatar Avatar--l" src="https://pic4.zhimg.com/d80b099ff_l.jpg" srcset="https://pic4.zhimg.com/d80b099ff_xl.jpg 2x" alt="恋爱��" />
</a>

<a class="link" data-tip="t$t$19561700" href="/topic/19561700">
<img class="Avatar Avatar--l" src="https://pic1.zhimg.com/e82bab09c_l.jpg" srcset="https://pic1.zhimg.com/e82bab09c_xl.jpg 2x" alt="经济形势" />
</a>

<a class="link" data-tip="t$t$19886810" href="/topic/19886810">
<img class="Avatar Avatar--l" src="https://pic1.zhimg.com/e82bab09c_l.jpg" srcset="https://pic1.zhimg.com/e82bab09c_xl.jpg 2x" alt="模具行业" />
</a>

<a class="link" data-tip="t$t$19580081" href="/topic/19580081">
<img class="Avatar Avatar--l" src="https://pic1.zhimg.com/e82bab09c_l.jpg" srcset="https://pic1.zhimg.com/e82bab09c_xl.jpg 2x" alt="驾驶经验" />
</a>

<a class="link" data-tip="t$t$19614241" href="/topic/19614241">
<img class="Avatar Avatar--l" src="https://pic1.zhimg.com/e82bab09c_l.jpg" srcset="https://pic1.zhimg.com/e82bab09c_xl.jpg 2x" alt="工业设�师" />
</a>

</div>
</div>
</div>

<div class="zm-profile-side-section">
<div class="zm-side-section-inner">
<ul id="profile-side-op" class="profile-side-op">

<li><a href="javascript:void(0);" name="report" class="zg-link-gray-normal">举报用户</a></li>



<li><a href="javascript:void(0);" name="block" class="zg-link-gray-normal">屏蔽用户</a></li>


</ul>
</div>
</div>

<div class="zm-profile-side-section">
<div class="zm-side-section-inner">
<span class="zg-gray-normal">�人主页� <strong>20</strong> 人浏�</span>
</div>
</div>

<script type="text/json" class="json-inline" data-name="current_people">["\u5c0f\u68d5\u718a","xiao-zong-xiong-37","https:\/\/pic4.zhimg.com\/939b0c9a8d923ccd547f7f0e0a62a71b_s.jpg","58cea36f5601d232bb307479f21cc337"]</script>
<div id="zh-footer" class="zh-footer">
<div class="content zg-wrap clearfix">
<ul>

<li><a href="https://liukanshan.zhihu.com" target="_blank">刘看�</a></li>

<li><a href="/question/19581624" target="_blank">知乎指南</a></li>
<li><a href="javascript:;" id="js-feedback-button">建�反�</a></li>

<li><a href="/app" target="_blank">移动应用</a></li>
<li><a href="/careers">加入知乎</a></li>
<li><a href="/terms" target="_blank">知乎协�</a></li>
<li><a href="/contact">联系我们</a></li>

</ul>

<span class="copy">&copy; 2016 知乎</span>

</div>
</div>


</div>


</div>



<script type="text/json" class="json-inline" data-name="guiders2">{"exclusive-popover":{},"section":{},"editor":[]}</script>
<script type="text/json" class="json-inline" data-name="current_user">["alex liu","alex-liu-90-89","https:\/\/pic1.zhimg.com\/da8e974dc_s.jpg","23a3f9208f774c3604303b4f5cfa5593","",0,0,true,"fly8421@outlook.com","http:\/\/login.live.com",0,false,false,false,"31251545194496",false]</script>
<script type="text/json" class="json-inline" data-name="user_status">[null,null]</script>
<script type="text/json" class="json-inline" data-name="env">["zhihu.com","comet.zhihu.com",false,null,false]</script>
<script type="text/json" class="json-inline" data-name="permissions">[]</script>


<script type="text/json" class="json-inline" data-name="ga_vars">{"user_created":1373859581000,"now":1468422144000,"abtest_mask":"---------1--------------------","user_attr":[1,0,0,"-",1],"user_hash":"23a3f9208f774c3604303b4f5cfa5593"}</script>

<script type="text/json" class="json-inline" data-name="ra-urls">{"Report":"https:\/\/static.zhihu.com\/static\/revved\/-\/apps\/Report.de4e9d17.js","Community":"https:\/\/static.zhihu.com\/static\/revved\/-\/apps\/Community.4e11c449.js","OrgAnalytics":"https:\/\/static.zhihu.com\/static\/revved\/-\/apps\/OrgAnalytics.47e1a483.js","common":"https:\/\/static.zhihu.com\/static\/revved\/-\/apps\/common.ed1d17c3.js","CommentApp":"https:\/\/static.zhihu.com\/static\/revved\/-\/apps\/CommentApp.2ab02258.js"}</script>

<script src="https://static.zhihu.com/static/revved/-/js/vendor.ff76fbae.js"></script>
<script src="https://static.zhihu.com/static/revved/-/js/closure/base.16f00cdc.js"></script>

<script src="https://static.zhihu.com/static/revved/-/js/closure/common.da58cddd.js"></script>


<script src="https://static.zhihu.com/static/revved/-/js/closure/richtexteditor.2366981a.js" async></script>
<script src="https://static.zhihu.com/static/revved/-/js/closure/page-profile.cefc86c5.js"></script>
<meta name="entry" content="ZH.entryProfile" data-module-id="page-profile">

<script type="text/zscript" znonce="56c5da6ab1554b898dfa94418867bf0b"></script>

<input type="hidden" name="_xsrf" value="e554d006e527eb151cf238216037498e"/>
</body>
</html>
�������:roy13
status code:200
�������:greenlinkin
�������:mr.oldthree
�������:zhang-san-feng-81-29
�������:chen-you-yong
�������:a-bu-du-la-zhao-si
�������:sleepy-lin
�������:geekv5
�������:roy13
�������:chen-fan-85
�������:zhou-jiang-ling
�������:song-xiao-nong-79
�������:tang-hua-yin-16
�Ѿ�ץȡ:2����ץȡ--->shi-gu-liu-guang
url-->https://www.zhihu.com/people/shi-gu-liu-guang/followers
status code:200
ץȡ����
now here is the page of -------------> shi-gu-liu-guang
---------------------------------------------->
-----------------------------------------shi-gu-liu-guang
<!DOCTYPE html>
<html lang="zh-CN" dropEffect="none" class="no-js ">
<head>
<meta charset="utf-8" />

<meta http-equiv="X-UA-Compatible" content="IE=edge,chrome=1" />
<meta name="renderer" content="webkit" />
<meta http-equiv="X-ZA-Response-Id" content="034ddda1e5604d72a014825a05f3d952">

<title>世故流光 的关注� - 知乎</title>

<meta name="apple-itunes-app" content="app-id=432274380, app-argument=zhihu://people/shi-gu-liu-guang">


<meta name="viewport" content="width=device-width, initial-scale=1, maximum-scale=1"/>
<meta http-equiv="mobile-agent" content="format=html5;url=https://www.zhihu.com/people/shi-gu-liu-guang/followers">
<meta id="znonce" name="znonce" content="a561e487041049f0be9d4a7c31ecec43">



<link rel="apple-touch-icon" href="https://static.zhihu.com/static/revved/img/ios/touch-icon-152.87c020b9.png" sizes="152x152">
<link rel="apple-touch-icon" href="https://static.zhihu.com/static/revved/img/ios/touch-icon-120.496c913b.png" sizes="120x120">
<link rel="apple-touch-icon" href="https://static.zhihu.com/static/revved/img/ios/touch-icon-76.dcf79352.png" sizes="76x76">
<link rel="apple-touch-icon" href="https://static.zhihu.com/static/revved/img/ios/touch-icon-60.9911cffb.png" sizes="60x60">


<link rel="shortcut icon" href="https://static.zhihu.com/static/favicon.ico" type="image/x-icon">

<link rel="search" type="application/opensearchdescription+xml" href="https://static.zhihu.com/static/search.xml" title="知乎" />
<link rel="stylesheet" href="https://static.zhihu.com/static/revved/-/css/z.f27e53b2.css">
<link rel="stylesheet" href="https://static.zhihu.com/static/revved/-/css/pages/profile/main.9f9b4fe5.css">




<!--[if lt IE 9]>
<script src="https://static.zhihu.com/static/components/respond/dest/respond.min.js"></script>
<link href="https://static.zhihu.com/static/components/respond/cross-domain/respond-proxy.html" id="respond-proxy" rel="respond-proxy" />
<link href="/static/components/respond/cross-domain/respond.proxy.gif" id="respond-redirect" rel="respond-redirect" />
<script src="/static/components/respond/cross-domain/respond.proxy.js"></script>
<![endif]-->
<script src="https://static.zhihu.com/static/revved/-/js/instant.e7a17de6.js"></script>

<style>
.zm-side-section + .zm-side-section {
margin: 20px 0 0 0;
}
.zm-profile-section-list .zm-item-answer-author-info .zm-item-link-avatar {
display: none;
}
</style>

</head>

<body class="zhi ">



<div role="navigation" class="zu-top">
<div class="zg-wrap modal-shifting clearfix" id="zh-top-inner">
<a href="/" class="zu-top-link-logo" id="zh-top-link-logo" data-za-c="view_home" data-za-a="visit_home" data-za-l="top_navigation_zhihu_logo">知乎</a>

<div class="top-nav-profile">
<a href="/people/alex-liu-90-89" class="zu-top-nav-userinfo ">
<span class="name">alex liu</span>
<img class="Avatar" src="https://pic1.zhimg.com/da8e974dc_s.jpg" srcset="https://pic1.zhimg.com/da8e974dc_xs.jpg 2x" alt="alex liu" />
<span id="zh-top-nav-new-pm" class="zg-noti-number zu-top-nav-pm-count"
style="visibility:hidden" data-count="0">

</span>
</a>
<ul class="top-nav-dropdown" id="top-nav-profile-dropdown">
<li>
<a href="/people/alex-liu-90-89">
<i class="zg-icon zg-icon-dd-home"></i>我的主页
</a>
</li>

<li>
<a href="/inbox">
<i class="zg-icon zg-icon-dd-pm"></i>私信
<span id="zh-top-nav-pm-count" class="zu-top-nav-pm-count zg-noti-number"
style="visibility:hidden" data-count="0">

</span>
</a>
</li>
<li>
<a href="/settings">
<i class="zg-icon zg-icon-dd-settings"></i>设置
</a>
</li>
<li>
<a href="/logout">
<i class="zg-icon zg-icon-dd-logout"></i>��
</a>
</li>
</ul>

</div>



<button class="zu-top-add-question" id="zu-top-add-question">提问</button>


<div role="search" id="zh-top-search" class="zu-top-search">
<form method="GET" action="/search" id="zh-top-search-form" class="zu-top-search-form">



<input type="hidden" name="type" value="content">
<label for="q" class="hide-text">知乎搜索</label><input type="text" class="zu-top-search-input" id="q" name="q" autocomplete="off" value="" placeholder="搜索你感兴趣的内�...">
<button type="submit" class="zu-top-search-button"><span class="hide-text">搜索</span><span class="sprite-global-icon-magnifier-dark"></span></button>
</form>
</div>



<div id="zg-top-nav" class="zu-top-nav">
<ul class="zu-top-nav-ul zg-clear">

<li class="zu-top-nav-li " id="zh-top-nav-home">
<a class="zu-top-nav-link" href="/" id="zh-top-link-home" data-za-c="view_home" data-za-a="visit_home" data-za-l="top_navigation_home">首页</a>
</li>



<li class="top-nav-topic-selector zu-top-nav-li " id="zh-top-nav-topic">
<a class="zu-top-nav-link" href="/topic" id="top-nav-dd-topic">话�</a>
</li>

<li class="zu-top-nav-li " id="zh-top-nav-explore">
<a class="zu-top-nav-link" href="/explore">发现</a>
</li>

<li class="top-nav-noti zu-top-nav-li ">
<a class="zu-top-nav-link" href="javascript:;" id="zh-top-nav-count-wrap" role="button"><span class="mobi-arrow"></span>消息</a>
</li>



</ul>
<div class="zu-top-nav-live zu-noti7-popup zg-r5px no-hovercard" id="zh-top-nav-live-new" role="popup" tabindex="0">
<div class="zu-top-nav-live-inner zg-r5px">
<div class="zu-top-live-icon">&nbsp;</div>
<div class="zu-home-noti-inner" id="zh-top-nav-live-new-inner">
<div class="zm-noti7-popup-tab-container clearfix" tabindex="0">
<button class="zm-noti7-popup-tab-item message">
<span class="icon">消息</span>
</button>
<button class="zm-noti7-popup-tab-item user">
<span class="icon">用户</span>
</button>
<button class="zm-noti7-popup-tab-item thanks">
<span class="icon">赞同和感�</span>
</button>
</div>
</div>
<div class="zm-noti7-frame-border top"></div>
<div class="zm-noti7-frame">
<div class="zm-noti7-content message">
<div class="zm-noti7-content-inner">
<div class="zm-noti7-content-body">
<div class="zm-noti7-popup-loading">
<span class="noti-spinner-loading"></span>
</div>
</div>
</div>
</div>
<div class="zm-noti7-content user" style="display:none;">
<div class="zm-noti7-content-inner">
<div class="zm-noti7-content-body">
<div class="zm-noti7-popup-loading">
<span class="noti-spinner-loading"></span>
</div>
</div>
</div>
</div>
<div class="zm-noti7-content thanks" style="display:none;">
<div class="zm-noti7-content-inner">
<div class="zm-noti7-content-body">
<div class="zm-noti7-popup-loading">
<span class="noti-spinner-loading"></span>
</div>
</div>
</div>
</div>
</div>
<div class="zm-noti7-frame-border bottom"></div>
<div class="zm-noti7-popup-footer">
<a href="/notifications" class="zm-noti7-popup-footer-all zg-right">查看全部 &raquo;</a>
<a href="/settings/notification" class="zm-noti7-popup-footer-set" title="通知设置" ><i class="zg-icon zg-icon-settings"></i></a>
</div>
</div>
</div>

</div>

</div>
</div>


<div class="zu-global-notify" id="zh-global-message" style="display:none">
<div class="zg-wrap">
<div class="zu-global-nitify-inner">
<a class="zu-global-notify-close" href="javascript:;" title="关闭" name="close">x</a>
<span class="zu-global-notify-icon"></span>
<span class="zu-global-notify-msg"></span>
</div>
</div>
</div>




<div class="zg-wrap zu-main clearfix "  role="main">
<div class="zu-main-content">
<div class="zu-main-content-inner">






<div class="zm-profile-header ProfileCard">
<div class="zm-profile-header-main">
<div class="top">

<div class='weibo-wrap'>

</div>

<div class="title-section ellipsis">
<a class="name" href="/people/shi-gu-liu-guang">世故流光</a>
</div>
</div>
<div class="body clearfix">

<img class="Avatar Avatar--l" src="https://pic4.zhimg.com/03bfa448a87fde9b2900f124c29365f3_l.jpg" srcset="https://pic4.zhimg.com/03bfa448a87fde9b2900f124c29365f3_xl.jpg 2x" alt="世故流光" />

<div class="zm-profile-header-info">
<div class="zm-profile-header-user-describe">
<div class="items">

<div class="item editable-group" data-name="location">

<span class="info-wrap">



<span class="item gender" ><i class="icon icon-profile-male"></i></span>


</span>
<span class="edit-wrap" style="display:none;">
<span class="topic-input-wrap"><input autocomplete="off" aria-haspopup="true" type="text" name="location" value="" class="zg-form-text-input location" placeholder="居住�"/></span>
<div class="business-selection">
<select name="business">
<option value="">选择行业</option>


<option value="高新科技">高新科技</option>

<option value="互联�">&nbsp;&nbsp;&nbsp;互联�</option>

<option value="电子商务">&nbsp;&nbsp;&nbsp;电子商务</option>

<option value="电子游戏">&nbsp;&nbsp;&nbsp;电子游戏</option>

<option value="计算机软�">&nbsp;&nbsp;&nbsp;计算机软�</option>

<option value="计算机硬�">&nbsp;&nbsp;&nbsp;计算机硬�</option>




<option value="信息传媒">信息传媒</option>

<option value="出版�">&nbsp;&nbsp;&nbsp;出版�</option>

<option value="电影录音">&nbsp;&nbsp;&nbsp;电影录音</option>

<option value="广播电�">&nbsp;&nbsp;&nbsp;广播电�</option>

<option value="通信">&nbsp;&nbsp;&nbsp;通信</option>




<option value="金融">金融</option>

<option value="银�">&nbsp;&nbsp;&nbsp;银�</option>

<option value="资本投资">&nbsp;&nbsp;&nbsp;资本投资</option>

<option value="证券投资">&nbsp;&nbsp;&nbsp;证券投资</option>

<option value="保险">&nbsp;&nbsp;&nbsp;保险</option>

<option value="信贷">&nbsp;&nbsp;&nbsp;信贷</option>

<option value="财务">&nbsp;&nbsp;&nbsp;财务</option>

<option value="审�">&nbsp;&nbsp;&nbsp;审�</option>




<option value="服务�">服务�</option>

<option value="法律">&nbsp;&nbsp;&nbsp;法律</option>

<option value="餐饮">&nbsp;&nbsp;&nbsp;餐饮</option>

<option value="酒店">&nbsp;&nbsp;&nbsp;酒店</option>

<option value="旅游">&nbsp;&nbsp;&nbsp;旅游</option>

<option value="广告">&nbsp;&nbsp;&nbsp;广告</option>

<option value="��">&nbsp;&nbsp;&nbsp;��</option>

<option value="��">&nbsp;&nbsp;&nbsp;��</option>

<option value="咨�分�">&nbsp;&nbsp;&nbsp;咨�分�</option>

<option value="市场推广">&nbsp;&nbsp;&nbsp;市场推广</option>

<option value="人力资源">&nbsp;&nbsp;&nbsp;人力资源</option>

<option value="社工服务">&nbsp;&nbsp;&nbsp;社工服务</option>

<option value="养�服�">&nbsp;&nbsp;&nbsp;养�服�</option>




<option value="教育">教育</option>

<option value="高等教育">&nbsp;&nbsp;&nbsp;高等教育</option>

<option value="基�教育">&nbsp;&nbsp;&nbsp;基�教育</option>

<option value="职业教育">&nbsp;&nbsp;&nbsp;职业教育</option>

<option value="幼儿教育">&nbsp;&nbsp;&nbsp;幼儿教育</option>

<option value="特殊教育">&nbsp;&nbsp;&nbsp;特殊教育</option>

<option value="培�">&nbsp;&nbsp;&nbsp;培�</option>




<option value="医疗服务">医疗服务</option>

<option value="临床医疗">&nbsp;&nbsp;&nbsp;临床医疗</option>

<option value="制药">&nbsp;&nbsp;&nbsp;制药</option>

<option value="保健">&nbsp;&nbsp;&nbsp;保健</option>

<option value="美�">&nbsp;&nbsp;&nbsp;美�</option>

<option value="医疗器材">&nbsp;&nbsp;&nbsp;医疗器材</option>

<option value="生物工程">&nbsp;&nbsp;&nbsp;生物工程</option>

<option value="疗养服务">&nbsp;&nbsp;&nbsp;疗养服务</option>

<option value="护理服务">&nbsp;&nbsp;&nbsp;护理服务</option>




<option value="艺术娱乐">艺术娱乐</option>

<option value="创意艺术">&nbsp;&nbsp;&nbsp;创意艺术</option>

<option value="体育健身">&nbsp;&nbsp;&nbsp;体育健身</option>

<option value="娱乐休闲">&nbsp;&nbsp;&nbsp;娱乐休闲</option>

<option value="图书�">&nbsp;&nbsp;&nbsp;图书�</option>

<option value="博物�">&nbsp;&nbsp;&nbsp;博物�</option>

<option value="策展">&nbsp;&nbsp;&nbsp;策展</option>

<option value="博彩">&nbsp;&nbsp;&nbsp;博彩</option>




<option value="制�加�">制�加�</option>

<option value="食品�料业">&nbsp;&nbsp;&nbsp;食品�料业</option>

<option value="纺织�革业">&nbsp;&nbsp;&nbsp;纺织�革业</option>

<option value="服�业">&nbsp;&nbsp;&nbsp;服�业</option>

<option value="烟草�">&nbsp;&nbsp;&nbsp;烟草�</option>

<option value="造纸�">&nbsp;&nbsp;&nbsp;造纸�</option>

<option value="印刷�">&nbsp;&nbsp;&nbsp;印刷�</option>

<option value="化工�">&nbsp;&nbsp;&nbsp;化工�</option>

<option value="汽车">&nbsp;&nbsp;&nbsp;汽车</option>

<option value="家具">&nbsp;&nbsp;&nbsp;家具</option>

<option value="电子电器">&nbsp;&nbsp;&nbsp;电子电器</option>

<option value="机���">&nbsp;&nbsp;&nbsp;机���</option>

<option value="塑料工业">&nbsp;&nbsp;&nbsp;塑料工业</option>

<option value="金属加工">&nbsp;&nbsp;&nbsp;金属加工</option>

<option value="军火">&nbsp;&nbsp;&nbsp;军火</option>




<option value="地产建筑">地产建筑</option>

<option value="房地�">&nbsp;&nbsp;&nbsp;房地�</option>

<option value="装饰装潢">&nbsp;&nbsp;&nbsp;装饰装潢</option>

<option value="物业服务">&nbsp;&nbsp;&nbsp;物业服务</option>

<option value="特殊建�">&nbsp;&nbsp;&nbsp;特殊建�</option>

<option value="建筑设�">&nbsp;&nbsp;&nbsp;建筑设�</option>




<option value="贸易零售">贸易零售</option>

<option value="零售">&nbsp;&nbsp;&nbsp;零售</option>

<option value="大宗交易">&nbsp;&nbsp;&nbsp;大宗交易</option>

<option value="进出口贸�">&nbsp;&nbsp;&nbsp;进出口贸�</option>




<option value="�共服�">�共服�</option>

<option value="政府">&nbsp;&nbsp;&nbsp;政府</option>

<option value="国防军事">&nbsp;&nbsp;&nbsp;国防军事</option>

<option value="��">&nbsp;&nbsp;&nbsp;��</option>

<option value="科研">&nbsp;&nbsp;&nbsp;科研</option>

<option value="给排�">&nbsp;&nbsp;&nbsp;给排�</option>

<option value="水利能源">&nbsp;&nbsp;&nbsp;水利能源</option>

<option value="电力电网">&nbsp;&nbsp;&nbsp;电力电网</option>

<option value="�共�理">&nbsp;&nbsp;&nbsp;�共�理</option>

<option value="�境保�">&nbsp;&nbsp;&nbsp;�境保�</option>

<option value="非营利组�">&nbsp;&nbsp;&nbsp;非营利组�</option>




<option value="�采冶�">�采冶�</option>

<option value="煤炭工业">&nbsp;&nbsp;&nbsp;煤炭工业</option>

<option value="石油工业">&nbsp;&nbsp;&nbsp;石油工业</option>

<option value="黑色金属">&nbsp;&nbsp;&nbsp;黑色金属</option>

<option value="有色金属">&nbsp;&nbsp;&nbsp;有色金属</option>

<option value="土砂石开�">&nbsp;&nbsp;&nbsp;土砂石开�</option>

<option value="地热��">&nbsp;&nbsp;&nbsp;地热��</option>




<option value="交�仓�">交�仓�</option>

<option value="��">&nbsp;&nbsp;&nbsp;��</option>

<option value="物流递�">&nbsp;&nbsp;&nbsp;物流递�</option>

<option value="地面运输">&nbsp;&nbsp;&nbsp;地面运输</option>

<option value="铁路运输">&nbsp;&nbsp;&nbsp;铁路运输</option>

<option value="管线运输">&nbsp;&nbsp;&nbsp;管线运输</option>

<option value="�运业">&nbsp;&nbsp;&nbsp;�运业</option>

<option value="民用�空业">&nbsp;&nbsp;&nbsp;民用�空业</option>




<option value="农林牧渔">农林牧渔</option>

<option value="种�业">&nbsp;&nbsp;&nbsp;种�业</option>

<option value="畜牧养殖�">&nbsp;&nbsp;&nbsp;畜牧养殖�</option>

<option value="林业">&nbsp;&nbsp;&nbsp;林业</option>

<option value="渔业">&nbsp;&nbsp;&nbsp;渔业</option>



</select>
</div>
<span class="zg-bull"></span>
<input type="radio" name="gender" value="1" checked="checked" class="male"/> �&nbsp;&nbsp;
<input type="radio" name="gender" value="0"  class="female"/> �
<a class="zg-btn-blue" name="save" href="javascript:;">��</a>
</span>
</div>


<div class="item">

<a class="zm-profile-header-user-detail zg-link-litblue-normal zm-profile-icon-return" href="/people/shi-gu-liu-guang">
<i class="icon zm-profile-header-icon"></i>
<span>返回�人主�</span>
</a>

</div>

</div>

</div>
</div>
</div>
</div>



<div class="zm-profile-header-operation zg-clear ">
<div class="zm-profile-header-info-list">
<span class="zm-profile-header-info-title">获得</span>
<span class="zm-profile-header-user-agree"><span class="zm-profile-header-icon"></span><strong>0</strong>赞同</span>
<span class="zm-profile-header-user-thanks"><span class="zm-profile-header-icon"></span><strong>0</strong>感谢</span>

</div>

<div class="zm-profile-header-op-btns clearfix">


<button data-follow="m:button" data-id="15ce0bf6d758225c30be4f1cf3677f15" class="zg-btn zg-btn-follow zm-rich-follow-btn">关注�</button>



<a href="/inbox/7344868200" class="zg-btn-white zm-profile-header-pm-btn" id="zm-profile-header-pm-btn"><i class="zg-icon">私信</i></a>


</div>

</div>
<div class="profile-navbar clearfix">
<a class="item home first "
href="/people/shi-gu-liu-guang">
<i class="icon icon-profile-tab-home"></i><span class="hide-text">主页</span>
</a>
<a class="item "
href="/people/shi-gu-liu-guang/asks">
提问
<span class="num">0</span>
</a>
<a class="item "
href="/people/shi-gu-liu-guang/answers">
回答
<span class="num">0</span>
</a>
<a class="item "
href="/people/shi-gu-liu-guang/posts">
文章
<span class="num">0</span>
</a>

<a class="item "
href="/people/shi-gu-liu-guang/collections">
收藏
<span class="num">5</span>
</a>
<a class="item "
href="/people/shi-gu-liu-guang/logs">
�共编�
<span class="num">0</span>
</a>

</div>

</div>


<div class="zm-profile-section-wrap">
<div class="zm-profile-section-head">
<span class="zm-profile-section-name"><a href="/people/shi-gu-liu-guang">世故流光</a> � 0 人关�</span>
<a class="zg-right zg-link-litblue-normal zm-profile-answer-page-return" href="/people/shi-gu-liu-guang">返回�人主�</a>

</div>
<div class="zm-profile-section-list">
<div id="zh-profile-follows-list">
<div class="zh-general-list clearfix" data-init="{&quot;params&quot;: {&quot;offset&quot;: 0, &quot;order_by&quot;: &quot;created&quot;, &quot;hash_id&quot;: &quot;15ce0bf6d758225c30be4f1cf3677f15&quot;}, &quot;nodename&quot;: &quot;ProfileFollowersListV2&quot;}">

</div>
</div>
</div>
</div>


</div>
</div>


<div class="zu-main-sidebar">

<div class="zm-profile-side-following zg-clear">
<a class="item" href="/people/shi-gu-liu-guang/followees">
<span class="zg-gray-normal">关注�</span><br />
<strong>8</strong><label> �</label>
</a>
<a class="item" href="/people/shi-gu-liu-guang/followers">
<span class="zg-gray-normal">关注�</span><br />
<strong>0</strong><label> �</label>
</a>
</div>
<div class="zm-profile-side-section">
<div class="zm-side-section-inner zg-clear">
<div class="zm-profile-side-section-title">
关注� <a href="/people/shi-gu-liu-guang/columns/followed" class="zg-link-litblue"><strong>2 �专栏</strong></a>
</div>
<div class="zm-profile-side-columns">

<a href="http://zhuanlan.zhihu.com/c_28989168" data-tip="c$t$c_28989168" class="link" target="_blank">
<img class="Avatar Avatar--is" src="https://pic4.zhimg.com/4b70deef7_l.jpg" srcset="https://pic4.zhimg.com/4b70deef7_l.jpg 2x" alt="国企�怎么炼成�" />
</a>

<a href="http://zhuanlan.zhihu.com/hemingke" data-tip="c$t$hemingke" class="link" target="_blank">
<img class="Avatar Avatar--is" src="https://pic4.zhimg.com/8a66c574e9195891d79438994a17c857_l.jpg" srcset="https://pic4.zhimg.com/8a66c574e9195891d79438994a17c857_l.jpg 2x" alt="数据冰山" />
</a>

</div>
</div>
</div>
<div class="zm-profile-side-section">
<div class="zm-side-section-inner zg-clear">
<div class="zm-profile-side-section-title">
关注� <a href="/people/shi-gu-liu-guang/topics" class="zg-link-litblue"><strong>77 �话�</strong></a>
</div>
<div class="zm-profile-side-topics" id="zh-profile-following-topic">

<a class="link" data-tip="t$t$19554825" href="/topic/19554825">
<img class="Avatar Avatar--l" src="https://pic1.zhimg.com/5c5f5d55992d64aa8184b29c53e80af4_l.jpg" srcset="https://pic1.zhimg.com/5c5f5d55992d64aa8184b29c53e80af4_xl.jpg 2x" alt="职业发展" />
</a>

<a class="link" data-tip="t$t$19559424" href="/topic/19559424">
<img class="Avatar Avatar--l" src="https://pic2.zhimg.com/afa4afb3d_l.jpg" srcset="https://pic2.zhimg.com/afa4afb3d_xl.jpg 2x" alt="数据分析" />
</a>

<a class="link" data-tip="t$t$19554074" href="/topic/19554074">
<img class="Avatar Avatar--l" src="https://pic3.zhimg.com/14321eff6_l.jpg" srcset="https://pic3.zhimg.com/14321eff6_xl.jpg 2x" alt="价��" />
</a>

<a class="link" data-tip="t$t$19554859" href="/topic/19554859">
<img class="Avatar Avatar--l" src="https://pic4.zhimg.com/184228a4de25c084eb06459406836b97_l.jpg" srcset="https://pic4.zhimg.com/184228a4de25c084eb06459406836b97_xl.jpg 2x" alt="人生" />
</a>

<a class="link" data-tip="t$t$19561759" href="/topic/19561759">
<img class="Avatar Avatar--l" src="https://pic4.zhimg.com/0fe8732af_l.jpg" srcset="https://pic4.zhimg.com/0fe8732af_xl.jpg 2x" alt="国际政治" />
</a>

<a class="link" data-tip="t$t$19564876" href="/topic/19564876">
<img class="Avatar Avatar--l" src="https://pic1.zhimg.com/a240a363b7d7e0681502017c57b0ba20_l.jpg" srcset="https://pic1.zhimg.com/a240a363b7d7e0681502017c57b0ba20_xl.jpg 2x" alt="财务" />
</a>

<a class="link" data-tip="t$t$19729562" href="/topic/19729562">
<img class="Avatar Avatar--l" src="https://pic1.zhimg.com/e82bab09c_l.jpg" srcset="https://pic1.zhimg.com/e82bab09c_xl.jpg 2x" alt="九二共识" />
</a>

</div>
</div>
</div>

<div class="zm-profile-side-section">
<div class="zm-side-section-inner">
<ul id="profile-side-op" class="profile-side-op">

<li><a href="javascript:void(0);" name="report" class="zg-link-gray-normal">举报用户</a></li>



<li><a href="javascript:void(0);" name="block" class="zg-link-gray-normal">屏蔽用户</a></li>


</ul>
</div>
</div>

<div class="zm-profile-side-section">
<div class="zm-side-section-inner">
<span class="zg-gray-normal">�人主页� <strong>21</strong> 人浏�</span>
</div>
</div>

<script type="text/json" class="json-inline" data-name="current_people">["\u4e16\u6545\u6d41\u5149","shi-gu-liu-guang","https:\/\/pic4.zhimg.com\/03bfa448a87fde9b2900f124c29365f3_s.jpg","15ce0bf6d758225c30be4f1cf3677f15"]</script>
<div id="zh-footer" class="zh-footer">
<div class="content zg-wrap clearfix">
<ul>

<li><a href="https://liukanshan.zhihu.com" target="_blank">刘看�</a></li>

<li><a href="/question/19581624" target="_blank">知乎指南</a></li>
<li><a href="javascript:;" id="js-feedback-button">建�反�</a></li>

<li><a href="/app" target="_blank">移动应用</a></li>
<li><a href="/careers">加入知乎</a></li>
<li><a href="/terms" target="_blank">知乎协�</a></li>
<li><a href="/contact">联系我们</a></li>

</ul>

<span class="copy">&copy; 2016 知乎</span>

</div>
</div>


</div>


</div>



<script type="text/json" class="json-inline" data-name="guiders2">{"exclusive-popover":{},"section":{},"editor":[]}</script>
<script type="text/json" class="json-inline" data-name="current_user">["alex liu","alex-liu-90-89","https:\/\/pic1.zhimg.com\/da8e974dc_s.jpg","23a3f9208f774c3604303b4f5cfa5593","",0,0,true,"fly8421@outlook.com","http:\/\/login.live.com",0,false,false,false,"31251545194496",false]</script>
<script type="text/json" class="json-inline" data-name="user_status">[null,null]</script>
<script type="text/json" class="json-inline" data-name="env">["zhihu.com","comet.zhihu.com",false,null,false]</script>
<script type="text/json" class="json-inline" data-name="permissions">[]</script>


<script type="text/json" class="json-inline" data-name="ga_vars">{"user_created":1373859581000,"now":1468422146000,"abtest_mask":"---------1--------------------","user_attr":[1,0,0,"-",1],"user_hash":"23a3f9208f774c3604303b4f5cfa5593"}</script>

<script type="text/json" class="json-inline" data-name="ra-urls">{"Report":"https:\/\/static.zhihu.com\/static\/revved\/-\/apps\/Report.de4e9d17.js","Community":"https:\/\/static.zhihu.com\/static\/revved\/-\/apps\/Community.4e11c449.js","OrgAnalytics":"https:\/\/static.zhihu.com\/static\/revved\/-\/apps\/OrgAnalytics.47e1a483.js","common":"https:\/\/static.zhihu.com\/static\/revved\/-\/apps\/common.ed1d17c3.js","CommentApp":"https:\/\/static.zhihu.com\/static\/revved\/-\/apps\/CommentApp.2ab02258.js"}</script>

<script src="https://static.zhihu.com/static/revved/-/js/vendor.ff76fbae.js"></script>
<script src="https://static.zhihu.com/static/revved/-/js/closure/base.16f00cdc.js"></script>

<script src="https://static.zhihu.com/static/revved/-/js/closure/common.da58cddd.js"></script>


<script src="https://static.zhihu.com/static/revved/-/js/closure/richtexteditor.2366981a.js" async></script>
<script src="https://static.zhihu.com/static/revved/-/js/closure/page-profile.cefc86c5.js"></script>
<meta name="entry" content="ZH.entryProfile" data-module-id="page-profile">

<script type="text/zscript" znonce="a561e487041049f0be9d4a7c31ecec43"></script>

<input type="hidden" name="_xsrf" value="e554d006e527eb151cf238216037498e"/>
</body>
</html>
status code:200
�������:zhihuadmin
�������:zi-bu-yu-42-70
�������:wwlxl
�������:li-xu-ran-94
�������:su-chen-chuan
�������:goeye
�������:lang-xie-yang-wen-li
�Ѿ�ץȡ:3����ץȡ--->jade-wu-44
url-->https://www.zhihu.com/people/jade-wu-44/followers
status code:200
ץȡ����
now here is the page of -------------> jade-wu-44
---------------------------------------------->
-----------------------------------------jade-wu-44
<!DOCTYPE html>
<html lang="zh-CN" dropEffect="none" class="no-js ">
<head>
<meta charset="utf-8" />

<meta http-equiv="X-UA-Compatible" content="IE=edge,chrome=1" />
<meta name="renderer" content="webkit" />
<meta http-equiv="X-ZA-Response-Id" content="52dcb19b2a0240e6a84f0a5adc15fe6e">

<title>Jade Wu 的关注� - 知乎</title>

<meta name="apple-itunes-app" content="app-id=432274380, app-argument=zhihu://people/jade-wu-44">


<meta name="viewport" content="width=device-width, initial-scale=1, maximum-scale=1"/>
<meta http-equiv="mobile-agent" content="format=html5;url=https://www.zhihu.com/people/jade-wu-44/followers">
<meta id="znonce" name="znonce" content="56e8f1841e924ab0bd8a64f42823b552">



<link rel="apple-touch-icon" href="https://static.zhihu.com/static/revved/img/ios/touch-icon-152.87c020b9.png" sizes="152x152">
<link rel="apple-touch-icon" href="https://static.zhihu.com/static/revved/img/ios/touch-icon-120.496c913b.png" sizes="120x120">
<link rel="apple-touch-icon" href="https://static.zhihu.com/static/revved/img/ios/touch-icon-76.dcf79352.png" sizes="76x76">
<link rel="apple-touch-icon" href="https://static.zhihu.com/static/revved/img/ios/touch-icon-60.9911cffb.png" sizes="60x60">


<link rel="shortcut icon" href="https://static.zhihu.com/static/favicon.ico" type="image/x-icon">

<link rel="search" type="application/opensearchdescription+xml" href="https://static.zhihu.com/static/search.xml" title="知乎" />
<link rel="stylesheet" href="https://static.zhihu.com/static/revved/-/css/z.f27e53b2.css">
<link rel="stylesheet" href="https://static.zhihu.com/static/revved/-/css/pages/profile/main.9f9b4fe5.css">




<!--[if lt IE 9]>
<script src="https://static.zhihu.com/static/components/respond/dest/respond.min.js"></script>
<link href="https://static.zhihu.com/static/components/respond/cross-domain/respond-proxy.html" id="respond-proxy" rel="respond-proxy" />
<link href="/static/components/respond/cross-domain/respond.proxy.gif" id="respond-redirect" rel="respond-redirect" />
<script src="/static/components/respond/cross-domain/respond.proxy.js"></script>
<![endif]-->
<script src="https://static.zhihu.com/static/revved/-/js/instant.e7a17de6.js"></script>

<style>
.zm-side-section + .zm-side-section {
margin: 20px 0 0 0;
}
.zm-profile-section-list .zm-item-answer-author-info .zm-item-link-avatar {
display: none;
}
</style>

</head>

<body class="zhi ">



<div role="navigation" class="zu-top">
<div class="zg-wrap modal-shifting clearfix" id="zh-top-inner">
<a href="/" class="zu-top-link-logo" id="zh-top-link-logo" data-za-c="view_home" data-za-a="visit_home" data-za-l="top_navigation_zhihu_logo">知乎</a>

<div class="top-nav-profile">
<a href="/people/alex-liu-90-89" class="zu-top-nav-userinfo ">
<span class="name">alex liu</span>
<img class="Avatar" src="https://pic1.zhimg.com/da8e974dc_s.jpg" srcset="https://pic1.zhimg.com/da8e974dc_xs.jpg 2x" alt="alex liu" />
<span id="zh-top-nav-new-pm" class="zg-noti-number zu-top-nav-pm-count"
style="visibility:hidden" data-count="0">

</span>
</a>
<ul class="top-nav-dropdown" id="top-nav-profile-dropdown">
<li>
<a href="/people/alex-liu-90-89">
<i class="zg-icon zg-icon-dd-home"></i>我的主页
</a>
</li>

<li>
<a href="/inbox">
<i class="zg-icon zg-icon-dd-pm"></i>私信
<span id="zh-top-nav-pm-count" class="zu-top-nav-pm-count zg-noti-number"
style="visibility:hidden" data-count="0">

</span>
</a>
</li>
<li>
<a href="/settings">
<i class="zg-icon zg-icon-dd-settings"></i>设置
</a>
</li>
<li>
<a href="/logout">
<i class="zg-icon zg-icon-dd-logout"></i>��
</a>
</li>
</ul>

</div>



<button class="zu-top-add-question" id="zu-top-add-question">提问</button>


<div role="search" id="zh-top-search" class="zu-top-search">
<form method="GET" action="/search" id="zh-top-search-form" class="zu-top-search-form">



<input type="hidden" name="type" value="content">
<label for="q" class="hide-text">知乎搜索</label><input type="text" class="zu-top-search-input" id="q" name="q" autocomplete="off" value="" placeholder="搜索你感兴趣的内�...">
<button type="submit" class="zu-top-search-button"><span class="hide-text">搜索</span><span class="sprite-global-icon-magnifier-dark"></span></button>
</form>
</div>



<div id="zg-top-nav" class="zu-top-nav">
<ul class="zu-top-nav-ul zg-clear">

<li class="zu-top-nav-li " id="zh-top-nav-home">
<a class="zu-top-nav-link" href="/" id="zh-top-link-home" data-za-c="view_home" data-za-a="visit_home" data-za-l="top_navigation_home">首页</a>
</li>



<li class="top-nav-topic-selector zu-top-nav-li " id="zh-top-nav-topic">
<a class="zu-top-nav-link" href="/topic" id="top-nav-dd-topic">话�</a>
</li>

<li class="zu-top-nav-li " id="zh-top-nav-explore">
<a class="zu-top-nav-link" href="/explore">发现</a>
</li>

<li class="top-nav-noti zu-top-nav-li ">
<a class="zu-top-nav-link" href="javascript:;" id="zh-top-nav-count-wrap" role="button"><span class="mobi-arrow"></span>消息</a>
</li>



</ul>
<div class="zu-top-nav-live zu-noti7-popup zg-r5px no-hovercard" id="zh-top-nav-live-new" role="popup" tabindex="0">
<div class="zu-top-nav-live-inner zg-r5px">
<div class="zu-top-live-icon">&nbsp;</div>
<div class="zu-home-noti-inner" id="zh-top-nav-live-new-inner">
<div class="zm-noti7-popup-tab-container clearfix" tabindex="0">
<button class="zm-noti7-popup-tab-item message">
<span class="icon">消息</span>
</button>
<button class="zm-noti7-popup-tab-item user">
<span class="icon">用户</span>
</button>
<button class="zm-noti7-popup-tab-item thanks">
<span class="icon">赞同和感�</span>
</button>
</div>
</div>
<div class="zm-noti7-frame-border top"></div>
<div class="zm-noti7-frame">
<div class="zm-noti7-content message">
<div class="zm-noti7-content-inner">
<div class="zm-noti7-content-body">
<div class="zm-noti7-popup-loading">
<span class="noti-spinner-loading"></span>
</div>
</div>
</div>
</div>
<div class="zm-noti7-content user" style="display:none;">
<div class="zm-noti7-content-inner">
<div class="zm-noti7-content-body">
<div class="zm-noti7-popup-loading">
<span class="noti-spinner-loading"></span>
</div>
</div>
</div>
</div>
<div class="zm-noti7-content thanks" style="display:none;">
<div class="zm-noti7-content-inner">
<div class="zm-noti7-content-body">
<div class="zm-noti7-popup-loading">
<span class="noti-spinner-loading"></span>
</div>
</div>
</div>
</div>
</div>
<div class="zm-noti7-frame-border bottom"></div>
<div class="zm-noti7-popup-footer">
<a href="/notifications" class="zm-noti7-popup-footer-all zg-right">查看全部 &raquo;</a>
<a href="/settings/notification" class="zm-noti7-popup-footer-set" title="通知设置" ><i class="zg-icon zg-icon-settings"></i></a>
</div>
</div>
</div>

</div>

</div>
</div>


<div class="zu-global-notify" id="zh-global-message" style="display:none">
<div class="zg-wrap">
<div class="zu-global-nitify-inner">
<a class="zu-global-notify-close" href="javascript:;" title="关闭" name="close">x</a>
<span class="zu-global-notify-icon"></span>
<span class="zu-global-notify-msg"></span>
</div>
</div>
</div>




<div class="zg-wrap zu-main clearfix "  role="main">
<div class="zu-main-content">
<div class="zu-main-content-inner">






<div class="zm-profile-header ProfileCard">
<div class="zm-profile-header-main">
<div class="top">

<div class="title-section ellipsis">
<a class="name" href="/people/jade-wu-44">Jade Wu</a>�<span class="bio" title="r we on the air~?">r we on the air~?</span>
</div>
</div>
<div class="body clearfix">

<img class="Avatar Avatar--l" src="https://pic2.zhimg.com/9e2f710f9_l.jpg" srcset="https://pic2.zhimg.com/9e2f710f9_xl.jpg 2x" alt="Jade Wu" />

<div class="zm-profile-header-info">
<div class="zm-profile-header-user-describe">
<div class="items">

<div class="item editable-group" data-name="location">

<span class="info-wrap">



<span class="item gender" ><i class="icon icon-profile-female"></i></span>


</span>
<span class="edit-wrap" style="display:none;">
<span class="topic-input-wrap"><input autocomplete="off" aria-haspopup="true" type="text" name="location" value="" class="zg-form-text-input location" placeholder="居住�"/></span>
<div class="business-selection">
<select name="business">
<option value="">选择行业</option>


<option value="高新科技">高新科技</option>

<option value="互联�">&nbsp;&nbsp;&nbsp;互联�</option>

<option value="电子商务">&nbsp;&nbsp;&nbsp;电子商务</option>

<option value="电子游戏">&nbsp;&nbsp;&nbsp;电子游戏</option>

<option value="计算机软�">&nbsp;&nbsp;&nbsp;计算机软�</option>

<option value="计算机硬�">&nbsp;&nbsp;&nbsp;计算机硬�</option>




<option value="信息传媒">信息传媒</option>

<option value="出版�">&nbsp;&nbsp;&nbsp;出版�</option>

<option value="电影录音">&nbsp;&nbsp;&nbsp;电影录音</option>

<option value="广播电�">&nbsp;&nbsp;&nbsp;广播电�</option>

<option value="通信">&nbsp;&nbsp;&nbsp;通信</option>




<option value="金融">金融</option>

<option value="银�">&nbsp;&nbsp;&nbsp;银�</option>

<option value="资本投资">&nbsp;&nbsp;&nbsp;资本投资</option>

<option value="证券投资">&nbsp;&nbsp;&nbsp;证券投资</option>

<option value="保险">&nbsp;&nbsp;&nbsp;保险</option>

<option value="信贷">&nbsp;&nbsp;&nbsp;信贷</option>

<option value="财务">&nbsp;&nbsp;&nbsp;财务</option>

<option value="审�">&nbsp;&nbsp;&nbsp;审�</option>




<option value="服务�">服务�</option>

<option value="法律">&nbsp;&nbsp;&nbsp;法律</option>

<option value="餐饮">&nbsp;&nbsp;&nbsp;餐饮</option>

<option value="酒店">&nbsp;&nbsp;&nbsp;酒店</option>

<option value="旅游">&nbsp;&nbsp;&nbsp;旅游</option>

<option value="广告">&nbsp;&nbsp;&nbsp;广告</option>

<option value="��">&nbsp;&nbsp;&nbsp;��</option>

<option value="��">&nbsp;&nbsp;&nbsp;��</option>

<option value="咨�分�">&nbsp;&nbsp;&nbsp;咨�分�</option>

<option value="市场推广">&nbsp;&nbsp;&nbsp;市场推广</option>

<option value="人力资源">&nbsp;&nbsp;&nbsp;人力资源</option>

<option value="社工服务">&nbsp;&nbsp;&nbsp;社工服务</option>

<option value="养�服�">&nbsp;&nbsp;&nbsp;养�服�</option>




<option value="教育">教育</option>

<option value="高等教育">&nbsp;&nbsp;&nbsp;高等教育</option>

<option value="基�教育">&nbsp;&nbsp;&nbsp;基�教育</option>

<option value="职业教育">&nbsp;&nbsp;&nbsp;职业教育</option>

<option value="幼儿教育">&nbsp;&nbsp;&nbsp;幼儿教育</option>

<option value="特殊教育">&nbsp;&nbsp;&nbsp;特殊教育</option>

<option value="培�">&nbsp;&nbsp;&nbsp;培�</option>




<option value="医疗服务">医疗服务</option>

<option value="临床医疗">&nbsp;&nbsp;&nbsp;临床医疗</option>

<option value="制药">&nbsp;&nbsp;&nbsp;制药</option>

<option value="保健">&nbsp;&nbsp;&nbsp;保健</option>

<option value="美�">&nbsp;&nbsp;&nbsp;美�</option>

<option value="医疗器材">&nbsp;&nbsp;&nbsp;医疗器材</option>

<option value="生物工程">&nbsp;&nbsp;&nbsp;生物工程</option>

<option value="疗养服务">&nbsp;&nbsp;&nbsp;疗养服务</option>

<option value="护理服务">&nbsp;&nbsp;&nbsp;护理服务</option>




<option value="艺术娱乐">艺术娱乐</option>

<option value="创意艺术">&nbsp;&nbsp;&nbsp;创意艺术</option>

<option value="体育健身">&nbsp;&nbsp;&nbsp;体育健身</option>

<option value="娱乐休闲">&nbsp;&nbsp;&nbsp;娱乐休闲</option>

<option value="图书�">&nbsp;&nbsp;&nbsp;图书�</option>

<option value="博物�">&nbsp;&nbsp;&nbsp;博物�</option>

<option value="策展">&nbsp;&nbsp;&nbsp;策展</option>

<option value="博彩">&nbsp;&nbsp;&nbsp;博彩</option>




<option value="制�加�">制�加�</option>

<option value="食品�料业">&nbsp;&nbsp;&nbsp;食品�料业</option>

<option value="纺织�革业">&nbsp;&nbsp;&nbsp;纺织�革业</option>

<option value="服�业">&nbsp;&nbsp;&nbsp;服�业</option>

<option value="烟草�">&nbsp;&nbsp;&nbsp;烟草�</option>

<option value="造纸�">&nbsp;&nbsp;&nbsp;造纸�</option>

<option value="印刷�">&nbsp;&nbsp;&nbsp;印刷�</option>

<option value="化工�">&nbsp;&nbsp;&nbsp;化工�</option>

<option value="汽车">&nbsp;&nbsp;&nbsp;汽车</option>

<option value="家具">&nbsp;&nbsp;&nbsp;家具</option>

<option value="电子电器">&nbsp;&nbsp;&nbsp;电子电器</option>

<option value="机���">&nbsp;&nbsp;&nbsp;机���</option>

<option value="塑料工业">&nbsp;&nbsp;&nbsp;塑料工业</option>

<option value="金属加工">&nbsp;&nbsp;&nbsp;金属加工</option>

<option value="军火">&nbsp;&nbsp;&nbsp;军火</option>




<option value="地产建筑">地产建筑</option>

<option value="房地�">&nbsp;&nbsp;&nbsp;房地�</option>

<option value="装饰装潢">&nbsp;&nbsp;&nbsp;装饰装潢</option>

<option value="物业服务">&nbsp;&nbsp;&nbsp;物业服务</option>

<option value="特殊建�">&nbsp;&nbsp;&nbsp;特殊建�</option>

<option value="建筑设�">&nbsp;&nbsp;&nbsp;建筑设�</option>




<option value="贸易零售">贸易零售</option>

<option value="零售">&nbsp;&nbsp;&nbsp;零售</option>

<option value="大宗交易">&nbsp;&nbsp;&nbsp;大宗交易</option>

<option value="进出口贸�">&nbsp;&nbsp;&nbsp;进出口贸�</option>




<option value="�共服�">�共服�</option>

<option value="政府">&nbsp;&nbsp;&nbsp;政府</option>

<option value="国防军事">&nbsp;&nbsp;&nbsp;国防军事</option>

<option value="��">&nbsp;&nbsp;&nbsp;��</option>

<option value="科研">&nbsp;&nbsp;&nbsp;科研</option>

<option value="给排�">&nbsp;&nbsp;&nbsp;给排�</option>

<option value="水利能源">&nbsp;&nbsp;&nbsp;水利能源</option>

<option value="电力电网">&nbsp;&nbsp;&nbsp;电力电网</option>

<option value="�共�理">&nbsp;&nbsp;&nbsp;�共�理</option>

<option value="�境保�">&nbsp;&nbsp;&nbsp;�境保�</option>

<option value="非营利组�">&nbsp;&nbsp;&nbsp;非营利组�</option>




<option value="�采冶�">�采冶�</option>

<option value="煤炭工业">&nbsp;&nbsp;&nbsp;煤炭工业</option>

<option value="石油工业">&nbsp;&nbsp;&nbsp;石油工业</option>

<option value="黑色金属">&nbsp;&nbsp;&nbsp;黑色金属</option>

<option value="有色金属">&nbsp;&nbsp;&nbsp;有色金属</option>

<option value="土砂石开�">&nbsp;&nbsp;&nbsp;土砂石开�</option>

<option value="地热��">&nbsp;&nbsp;&nbsp;地热��</option>




<option value="交�仓�">交�仓�</option>

<option value="��">&nbsp;&nbsp;&nbsp;��</option>

<option value="物流递�">&nbsp;&nbsp;&nbsp;物流递�</option>

<option value="地面运输">&nbsp;&nbsp;&nbsp;地面运输</option>

<option value="铁路运输">&nbsp;&nbsp;&nbsp;铁路运输</option>

<option value="管线运输">&nbsp;&nbsp;&nbsp;管线运输</option>

<option value="�运业">&nbsp;&nbsp;&nbsp;�运业</option>

<option value="民用�空业">&nbsp;&nbsp;&nbsp;民用�空业</option>




<option value="农林牧渔">农林牧渔</option>

<option value="种�业">&nbsp;&nbsp;&nbsp;种�业</option>

<option value="畜牧养殖�">&nbsp;&nbsp;&nbsp;畜牧养殖�</option>

<option value="林业">&nbsp;&nbsp;&nbsp;林业</option>

<option value="渔业">&nbsp;&nbsp;&nbsp;渔业</option>



</select>
</div>
<span class="zg-bull"></span>
<input type="radio" name="gender" value="1"  class="male"/> �&nbsp;&nbsp;
<input type="radio" name="gender" value="0" checked="checked" class="female"/> �
<a class="zg-btn-blue" name="save" href="javascript:;">��</a>
</span>
</div>


<div class="item">

<a class="zm-profile-header-user-detail zg-link-litblue-normal zm-profile-icon-return" href="/people/jade-wu-44">
<i class="icon zm-profile-header-icon"></i>
<span>返回�人主�</span>
</a>

</div>

</div>

</div>
</div>
</div>
</div>



<div class="zm-profile-header-operation zg-clear ">
<div class="zm-profile-header-info-list">
<span class="zm-profile-header-info-title">获得</span>
<span class="zm-profile-header-user-agree"><span class="zm-profile-header-icon"></span><strong>0</strong>赞同</span>
<span class="zm-profile-header-user-thanks"><span class="zm-profile-header-icon"></span><strong>0</strong>感谢</span>

</div>

<div class="zm-profile-header-op-btns clearfix">


<button data-follow="m:button" data-id="52c68672263737a683381e1d7fa431d3" class="zg-btn zg-btn-follow zm-rich-follow-btn">关注�</button>



<a href="/inbox/1341274500" class="zg-btn-white zm-profile-header-pm-btn" id="zm-profile-header-pm-btn"><i class="zg-icon">私信</i></a>


</div>

</div>
<div class="profile-navbar clearfix">
<a class="item home first "
href="/people/jade-wu-44">
<i class="icon icon-profile-tab-home"></i><span class="hide-text">主页</span>
</a>
<a class="item "
href="/people/jade-wu-44/asks">
提问
<span class="num">0</span>
</a>
<a class="item "
href="/people/jade-wu-44/answers">
回答
<span class="num">0</span>
</a>
<a class="item "
href="/people/jade-wu-44/posts">
文章
<span class="num">0</span>
</a>

<a class="item "
href="/people/jade-wu-44/collections">
收藏
<span class="num">3</span>
</a>
<a class="item "
href="/people/jade-wu-44/logs">
�共编�
<span class="num">0</span>
</a>

</div>

</div>


<div class="zm-profile-section-wrap">
<div class="zm-profile-section-head">
<span class="zm-profile-section-name"><a href="/people/jade-wu-44">Jade Wu</a> � 1 人关�</span>
<a class="zg-right zg-link-litblue-normal zm-profile-answer-page-return" href="/people/jade-wu-44">返回�人主�</a>

</div>
<div class="zm-profile-section-list">
<div id="zh-profile-follows-list">
<div class="zh-general-list clearfix" data-init="{&quot;params&quot;: {&quot;offset&quot;: 0, &quot;order_by&quot;: &quot;created&quot;, &quot;hash_id&quot;: &quot;52c68672263737a683381e1d7fa431d3&quot;}, &quot;nodename&quot;: &quot;ProfileFollowersListV2&quot;}">

<div class="zm-profile-card zm-profile-section-item zg-clear no-hovercard">
<div class="zg-right">
<button data-follow="m:button" data-id="671d4f885a4398021c3f9cc3a1476564" class="zg-btn zg-btn-follow zm-rich-follow-btn small nth-0">关注�</button>
</div>
<a title="[已重置]"
data-tip="p$t$yi-zhong-zhi-72-74-35"
class="zm-item-link-avatar"
href="/people/yi-zhong-zhi-72-74-35">
<img src="https://pic1.zhimg.com/da8e974dc_m.jpg" class="zm-item-img-avatar">
</a>
<div class="zm-list-content-medium">
<h2 class="zm-list-content-title"><a data-tip="p$t$yi-zhong-zhi-72-74-35" href="https://www.zhihu.com/people/yi-zhong-zhi-72-74-35" class="zg-link" title="[已重置]"
>[已重置]</a></h2>

<div class="zg-big-gray"></div>
<div class="details zg-gray">
<a target="_blank" href="/people/yi-zhong-zhi-72-74-35/followers" class="zg-link-gray-normal">47 关注�</a>
/
<a target="_blank" href="/people/yi-zhong-zhi-72-74-35/asks" class="zg-link-gray-normal">0 提问</a>
/
<a target="_blank" href="/people/yi-zhong-zhi-72-74-35/answers" class="zg-link-gray-normal">0 回答</a>
/
<a target="_blank" href="/people/yi-zhong-zhi-72-74-35" class="zg-link-gray-normal">0 赞同</a>
</div>

</div>
</div>

</div>
<a href="javascript:;" id="zh-load-more" data-method="next" class="zg-btn-white zg-r3px zu-button-more" style="display:none">更�</a>
</div>
</div>
</div>


</div>
</div>


<div class="zu-main-sidebar">

<div class="zm-profile-side-following zg-clear">
<a class="item" href="/people/jade-wu-44/followees">
<span class="zg-gray-normal">关注�</span><br />
<strong>61</strong><label> �</label>
</a>
<a class="item" href="/people/jade-wu-44/followers">
<span class="zg-gray-normal">关注�</span><br />
<strong>1</strong><label> �</label>
</a>
</div>
<div class="zm-profile-side-section">
<div class="zm-side-section-inner zg-clear">
<div class="zm-profile-side-section-title">
关注� <a href="/people/jade-wu-44/columns/followed" class="zg-link-litblue"><strong>6 �专栏</strong></a>
</div>
<div class="zm-profile-side-columns">

<a href="http://zhuanlan.zhihu.com/lswlsw" data-tip="c$t$lswlsw" class="link" target="_blank">
<img class="Avatar Avatar--is" src="https://pic3.zhimg.com/7b0114ec2_l.jpg" srcset="https://pic3.zhimg.com/7b0114ec2_l.jpg 2x" alt="潜台�" />
</a>

<a href="http://zhuanlan.zhihu.com/prejudices" data-tip="c$t$prejudices" class="link" target="_blank">
<img class="Avatar Avatar--is" src="https://pic4.zhimg.com/4b70deef7_l.jpg" srcset="https://pic4.zhimg.com/4b70deef7_l.jpg 2x" alt="关于哲�和逻辑的一些偏�" />
</a>

<a href="http://zhuanlan.zhihu.com/animukokuseki" data-tip="c$t$animukokuseki" class="link" target="_blank">
<img class="Avatar Avatar--is" src="https://pic4.zhimg.com/eaa5d1cdf_l.jpg" srcset="https://pic4.zhimg.com/eaa5d1cdf_l.jpg 2x" alt="动画無国�" />
</a>

<a href="http://zhuanlan.zhihu.com/FoodforThought" data-tip="c$t$FoodforThought" class="link" target="_blank">
<img class="Avatar Avatar--is" src="https://pic1.zhimg.com/cba68e3d0e1e039b3708ca7ad5a7b1c8_l.jpg" srcset="https://pic1.zhimg.com/cba68e3d0e1e039b3708ca7ad5a7b1c8_l.jpg 2x" alt="Food for Thought" />
</a>

<a href="http://zhuanlan.zhihu.com/wontfallinyourlap" data-tip="c$t$wontfallinyourlap" class="link" target="_blank">
<img class="Avatar Avatar--is" src="https://pic4.zhimg.com/7c0592d7605a27cedb695e51acdcbcaf_l.jpg" srcset="https://pic4.zhimg.com/7c0592d7605a27cedb695e51acdcbcaf_l.jpg 2x" alt="天上不会掉�饼" />
</a>

<a href="http://zhuanlan.zhihu.com/rockChronicles" data-tip="c$t$rockChronicles" class="link" target="_blank">
<img class="Avatar Avatar--is" src="https://pic1.zhimg.com/8f157de06f96534540f64d71149df07c_l.jpg" srcset="https://pic1.zhimg.com/8f157de06f96534540f64d71149df07c_l.jpg 2x" alt="Rock Chronicles 摇滚编年�" />
</a>

</div>
</div>
</div>
<div class="zm-profile-side-section">
<div class="zm-side-section-inner zg-clear">
<div class="zm-profile-side-section-title">
关注� <a href="/people/jade-wu-44/topics" class="zg-link-litblue"><strong>7 �话�</strong></a>
</div>
<div class="zm-profile-side-topics" id="zh-profile-following-topic">

<a class="link" data-tip="t$t$19773516" href="/topic/19773516">
<img class="Avatar Avatar--l" src="https://pic2.zhimg.com/656dcf680f7b0606abc41af72c99b01d_l.png" srcset="https://pic2.zhimg.com/656dcf680f7b0606abc41af72c99b01d_xl.png 2x" alt="采铜（知乎用户）" />
</a>

<a class="link" data-tip="t$t$19550429" href="/topic/19550429">
<img class="Avatar Avatar--l" src="https://pic4.zhimg.com/7d8c15df29ce6900c80f9cf630992687_l.jpg" srcset="https://pic4.zhimg.com/7d8c15df29ce6900c80f9cf630992687_xl.jpg 2x" alt="电影" />
</a>

<a class="link" data-tip="t$t$19550714" href="/topic/19550714">
<img class="Avatar Avatar--l" src="https://pic4.zhimg.com/833891f85de55dbfddccdd4b072abe5f_l.png" srcset="https://pic4.zhimg.com/833891f85de55dbfddccdd4b072abe5f_xl.png 2x" alt="摇滚�" />
</a>

<a class="link" data-tip="t$t$19571906" href="/topic/19571906">
<img class="Avatar Avatar--l" src="https://pic2.zhimg.com/a4541c3d230a7e69b52c874ea52b9555_l.jpg" srcset="https://pic2.zhimg.com/a4541c3d230a7e69b52c874ea52b9555_xl.jpg 2x" alt="旅�攻�" />
</a>

<a class="link" data-tip="t$t$19551169" href="/topic/19551169">
<img class="Avatar Avatar--l" src="https://pic4.zhimg.com/1170e86ff_l.jpg" srcset="https://pic4.zhimg.com/1170e86ff_xl.jpg 2x" alt="北京生活" />
</a>

<a class="link" data-tip="t$t$19564862" href="/topic/19564862">
<img class="Avatar Avatar--l" src="https://pic2.zhimg.com/c69b09155_l.jpg" srcset="https://pic2.zhimg.com/c69b09155_xl.jpg 2x" alt="抑郁�" />
</a>

<a class="link" data-tip="t$t$19556784" href="/topic/19556784">
<img class="Avatar Avatar--l" src="https://pic4.zhimg.com/18691acde40fb59c33aa9f291120a847_l.png" srcset="https://pic4.zhimg.com/18691acde40fb59c33aa9f291120a847_xl.png 2x" alt="电影推荐" />
</a>

</div>
</div>
</div>

<div class="zm-profile-side-section">
<div class="zm-side-section-inner">
<ul id="profile-side-op" class="profile-side-op">

<li><a href="javascript:void(0);" name="report" class="zg-link-gray-normal">举报用户</a></li>



<li><a href="javascript:void(0);" name="block" class="zg-link-gray-normal">屏蔽用户</a></li>


</ul>
</div>
</div>

<div class="zm-profile-side-section">
<div class="zm-side-section-inner">
<span class="zg-gray-normal">�人主页� <strong>26</strong> 人浏�</span>
</div>
</div>

<script type="text/json" class="json-inline" data-name="current_people">["Jade Wu","jade-wu-44","https:\/\/pic2.zhimg.com\/9e2f710f9_s.jpg","52c68672263737a683381e1d7fa431d3"]</script>
<div id="zh-footer" class="zh-footer">
<div class="content zg-wrap clearfix">
<ul>

<li><a href="https://liukanshan.zhihu.com" target="_blank">刘看�</a></li>

<li><a href="/question/19581624" target="_blank">知乎指南</a></li>
<li><a href="javascript:;" id="js-feedback-button">建�反�</a></li>

<li><a href="/app" target="_blank">移动应用</a></li>
<li><a href="/careers">加入知乎</a></li>
<li><a href="/terms" target="_blank">知乎协�</a></li>
<li><a href="/contact">联系我们</a></li>

</ul>

<span class="copy">&copy; 2016 知乎</span>

</div>
</div>


</div>


</div>



<script type="text/json" class="json-inline" data-name="guiders2">{"exclusive-popover":{},"section":{},"editor":[]}</script>
<script type="text/json" class="json-inline" data-name="current_user">["alex liu","alex-liu-90-89","https:\/\/pic1.zhimg.com\/da8e974dc_s.jpg","23a3f9208f774c3604303b4f5cfa5593","",0,0,true,"fly8421@outlook.com","http:\/\/login.live.com",0,false,false,false,"31251545194496",false]</script>
<script type="text/json" class="json-inline" data-name="user_status">[null,null]</script>
<script type="text/json" class="json-inline" data-name="env">["zhihu.com","comet.zhihu.com",false,null,false]</script>
<script type="text/json" class="json-inline" data-name="permissions">[]</script>


<script type="text/json" class="json-inline" data-name="ga_vars">{"user_created":1373859581000,"now":1468422148000,"abtest_mask":"---------1--------------------","user_attr":[1,0,0,"-",1],"user_hash":"23a3f9208f774c3604303b4f5cfa5593"}</script>

<script type="text/json" class="json-inline" data-name="ra-urls">{"Report":"https:\/\/static.zhihu.com\/static\/revved\/-\/apps\/Report.de4e9d17.js","Community":"https:\/\/static.zhihu.com\/static\/revved\/-\/apps\/Community.4e11c449.js","OrgAnalytics":"https:\/\/static.zhihu.com\/static\/revved\/-\/apps\/OrgAnalytics.47e1a483.js","common":"https:\/\/static.zhihu.com\/static\/revved\/-\/apps\/common.ed1d17c3.js","CommentApp":"https:\/\/static.zhihu.com\/static\/revved\/-\/apps\/CommentApp.2ab02258.js"}</script>

<script src="https://static.zhihu.com/static/revved/-/js/vendor.ff76fbae.js"></script>
<script src="https://static.zhihu.com/static/revved/-/js/closure/base.16f00cdc.js"></script>

<script src="https://static.zhihu.com/static/revved/-/js/closure/common.da58cddd.js"></script>


<script src="https://static.zhihu.com/static/revved/-/js/closure/richtexteditor.2366981a.js" async></script>
<script src="https://static.zhihu.com/static/revved/-/js/closure/page-profile.cefc86c5.js"></script>
<meta name="entry" content="ZH.entryProfile" data-module-id="page-profile">

<script type="text/zscript" znonce="56e8f1841e924ab0bd8a64f42823b552"></script>

<input type="hidden" name="_xsrf" value="e554d006e527eb151cf238216037498e"/>
</body>
</html>
�������:yi-zhong-zhi-72-74-35
status code:200
�������:zhou-xiao-yu-65
�������:ma-qian-zu
�������:tian-yuan-dong
�������:fourtytwo
�������:xu-zhe-42
�������:USA_edu
�������:zombie
�������:hai-can-bao-76
�������:zhang-jia-wei
�������:lutongwang
�������:weixinsam
�������:catchen
�������:yi-xiao-49
�������:miao-li-42
�������:gmf8541
�������:asplin
�������:zhiqiang.org
�������:wang-duan-duan
�������:cmf2015
�Ѿ�ץȡ:4����ץȡ--->fang-ming-ming-78
url-->https://www.zhihu.com/people/fang-ming-ming-78/followers
status code:200
ץȡ����
now here is the page of -------------> fang-ming-ming-78
---------------------------------------------->
-----------------------------------------fang-ming-ming-78
<!DOCTYPE html>
<html lang="zh-CN" dropEffect="none" class="no-js ">
<head>
<meta charset="utf-8" />

<meta http-equiv="X-UA-Compatible" content="IE=edge,chrome=1" />
<meta name="renderer" content="webkit" />
<meta http-equiv="X-ZA-Response-Id" content="f50fecfc1b2f4080ba4f1a3fde8cb83e">

<title>包大� 的关注� - 知乎</title>

<meta name="apple-itunes-app" content="app-id=432274380, app-argument=zhihu://people/fang-ming-ming-78">


<meta name="viewport" content="width=device-width, initial-scale=1, maximum-scale=1"/>
<meta http-equiv="mobile-agent" content="format=html5;url=https://www.zhihu.com/people/fang-ming-ming-78/followers">
<meta id="znonce" name="znonce" content="1f987bb9f6f34f8f985b09aced02b6a9">



<link rel="apple-touch-icon" href="https://static.zhihu.com/static/revved/img/ios/touch-icon-152.87c020b9.png" sizes="152x152">
<link rel="apple-touch-icon" href="https://static.zhihu.com/static/revved/img/ios/touch-icon-120.496c913b.png" sizes="120x120">
<link rel="apple-touch-icon" href="https://static.zhihu.com/static/revved/img/ios/touch-icon-76.dcf79352.png" sizes="76x76">
<link rel="apple-touch-icon" href="https://static.zhihu.com/static/revved/img/ios/touch-icon-60.9911cffb.png" sizes="60x60">


<link rel="shortcut icon" href="https://static.zhihu.com/static/favicon.ico" type="image/x-icon">

<link rel="search" type="application/opensearchdescription+xml" href="https://static.zhihu.com/static/search.xml" title="知乎" />
<link rel="stylesheet" href="https://static.zhihu.com/static/revved/-/css/z.f27e53b2.css">
<link rel="stylesheet" href="https://static.zhihu.com/static/revved/-/css/pages/profile/main.9f9b4fe5.css">




<!--[if lt IE 9]>
<script src="https://static.zhihu.com/static/components/respond/dest/respond.min.js"></script>
<link href="https://static.zhihu.com/static/components/respond/cross-domain/respond-proxy.html" id="respond-proxy" rel="respond-proxy" />
<link href="/static/components/respond/cross-domain/respond.proxy.gif" id="respond-redirect" rel="respond-redirect" />
<script src="/static/components/respond/cross-domain/respond.proxy.js"></script>
<![endif]-->
<script src="https://static.zhihu.com/static/revved/-/js/instant.e7a17de6.js"></script>

<style>
.zm-side-section + .zm-side-section {
margin: 20px 0 0 0;
}
.zm-profile-section-list .zm-item-answer-author-info .zm-item-link-avatar {
display: none;
}
</style>

</head>

<body class="zhi ">



<div role="navigation" class="zu-top">
<div class="zg-wrap modal-shifting clearfix" id="zh-top-inner">
<a href="/" class="zu-top-link-logo" id="zh-top-link-logo" data-za-c="view_home" data-za-a="visit_home" data-za-l="top_navigation_zhihu_logo">知乎</a>

<div class="top-nav-profile">
<a href="/people/alex-liu-90-89" class="zu-top-nav-userinfo ">
<span class="name">alex liu</span>
<img class="Avatar" src="https://pic1.zhimg.com/da8e974dc_s.jpg" srcset="https://pic1.zhimg.com/da8e974dc_xs.jpg 2x" alt="alex liu" />
<span id="zh-top-nav-new-pm" class="zg-noti-number zu-top-nav-pm-count"
style="visibility:hidden" data-count="0">

</span>
</a>
<ul class="top-nav-dropdown" id="top-nav-profile-dropdown">
<li>
<a href="/people/alex-liu-90-89">
<i class="zg-icon zg-icon-dd-home"></i>我的主页
</a>
</li>

<li>
<a href="/inbox">
<i class="zg-icon zg-icon-dd-pm"></i>私信
<span id="zh-top-nav-pm-count" class="zu-top-nav-pm-count zg-noti-number"
style="visibility:hidden" data-count="0">

</span>
</a>
</li>
<li>
<a href="/settings">
<i class="zg-icon zg-icon-dd-settings"></i>设置
</a>
</li>
<li>
<a href="/logout">
<i class="zg-icon zg-icon-dd-logout"></i>��
</a>
</li>
</ul>

</div>



<button class="zu-top-add-question" id="zu-top-add-question">提问</button>


<div role="search" id="zh-top-search" class="zu-top-search">
<form method="GET" action="/search" id="zh-top-search-form" class="zu-top-search-form">



<input type="hidden" name="type" value="content">
<label for="q" class="hide-text">知乎搜索</label><input type="text" class="zu-top-search-input" id="q" name="q" autocomplete="off" value="" placeholder="搜索你感兴趣的内�...">
<button type="submit" class="zu-top-search-button"><span class="hide-text">搜索</span><span class="sprite-global-icon-magnifier-dark"></span></button>
</form>
</div>



<div id="zg-top-nav" class="zu-top-nav">
<ul class="zu-top-nav-ul zg-clear">

<li class="zu-top-nav-li " id="zh-top-nav-home">
<a class="zu-top-nav-link" href="/" id="zh-top-link-home" data-za-c="view_home" data-za-a="visit_home" data-za-l="top_navigation_home">首页</a>
</li>



<li class="top-nav-topic-selector zu-top-nav-li " id="zh-top-nav-topic">
<a class="zu-top-nav-link" href="/topic" id="top-nav-dd-topic">话�</a>
</li>

<li class="zu-top-nav-li " id="zh-top-nav-explore">
<a class="zu-top-nav-link" href="/explore">发现</a>
</li>

<li class="top-nav-noti zu-top-nav-li ">
<a class="zu-top-nav-link" href="javascript:;" id="zh-top-nav-count-wrap" role="button"><span class="mobi-arrow"></span>消息</a>
</li>



</ul>
<div class="zu-top-nav-live zu-noti7-popup zg-r5px no-hovercard" id="zh-top-nav-live-new" role="popup" tabindex="0">
<div class="zu-top-nav-live-inner zg-r5px">
<div class="zu-top-live-icon">&nbsp;</div>
<div class="zu-home-noti-inner" id="zh-top-nav-live-new-inner">
<div class="zm-noti7-popup-tab-container clearfix" tabindex="0">
<button class="zm-noti7-popup-tab-item message">
<span class="icon">消息</span>
</button>
<button class="zm-noti7-popup-tab-item user">
<span class="icon">用户</span>
</button>
<button class="zm-noti7-popup-tab-item thanks">
<span class="icon">赞同和感�</span>
</button>
</div>
</div>
<div class="zm-noti7-frame-border top"></div>
<div class="zm-noti7-frame">
<div class="zm-noti7-content message">
<div class="zm-noti7-content-inner">
<div class="zm-noti7-content-body">
<div class="zm-noti7-popup-loading">
<span class="noti-spinner-loading"></span>
</div>
</div>
</div>
</div>
<div class="zm-noti7-content user" style="display:none;">
<div class="zm-noti7-content-inner">
<div class="zm-noti7-content-body">
<div class="zm-noti7-popup-loading">
<span class="noti-spinner-loading"></span>
</div>
</div>
</div>
</div>
<div class="zm-noti7-content thanks" style="display:none;">
<div class="zm-noti7-content-inner">
<div class="zm-noti7-content-body">
<div class="zm-noti7-popup-loading">
<span class="noti-spinner-loading"></span>
</div>
</div>
</div>
</div>
</div>
<div class="zm-noti7-frame-border bottom"></div>
<div class="zm-noti7-popup-footer">
<a href="/notifications" class="zm-noti7-popup-footer-all zg-right">查看全部 &raquo;</a>
<a href="/settings/notification" class="zm-noti7-popup-footer-set" title="通知设置" ><i class="zg-icon zg-icon-settings"></i></a>
</div>
</div>
</div>

</div>

</div>
</div>


<div class="zu-global-notify" id="zh-global-message" style="display:none">
<div class="zg-wrap">
<div class="zu-global-nitify-inner">
<a class="zu-global-notify-close" href="javascript:;" title="关闭" name="close">x</a>
<span class="zu-global-notify-icon"></span>
<span class="zu-global-notify-msg"></span>
</div>
</div>
</div>




<div class="zg-wrap zu-main clearfix "  role="main">
<div class="zu-main-content">
<div class="zu-main-content-inner">






<div class="zm-profile-header ProfileCard">
<div class="zm-profile-header-main">
<div class="top">

<div class='weibo-wrap'>

</div>

<div class="title-section ellipsis">
<a class="name" href="/people/fang-ming-ming-78">包大�</a>�<span class="bio" title="�体�营">�体�营</span>
</div>
</div>
<div class="body clearfix">

<img class="Avatar Avatar--l" src="https://pic2.zhimg.com/17aaa343f4b5b51f410788bcad5b733d_l.jpg" srcset="https://pic2.zhimg.com/17aaa343f4b5b51f410788bcad5b733d_xl.jpg 2x" alt="包大�" />

<div class="zm-profile-header-info">
<div class="zm-profile-header-user-describe">
<div class="items">

<div class="item editable-group" data-name="location">

<span class="info-wrap">




</span>
<span class="edit-wrap" style="display:none;">
<span class="topic-input-wrap"><input autocomplete="off" aria-haspopup="true" type="text" name="location" value="" class="zg-form-text-input location" placeholder="居住�"/></span>
<div class="business-selection">
<select name="business">
<option value="">选择行业</option>


<option value="高新科技">高新科技</option>

<option value="互联�">&nbsp;&nbsp;&nbsp;互联�</option>

<option value="电子商务">&nbsp;&nbsp;&nbsp;电子商务</option>

<option value="电子游戏">&nbsp;&nbsp;&nbsp;电子游戏</option>

<option value="计算机软�">&nbsp;&nbsp;&nbsp;计算机软�</option>

<option value="计算机硬�">&nbsp;&nbsp;&nbsp;计算机硬�</option>




<option value="信息传媒">信息传媒</option>

<option value="出版�">&nbsp;&nbsp;&nbsp;出版�</option>

<option value="电影录音">&nbsp;&nbsp;&nbsp;电影录音</option>

<option value="广播电�">&nbsp;&nbsp;&nbsp;广播电�</option>

<option value="通信">&nbsp;&nbsp;&nbsp;通信</option>




<option value="金融">金融</option>

<option value="银�">&nbsp;&nbsp;&nbsp;银�</option>

<option value="资本投资">&nbsp;&nbsp;&nbsp;资本投资</option>

<option value="证券投资">&nbsp;&nbsp;&nbsp;证券投资</option>

<option value="保险">&nbsp;&nbsp;&nbsp;保险</option>

<option value="信贷">&nbsp;&nbsp;&nbsp;信贷</option>

<option value="财务">&nbsp;&nbsp;&nbsp;财务</option>

<option value="审�">&nbsp;&nbsp;&nbsp;审�</option>




<option value="服务�">服务�</option>

<option value="法律">&nbsp;&nbsp;&nbsp;法律</option>

<option value="餐饮">&nbsp;&nbsp;&nbsp;餐饮</option>

<option value="酒店">&nbsp;&nbsp;&nbsp;酒店</option>

<option value="旅游">&nbsp;&nbsp;&nbsp;旅游</option>

<option value="广告">&nbsp;&nbsp;&nbsp;广告</option>

<option value="��">&nbsp;&nbsp;&nbsp;��</option>

<option value="��">&nbsp;&nbsp;&nbsp;��</option>

<option value="咨�分�">&nbsp;&nbsp;&nbsp;咨�分�</option>

<option value="市场推广">&nbsp;&nbsp;&nbsp;市场推广</option>

<option value="人力资源">&nbsp;&nbsp;&nbsp;人力资源</option>

<option value="社工服务">&nbsp;&nbsp;&nbsp;社工服务</option>

<option value="养�服�">&nbsp;&nbsp;&nbsp;养�服�</option>




<option value="教育">教育</option>

<option value="高等教育">&nbsp;&nbsp;&nbsp;高等教育</option>

<option value="基�教育">&nbsp;&nbsp;&nbsp;基�教育</option>

<option value="职业教育">&nbsp;&nbsp;&nbsp;职业教育</option>

<option value="幼儿教育">&nbsp;&nbsp;&nbsp;幼儿教育</option>

<option value="特殊教育">&nbsp;&nbsp;&nbsp;特殊教育</option>

<option value="培�">&nbsp;&nbsp;&nbsp;培�</option>




<option value="医疗服务">医疗服务</option>

<option value="临床医疗">&nbsp;&nbsp;&nbsp;临床医疗</option>

<option value="制药">&nbsp;&nbsp;&nbsp;制药</option>

<option value="保健">&nbsp;&nbsp;&nbsp;保健</option>

<option value="美�">&nbsp;&nbsp;&nbsp;美�</option>

<option value="医疗器材">&nbsp;&nbsp;&nbsp;医疗器材</option>

<option value="生物工程">&nbsp;&nbsp;&nbsp;生物工程</option>

<option value="疗养服务">&nbsp;&nbsp;&nbsp;疗养服务</option>

<option value="护理服务">&nbsp;&nbsp;&nbsp;护理服务</option>




<option value="艺术娱乐">艺术娱乐</option>

<option value="创意艺术">&nbsp;&nbsp;&nbsp;创意艺术</option>

<option value="体育健身">&nbsp;&nbsp;&nbsp;体育健身</option>

<option value="娱乐休闲">&nbsp;&nbsp;&nbsp;娱乐休闲</option>

<option value="图书�">&nbsp;&nbsp;&nbsp;图书�</option>

<option value="博物�">&nbsp;&nbsp;&nbsp;博物�</option>

<option value="策展">&nbsp;&nbsp;&nbsp;策展</option>

<option value="博彩">&nbsp;&nbsp;&nbsp;博彩</option>




<option value="制�加�">制�加�</option>

<option value="食品�料业">&nbsp;&nbsp;&nbsp;食品�料业</option>

<option value="纺织�革业">&nbsp;&nbsp;&nbsp;纺织�革业</option>

<option value="服�业">&nbsp;&nbsp;&nbsp;服�业</option>

<option value="烟草�">&nbsp;&nbsp;&nbsp;烟草�</option>

<option value="造纸�">&nbsp;&nbsp;&nbsp;造纸�</option>

<option value="印刷�">&nbsp;&nbsp;&nbsp;印刷�</option>

<option value="化工�">&nbsp;&nbsp;&nbsp;化工�</option>

<option value="汽车">&nbsp;&nbsp;&nbsp;汽车</option>

<option value="家具">&nbsp;&nbsp;&nbsp;家具</option>

<option value="电子电器">&nbsp;&nbsp;&nbsp;电子电器</option>

<option value="机���">&nbsp;&nbsp;&nbsp;机���</option>

<option value="塑料工业">&nbsp;&nbsp;&nbsp;塑料工业</option>

<option value="金属加工">&nbsp;&nbsp;&nbsp;金属加工</option>

<option value="军火">&nbsp;&nbsp;&nbsp;军火</option>




<option value="地产建筑">地产建筑</option>

<option value="房地�">&nbsp;&nbsp;&nbsp;房地�</option>

<option value="装饰装潢">&nbsp;&nbsp;&nbsp;装饰装潢</option>

<option value="物业服务">&nbsp;&nbsp;&nbsp;物业服务</option>

<option value="特殊建�">&nbsp;&nbsp;&nbsp;特殊建�</option>

<option value="建筑设�">&nbsp;&nbsp;&nbsp;建筑设�</option>




<option value="贸易零售">贸易零售</option>

<option value="零售">&nbsp;&nbsp;&nbsp;零售</option>

<option value="大宗交易">&nbsp;&nbsp;&nbsp;大宗交易</option>

<option value="进出口贸�">&nbsp;&nbsp;&nbsp;进出口贸�</option>




<option value="�共服�">�共服�</option>

<option value="政府">&nbsp;&nbsp;&nbsp;政府</option>

<option value="国防军事">&nbsp;&nbsp;&nbsp;国防军事</option>

<option value="��">&nbsp;&nbsp;&nbsp;��</option>

<option value="科研">&nbsp;&nbsp;&nbsp;科研</option>

<option value="给排�">&nbsp;&nbsp;&nbsp;给排�</option>

<option value="水利能源">&nbsp;&nbsp;&nbsp;水利能源</option>

<option value="电力电网">&nbsp;&nbsp;&nbsp;电力电网</option>

<option value="�共�理">&nbsp;&nbsp;&nbsp;�共�理</option>

<option value="�境保�">&nbsp;&nbsp;&nbsp;�境保�</option>

<option value="非营利组�">&nbsp;&nbsp;&nbsp;非营利组�</option>




<option value="�采冶�">�采冶�</option>

<option value="煤炭工业">&nbsp;&nbsp;&nbsp;煤炭工业</option>

<option value="石油工业">&nbsp;&nbsp;&nbsp;石油工业</option>

<option value="黑色金属">&nbsp;&nbsp;&nbsp;黑色金属</option>

<option value="有色金属">&nbsp;&nbsp;&nbsp;有色金属</option>

<option value="土砂石开�">&nbsp;&nbsp;&nbsp;土砂石开�</option>

<option value="地热��">&nbsp;&nbsp;&nbsp;地热��</option>




<option value="交�仓�">交�仓�</option>

<option value="��">&nbsp;&nbsp;&nbsp;��</option>

<option value="物流递�">&nbsp;&nbsp;&nbsp;物流递�</option>

<option value="地面运输">&nbsp;&nbsp;&nbsp;地面运输</option>

<option value="铁路运输">&nbsp;&nbsp;&nbsp;铁路运输</option>

<option value="管线运输">&nbsp;&nbsp;&nbsp;管线运输</option>

<option value="�运业">&nbsp;&nbsp;&nbsp;�运业</option>

<option value="民用�空业">&nbsp;&nbsp;&nbsp;民用�空业</option>




<option value="农林牧渔">农林牧渔</option>

<option value="种�业">&nbsp;&nbsp;&nbsp;种�业</option>

<option value="畜牧养殖�">&nbsp;&nbsp;&nbsp;畜牧养殖�</option>

<option value="林业">&nbsp;&nbsp;&nbsp;林业</option>

<option value="渔业">&nbsp;&nbsp;&nbsp;渔业</option>



</select>
</div>
<span class="zg-bull"></span>
<input type="radio" name="gender" value="1"  class="male"/> �&nbsp;&nbsp;
<input type="radio" name="gender" value="0"  class="female"/> �
<a class="zg-btn-blue" name="save" href="javascript:;">��</a>
</span>
</div>


<div class="item">

<a class="zm-profile-header-user-detail zg-link-litblue-normal zm-profile-icon-return" href="/people/fang-ming-ming-78">
<i class="icon zm-profile-header-icon"></i>
<span>返回�人主�</span>
</a>

</div>

</div>

</div>
</div>
</div>
</div>



<div class="zm-profile-header-operation zg-clear ">
<div class="zm-profile-header-info-list">
<span class="zm-profile-header-info-title">获得</span>
<span class="zm-profile-header-user-agree"><span class="zm-profile-header-icon"></span><strong>0</strong>赞同</span>
<span class="zm-profile-header-user-thanks"><span class="zm-profile-header-icon"></span><strong>0</strong>感谢</span>

</div>

<div class="zm-profile-header-op-btns clearfix">


<button data-follow="m:button" data-id="6e2aeb75ec1438662c9210b22a2af035" class="zg-btn zg-btn-follow zm-rich-follow-btn">关注</button>



<a href="/inbox/9993299300" class="zg-btn-white zm-profile-header-pm-btn" id="zm-profile-header-pm-btn"><i class="zg-icon">私信</i></a>


</div>

</div>
<div class="profile-navbar clearfix">
<a class="item home first "
href="/people/fang-ming-ming-78">
<i class="icon icon-profile-tab-home"></i><span class="hide-text">主页</span>
</a>
<a class="item "
href="/people/fang-ming-ming-78/asks">
提问
<span class="num">0</span>
</a>
<a class="item "
href="/people/fang-ming-ming-78/answers">
回答
<span class="num">0</span>
</a>
<a class="item "
href="/people/fang-ming-ming-78/posts">
文章
<span class="num">0</span>
</a>

<a class="item "
href="/people/fang-ming-ming-78/collections">
收藏
<span class="num">1</span>
</a>
<a class="item "
href="/people/fang-ming-ming-78/logs">
�共编�
<span class="num">0</span>
</a>

</div>

</div>


<div class="zm-profile-section-wrap">
<div class="zm-profile-section-head">
<span class="zm-profile-section-name"><a href="/people/fang-ming-ming-78">包大�</a> � 1 人关�</span>
<a class="zg-right zg-link-litblue-normal zm-profile-answer-page-return" href="/people/fang-ming-ming-78">返回�人主�</a>

</div>
<div class="zm-profile-section-list">
<div id="zh-profile-follows-list">
<div class="zh-general-list clearfix" data-init="{&quot;params&quot;: {&quot;offset&quot;: 0, &quot;order_by&quot;: &quot;created&quot;, &quot;hash_id&quot;: &quot;6e2aeb75ec1438662c9210b22a2af035&quot;}, &quot;nodename&quot;: &quot;ProfileFollowersListV2&quot;}">

<div class="zm-profile-card zm-profile-section-item zg-clear no-hovercard">
<div class="zg-right">
<button data-follow="m:button" data-id="7aa200ed98890ecf0dded93e019c6316" class="zg-btn zg-btn-follow zm-rich-follow-btn small nth-0">关注�</button>
</div>
<a title="拘贺�"
data-tip="p$t$ju-he-jia-97"
class="zm-item-link-avatar"
href="/people/ju-he-jia-97">
<img src="https://pic1.zhimg.com/d6838257052ce8d1aebf8811b5109f78_m.jpg" class="zm-item-img-avatar">
</a>
<div class="zm-list-content-medium">
<h2 class="zm-list-content-title"><a data-tip="p$t$ju-he-jia-97" href="https://www.zhihu.com/people/ju-he-jia-97" class="zg-link" title="拘贺�"
>拘贺�</a></h2>

<div class="zg-big-gray"></div>
<div class="details zg-gray">
<a target="_blank" href="/people/ju-he-jia-97/followers" class="zg-link-gray-normal">20 关注�</a>
/
<a target="_blank" href="/people/ju-he-jia-97/asks" class="zg-link-gray-normal">0 提问</a>
/
<a target="_blank" href="/people/ju-he-jia-97/answers" class="zg-link-gray-normal">0 回答</a>
/
<a target="_blank" href="/people/ju-he-jia-97" class="zg-link-gray-normal">0 赞同</a>
</div>

</div>
</div>

</div>
<a href="javascript:;" id="zh-load-more" data-method="next" class="zg-btn-white zg-r3px zu-button-more" style="display:none">更�</a>
</div>
</div>
</div>


</div>
</div>


<div class="zu-main-sidebar">

<div class="zm-profile-side-following zg-clear">
<a class="item" href="/people/fang-ming-ming-78/followees">
<span class="zg-gray-normal">关注�</span><br />
<strong>15</strong><label> �</label>
</a>
<a class="item" href="/people/fang-ming-ming-78/followers">
<span class="zg-gray-normal">关注�</span><br />
<strong>1</strong><label> �</label>
</a>
</div>

<div class="zm-profile-side-section">
<div class="zm-side-section-inner zg-clear">
<div class="zm-profile-side-section-title">
关注� <a href="/people/fang-ming-ming-78/topics" class="zg-link-litblue"><strong>15 �话�</strong></a>
</div>
<div class="zm-profile-side-topics" id="zh-profile-following-topic">

<a class="link" data-tip="t$t$19555513" href="/topic/19555513">
<img class="Avatar Avatar--l" src="https://pic2.zhimg.com/97519a90d_l.jpg" srcset="https://pic2.zhimg.com/97519a90d_xl.jpg 2x" alt="生活方式" />
</a>

<a class="link" data-tip="t$t$19559424" href="/topic/19559424">
<img class="Avatar Avatar--l" src="https://pic2.zhimg.com/afa4afb3d_l.jpg" srcset="https://pic2.zhimg.com/afa4afb3d_xl.jpg 2x" alt="数据分析" />
</a>

<a class="link" data-tip="t$t$19552720" href="/topic/19552720">
<img class="Avatar Avatar--l" src="https://pic1.zhimg.com/722691568_l.jpg" srcset="https://pic1.zhimg.com/722691568_xl.jpg 2x" alt="李开复（人物�" />
</a>

<a class="link" data-tip="t$t$19567962" href="/topic/19567962">
<img class="Avatar Avatar--l" src="https://pic3.zhimg.com/43efd061747369b1f03cc2c34adca45e_l.jpg" srcset="https://pic3.zhimg.com/43efd061747369b1f03cc2c34adca45e_xl.jpg 2x" alt="博弈�" />
</a>

<a class="link" data-tip="t$t$19552266" href="/topic/19552266">
<img class="Avatar Avatar--l" src="https://pic4.zhimg.com/561b3578f_l.jpg" srcset="https://pic4.zhimg.com/561b3578f_xl.jpg 2x" alt="文化" />
</a>

<a class="link" data-tip="t$t$19558438" href="/topic/19558438">
<img class="Avatar Avatar--l" src="https://pic3.zhimg.com/8e1c10bc218754374553256fe6a98c56_l.jpg" srcset="https://pic3.zhimg.com/8e1c10bc218754374553256fe6a98c56_xl.jpg 2x" alt="建筑" />
</a>

<a class="link" data-tip="t$t$19910686" href="/topic/19910686">
<img class="Avatar Avatar--l" src="https://pic2.zhimg.com/5575f0f576c6b59df09b1dc757d71c29_l.jpg" srcset="https://pic2.zhimg.com/5575f0f576c6b59df09b1dc757d71c29_xl.jpg 2x" alt="朱炫（知乎用户）" />
</a>

</div>
</div>
</div>

<div class="zm-profile-side-section">
<div class="zm-side-section-inner">
<ul id="profile-side-op" class="profile-side-op">

<li><a href="javascript:void(0);" name="report" class="zg-link-gray-normal">举报用户</a></li>



<li><a href="javascript:void(0);" name="block" class="zg-link-gray-normal">屏蔽用户</a></li>


</ul>
</div>
</div>

<div class="zm-profile-side-section">
<div class="zm-side-section-inner">
<span class="zg-gray-normal">�人主页� <strong>1</strong> 人浏�</span>
</div>
</div>

<script type="text/json" class="json-inline" data-name="current_people">["\u5305\u5927\u4eba","fang-ming-ming-78","https:\/\/pic2.zhimg.com\/17aaa343f4b5b51f410788bcad5b733d_s.jpg","6e2aeb75ec1438662c9210b22a2af035"]</script>
<div id="zh-footer" class="zh-footer">
<div class="content zg-wrap clearfix">
<ul>

<li><a href="https://liukanshan.zhihu.com" target="_blank">刘看�</a></li>

<li><a href="/question/19581624" target="_blank">知乎指南</a></li>
<li><a href="javascript:;" id="js-feedback-button">建�反�</a></li>

<li><a href="/app" target="_blank">移动应用</a></li>
<li><a href="/careers">加入知乎</a></li>
<li><a href="/terms" target="_blank">知乎协�</a></li>
<li><a href="/contact">联系我们</a></li>

</ul>

<span class="copy">&copy; 2016 知乎</span>

</div>
</div>


</div>


</div>



<script type="text/json" class="json-inline" data-name="guiders2">{"exclusive-popover":{},"section":{},"editor":[]}</script>
<script type="text/json" class="json-inline" data-name="current_user">["alex liu","alex-liu-90-89","https:\/\/pic1.zhimg.com\/da8e974dc_s.jpg","23a3f9208f774c3604303b4f5cfa5593","",0,0,true,"fly8421@outlook.com","http:\/\/login.live.com",0,false,false,false,"31251545194496",false]</script>
<script type="text/json" class="json-inline" data-name="user_status">[null,null]</script>
<script type="text/json" class="json-inline" data-name="env">["zhihu.com","comet.zhihu.com",false,null,false]</script>
<script type="text/json" class="json-inline" data-name="permissions">[]</script>


<script type="text/json" class="json-inline" data-name="ga_vars">{"user_created":1373859581000,"now":1468422150000,"abtest_mask":"---------1--------------------","user_attr":[1,0,0,"-",1],"user_hash":"23a3f9208f774c3604303b4f5cfa5593"}</script>

<script type="text/json" class="json-inline" data-name="ra-urls">{"Report":"https:\/\/static.zhihu.com\/static\/revved\/-\/apps\/Report.de4e9d17.js","Community":"https:\/\/static.zhihu.com\/static\/revved\/-\/apps\/Community.4e11c449.js","OrgAnalytics":"https:\/\/static.zhihu.com\/static\/revved\/-\/apps\/OrgAnalytics.47e1a483.js","common":"https:\/\/static.zhihu.com\/static\/revved\/-\/apps\/common.ed1d17c3.js","CommentApp":"https:\/\/static.zhihu.com\/static\/revved\/-\/apps\/CommentApp.2ab02258.js"}</script>

<script src="https://static.zhihu.com/static/revved/-/js/vendor.ff76fbae.js"></script>
<script src="https://static.zhihu.com/static/revved/-/js/closure/base.16f00cdc.js"></script>

<script src="https://static.zhihu.com/static/revved/-/js/closure/common.da58cddd.js"></script>


<script src="https://static.zhihu.com/static/revved/-/js/closure/richtexteditor.2366981a.js" async></script>
<script src="https://static.zhihu.com/static/revved/-/js/closure/page-profile.cefc86c5.js"></script>
<meta name="entry" content="ZH.entryProfile" data-module-id="page-profile">

<script type="text/zscript" znonce="1f987bb9f6f34f8f985b09aced02b6a9"></script>

<input type="hidden" name="_xsrf" value="e554d006e527eb151cf238216037498e"/>
</body>
</html>
�������:ju-he-jia-97
status code:200
�������:zhang-jia-wei
�������:jiang-sheng-72-25
�������:ma-bo-yong
�������:smile001
�������:ling-hu-fu-gui
�������:xie-dai-dao
�������:teng-shu-yuan
�������:cheng-hao-81
�������:korn777
�������:Enagi
�������:liangbianyao
�������:ChenZhangyu
�������:wangxiaofeng
�������:fu-er
�Ѿ�ץȡ:5����ץȡ--->e-e-70-38
url-->https://www.zhihu.com/people/e-e-70-38/followers
status code:200
ץȡ����
now here is the page of -------------> e-e-70-38
---------------------------------------------->
-----------------------------------------e-e-70-38
<!DOCTYPE html>
<html lang="zh-CN" dropEffect="none" class="no-js ">
<head>
<meta charset="utf-8" />

<meta http-equiv="X-UA-Compatible" content="IE=edge,chrome=1" />
<meta name="renderer" content="webkit" />
<meta http-equiv="X-ZA-Response-Id" content="3ab4f203f3514a9cb7741edaab68a33d">

<title>哦哦 的关注� - 知乎</title>

<meta name="apple-itunes-app" content="app-id=432274380, app-argument=zhihu://people/e-e-70-38">


<meta name="viewport" content="width=device-width, initial-scale=1, maximum-scale=1"/>
<meta http-equiv="mobile-agent" content="format=html5;url=https://www.zhihu.com/people/e-e-70-38/followers">
<meta id="znonce" name="znonce" content="4a6bbea5567843c78a53a27a72ff1dfe">



<link rel="apple-touch-icon" href="https://static.zhihu.com/static/revved/img/ios/touch-icon-152.87c020b9.png" sizes="152x152">
<link rel="apple-touch-icon" href="https://static.zhihu.com/static/revved/img/ios/touch-icon-120.496c913b.png" sizes="120x120">
<link rel="apple-touch-icon" href="https://static.zhihu.com/static/revved/img/ios/touch-icon-76.dcf79352.png" sizes="76x76">
<link rel="apple-touch-icon" href="https://static.zhihu.com/static/revved/img/ios/touch-icon-60.9911cffb.png" sizes="60x60">


<link rel="shortcut icon" href="https://static.zhihu.com/static/favicon.ico" type="image/x-icon">

<link rel="search" type="application/opensearchdescription+xml" href="https://static.zhihu.com/static/search.xml" title="知乎" />
<link rel="stylesheet" href="https://static.zhihu.com/static/revved/-/css/z.f27e53b2.css">
<link rel="stylesheet" href="https://static.zhihu.com/static/revved/-/css/pages/profile/main.9f9b4fe5.css">




<!--[if lt IE 9]>
<script src="https://static.zhihu.com/static/components/respond/dest/respond.min.js"></script>
<link href="https://static.zhihu.com/static/components/respond/cross-domain/respond-proxy.html" id="respond-proxy" rel="respond-proxy" />
<link href="/static/components/respond/cross-domain/respond.proxy.gif" id="respond-redirect" rel="respond-redirect" />
<script src="/static/components/respond/cross-domain/respond.proxy.js"></script>
<![endif]-->
<script src="https://static.zhihu.com/static/revved/-/js/instant.e7a17de6.js"></script>

<style>
.zm-side-section + .zm-side-section {
margin: 20px 0 0 0;
}
.zm-profile-section-list .zm-item-answer-author-info .zm-item-link-avatar {
display: none;
}
</style>

</head>

<body class="zhi ">



<div role="navigation" class="zu-top">
<div class="zg-wrap modal-shifting clearfix" id="zh-top-inner">
<a href="/" class="zu-top-link-logo" id="zh-top-link-logo" data-za-c="view_home" data-za-a="visit_home" data-za-l="top_navigation_zhihu_logo">知乎</a>

<div class="top-nav-profile">
<a href="/people/alex-liu-90-89" class="zu-top-nav-userinfo ">
<span class="name">alex liu</span>
<img class="Avatar" src="https://pic1.zhimg.com/da8e974dc_s.jpg" srcset="https://pic1.zhimg.com/da8e974dc_xs.jpg 2x" alt="alex liu" />
<span id="zh-top-nav-new-pm" class="zg-noti-number zu-top-nav-pm-count"
style="visibility:hidden" data-count="0">

</span>
</a>
<ul class="top-nav-dropdown" id="top-nav-profile-dropdown">
<li>
<a href="/people/alex-liu-90-89">
<i class="zg-icon zg-icon-dd-home"></i>我的主页
</a>
</li>

<li>
<a href="/inbox">
<i class="zg-icon zg-icon-dd-pm"></i>私信
<span id="zh-top-nav-pm-count" class="zu-top-nav-pm-count zg-noti-number"
style="visibility:hidden" data-count="0">

</span>
</a>
</li>
<li>
<a href="/settings">
<i class="zg-icon zg-icon-dd-settings"></i>设置
</a>
</li>
<li>
<a href="/logout">
<i class="zg-icon zg-icon-dd-logout"></i>��
</a>
</li>
</ul>

</div>



<button class="zu-top-add-question" id="zu-top-add-question">提问</button>


<div role="search" id="zh-top-search" class="zu-top-search">
<form method="GET" action="/search" id="zh-top-search-form" class="zu-top-search-form">



<input type="hidden" name="type" value="content">
<label for="q" class="hide-text">知乎搜索</label><input type="text" class="zu-top-search-input" id="q" name="q" autocomplete="off" value="" placeholder="搜索你感兴趣的内�...">
<button type="submit" class="zu-top-search-button"><span class="hide-text">搜索</span><span class="sprite-global-icon-magnifier-dark"></span></button>
</form>
</div>



<div id="zg-top-nav" class="zu-top-nav">
<ul class="zu-top-nav-ul zg-clear">

<li class="zu-top-nav-li " id="zh-top-nav-home">
<a class="zu-top-nav-link" href="/" id="zh-top-link-home" data-za-c="view_home" data-za-a="visit_home" data-za-l="top_navigation_home">首页</a>
</li>



<li class="top-nav-topic-selector zu-top-nav-li " id="zh-top-nav-topic">
<a class="zu-top-nav-link" href="/topic" id="top-nav-dd-topic">话�</a>
</li>

<li class="zu-top-nav-li " id="zh-top-nav-explore">
<a class="zu-top-nav-link" href="/explore">发现</a>
</li>

<li class="top-nav-noti zu-top-nav-li ">
<a class="zu-top-nav-link" href="javascript:;" id="zh-top-nav-count-wrap" role="button"><span class="mobi-arrow"></span>消息</a>
</li>



</ul>
<div class="zu-top-nav-live zu-noti7-popup zg-r5px no-hovercard" id="zh-top-nav-live-new" role="popup" tabindex="0">
<div class="zu-top-nav-live-inner zg-r5px">
<div class="zu-top-live-icon">&nbsp;</div>
<div class="zu-home-noti-inner" id="zh-top-nav-live-new-inner">
<div class="zm-noti7-popup-tab-container clearfix" tabindex="0">
<button class="zm-noti7-popup-tab-item message">
<span class="icon">消息</span>
</button>
<button class="zm-noti7-popup-tab-item user">
<span class="icon">用户</span>
</button>
<button class="zm-noti7-popup-tab-item thanks">
<span class="icon">赞同和感�</span>
</button>
</div>
</div>
<div class="zm-noti7-frame-border top"></div>
<div class="zm-noti7-frame">
<div class="zm-noti7-content message">
<div class="zm-noti7-content-inner">
<div class="zm-noti7-content-body">
<div class="zm-noti7-popup-loading">
<span class="noti-spinner-loading"></span>
</div>
</div>
</div>
</div>
<div class="zm-noti7-content user" style="display:none;">
<div class="zm-noti7-content-inner">
<div class="zm-noti7-content-body">
<div class="zm-noti7-popup-loading">
<span class="noti-spinner-loading"></span>
</div>
</div>
</div>
</div>
<div class="zm-noti7-content thanks" style="display:none;">
<div class="zm-noti7-content-inner">
<div class="zm-noti7-content-body">
<div class="zm-noti7-popup-loading">
<span class="noti-spinner-loading"></span>
</div>
</div>
</div>
</div>
</div>
<div class="zm-noti7-frame-border bottom"></div>
<div class="zm-noti7-popup-footer">
<a href="/notifications" class="zm-noti7-popup-footer-all zg-right">查看全部 &raquo;</a>
<a href="/settings/notification" class="zm-noti7-popup-footer-set" title="通知设置" ><i class="zg-icon zg-icon-settings"></i></a>
</div>
</div>
</div>

</div>

</div>
</div>


<div class="zu-global-notify" id="zh-global-message" style="display:none">
<div class="zg-wrap">
<div class="zu-global-nitify-inner">
<a class="zu-global-notify-close" href="javascript:;" title="关闭" name="close">x</a>
<span class="zu-global-notify-icon"></span>
<span class="zu-global-notify-msg"></span>
</div>
</div>
</div>




<div class="zg-wrap zu-main clearfix "  role="main">
<div class="zu-main-content">
<div class="zu-main-content-inner">






<div class="zm-profile-header ProfileCard">
<div class="zm-profile-header-main">
<div class="top">

<div class='weibo-wrap'>

</div>

<div class="title-section ellipsis">
<a class="name" href="/people/e-e-70-38">哦哦</a>
</div>
</div>
<div class="body clearfix">

<img class="Avatar Avatar--l" src="https://pic1.zhimg.com/6ae97ebba47c4e4e8f4b0ff17e64003c_l.jpg" srcset="https://pic1.zhimg.com/6ae97ebba47c4e4e8f4b0ff17e64003c_xl.jpg 2x" alt="哦哦" />

<div class="zm-profile-header-info">
<div class="zm-profile-header-user-describe">
<div class="items">

<div class="item editable-group" data-name="location">

<span class="info-wrap">




</span>
<span class="edit-wrap" style="display:none;">
<span class="topic-input-wrap"><input autocomplete="off" aria-haspopup="true" type="text" name="location" value="" class="zg-form-text-input location" placeholder="居住�"/></span>
<div class="business-selection">
<select name="business">
<option value="">选择行业</option>


<option value="高新科技">高新科技</option>

<option value="互联�">&nbsp;&nbsp;&nbsp;互联�</option>

<option value="电子商务">&nbsp;&nbsp;&nbsp;电子商务</option>

<option value="电子游戏">&nbsp;&nbsp;&nbsp;电子游戏</option>

<option value="计算机软�">&nbsp;&nbsp;&nbsp;计算机软�</option>

<option value="计算机硬�">&nbsp;&nbsp;&nbsp;计算机硬�</option>




<option value="信息传媒">信息传媒</option>

<option value="出版�">&nbsp;&nbsp;&nbsp;出版�</option>

<option value="电影录音">&nbsp;&nbsp;&nbsp;电影录音</option>

<option value="广播电�">&nbsp;&nbsp;&nbsp;广播电�</option>

<option value="通信">&nbsp;&nbsp;&nbsp;通信</option>




<option value="金融">金融</option>

<option value="银�">&nbsp;&nbsp;&nbsp;银�</option>

<option value="资本投资">&nbsp;&nbsp;&nbsp;资本投资</option>

<option value="证券投资">&nbsp;&nbsp;&nbsp;证券投资</option>

<option value="保险">&nbsp;&nbsp;&nbsp;保险</option>

<option value="信贷">&nbsp;&nbsp;&nbsp;信贷</option>

<option value="财务">&nbsp;&nbsp;&nbsp;财务</option>

<option value="审�">&nbsp;&nbsp;&nbsp;审�</option>




<option value="服务�">服务�</option>

<option value="法律">&nbsp;&nbsp;&nbsp;法律</option>

<option value="餐饮">&nbsp;&nbsp;&nbsp;餐饮</option>

<option value="酒店">&nbsp;&nbsp;&nbsp;酒店</option>

<option value="旅游">&nbsp;&nbsp;&nbsp;旅游</option>

<option value="广告">&nbsp;&nbsp;&nbsp;广告</option>

<option value="��">&nbsp;&nbsp;&nbsp;��</option>

<option value="��">&nbsp;&nbsp;&nbsp;��</option>

<option value="咨�分�">&nbsp;&nbsp;&nbsp;咨�分�</option>

<option value="市场推广">&nbsp;&nbsp;&nbsp;市场推广</option>

<option value="人力资源">&nbsp;&nbsp;&nbsp;人力资源</option>

<option value="社工服务">&nbsp;&nbsp;&nbsp;社工服务</option>

<option value="养�服�">&nbsp;&nbsp;&nbsp;养�服�</option>




<option value="教育">教育</option>

<option value="高等教育">&nbsp;&nbsp;&nbsp;高等教育</option>

<option value="基�教育">&nbsp;&nbsp;&nbsp;基�教育</option>

<option value="职业教育">&nbsp;&nbsp;&nbsp;职业教育</option>

<option value="幼儿教育">&nbsp;&nbsp;&nbsp;幼儿教育</option>

<option value="特殊教育">&nbsp;&nbsp;&nbsp;特殊教育</option>

<option value="培�">&nbsp;&nbsp;&nbsp;培�</option>




<option value="医疗服务">医疗服务</option>

<option value="临床医疗">&nbsp;&nbsp;&nbsp;临床医疗</option>

<option value="制药">&nbsp;&nbsp;&nbsp;制药</option>

<option value="保健">&nbsp;&nbsp;&nbsp;保健</option>

<option value="美�">&nbsp;&nbsp;&nbsp;美�</option>

<option value="医疗器材">&nbsp;&nbsp;&nbsp;医疗器材</option>

<option value="生物工程">&nbsp;&nbsp;&nbsp;生物工程</option>

<option value="疗养服务">&nbsp;&nbsp;&nbsp;疗养服务</option>

<option value="护理服务">&nbsp;&nbsp;&nbsp;护理服务</option>




<option value="艺术娱乐">艺术娱乐</option>

<option value="创意艺术">&nbsp;&nbsp;&nbsp;创意艺术</option>

<option value="体育健身">&nbsp;&nbsp;&nbsp;体育健身</option>

<option value="娱乐休闲">&nbsp;&nbsp;&nbsp;娱乐休闲</option>

<option value="图书�">&nbsp;&nbsp;&nbsp;图书�</option>

<option value="博物�">&nbsp;&nbsp;&nbsp;博物�</option>

<option value="策展">&nbsp;&nbsp;&nbsp;策展</option>

<option value="博彩">&nbsp;&nbsp;&nbsp;博彩</option>




<option value="制�加�">制�加�</option>

<option value="食品�料业">&nbsp;&nbsp;&nbsp;食品�料业</option>

<option value="纺织�革业">&nbsp;&nbsp;&nbsp;纺织�革业</option>

<option value="服�业">&nbsp;&nbsp;&nbsp;服�业</option>

<option value="烟草�">&nbsp;&nbsp;&nbsp;烟草�</option>

<option value="造纸�">&nbsp;&nbsp;&nbsp;造纸�</option>

<option value="印刷�">&nbsp;&nbsp;&nbsp;印刷�</option>

<option value="化工�">&nbsp;&nbsp;&nbsp;化工�</option>

<option value="汽车">&nbsp;&nbsp;&nbsp;汽车</option>

<option value="家具">&nbsp;&nbsp;&nbsp;家具</option>

<option value="电子电器">&nbsp;&nbsp;&nbsp;电子电器</option>

<option value="机���">&nbsp;&nbsp;&nbsp;机���</option>

<option value="塑料工业">&nbsp;&nbsp;&nbsp;塑料工业</option>

<option value="金属加工">&nbsp;&nbsp;&nbsp;金属加工</option>

<option value="军火">&nbsp;&nbsp;&nbsp;军火</option>




<option value="地产建筑">地产建筑</option>

<option value="房地�">&nbsp;&nbsp;&nbsp;房地�</option>

<option value="装饰装潢">&nbsp;&nbsp;&nbsp;装饰装潢</option>

<option value="物业服务">&nbsp;&nbsp;&nbsp;物业服务</option>

<option value="特殊建�">&nbsp;&nbsp;&nbsp;特殊建�</option>

<option value="建筑设�">&nbsp;&nbsp;&nbsp;建筑设�</option>




<option value="贸易零售">贸易零售</option>

<option value="零售">&nbsp;&nbsp;&nbsp;零售</option>

<option value="大宗交易">&nbsp;&nbsp;&nbsp;大宗交易</option>

<option value="进出口贸�">&nbsp;&nbsp;&nbsp;进出口贸�</option>




<option value="�共服�">�共服�</option>

<option value="政府">&nbsp;&nbsp;&nbsp;政府</option>

<option value="国防军事">&nbsp;&nbsp;&nbsp;国防军事</option>

<option value="��">&nbsp;&nbsp;&nbsp;��</option>

<option value="科研">&nbsp;&nbsp;&nbsp;科研</option>

<option value="给排�">&nbsp;&nbsp;&nbsp;给排�</option>

<option value="水利能源">&nbsp;&nbsp;&nbsp;水利能源</option>

<option value="电力电网">&nbsp;&nbsp;&nbsp;电力电网</option>

<option value="�共�理">&nbsp;&nbsp;&nbsp;�共�理</option>

<option value="�境保�">&nbsp;&nbsp;&nbsp;�境保�</option>

<option value="非营利组�">&nbsp;&nbsp;&nbsp;非营利组�</option>




<option value="�采冶�">�采冶�</option>

<option value="煤炭工业">&nbsp;&nbsp;&nbsp;煤炭工业</option>

<option value="石油工业">&nbsp;&nbsp;&nbsp;石油工业</option>

<option value="黑色金属">&nbsp;&nbsp;&nbsp;黑色金属</option>

<option value="有色金属">&nbsp;&nbsp;&nbsp;有色金属</option>

<option value="土砂石开�">&nbsp;&nbsp;&nbsp;土砂石开�</option>

<option value="地热��">&nbsp;&nbsp;&nbsp;地热��</option>




<option value="交�仓�">交�仓�</option>

<option value="��">&nbsp;&nbsp;&nbsp;��</option>

<option value="物流递�">&nbsp;&nbsp;&nbsp;物流递�</option>

<option value="地面运输">&nbsp;&nbsp;&nbsp;地面运输</option>

<option value="铁路运输">&nbsp;&nbsp;&nbsp;铁路运输</option>

<option value="管线运输">&nbsp;&nbsp;&nbsp;管线运输</option>

<option value="�运业">&nbsp;&nbsp;&nbsp;�运业</option>

<option value="民用�空业">&nbsp;&nbsp;&nbsp;民用�空业</option>




<option value="农林牧渔">农林牧渔</option>

<option value="种�业">&nbsp;&nbsp;&nbsp;种�业</option>

<option value="畜牧养殖�">&nbsp;&nbsp;&nbsp;畜牧养殖�</option>

<option value="林业">&nbsp;&nbsp;&nbsp;林业</option>

<option value="渔业">&nbsp;&nbsp;&nbsp;渔业</option>



</select>
</div>
<span class="zg-bull"></span>
<input type="radio" name="gender" value="1"  class="male"/> �&nbsp;&nbsp;
<input type="radio" name="gender" value="0"  class="female"/> �
<a class="zg-btn-blue" name="save" href="javascript:;">��</a>
</span>
</div>


<div class="item">

<a class="zm-profile-header-user-detail zg-link-litblue-normal zm-profile-icon-return" href="/people/e-e-70-38">
<i class="icon zm-profile-header-icon"></i>
<span>返回�人主�</span>
</a>

</div>

</div>

</div>
</div>
</div>
</div>



<div class="zm-profile-header-operation zg-clear ">
<div class="zm-profile-header-info-list">
<span class="zm-profile-header-info-title">获得</span>
<span class="zm-profile-header-user-agree"><span class="zm-profile-header-icon"></span><strong>0</strong>赞同</span>
<span class="zm-profile-header-user-thanks"><span class="zm-profile-header-icon"></span><strong>0</strong>感谢</span>

</div>

<div class="zm-profile-header-op-btns clearfix">


<button data-follow="m:button" data-id="c8aa3d6bf7d0293e35dba7ceea3fdcd6" class="zg-btn zg-btn-follow zm-rich-follow-btn">关注</button>



<a href="/inbox/7469718800" class="zg-btn-white zm-profile-header-pm-btn" id="zm-profile-header-pm-btn"><i class="zg-icon">私信</i></a>


</div>

</div>
<div class="profile-navbar clearfix">
<a class="item home first "
href="/people/e-e-70-38">
<i class="icon icon-profile-tab-home"></i><span class="hide-text">主页</span>
</a>
<a class="item "
href="/people/e-e-70-38/asks">
提问
<span class="num">0</span>
</a>
<a class="item "
href="/people/e-e-70-38/answers">
回答
<span class="num">0</span>
</a>
<a class="item "
href="/people/e-e-70-38/posts">
文章
<span class="num">0</span>
</a>

<a class="item "
href="/people/e-e-70-38/collections">
收藏
<span class="num">0</span>
</a>
<a class="item "
href="/people/e-e-70-38/logs">
�共编�
<span class="num">0</span>
</a>

</div>

</div>


<div class="zm-profile-section-wrap">
<div class="zm-profile-section-head">
<span class="zm-profile-section-name"><a href="/people/e-e-70-38">哦哦</a> � 0 人关�</span>
<a class="zg-right zg-link-litblue-normal zm-profile-answer-page-return" href="/people/e-e-70-38">返回�人主�</a>

</div>
<div class="zm-profile-section-list">
<div id="zh-profile-follows-list">
<div class="zh-general-list clearfix" data-init="{&quot;params&quot;: {&quot;offset&quot;: 0, &quot;order_by&quot;: &quot;created&quot;, &quot;hash_id&quot;: &quot;c8aa3d6bf7d0293e35dba7ceea3fdcd6&quot;}, &quot;nodename&quot;: &quot;ProfileFollowersListV2&quot;}">

</div>
</div>
</div>
</div>


</div>
</div>


<div class="zu-main-sidebar">

<div class="zm-profile-side-following zg-clear">
<a class="item" href="/people/e-e-70-38/followees">
<span class="zg-gray-normal">关注�</span><br />
<strong>27</strong><label> �</label>
</a>
<a class="item" href="/people/e-e-70-38/followers">
<span class="zg-gray-normal">关注�</span><br />
<strong>0</strong><label> �</label>
</a>
</div>

<div class="zm-profile-side-section">
<div class="zm-side-section-inner zg-clear">
<div class="zm-profile-side-section-title">
关注� <a href="/people/e-e-70-38/topics" class="zg-link-litblue"><strong>12 �话�</strong></a>
</div>
<div class="zm-profile-side-topics" id="zh-profile-following-topic">

<a class="link" data-tip="t$t$19555513" href="/topic/19555513">
<img class="Avatar Avatar--l" src="https://pic2.zhimg.com/97519a90d_l.jpg" srcset="https://pic2.zhimg.com/97519a90d_xl.jpg 2x" alt="生活方式" />
</a>

<a class="link" data-tip="t$t$19551404" href="/topic/19551404">
<img class="Avatar Avatar--l" src="https://pic4.zhimg.com/cdadbe013_l.jpg" srcset="https://pic4.zhimg.com/cdadbe013_xl.jpg 2x" alt="投资" />
</a>

<a class="link" data-tip="t$t$19550429" href="/topic/19550429">
<img class="Avatar Avatar--l" src="https://pic4.zhimg.com/7d8c15df29ce6900c80f9cf630992687_l.jpg" srcset="https://pic4.zhimg.com/7d8c15df29ce6900c80f9cf630992687_xl.jpg 2x" alt="电影" />
</a>

<a class="link" data-tip="t$t$19550828" href="/topic/19550828">
<img class="Avatar Avatar--l" src="https://pic1.zhimg.com/4ef6baa4fb670e6b5a7aa824ff06b430_l.png" srcset="https://pic1.zhimg.com/4ef6baa4fb670e6b5a7aa824ff06b430_xl.png 2x" alt="北京" />
</a>

<a class="link" data-tip="t$t$19550453" href="/topic/19550453">
<img class="Avatar Avatar--l" src="https://pic4.zhimg.com/6b84ba24b698381d87d831cb01b201bb_l.png" srcset="https://pic4.zhimg.com/6b84ba24b698381d87d831cb01b201bb_xl.png 2x" alt="音乐" />
</a>

<a class="link" data-tip="t$t$19555457" href="/topic/19555457">
<img class="Avatar Avatar--l" src="https://pic4.zhimg.com/34799a68980175b37acfd487a46bce43_l.jpg" srcset="https://pic4.zhimg.com/34799a68980175b37acfd487a46bce43_xl.jpg 2x" alt="商业" />
</a>

<a class="link" data-tip="t$t$19552266" href="/topic/19552266">
<img class="Avatar Avatar--l" src="https://pic4.zhimg.com/561b3578f_l.jpg" srcset="https://pic4.zhimg.com/561b3578f_xl.jpg 2x" alt="文化" />
</a>

</div>
</div>
</div>

<div class="zm-profile-side-section">
<div class="zm-side-section-inner">
<ul id="profile-side-op" class="profile-side-op">

<li><a href="javascript:void(0);" name="report" class="zg-link-gray-normal">举报用户</a></li>



<li><a href="javascript:void(0);" name="block" class="zg-link-gray-normal">屏蔽用户</a></li>


</ul>
</div>
</div>

<div class="zm-profile-side-section">
<div class="zm-side-section-inner">
<span class="zg-gray-normal">�人主页� <strong>4</strong> 人浏�</span>
</div>
</div>

<script type="text/json" class="json-inline" data-name="current_people">["\u54e6\u54e6","e-e-70-38","https:\/\/pic1.zhimg.com\/6ae97ebba47c4e4e8f4b0ff17e64003c_s.jpg","c8aa3d6bf7d0293e35dba7ceea3fdcd6"]</script>
<div id="zh-footer" class="zh-footer">
<div class="content zg-wrap clearfix">
<ul>

<li><a href="https://liukanshan.zhihu.com" target="_blank">刘看�</a></li>

<li><a href="/question/19581624" target="_blank">知乎指南</a></li>
<li><a href="javascript:;" id="js-feedback-button">建�反�</a></li>

<li><a href="/app" target="_blank">移动应用</a></li>
<li><a href="/careers">加入知乎</a></li>
<li><a href="/terms" target="_blank">知乎协�</a></li>
<li><a href="/contact">联系我们</a></li>

</ul>

<span class="copy">&copy; 2016 知乎</span>

</div>
</div>


</div>


</div>



<script type="text/json" class="json-inline" data-name="guiders2">{"exclusive-popover":{},"section":{},"editor":[]}</script>
<script type="text/json" class="json-inline" data-name="current_user">["alex liu","alex-liu-90-89","https:\/\/pic1.zhimg.com\/da8e974dc_s.jpg","23a3f9208f774c3604303b4f5cfa5593","",0,0,true,"fly8421@outlook.com","http:\/\/login.live.com",0,false,false,false,"31251545194496",false]</script>
<script type="text/json" class="json-inline" data-name="user_status">[null,null]</script>
<script type="text/json" class="json-inline" data-name="env">["zhihu.com","comet.zhihu.com",false,null,false]</script>
<script type="text/json" class="json-inline" data-name="permissions">[]</script>


<script type="text/json" class="json-inline" data-name="ga_vars">{"user_created":1373859581000,"now":1468422152000,"abtest_mask":"---------1--------------------","user_attr":[1,0,0,"-",1],"user_hash":"23a3f9208f774c3604303b4f5cfa5593"}</script>

<script type="text/json" class="json-inline" data-name="ra-urls">{"Report":"https:\/\/static.zhihu.com\/static\/revved\/-\/apps\/Report.de4e9d17.js","Community":"https:\/\/static.zhihu.com\/static\/revved\/-\/apps\/Community.4e11c449.js","OrgAnalytics":"https:\/\/static.zhihu.com\/static\/revved\/-\/apps\/OrgAnalytics.47e1a483.js","common":"https:\/\/static.zhihu.com\/static\/revved\/-\/apps\/common.ed1d17c3.js","CommentApp":"https:\/\/static.zhihu.com\/static\/revved\/-\/apps\/CommentApp.2ab02258.js"}</script>

<script src="https://static.zhihu.com/static/revved/-/js/vendor.ff76fbae.js"></script>
<script src="https://static.zhihu.com/static/revved/-/js/closure/base.16f00cdc.js"></script>

<script src="https://static.zhihu.com/static/revved/-/js/closure/common.da58cddd.js"></script>


<script src="https://static.zhihu.com/static/revved/-/js/closure/richtexteditor.2366981a.js" async></script>
<script src="https://static.zhihu.com/static/revved/-/js/closure/page-profile.cefc86c5.js"></script>
<meta name="entry" content="ZH.entryProfile" data-module-id="page-profile">

<script type="text/zscript" znonce="4a6bbea5567843c78a53a27a72ff1dfe"></script>

<input type="hidden" name="_xsrf" value="e554d006e527eb151cf238216037498e"/>
</body>
</html>
status code:200
�������:sapphire-95
�������:xu-zhu-qiu-69
�������:toughgirl-88-10
�������:lf-shih
�������:fu-jian-qiang-54
�������:diane
�������:yang-momo1993
�������:daisy-65
�������:tong-yao-20-46
�������:minmemory
�������:zhou-zi-xin-10
�������:chen-nu-xia
�������:ye-lu-lu-9
�������:cai-qian-hua-56
�������:chen-hong-yang-77
�������:fquncle1
�������:hailaning
�������:li-hong-30-55
�������:tblove
�Ѿ�ץȡ:6����ץȡ--->jin-qing-59-9
url-->https://www.zhihu.com/people/jin-qing-59-9/followers
status code:200
ץȡ����
now here is the page of -------------> jin-qing-59-9
---------------------------------------------->
-----------------------------------------jin-qing-59-9
<!DOCTYPE html>
<html lang="zh-CN" dropEffect="none" class="no-js ">
<head>
<meta charset="utf-8" />

<meta http-equiv="X-UA-Compatible" content="IE=edge,chrome=1" />
<meta name="renderer" content="webkit" />
<meta http-equiv="X-ZA-Response-Id" content="d4aa961c167e48e7b7e9000460e79680">

<title>锦晴 的关注� - 知乎</title>

<meta name="apple-itunes-app" content="app-id=432274380, app-argument=zhihu://people/jin-qing-59-9">


<meta name="viewport" content="width=device-width, initial-scale=1, maximum-scale=1"/>
<meta http-equiv="mobile-agent" content="format=html5;url=https://www.zhihu.com/people/jin-qing-59-9/followers">
<meta id="znonce" name="znonce" content="95c8f5fff125426ba3a206683be87873">



<link rel="apple-touch-icon" href="https://static.zhihu.com/static/revved/img/ios/touch-icon-152.87c020b9.png" sizes="152x152">
<link rel="apple-touch-icon" href="https://static.zhihu.com/static/revved/img/ios/touch-icon-120.496c913b.png" sizes="120x120">
<link rel="apple-touch-icon" href="https://static.zhihu.com/static/revved/img/ios/touch-icon-76.dcf79352.png" sizes="76x76">
<link rel="apple-touch-icon" href="https://static.zhihu.com/static/revved/img/ios/touch-icon-60.9911cffb.png" sizes="60x60">


<link rel="shortcut icon" href="https://static.zhihu.com/static/favicon.ico" type="image/x-icon">

<link rel="search" type="application/opensearchdescription+xml" href="https://static.zhihu.com/static/search.xml" title="知乎" />
<link rel="stylesheet" href="https://static.zhihu.com/static/revved/-/css/z.f27e53b2.css">
<link rel="stylesheet" href="https://static.zhihu.com/static/revved/-/css/pages/profile/main.9f9b4fe5.css">




<!--[if lt IE 9]>
<script src="https://static.zhihu.com/static/components/respond/dest/respond.min.js"></script>
<link href="https://static.zhihu.com/static/components/respond/cross-domain/respond-proxy.html" id="respond-proxy" rel="respond-proxy" />
<link href="/static/components/respond/cross-domain/respond.proxy.gif" id="respond-redirect" rel="respond-redirect" />
<script src="/static/components/respond/cross-domain/respond.proxy.js"></script>
<![endif]-->
<script src="https://static.zhihu.com/static/revved/-/js/instant.e7a17de6.js"></script>

<style>
.zm-side-section + .zm-side-section {
margin: 20px 0 0 0;
}
.zm-profile-section-list .zm-item-answer-author-info .zm-item-link-avatar {
display: none;
}
</style>

</head>

<body class="zhi ">



<div role="navigation" class="zu-top">
<div class="zg-wrap modal-shifting clearfix" id="zh-top-inner">
<a href="/" class="zu-top-link-logo" id="zh-top-link-logo" data-za-c="view_home" data-za-a="visit_home" data-za-l="top_navigation_zhihu_logo">知乎</a>

<div class="top-nav-profile">
<a href="/people/alex-liu-90-89" class="zu-top-nav-userinfo ">
<span class="name">alex liu</span>
<img class="Avatar" src="https://pic1.zhimg.com/da8e974dc_s.jpg" srcset="https://pic1.zhimg.com/da8e974dc_xs.jpg 2x" alt="alex liu" />
<span id="zh-top-nav-new-pm" class="zg-noti-number zu-top-nav-pm-count"
style="visibility:hidden" data-count="0">

</span>
</a>
<ul class="top-nav-dropdown" id="top-nav-profile-dropdown">
<li>
<a href="/people/alex-liu-90-89">
<i class="zg-icon zg-icon-dd-home"></i>我的主页
</a>
</li>

<li>
<a href="/inbox">
<i class="zg-icon zg-icon-dd-pm"></i>私信
<span id="zh-top-nav-pm-count" class="zu-top-nav-pm-count zg-noti-number"
style="visibility:hidden" data-count="0">

</span>
</a>
</li>
<li>
<a href="/settings">
<i class="zg-icon zg-icon-dd-settings"></i>设置
</a>
</li>
<li>
<a href="/logout">
<i class="zg-icon zg-icon-dd-logout"></i>��
</a>
</li>
</ul>

</div>



<button class="zu-top-add-question" id="zu-top-add-question">提问</button>


<div role="search" id="zh-top-search" class="zu-top-search">
<form method="GET" action="/search" id="zh-top-search-form" class="zu-top-search-form">



<input type="hidden" name="type" value="content">
<label for="q" class="hide-text">知乎搜索</label><input type="text" class="zu-top-search-input" id="q" name="q" autocomplete="off" value="" placeholder="搜索你感兴趣的内�...">
<button type="submit" class="zu-top-search-button"><span class="hide-text">搜索</span><span class="sprite-global-icon-magnifier-dark"></span></button>
</form>
</div>



<div id="zg-top-nav" class="zu-top-nav">
<ul class="zu-top-nav-ul zg-clear">

<li class="zu-top-nav-li " id="zh-top-nav-home">
<a class="zu-top-nav-link" href="/" id="zh-top-link-home" data-za-c="view_home" data-za-a="visit_home" data-za-l="top_navigation_home">首页</a>
</li>



<li class="top-nav-topic-selector zu-top-nav-li " id="zh-top-nav-topic">
<a class="zu-top-nav-link" href="/topic" id="top-nav-dd-topic">话�</a>
</li>

<li class="zu-top-nav-li " id="zh-top-nav-explore">
<a class="zu-top-nav-link" href="/explore">发现</a>
</li>

<li class="top-nav-noti zu-top-nav-li ">
<a class="zu-top-nav-link" href="javascript:;" id="zh-top-nav-count-wrap" role="button"><span class="mobi-arrow"></span>消息</a>
</li>



</ul>
<div class="zu-top-nav-live zu-noti7-popup zg-r5px no-hovercard" id="zh-top-nav-live-new" role="popup" tabindex="0">
<div class="zu-top-nav-live-inner zg-r5px">
<div class="zu-top-live-icon">&nbsp;</div>
<div class="zu-home-noti-inner" id="zh-top-nav-live-new-inner">
<div class="zm-noti7-popup-tab-container clearfix" tabindex="0">
<button class="zm-noti7-popup-tab-item message">
<span class="icon">消息</span>
</button>
<button class="zm-noti7-popup-tab-item user">
<span class="icon">用户</span>
</button>
<button class="zm-noti7-popup-tab-item thanks">
<span class="icon">赞同和感�</span>
</button>
</div>
</div>
<div class="zm-noti7-frame-border top"></div>
<div class="zm-noti7-frame">
<div class="zm-noti7-content message">
<div class="zm-noti7-content-inner">
<div class="zm-noti7-content-body">
<div class="zm-noti7-popup-loading">
<span class="noti-spinner-loading"></span>
</div>
</div>
</div>
</div>
<div class="zm-noti7-content user" style="display:none;">
<div class="zm-noti7-content-inner">
<div class="zm-noti7-content-body">
<div class="zm-noti7-popup-loading">
<span class="noti-spinner-loading"></span>
</div>
</div>
</div>
</div>
<div class="zm-noti7-content thanks" style="display:none;">
<div class="zm-noti7-content-inner">
<div class="zm-noti7-content-body">
<div class="zm-noti7-popup-loading">
<span class="noti-spinner-loading"></span>
</div>
</div>
</div>
</div>
</div>
<div class="zm-noti7-frame-border bottom"></div>
<div class="zm-noti7-popup-footer">
<a href="/notifications" class="zm-noti7-popup-footer-all zg-right">查看全部 &raquo;</a>
<a href="/settings/notification" class="zm-noti7-popup-footer-set" title="通知设置" ><i class="zg-icon zg-icon-settings"></i></a>
</div>
</div>
</div>

</div>

</div>
</div>


<div class="zu-global-notify" id="zh-global-message" style="display:none">
<div class="zg-wrap">
<div class="zu-global-nitify-inner">
<a class="zu-global-notify-close" href="javascript:;" title="关闭" name="close">x</a>
<span class="zu-global-notify-icon"></span>
<span class="zu-global-notify-msg"></span>
</div>
</div>
</div>




<div class="zg-wrap zu-main clearfix "  role="main">
<div class="zu-main-content">
<div class="zu-main-content-inner">






<div class="zm-profile-header ProfileCard">
<div class="zm-profile-header-main">
<div class="top">

<div class='weibo-wrap'>

</div>

<div class="title-section ellipsis">
<a class="name" href="/people/jin-qing-59-9">锦晴</a>�<span class="bio" title="高中学生">高中学生</span>
</div>
</div>
<div class="body clearfix">

<img class="Avatar Avatar--l" src="https://pic1.zhimg.com/da8e974dc_l.jpg" srcset="https://pic1.zhimg.com/da8e974dc_xl.jpg 2x" alt="锦晴" />

<div class="zm-profile-header-info">
<div class="zm-profile-header-user-describe">
<div class="items">

<div class="item editable-group" data-name="location">

<i class="icon icon-profile-location"></i>

<span class="info-wrap">


<span class="business item" title="高等教育"><a href="/topic/19558397" title="高等教育" class="topic-link" data-token="19558397" data-topicid="2737">高等教育</a></span>


<span class="item gender" ><i class="icon icon-profile-female"></i></span>


</span>
<span class="edit-wrap" style="display:none;">
<span class="topic-input-wrap"><input autocomplete="off" aria-haspopup="true" type="text" name="location" value="" class="zg-form-text-input location" placeholder="居住�"/></span>
<div class="business-selection">
<select name="business">
<option value="">选择行业</option>


<option value="高新科技">高新科技</option>

<option value="互联�">&nbsp;&nbsp;&nbsp;互联�</option>

<option value="电子商务">&nbsp;&nbsp;&nbsp;电子商务</option>

<option value="电子游戏">&nbsp;&nbsp;&nbsp;电子游戏</option>

<option value="计算机软�">&nbsp;&nbsp;&nbsp;计算机软�</option>

<option value="计算机硬�">&nbsp;&nbsp;&nbsp;计算机硬�</option>




<option value="信息传媒">信息传媒</option>

<option value="出版�">&nbsp;&nbsp;&nbsp;出版�</option>

<option value="电影录音">&nbsp;&nbsp;&nbsp;电影录音</option>

<option value="广播电�">&nbsp;&nbsp;&nbsp;广播电�</option>

<option value="通信">&nbsp;&nbsp;&nbsp;通信</option>




<option value="金融">金融</option>

<option value="银�">&nbsp;&nbsp;&nbsp;银�</option>

<option value="资本投资">&nbsp;&nbsp;&nbsp;资本投资</option>

<option value="证券投资">&nbsp;&nbsp;&nbsp;证券投资</option>

<option value="保险">&nbsp;&nbsp;&nbsp;保险</option>

<option value="信贷">&nbsp;&nbsp;&nbsp;信贷</option>

<option value="财务">&nbsp;&nbsp;&nbsp;财务</option>

<option value="审�">&nbsp;&nbsp;&nbsp;审�</option>




<option value="服务�">服务�</option>

<option value="法律">&nbsp;&nbsp;&nbsp;法律</option>

<option value="餐饮">&nbsp;&nbsp;&nbsp;餐饮</option>

<option value="酒店">&nbsp;&nbsp;&nbsp;酒店</option>

<option value="旅游">&nbsp;&nbsp;&nbsp;旅游</option>

<option value="广告">&nbsp;&nbsp;&nbsp;广告</option>

<option value="��">&nbsp;&nbsp;&nbsp;��</option>

<option value="��">&nbsp;&nbsp;&nbsp;��</option>

<option value="咨�分�">&nbsp;&nbsp;&nbsp;咨�分�</option>

<option value="市场推广">&nbsp;&nbsp;&nbsp;市场推广</option>

<option value="人力资源">&nbsp;&nbsp;&nbsp;人力资源</option>

<option value="社工服务">&nbsp;&nbsp;&nbsp;社工服务</option>

<option value="养�服�">&nbsp;&nbsp;&nbsp;养�服�</option>




<option value="教育">教育</option>

<option value="高等教育" selected>&nbsp;&nbsp;&nbsp;高等教育</option>

<option value="基�教育">&nbsp;&nbsp;&nbsp;基�教育</option>

<option value="职业教育">&nbsp;&nbsp;&nbsp;职业教育</option>

<option value="幼儿教育">&nbsp;&nbsp;&nbsp;幼儿教育</option>

<option value="特殊教育">&nbsp;&nbsp;&nbsp;特殊教育</option>

<option value="培�">&nbsp;&nbsp;&nbsp;培�</option>




<option value="医疗服务">医疗服务</option>

<option value="临床医疗">&nbsp;&nbsp;&nbsp;临床医疗</option>

<option value="制药">&nbsp;&nbsp;&nbsp;制药</option>

<option value="保健">&nbsp;&nbsp;&nbsp;保健</option>

<option value="美�">&nbsp;&nbsp;&nbsp;美�</option>

<option value="医疗器材">&nbsp;&nbsp;&nbsp;医疗器材</option>

<option value="生物工程">&nbsp;&nbsp;&nbsp;生物工程</option>

<option value="疗养服务">&nbsp;&nbsp;&nbsp;疗养服务</option>

<option value="护理服务">&nbsp;&nbsp;&nbsp;护理服务</option>




<option value="艺术娱乐">艺术娱乐</option>

<option value="创意艺术">&nbsp;&nbsp;&nbsp;创意艺术</option>

<option value="体育健身">&nbsp;&nbsp;&nbsp;体育健身</option>

<option value="娱乐休闲">&nbsp;&nbsp;&nbsp;娱乐休闲</option>

<option value="图书�">&nbsp;&nbsp;&nbsp;图书�</option>

<option value="博物�">&nbsp;&nbsp;&nbsp;博物�</option>

<option value="策展">&nbsp;&nbsp;&nbsp;策展</option>

<option value="博彩">&nbsp;&nbsp;&nbsp;博彩</option>




<option value="制�加�">制�加�</option>

<option value="食品�料业">&nbsp;&nbsp;&nbsp;食品�料业</option>

<option value="纺织�革业">&nbsp;&nbsp;&nbsp;纺织�革业</option>

<option value="服�业">&nbsp;&nbsp;&nbsp;服�业</option>

<option value="烟草�">&nbsp;&nbsp;&nbsp;烟草�</option>

<option value="造纸�">&nbsp;&nbsp;&nbsp;造纸�</option>

<option value="印刷�">&nbsp;&nbsp;&nbsp;印刷�</option>

<option value="化工�">&nbsp;&nbsp;&nbsp;化工�</option>

<option value="汽车">&nbsp;&nbsp;&nbsp;汽车</option>

<option value="家具">&nbsp;&nbsp;&nbsp;家具</option>

<option value="电子电器">&nbsp;&nbsp;&nbsp;电子电器</option>

<option value="机���">&nbsp;&nbsp;&nbsp;机���</option>

<option value="塑料工业">&nbsp;&nbsp;&nbsp;塑料工业</option>

<option value="金属加工">&nbsp;&nbsp;&nbsp;金属加工</option>

<option value="军火">&nbsp;&nbsp;&nbsp;军火</option>




<option value="地产建筑">地产建筑</option>

<option value="房地�">&nbsp;&nbsp;&nbsp;房地�</option>

<option value="装饰装潢">&nbsp;&nbsp;&nbsp;装饰装潢</option>

<option value="物业服务">&nbsp;&nbsp;&nbsp;物业服务</option>

<option value="特殊建�">&nbsp;&nbsp;&nbsp;特殊建�</option>

<option value="建筑设�">&nbsp;&nbsp;&nbsp;建筑设�</option>




<option value="贸易零售">贸易零售</option>

<option value="零售">&nbsp;&nbsp;&nbsp;零售</option>

<option value="大宗交易">&nbsp;&nbsp;&nbsp;大宗交易</option>

<option value="进出口贸�">&nbsp;&nbsp;&nbsp;进出口贸�</option>




<option value="�共服�">�共服�</option>

<option value="政府">&nbsp;&nbsp;&nbsp;政府</option>

<option value="国防军事">&nbsp;&nbsp;&nbsp;国防军事</option>

<option value="��">&nbsp;&nbsp;&nbsp;��</option>

<option value="科研">&nbsp;&nbsp;&nbsp;科研</option>

<option value="给排�">&nbsp;&nbsp;&nbsp;给排�</option>

<option value="水利能源">&nbsp;&nbsp;&nbsp;水利能源</option>

<option value="电力电网">&nbsp;&nbsp;&nbsp;电力电网</option>

<option value="�共�理">&nbsp;&nbsp;&nbsp;�共�理</option>

<option value="�境保�">&nbsp;&nbsp;&nbsp;�境保�</option>

<option value="非营利组�">&nbsp;&nbsp;&nbsp;非营利组�</option>




<option value="�采冶�">�采冶�</option>

<option value="煤炭工业">&nbsp;&nbsp;&nbsp;煤炭工业</option>

<option value="石油工业">&nbsp;&nbsp;&nbsp;石油工业</option>

<option value="黑色金属">&nbsp;&nbsp;&nbsp;黑色金属</option>

<option value="有色金属">&nbsp;&nbsp;&nbsp;有色金属</option>

<option value="土砂石开�">&nbsp;&nbsp;&nbsp;土砂石开�</option>

<option value="地热��">&nbsp;&nbsp;&nbsp;地热��</option>




<option value="交�仓�">交�仓�</option>

<option value="��">&nbsp;&nbsp;&nbsp;��</option>

<option value="物流递�">&nbsp;&nbsp;&nbsp;物流递�</option>

<option value="地面运输">&nbsp;&nbsp;&nbsp;地面运输</option>

<option value="铁路运输">&nbsp;&nbsp;&nbsp;铁路运输</option>

<option value="管线运输">&nbsp;&nbsp;&nbsp;管线运输</option>

<option value="�运业">&nbsp;&nbsp;&nbsp;�运业</option>

<option value="民用�空业">&nbsp;&nbsp;&nbsp;民用�空业</option>




<option value="农林牧渔">农林牧渔</option>

<option value="种�业">&nbsp;&nbsp;&nbsp;种�业</option>

<option value="畜牧养殖�">&nbsp;&nbsp;&nbsp;畜牧养殖�</option>

<option value="林业">&nbsp;&nbsp;&nbsp;林业</option>

<option value="渔业">&nbsp;&nbsp;&nbsp;渔业</option>



</select>
</div>
<span class="zg-bull"></span>
<input type="radio" name="gender" value="1"  class="male"/> �&nbsp;&nbsp;
<input type="radio" name="gender" value="0" checked="checked" class="female"/> �
<a class="zg-btn-blue" name="save" href="javascript:;">��</a>
</span>
</div>


<div class="item">

<a class="zm-profile-header-user-detail zg-link-litblue-normal zm-profile-icon-return" href="/people/jin-qing-59-9">
<i class="icon zm-profile-header-icon"></i>
<span>返回�人主�</span>
</a>

</div>

</div>

<div class="zm-profile-header-description editable-group " data-name="description">
<span class="info-wrap fold-wrap fold disable-fold">
<span class="description unfold-item">
<span class="content">

�名高三党

</span>
<a href="javascript:;" name="fold" class="fold collapse meta-item"><i class="z-icon-fold"></i>收起</a>
</span>
<span class="fold-item">
<span class="content">

�名高三党

</span>
<a href="javascript:;" class="unfold zg-link-litblue-normal" name="unfold">显示全部 »</a>
</span>

</span>

<span class="edit-wrap" style="display:none;">
<div class="zm-editable-editor-outer">
<div class="zm-editable-editor-inner zg-form-text-input">
<textarea name="description" value="" class="zm-editable-editor-input description" id="profile-header-description-input">�名高三党</textarea>
</div>
</div>
<a class="zg-btn-blue" name="save" href="javascript:;">��</a>
</span>
</div>

</div>
</div>
</div>
</div>



<div class="zm-profile-header-operation zg-clear ">
<div class="zm-profile-header-info-list">
<span class="zm-profile-header-info-title">获得</span>
<span class="zm-profile-header-user-agree"><span class="zm-profile-header-icon"></span><strong>0</strong>赞同</span>
<span class="zm-profile-header-user-thanks"><span class="zm-profile-header-icon"></span><strong>0</strong>感谢</span>

</div>

<div class="zm-profile-header-op-btns clearfix">


<button data-follow="m:button" data-id="151437ebc770f9c40e47ff6e119a7681" class="zg-btn zg-btn-follow zm-rich-follow-btn">关注�</button>



<a href="/inbox/8189059000" class="zg-btn-white zm-profile-header-pm-btn" id="zm-profile-header-pm-btn"><i class="zg-icon">私信</i></a>


</div>

</div>
<div class="profile-navbar clearfix">
<a class="item home first "
href="/people/jin-qing-59-9">
<i class="icon icon-profile-tab-home"></i><span class="hide-text">主页</span>
</a>
<a class="item "
href="/people/jin-qing-59-9/asks">
提问
<span class="num">1</span>
</a>
<a class="item "
href="/people/jin-qing-59-9/answers">
回答
<span class="num">1</span>
</a>
<a class="item "
href="/people/jin-qing-59-9/posts">
文章
<span class="num">0</span>
</a>

<a class="item "
href="/people/jin-qing-59-9/collections">
收藏
<span class="num">1</span>
</a>
<a class="item "
href="/people/jin-qing-59-9/logs">
�共编�
<span class="num">1</span>
</a>

</div>

</div>


<div class="zm-profile-section-wrap">
<div class="zm-profile-section-head">
<span class="zm-profile-section-name"><a href="/people/jin-qing-59-9">锦晴</a> � 1 人关�</span>
<a class="zg-right zg-link-litblue-normal zm-profile-answer-page-return" href="/people/jin-qing-59-9">返回�人主�</a>

</div>
<div class="zm-profile-section-list">
<div id="zh-profile-follows-list">
<div class="zh-general-list clearfix" data-init="{&quot;params&quot;: {&quot;offset&quot;: 0, &quot;order_by&quot;: &quot;created&quot;, &quot;hash_id&quot;: &quot;151437ebc770f9c40e47ff6e119a7681&quot;}, &quot;nodename&quot;: &quot;ProfileFollowersListV2&quot;}">

<div class="zm-profile-card zm-profile-section-item zg-clear no-hovercard">
<div class="zg-right">
<button data-follow="m:button" data-id="c0f060b1f5bd567ad16dc27417c00be1" class="zg-btn zg-btn-follow zm-rich-follow-btn small nth-0">关注�</button>
</div>
<a title="刘先�"
data-tip="p$t$liu-xian-sheng-87-60-88"
class="zm-item-link-avatar"
href="/people/liu-xian-sheng-87-60-88">
<img src="https://pic4.zhimg.com/2200d443c4d83ed45f3e14138451389f_m.jpg" class="zm-item-img-avatar">
</a>
<div class="zm-list-content-medium">
<h2 class="zm-list-content-title"><a data-tip="p$t$liu-xian-sheng-87-60-88" href="https://www.zhihu.com/people/liu-xian-sheng-87-60-88" class="zg-link" title="刘先�"
>刘先�</a></h2>

<div class="zg-big-gray">�人及家庭投资理财�众号：Love榴莲�</div>
<div class="details zg-gray">
<a target="_blank" href="/people/liu-xian-sheng-87-60-88/followers" class="zg-link-gray-normal">331 关注�</a>
/
<a target="_blank" href="/people/liu-xian-sheng-87-60-88/asks" class="zg-link-gray-normal">1 提问</a>
/
<a target="_blank" href="/people/liu-xian-sheng-87-60-88/answers" class="zg-link-gray-normal">5 回答</a>
/
<a target="_blank" href="/people/liu-xian-sheng-87-60-88" class="zg-link-gray-normal">64 赞同</a>
</div>

</div>
</div>

</div>
<a href="javascript:;" id="zh-load-more" data-method="next" class="zg-btn-white zg-r3px zu-button-more" style="display:none">更�</a>
</div>
</div>
</div>


</div>
</div>


<div class="zu-main-sidebar">

<div class="zm-profile-side-following zg-clear">
<a class="item" href="/people/jin-qing-59-9/followees">
<span class="zg-gray-normal">关注�</span><br />
<strong>93</strong><label> �</label>
</a>
<a class="item" href="/people/jin-qing-59-9/followers">
<span class="zg-gray-normal">关注�</span><br />
<strong>1</strong><label> �</label>
</a>
</div>
<div class="zm-profile-side-section">
<div class="zm-side-section-inner zg-clear">
<div class="zm-profile-side-section-title">
关注� <a href="/people/jin-qing-59-9/columns/followed" class="zg-link-litblue"><strong>1 �专栏</strong></a>
</div>
<div class="zm-profile-side-columns">

<a href="http://zhuanlan.zhihu.com/Weekly" data-tip="c$t$Weekly" class="link" target="_blank">
<img class="Avatar Avatar--is" src="https://pic1.zhimg.com/5f3870024_l.jpg" srcset="https://pic1.zhimg.com/5f3870024_l.jpg 2x" alt="知乎电子�" />
</a>

</div>
</div>
</div>
<div class="zm-profile-side-section">
<div class="zm-side-section-inner zg-clear">
<div class="zm-profile-side-section-title">
关注� <a href="/people/jin-qing-59-9/topics" class="zg-link-litblue"><strong>13 �话�</strong></a>
</div>
<div class="zm-profile-side-topics" id="zh-profile-following-topic">

<a class="link" data-tip="t$t$19554827" href="/topic/19554827">
<img class="Avatar Avatar--l" src="https://pic2.zhimg.com/c8f2d728879d05657d86ca6fa6b0336d_l.jpg" srcset="https://pic2.zhimg.com/c8f2d728879d05657d86ca6fa6b0336d_xl.jpg 2x" alt="体育" />
</a>

<a class="link" data-tip="t$t$19553298" href="/topic/19553298">
<img class="Avatar Avatar--l" src="https://pic3.zhimg.com/2bd2e49d3f849155376393085edc1d9e_l.jpg" srcset="https://pic3.zhimg.com/2bd2e49d3f849155376393085edc1d9e_xl.jpg 2x" alt="�然��" />
</a>

<a class="link" data-tip="t$t$19550429" href="/topic/19550429">
<img class="Avatar Avatar--l" src="https://pic4.zhimg.com/7d8c15df29ce6900c80f9cf630992687_l.jpg" srcset="https://pic4.zhimg.com/7d8c15df29ce6900c80f9cf630992687_xl.jpg 2x" alt="电影" />
</a>

<a class="link" data-tip="t$t$19553176" href="/topic/19553176">
<img class="Avatar Avatar--l" src="https://pic2.zhimg.com/f672948364a6592511342b965bbfad91_l.jpg" srcset="https://pic2.zhimg.com/f672948364a6592511342b965bbfad91_xl.jpg 2x" alt="教育" />
</a>

<a class="link" data-tip="t$t$19551137" href="/topic/19551137">
<img class="Avatar Avatar--l" src="https://pic1.zhimg.com/975baaf73fd76f48ce6f05e19b176878_l.jpg" srcset="https://pic1.zhimg.com/975baaf73fd76f48ce6f05e19b176878_xl.jpg 2x" alt="美�" />
</a>

<a class="link" data-tip="t$t$19551052" href="/topic/19551052">
<img class="Avatar Avatar--l" src="https://pic4.zhimg.com/465de28443de54e4f89b39f5486525e7_l.jpg" srcset="https://pic4.zhimg.com/465de28443de54e4f89b39f5486525e7_xl.jpg 2x" alt="时尚" />
</a>

<a class="link" data-tip="t$t$19738201" href="/topic/19738201">
<img class="Avatar Avatar--l" src="https://pic4.zhimg.com/11af474e7_l.jpg" srcset="https://pic4.zhimg.com/11af474e7_xl.jpg 2x" alt="加利福尼�" />
</a>

</div>
</div>
</div>

<div class="zm-profile-side-section">
<div class="zm-side-section-inner">
<ul id="profile-side-op" class="profile-side-op">

<li><a href="javascript:void(0);" name="report" class="zg-link-gray-normal">举报用户</a></li>



<li><a href="javascript:void(0);" name="block" class="zg-link-gray-normal">屏蔽用户</a></li>


</ul>
</div>
</div>

<div class="zm-profile-side-section">
<div class="zm-side-section-inner">
<span class="zg-gray-normal">�人主页� <strong>10</strong> 人浏�</span>
</div>
</div>

<script type="text/json" class="json-inline" data-name="current_people">["\u9526\u6674","jin-qing-59-9","https:\/\/pic1.zhimg.com\/da8e974dc_s.jpg","151437ebc770f9c40e47ff6e119a7681"]</script>
<div id="zh-footer" class="zh-footer">
<div class="content zg-wrap clearfix">
<ul>

<li><a href="https://liukanshan.zhihu.com" target="_blank">刘看�</a></li>

<li><a href="/question/19581624" target="_blank">知乎指南</a></li>
<li><a href="javascript:;" id="js-feedback-button">建�反�</a></li>

<li><a href="/app" target="_blank">移动应用</a></li>
<li><a href="/careers">加入知乎</a></li>
<li><a href="/terms" target="_blank">知乎协�</a></li>
<li><a href="/contact">联系我们</a></li>

</ul>

<span class="copy">&copy; 2016 知乎</span>

</div>
</div>


</div>


</div>



<script type="text/json" class="json-inline" data-name="guiders2">{"exclusive-popover":{},"section":{},"editor":[]}</script>
<script type="text/json" class="json-inline" data-name="current_user">["alex liu","alex-liu-90-89","https:\/\/pic1.zhimg.com\/da8e974dc_s.jpg","23a3f9208f774c3604303b4f5cfa5593","",0,0,true,"fly8421@outlook.com","http:\/\/login.live.com",0,false,false,false,"31251545194496",false]</script>
<script type="text/json" class="json-inline" data-name="user_status">[null,null]</script>
<script type="text/json" class="json-inline" data-name="env">["zhihu.com","comet.zhihu.com",false,null,false]</script>
<script type="text/json" class="json-inline" data-name="permissions">[]</script>


<script type="text/json" class="json-inline" data-name="ga_vars">{"user_created":1373859581000,"now":1468422154000,"abtest_mask":"---------1--------------------","user_attr":[1,0,0,"-",1],"user_hash":"23a3f9208f774c3604303b4f5cfa5593"}</script>

<script type="text/json" class="json-inline" data-name="ra-urls">{"Report":"https:\/\/static.zhihu.com\/static\/revved\/-\/apps\/Report.de4e9d17.js","Community":"https:\/\/static.zhihu.com\/static\/revved\/-\/apps\/Community.4e11c449.js","OrgAnalytics":"https:\/\/static.zhihu.com\/static\/revved\/-\/apps\/OrgAnalytics.47e1a483.js","common":"https:\/\/static.zhihu.com\/static\/revved\/-\/apps\/common.ed1d17c3.js","CommentApp":"https:\/\/static.zhihu.com\/static\/revved\/-\/apps\/CommentApp.2ab02258.js"}</script>

<script src="https://static.zhihu.com/static/revved/-/js/vendor.ff76fbae.js"></script>
<script src="https://static.zhihu.com/static/revved/-/js/closure/base.16f00cdc.js"></script>

<script src="https://static.zhihu.com/static/revved/-/js/closure/common.da58cddd.js"></script>


<script src="https://static.zhihu.com/static/revved/-/js/closure/richtexteditor.2366981a.js" async></script>
<script src="https://static.zhihu.com/static/revved/-/js/closure/page-profile.cefc86c5.js"></script>
<meta name="entry" content="ZH.entryProfile" data-module-id="page-profile">

<script type="text/zscript" znonce="95c8f5fff125426ba3a206683be87873"></script>

<input type="hidden" name="_xsrf" value="e554d006e527eb151cf238216037498e"/>
</body>
</html>
�������:liu-xian-sheng-87-60-88
status code:200
�������:dai-hong-zheng
�������:liu-jun-92-79
�������:luo-wen-yi-36
�������:qvweiwei
�������:magie
�������:chengyuan
�������:mazk
�������:ni-zheng-dong-35
�������:wu-jun-65-59
�������:mei-ying-91
�������:bingyue-xu
�������:men-mu-47
�������:wang233
�������:laiguanchen
�������:cao-xiao-cong
�������:caishaotian
�������:tian-hong-yi
�������:xiao-shank
�������:phil_joe
�Ѿ�ץȡ:7����ץȡ--->maldolro
url-->https://www.zhihu.com/people/maldolro/followers
status code:200
ץȡ����
now here is the page of -------------> maldolro
---------------------------------------------->
-----------------------------------------maldolro
<!DOCTYPE html>
<html lang="zh-CN" dropEffect="none" class="no-js ">
<head>
<meta charset="utf-8" />

<meta http-equiv="X-UA-Compatible" content="IE=edge,chrome=1" />
<meta name="renderer" content="webkit" />
<meta http-equiv="X-ZA-Response-Id" content="ac3a5f5da53e4716ac1e04ae57c648ef">

<title>Maldolro 的关注� - 知乎</title>

<meta name="apple-itunes-app" content="app-id=432274380, app-argument=zhihu://people/maldolro">


<meta name="viewport" content="width=device-width, initial-scale=1, maximum-scale=1"/>
<meta http-equiv="mobile-agent" content="format=html5;url=https://www.zhihu.com/people/maldolro/followers">
<meta id="znonce" name="znonce" content="04f563b3644149c0956147e8e4303d6c">



<link rel="apple-touch-icon" href="https://static.zhihu.com/static/revved/img/ios/touch-icon-152.87c020b9.png" sizes="152x152">
<link rel="apple-touch-icon" href="https://static.zhihu.com/static/revved/img/ios/touch-icon-120.496c913b.png" sizes="120x120">
<link rel="apple-touch-icon" href="https://static.zhihu.com/static/revved/img/ios/touch-icon-76.dcf79352.png" sizes="76x76">
<link rel="apple-touch-icon" href="https://static.zhihu.com/static/revved/img/ios/touch-icon-60.9911cffb.png" sizes="60x60">


<link rel="shortcut icon" href="https://static.zhihu.com/static/favicon.ico" type="image/x-icon">

<link rel="search" type="application/opensearchdescription+xml" href="https://static.zhihu.com/static/search.xml" title="知乎" />
<link rel="stylesheet" href="https://static.zhihu.com/static/revved/-/css/z.f27e53b2.css">
<link rel="stylesheet" href="https://static.zhihu.com/static/revved/-/css/pages/profile/main.9f9b4fe5.css">




<!--[if lt IE 9]>
<script src="https://static.zhihu.com/static/components/respond/dest/respond.min.js"></script>
<link href="https://static.zhihu.com/static/components/respond/cross-domain/respond-proxy.html" id="respond-proxy" rel="respond-proxy" />
<link href="/static/components/respond/cross-domain/respond.proxy.gif" id="respond-redirect" rel="respond-redirect" />
<script src="/static/components/respond/cross-domain/respond.proxy.js"></script>
<![endif]-->
<script src="https://static.zhihu.com/static/revved/-/js/instant.e7a17de6.js"></script>

<style>
.zm-side-section + .zm-side-section {
margin: 20px 0 0 0;
}
.zm-profile-section-list .zm-item-answer-author-info .zm-item-link-avatar {
display: none;
}
</style>

</head>

<body class="zhi ">



<div role="navigation" class="zu-top">
<div class="zg-wrap modal-shifting clearfix" id="zh-top-inner">
<a href="/" class="zu-top-link-logo" id="zh-top-link-logo" data-za-c="view_home" data-za-a="visit_home" data-za-l="top_navigation_zhihu_logo">知乎</a>

<div class="top-nav-profile">
<a href="/people/alex-liu-90-89" class="zu-top-nav-userinfo ">
<span class="name">alex liu</span>
<img class="Avatar" src="https://pic1.zhimg.com/da8e974dc_s.jpg" srcset="https://pic1.zhimg.com/da8e974dc_xs.jpg 2x" alt="alex liu" />
<span id="zh-top-nav-new-pm" class="zg-noti-number zu-top-nav-pm-count"
style="visibility:hidden" data-count="0">

</span>
</a>
<ul class="top-nav-dropdown" id="top-nav-profile-dropdown">
<li>
<a href="/people/alex-liu-90-89">
<i class="zg-icon zg-icon-dd-home"></i>我的主页
</a>
</li>

<li>
<a href="/inbox">
<i class="zg-icon zg-icon-dd-pm"></i>私信
<span id="zh-top-nav-pm-count" class="zu-top-nav-pm-count zg-noti-number"
style="visibility:hidden" data-count="0">

</span>
</a>
</li>
<li>
<a href="/settings">
<i class="zg-icon zg-icon-dd-settings"></i>设置
</a>
</li>
<li>
<a href="/logout">
<i class="zg-icon zg-icon-dd-logout"></i>��
</a>
</li>
</ul>

</div>



<button class="zu-top-add-question" id="zu-top-add-question">提问</button>


<div role="search" id="zh-top-search" class="zu-top-search">
<form method="GET" action="/search" id="zh-top-search-form" class="zu-top-search-form">



<input type="hidden" name="type" value="content">
<label for="q" class="hide-text">知乎搜索</label><input type="text" class="zu-top-search-input" id="q" name="q" autocomplete="off" value="" placeholder="搜索你感兴趣的内�...">
<button type="submit" class="zu-top-search-button"><span class="hide-text">搜索</span><span class="sprite-global-icon-magnifier-dark"></span></button>
</form>
</div>



<div id="zg-top-nav" class="zu-top-nav">
<ul class="zu-top-nav-ul zg-clear">

<li class="zu-top-nav-li " id="zh-top-nav-home">
<a class="zu-top-nav-link" href="/" id="zh-top-link-home" data-za-c="view_home" data-za-a="visit_home" data-za-l="top_navigation_home">首页</a>
</li>



<li class="top-nav-topic-selector zu-top-nav-li " id="zh-top-nav-topic">
<a class="zu-top-nav-link" href="/topic" id="top-nav-dd-topic">话�</a>
</li>

<li class="zu-top-nav-li " id="zh-top-nav-explore">
<a class="zu-top-nav-link" href="/explore">发现</a>
</li>

<li class="top-nav-noti zu-top-nav-li ">
<a class="zu-top-nav-link" href="javascript:;" id="zh-top-nav-count-wrap" role="button"><span class="mobi-arrow"></span>消息</a>
</li>



</ul>
<div class="zu-top-nav-live zu-noti7-popup zg-r5px no-hovercard" id="zh-top-nav-live-new" role="popup" tabindex="0">
<div class="zu-top-nav-live-inner zg-r5px">
<div class="zu-top-live-icon">&nbsp;</div>
<div class="zu-home-noti-inner" id="zh-top-nav-live-new-inner">
<div class="zm-noti7-popup-tab-container clearfix" tabindex="0">
<button class="zm-noti7-popup-tab-item message">
<span class="icon">消息</span>
</button>
<button class="zm-noti7-popup-tab-item user">
<span class="icon">用户</span>
</button>
<button class="zm-noti7-popup-tab-item thanks">
<span class="icon">赞同和感�</span>
</button>
</div>
</div>
<div class="zm-noti7-frame-border top"></div>
<div class="zm-noti7-frame">
<div class="zm-noti7-content message">
<div class="zm-noti7-content-inner">
<div class="zm-noti7-content-body">
<div class="zm-noti7-popup-loading">
<span class="noti-spinner-loading"></span>
</div>
</div>
</div>
</div>
<div class="zm-noti7-content user" style="display:none;">
<div class="zm-noti7-content-inner">
<div class="zm-noti7-content-body">
<div class="zm-noti7-popup-loading">
<span class="noti-spinner-loading"></span>
</div>
</div>
</div>
</div>
<div class="zm-noti7-content thanks" style="display:none;">
<div class="zm-noti7-content-inner">
<div class="zm-noti7-content-body">
<div class="zm-noti7-popup-loading">
<span class="noti-spinner-loading"></span>
</div>
</div>
</div>
</div>
</div>
<div class="zm-noti7-frame-border bottom"></div>
<div class="zm-noti7-popup-footer">
<a href="/notifications" class="zm-noti7-popup-footer-all zg-right">查看全部 &raquo;</a>
<a href="/settings/notification" class="zm-noti7-popup-footer-set" title="通知设置" ><i class="zg-icon zg-icon-settings"></i></a>
</div>
</div>
</div>

</div>

</div>
</div>


<div class="zu-global-notify" id="zh-global-message" style="display:none">
<div class="zg-wrap">
<div class="zu-global-nitify-inner">
<a class="zu-global-notify-close" href="javascript:;" title="关闭" name="close">x</a>
<span class="zu-global-notify-icon"></span>
<span class="zu-global-notify-msg"></span>
</div>
</div>
</div>




<div class="zg-wrap zu-main clearfix "  role="main">
<div class="zu-main-content">
<div class="zu-main-content-inner">






<div class="zm-profile-header ProfileCard">
<div class="zm-profile-header-main">
<div class="top">

<div class='weibo-wrap'>

</div>

<div class="title-section ellipsis">
<a class="name" href="/people/maldolro">Maldolro</a>�<span class="bio" title="Creator">Creator</span>
</div>
</div>
<div class="body clearfix">

<img class="Avatar Avatar--l" src="https://pic1.zhimg.com/da8e974dc_l.jpg" srcset="https://pic1.zhimg.com/da8e974dc_xl.jpg 2x" alt="Maldolro" />

<div class="zm-profile-header-info">
<div class="zm-profile-header-user-describe">
<div class="items">

<div class="item editable-group" data-name="location">

<span class="info-wrap">




</span>
<span class="edit-wrap" style="display:none;">
<span class="topic-input-wrap"><input autocomplete="off" aria-haspopup="true" type="text" name="location" value="" class="zg-form-text-input location" placeholder="居住�"/></span>
<div class="business-selection">
<select name="business">
<option value="">选择行业</option>


<option value="高新科技">高新科技</option>

<option value="互联�">&nbsp;&nbsp;&nbsp;互联�</option>

<option value="电子商务">&nbsp;&nbsp;&nbsp;电子商务</option>

<option value="电子游戏">&nbsp;&nbsp;&nbsp;电子游戏</option>

<option value="计算机软�">&nbsp;&nbsp;&nbsp;计算机软�</option>

<option value="计算机硬�">&nbsp;&nbsp;&nbsp;计算机硬�</option>




<option value="信息传媒">信息传媒</option>

<option value="出版�">&nbsp;&nbsp;&nbsp;出版�</option>

<option value="电影录音">&nbsp;&nbsp;&nbsp;电影录音</option>

<option value="广播电�">&nbsp;&nbsp;&nbsp;广播电�</option>

<option value="通信">&nbsp;&nbsp;&nbsp;通信</option>




<option value="金融">金融</option>

<option value="银�">&nbsp;&nbsp;&nbsp;银�</option>

<option value="资本投资">&nbsp;&nbsp;&nbsp;资本投资</option>

<option value="证券投资">&nbsp;&nbsp;&nbsp;证券投资</option>

<option value="保险">&nbsp;&nbsp;&nbsp;保险</option>

<option value="信贷">&nbsp;&nbsp;&nbsp;信贷</option>

<option value="财务">&nbsp;&nbsp;&nbsp;财务</option>

<option value="审�">&nbsp;&nbsp;&nbsp;审�</option>




<option value="服务�">服务�</option>

<option value="法律">&nbsp;&nbsp;&nbsp;法律</option>

<option value="餐饮">&nbsp;&nbsp;&nbsp;餐饮</option>

<option value="酒店">&nbsp;&nbsp;&nbsp;酒店</option>

<option value="旅游">&nbsp;&nbsp;&nbsp;旅游</option>

<option value="广告">&nbsp;&nbsp;&nbsp;广告</option>

<option value="��">&nbsp;&nbsp;&nbsp;��</option>

<option value="��">&nbsp;&nbsp;&nbsp;��</option>

<option value="咨�分�">&nbsp;&nbsp;&nbsp;咨�分�</option>

<option value="市场推广">&nbsp;&nbsp;&nbsp;市场推广</option>

<option value="人力资源">&nbsp;&nbsp;&nbsp;人力资源</option>

<option value="社工服务">&nbsp;&nbsp;&nbsp;社工服务</option>

<option value="养�服�">&nbsp;&nbsp;&nbsp;养�服�</option>




<option value="教育">教育</option>

<option value="高等教育">&nbsp;&nbsp;&nbsp;高等教育</option>

<option value="基�教育">&nbsp;&nbsp;&nbsp;基�教育</option>

<option value="职业教育">&nbsp;&nbsp;&nbsp;职业教育</option>

<option value="幼儿教育">&nbsp;&nbsp;&nbsp;幼儿教育</option>

<option value="特殊教育">&nbsp;&nbsp;&nbsp;特殊教育</option>

<option value="培�">&nbsp;&nbsp;&nbsp;培�</option>




<option value="医疗服务">医疗服务</option>

<option value="临床医疗">&nbsp;&nbsp;&nbsp;临床医疗</option>

<option value="制药">&nbsp;&nbsp;&nbsp;制药</option>

<option value="保健">&nbsp;&nbsp;&nbsp;保健</option>

<option value="美�">&nbsp;&nbsp;&nbsp;美�</option>

<option value="医疗器材">&nbsp;&nbsp;&nbsp;医疗器材</option>

<option value="生物工程">&nbsp;&nbsp;&nbsp;生物工程</option>

<option value="疗养服务">&nbsp;&nbsp;&nbsp;疗养服务</option>

<option value="护理服务">&nbsp;&nbsp;&nbsp;护理服务</option>




<option value="艺术娱乐">艺术娱乐</option>

<option value="创意艺术">&nbsp;&nbsp;&nbsp;创意艺术</option>

<option value="体育健身">&nbsp;&nbsp;&nbsp;体育健身</option>

<option value="娱乐休闲">&nbsp;&nbsp;&nbsp;娱乐休闲</option>

<option value="图书�">&nbsp;&nbsp;&nbsp;图书�</option>

<option value="博物�">&nbsp;&nbsp;&nbsp;博物�</option>

<option value="策展">&nbsp;&nbsp;&nbsp;策展</option>

<option value="博彩">&nbsp;&nbsp;&nbsp;博彩</option>




<option value="制�加�">制�加�</option>

<option value="食品�料业">&nbsp;&nbsp;&nbsp;食品�料业</option>

<option value="纺织�革业">&nbsp;&nbsp;&nbsp;纺织�革业</option>

<option value="服�业">&nbsp;&nbsp;&nbsp;服�业</option>

<option value="烟草�">&nbsp;&nbsp;&nbsp;烟草�</option>

<option value="造纸�">&nbsp;&nbsp;&nbsp;造纸�</option>

<option value="印刷�">&nbsp;&nbsp;&nbsp;印刷�</option>

<option value="化工�">&nbsp;&nbsp;&nbsp;化工�</option>

<option value="汽车">&nbsp;&nbsp;&nbsp;汽车</option>

<option value="家具">&nbsp;&nbsp;&nbsp;家具</option>

<option value="电子电器">&nbsp;&nbsp;&nbsp;电子电器</option>

<option value="机���">&nbsp;&nbsp;&nbsp;机���</option>

<option value="塑料工业">&nbsp;&nbsp;&nbsp;塑料工业</option>

<option value="金属加工">&nbsp;&nbsp;&nbsp;金属加工</option>

<option value="军火">&nbsp;&nbsp;&nbsp;军火</option>




<option value="地产建筑">地产建筑</option>

<option value="房地�">&nbsp;&nbsp;&nbsp;房地�</option>

<option value="装饰装潢">&nbsp;&nbsp;&nbsp;装饰装潢</option>

<option value="物业服务">&nbsp;&nbsp;&nbsp;物业服务</option>

<option value="特殊建�">&nbsp;&nbsp;&nbsp;特殊建�</option>

<option value="建筑设�">&nbsp;&nbsp;&nbsp;建筑设�</option>




<option value="贸易零售">贸易零售</option>

<option value="零售">&nbsp;&nbsp;&nbsp;零售</option>

<option value="大宗交易">&nbsp;&nbsp;&nbsp;大宗交易</option>

<option value="进出口贸�">&nbsp;&nbsp;&nbsp;进出口贸�</option>




<option value="�共服�">�共服�</option>

<option value="政府">&nbsp;&nbsp;&nbsp;政府</option>

<option value="国防军事">&nbsp;&nbsp;&nbsp;国防军事</option>

<option value="��">&nbsp;&nbsp;&nbsp;��</option>

<option value="科研">&nbsp;&nbsp;&nbsp;科研</option>

<option value="给排�">&nbsp;&nbsp;&nbsp;给排�</option>

<option value="水利能源">&nbsp;&nbsp;&nbsp;水利能源</option>

<option value="电力电网">&nbsp;&nbsp;&nbsp;电力电网</option>

<option value="�共�理">&nbsp;&nbsp;&nbsp;�共�理</option>

<option value="�境保�">&nbsp;&nbsp;&nbsp;�境保�</option>

<option value="非营利组�">&nbsp;&nbsp;&nbsp;非营利组�</option>




<option value="�采冶�">�采冶�</option>

<option value="煤炭工业">&nbsp;&nbsp;&nbsp;煤炭工业</option>

<option value="石油工业">&nbsp;&nbsp;&nbsp;石油工业</option>

<option value="黑色金属">&nbsp;&nbsp;&nbsp;黑色金属</option>

<option value="有色金属">&nbsp;&nbsp;&nbsp;有色金属</option>

<option value="土砂石开�">&nbsp;&nbsp;&nbsp;土砂石开�</option>

<option value="地热��">&nbsp;&nbsp;&nbsp;地热��</option>




<option value="交�仓�">交�仓�</option>

<option value="��">&nbsp;&nbsp;&nbsp;��</option>

<option value="物流递�">&nbsp;&nbsp;&nbsp;物流递�</option>

<option value="地面运输">&nbsp;&nbsp;&nbsp;地面运输</option>

<option value="铁路运输">&nbsp;&nbsp;&nbsp;铁路运输</option>

<option value="管线运输">&nbsp;&nbsp;&nbsp;管线运输</option>

<option value="�运业">&nbsp;&nbsp;&nbsp;�运业</option>

<option value="民用�空业">&nbsp;&nbsp;&nbsp;民用�空业</option>




<option value="农林牧渔">农林牧渔</option>

<option value="种�业">&nbsp;&nbsp;&nbsp;种�业</option>

<option value="畜牧养殖�">&nbsp;&nbsp;&nbsp;畜牧养殖�</option>

<option value="林业">&nbsp;&nbsp;&nbsp;林业</option>

<option value="渔业">&nbsp;&nbsp;&nbsp;渔业</option>



</select>
</div>
<span class="zg-bull"></span>
<input type="radio" name="gender" value="1"  class="male"/> �&nbsp;&nbsp;
<input type="radio" name="gender" value="0"  class="female"/> �
<a class="zg-btn-blue" name="save" href="javascript:;">��</a>
</span>
</div>


<div class="item">

<a class="zm-profile-header-user-detail zg-link-litblue-normal zm-profile-icon-return" href="/people/maldolro">
<i class="icon zm-profile-header-icon"></i>
<span>返回�人主�</span>
</a>

</div>

</div>

</div>
</div>
</div>
</div>



<div class="zm-profile-header-operation zg-clear ">
<div class="zm-profile-header-info-list">
<span class="zm-profile-header-info-title">获得</span>
<span class="zm-profile-header-user-agree"><span class="zm-profile-header-icon"></span><strong>0</strong>赞同</span>
<span class="zm-profile-header-user-thanks"><span class="zm-profile-header-icon"></span><strong>0</strong>感谢</span>

</div>

<div class="zm-profile-header-op-btns clearfix">


<button data-follow="m:button" data-id="2138a03e5b8489aa798bae6359cf02af" class="zg-btn zg-btn-follow zm-rich-follow-btn">关注</button>



<a href="/inbox/1116038100" class="zg-btn-white zm-profile-header-pm-btn" id="zm-profile-header-pm-btn"><i class="zg-icon">私信</i></a>


</div>

</div>
<div class="profile-navbar clearfix">
<a class="item home first "
href="/people/maldolro">
<i class="icon icon-profile-tab-home"></i><span class="hide-text">主页</span>
</a>
<a class="item "
href="/people/maldolro/asks">
提问
<span class="num">0</span>
</a>
<a class="item "
href="/people/maldolro/answers">
回答
<span class="num">0</span>
</a>
<a class="item "
href="/people/maldolro/posts">
文章
<span class="num">0</span>
</a>

<a class="item "
href="/people/maldolro/collections">
收藏
<span class="num">0</span>
</a>
<a class="item "
href="/people/maldolro/logs">
�共编�
<span class="num">0</span>
</a>

</div>

</div>


<div class="zm-profile-section-wrap">
<div class="zm-profile-section-head">
<span class="zm-profile-section-name"><a href="/people/maldolro">Maldolro</a> � 0 人关�</span>
<a class="zg-right zg-link-litblue-normal zm-profile-answer-page-return" href="/people/maldolro">返回�人主�</a>

</div>
<div class="zm-profile-section-list">
<div id="zh-profile-follows-list">
<div class="zh-general-list clearfix" data-init="{&quot;params&quot;: {&quot;offset&quot;: 0, &quot;order_by&quot;: &quot;created&quot;, &quot;hash_id&quot;: &quot;2138a03e5b8489aa798bae6359cf02af&quot;}, &quot;nodename&quot;: &quot;ProfileFollowersListV2&quot;}">

</div>
</div>
</div>
</div>


</div>
</div>


<div class="zu-main-sidebar">

<div class="zm-profile-side-following zg-clear">
<a class="item" href="/people/maldolro/followees">
<span class="zg-gray-normal">关注�</span><br />
<strong>65</strong><label> �</label>
</a>
<a class="item" href="/people/maldolro/followers">
<span class="zg-gray-normal">关注�</span><br />
<strong>0</strong><label> �</label>
</a>
</div>
<div class="zm-profile-side-section">
<div class="zm-side-section-inner zg-clear">
<div class="zm-profile-side-section-title">
关注� <a href="/people/maldolro/columns/followed" class="zg-link-litblue"><strong>49 �专栏</strong></a>
</div>
<div class="zm-profile-side-columns">

<a href="http://zhuanlan.zhihu.com/bankorsth" data-tip="c$t$bankorsth" class="link" target="_blank">
<img class="Avatar Avatar--is" src="https://pic2.zhimg.com/c0ee9ec2fb5bc4592b76891ac554cb15_l.jpg" srcset="https://pic2.zhimg.com/c0ee9ec2fb5bc4592b76891ac554cb15_l.jpg 2x" alt="迷��的银�" />
</a>

<a href="http://zhuanlan.zhihu.com/jingjixue" data-tip="c$t$jingjixue" class="link" target="_blank">
<img class="Avatar Avatar--is" src="https://pic1.zhimg.com/ff71eb9d4_l.jpg" srcset="https://pic1.zhimg.com/ff71eb9d4_l.jpg 2x" alt="学点经济�" />
</a>

<a href="http://zhuanlan.zhihu.com/zhangnini11" data-tip="c$t$zhangnini11" class="link" target="_blank">
<img class="Avatar Avatar--is" src="https://pic2.zhimg.com/674824c145310d800a7bcf61ec7bac49_l.jpg" srcset="https://pic2.zhimg.com/674824c145310d800a7bcf61ec7bac49_l.jpg 2x" alt="能源研究，�研体会，网球人�" />
</a>

<a href="http://zhuanlan.zhihu.com/mittechreview" data-tip="c$t$mittechreview" class="link" target="_blank">
<img class="Avatar Avatar--is" src="https://pic4.zhimg.com/b1ff29437f83d4ccc60943a80f595cfb_l.jpeg" srcset="https://pic4.zhimg.com/b1ff29437f83d4ccc60943a80f595cfb_l.jpeg 2x" alt="DeepTech深�技" />
</a>

<a href="http://zhuanlan.zhihu.com/faruto" data-tip="c$t$faruto" class="link" target="_blank">
<img class="Avatar Avatar--is" src="https://pic3.zhimg.com/0df284ed0c23ab2571c29432fa4ab622_l.jpg" srcset="https://pic3.zhimg.com/0df284ed0c23ab2571c29432fa4ab622_l.jpg 2x" alt="FQuantStudio" />
</a>

<a href="http://zhuanlan.zhihu.com/sunnyday" data-tip="c$t$sunnyday" class="link" target="_blank">
<img class="Avatar Avatar--is" src="https://pic1.zhimg.com/2a66f7305bc54e4e8002cf3e4ccad6ec_l.jpg" srcset="https://pic1.zhimg.com/2a66f7305bc54e4e8002cf3e4ccad6ec_l.jpg 2x" alt="腾天醉�录" />
</a>

<a href="http://zhuanlan.zhihu.com/patrickyu" data-tip="c$t$patrickyu" class="link" target="_blank">
<img class="Avatar Avatar--is" src="https://pic2.zhimg.com/a6bd41b7f30ca5f6f24def72816945a5_l.jpg" srcset="https://pic2.zhimg.com/a6bd41b7f30ca5f6f24def72816945a5_l.jpg 2x" alt="明昧边界" />
</a>

</div>
</div>
</div>
<div class="zm-profile-side-section">
<div class="zm-side-section-inner zg-clear">
<div class="zm-profile-side-section-title">
关注� <a href="/people/maldolro/topics" class="zg-link-litblue"><strong>15 �话�</strong></a>
</div>
<div class="zm-profile-side-topics" id="zh-profile-following-topic">

<a class="link" data-tip="t$t$19554827" href="/topic/19554827">
<img class="Avatar Avatar--l" src="https://pic2.zhimg.com/c8f2d728879d05657d86ca6fa6b0336d_l.jpg" srcset="https://pic2.zhimg.com/c8f2d728879d05657d86ca6fa6b0336d_xl.jpg 2x" alt="体育" />
</a>

<a class="link" data-tip="t$t$19550517" href="/topic/19550517">
<img class="Avatar Avatar--l" src="https://pic4.zhimg.com/f07808da5625fef3607f8b75b770349f_l.jpg" srcset="https://pic4.zhimg.com/f07808da5625fef3607f8b75b770349f_xl.jpg 2x" alt="互联�" />
</a>

<a class="link" data-tip="t$t$19550429" href="/topic/19550429">
<img class="Avatar Avatar--l" src="https://pic4.zhimg.com/7d8c15df29ce6900c80f9cf630992687_l.jpg" srcset="https://pic4.zhimg.com/7d8c15df29ce6900c80f9cf630992687_xl.jpg 2x" alt="电影" />
</a>

<a class="link" data-tip="t$t$19559052" href="/topic/19559052">
<img class="Avatar Avatar--l" src="https://pic1.zhimg.com/1f9c99e8aa4b0ab76d4885ffd0eb10c0_l.jpg" srcset="https://pic1.zhimg.com/1f9c99e8aa4b0ab76d4885ffd0eb10c0_xl.jpg 2x" alt="足球" />
</a>

<a class="link" data-tip="t$t$19555457" href="/topic/19555457">
<img class="Avatar Avatar--l" src="https://pic4.zhimg.com/34799a68980175b37acfd487a46bce43_l.jpg" srcset="https://pic4.zhimg.com/34799a68980175b37acfd487a46bce43_xl.jpg 2x" alt="商业" />
</a>

<a class="link" data-tip="t$t$19553534" href="/topic/19553534">
<img class="Avatar Avatar--l" src="https://pic1.zhimg.com/3d11abd48_l.jpg" srcset="https://pic1.zhimg.com/3d11abd48_xl.jpg 2x" alt="数据挖掘" />
</a>

<a class="link" data-tip="t$t$19550560" href="/topic/19550560">
<img class="Avatar Avatar--l" src="https://pic4.zhimg.com/b75f995419ff775ff71fca685d7825af_l.jpg" srcset="https://pic4.zhimg.com/b75f995419ff775ff71fca685d7825af_xl.jpg 2x" alt="创业" />
</a>

</div>
</div>
</div>

<div class="zm-profile-side-section">
<div class="zm-side-section-inner">
<ul id="profile-side-op" class="profile-side-op">

<li><a href="javascript:void(0);" name="report" class="zg-link-gray-normal">举报用户</a></li>



<li><a href="javascript:void(0);" name="block" class="zg-link-gray-normal">屏蔽用户</a></li>


</ul>
</div>
</div>

<div class="zm-profile-side-section">
<div class="zm-side-section-inner">
<span class="zg-gray-normal">�人主页� <strong>36</strong> 人浏�</span>
</div>
</div>

<script type="text/json" class="json-inline" data-name="current_people">["Maldolro","maldolro","https:\/\/pic1.zhimg.com\/da8e974dc_s.jpg","2138a03e5b8489aa798bae6359cf02af"]</script>
<div id="zh-footer" class="zh-footer">
<div class="content zg-wrap clearfix">
<ul>

<li><a href="https://liukanshan.zhihu.com" target="_blank">刘看�</a></li>

<li><a href="/question/19581624" target="_blank">知乎指南</a></li>
<li><a href="javascript:;" id="js-feedback-button">建�反�</a></li>

<li><a href="/app" target="_blank">移动应用</a></li>
<li><a href="/careers">加入知乎</a></li>
<li><a href="/terms" target="_blank">知乎协�</a></li>
<li><a href="/contact">联系我们</a></li>

</ul>

<span class="copy">&copy; 2016 知乎</span>

</div>
</div>


</div>


</div>



<script type="text/json" class="json-inline" data-name="guiders2">{"exclusive-popover":{},"section":{},"editor":[]}</script>
<script type="text/json" class="json-inline" data-name="current_user">["alex liu","alex-liu-90-89","https:\/\/pic1.zhimg.com\/da8e974dc_s.jpg","23a3f9208f774c3604303b4f5cfa5593","",0,0,true,"fly8421@outlook.com","http:\/\/login.live.com",0,false,false,false,"31251545194496",false]</script>
<script type="text/json" class="json-inline" data-name="user_status">[null,null]</script>
<script type="text/json" class="json-inline" data-name="env">["zhihu.com","comet.zhihu.com",false,null,false]</script>
<script type="text/json" class="json-inline" data-name="permissions">[]</script>


<script type="text/json" class="json-inline" data-name="ga_vars">{"user_created":1373859581000,"now":1468422156000,"abtest_mask":"---------1--------------------","user_attr":[1,0,0,"-",1],"user_hash":"23a3f9208f774c3604303b4f5cfa5593"}</script>

<script type="text/json" class="json-inline" data-name="ra-urls">{"Report":"https:\/\/static.zhihu.com\/static\/revved\/-\/apps\/Report.de4e9d17.js","Community":"https:\/\/static.zhihu.com\/static\/revved\/-\/apps\/Community.4e11c449.js","OrgAnalytics":"https:\/\/static.zhihu.com\/static\/revved\/-\/apps\/OrgAnalytics.47e1a483.js","common":"https:\/\/static.zhihu.com\/static\/revved\/-\/apps\/common.ed1d17c3.js","CommentApp":"https:\/\/static.zhihu.com\/static\/revved\/-\/apps\/CommentApp.2ab02258.js"}</script>

<script src="https://static.zhihu.com/static/revved/-/js/vendor.ff76fbae.js"></script>
<script src="https://static.zhihu.com/static/revved/-/js/closure/base.16f00cdc.js"></script>

<script src="https://static.zhihu.com/static/revved/-/js/closure/common.da58cddd.js"></script>


<script src="https://static.zhihu.com/static/revved/-/js/closure/richtexteditor.2366981a.js" async></script>
<script src="https://static.zhihu.com/static/revved/-/js/closure/page-profile.cefc86c5.js"></script>
<meta name="entry" content="ZH.entryProfile" data-module-id="page-profile">

<script type="text/zscript" znonce="04f563b3644149c0956147e8e4303d6c"></script>

<input type="hidden" name="_xsrf" value="e554d006e527eb151cf238216037498e"/>
</body>
</html>
status code:200
�������:WxzxzW
�������:feifeimao
�������:sgt-pepper
�������:Erdnussoelbearbeiter
�������:jesor
�������:sophieued
�������:jianchichen
�������:like-33
�������:faruto
�������:edward-fu-91
�������:mb-ma
�������:yu-peng-73-42
�������:senzung
�������:jonathan-zhou
�������:dongkeren
�������:mishisi
�������:poem
�������:kenneth-pan
�������:li-yi-rui-30
�Ѿ�ץȡ:8����ץȡ--->xin-zhi-xing-zhi
url-->https://www.zhihu.com/people/xin-zhi-xing-zhi/followers
status code:200
ץȡ����
now here is the page of -------------> xin-zhi-xing-zhi
---------------------------------------------->
-----------------------------------------xin-zhi-xing-zhi
<!DOCTYPE html>
<html lang="zh-CN" dropEffect="none" class="no-js ">
<head>
<meta charset="utf-8" />

<meta http-equiv="X-UA-Compatible" content="IE=edge,chrome=1" />
<meta name="renderer" content="webkit" />
<meta http-equiv="X-ZA-Response-Id" content="49364d4f29c94b4382e136035066ed8a">

<title>心之行至 的关注� - 知乎</title>

<meta name="apple-itunes-app" content="app-id=432274380, app-argument=zhihu://people/xin-zhi-xing-zhi">


<meta name="viewport" content="width=device-width, initial-scale=1, maximum-scale=1"/>
<meta http-equiv="mobile-agent" content="format=html5;url=https://www.zhihu.com/people/xin-zhi-xing-zhi/followers">
<meta id="znonce" name="znonce" content="318b4ebc7a5e42a583e595784bea01c4">



<link rel="apple-touch-icon" href="https://static.zhihu.com/static/revved/img/ios/touch-icon-152.87c020b9.png" sizes="152x152">
<link rel="apple-touch-icon" href="https://static.zhihu.com/static/revved/img/ios/touch-icon-120.496c913b.png" sizes="120x120">
<link rel="apple-touch-icon" href="https://static.zhihu.com/static/revved/img/ios/touch-icon-76.dcf79352.png" sizes="76x76">
<link rel="apple-touch-icon" href="https://static.zhihu.com/static/revved/img/ios/touch-icon-60.9911cffb.png" sizes="60x60">


<link rel="shortcut icon" href="https://static.zhihu.com/static/favicon.ico" type="image/x-icon">

<link rel="search" type="application/opensearchdescription+xml" href="https://static.zhihu.com/static/search.xml" title="知乎" />
<link rel="stylesheet" href="https://static.zhihu.com/static/revved/-/css/z.f27e53b2.css">
<link rel="stylesheet" href="https://static.zhihu.com/static/revved/-/css/pages/profile/main.9f9b4fe5.css">




<!--[if lt IE 9]>
<script src="https://static.zhihu.com/static/components/respond/dest/respond.min.js"></script>
<link href="https://static.zhihu.com/static/components/respond/cross-domain/respond-proxy.html" id="respond-proxy" rel="respond-proxy" />
<link href="/static/components/respond/cross-domain/respond.proxy.gif" id="respond-redirect" rel="respond-redirect" />
<script src="/static/components/respond/cross-domain/respond.proxy.js"></script>
<![endif]-->
<script src="https://static.zhihu.com/static/revved/-/js/instant.e7a17de6.js"></script>

<style>
.zm-side-section + .zm-side-section {
margin: 20px 0 0 0;
}
.zm-profile-section-list .zm-item-answer-author-info .zm-item-link-avatar {
display: none;
}
</style>

</head>

<body class="zhi ">



<div role="navigation" class="zu-top">
<div class="zg-wrap modal-shifting clearfix" id="zh-top-inner">
<a href="/" class="zu-top-link-logo" id="zh-top-link-logo" data-za-c="view_home" data-za-a="visit_home" data-za-l="top_navigation_zhihu_logo">知乎</a>

<div class="top-nav-profile">
<a href="/people/alex-liu-90-89" class="zu-top-nav-userinfo ">
<span class="name">alex liu</span>
<img class="Avatar" src="https://pic1.zhimg.com/da8e974dc_s.jpg" srcset="https://pic1.zhimg.com/da8e974dc_xs.jpg 2x" alt="alex liu" />
<span id="zh-top-nav-new-pm" class="zg-noti-number zu-top-nav-pm-count"
style="visibility:hidden" data-count="0">

</span>
</a>
<ul class="top-nav-dropdown" id="top-nav-profile-dropdown">
<li>
<a href="/people/alex-liu-90-89">
<i class="zg-icon zg-icon-dd-home"></i>我的主页
</a>
</li>

<li>
<a href="/inbox">
<i class="zg-icon zg-icon-dd-pm"></i>私信
<span id="zh-top-nav-pm-count" class="zu-top-nav-pm-count zg-noti-number"
style="visibility:hidden" data-count="0">

</span>
</a>
</li>
<li>
<a href="/settings">
<i class="zg-icon zg-icon-dd-settings"></i>设置
</a>
</li>
<li>
<a href="/logout">
<i class="zg-icon zg-icon-dd-logout"></i>��
</a>
</li>
</ul>

</div>



<button class="zu-top-add-question" id="zu-top-add-question">提问</button>


<div role="search" id="zh-top-search" class="zu-top-search">
<form method="GET" action="/search" id="zh-top-search-form" class="zu-top-search-form">



<input type="hidden" name="type" value="content">
<label for="q" class="hide-text">知乎搜索</label><input type="text" class="zu-top-search-input" id="q" name="q" autocomplete="off" value="" placeholder="搜索你感兴趣的内�...">
<button type="submit" class="zu-top-search-button"><span class="hide-text">搜索</span><span class="sprite-global-icon-magnifier-dark"></span></button>
</form>
</div>



<div id="zg-top-nav" class="zu-top-nav">
<ul class="zu-top-nav-ul zg-clear">

<li class="zu-top-nav-li " id="zh-top-nav-home">
<a class="zu-top-nav-link" href="/" id="zh-top-link-home" data-za-c="view_home" data-za-a="visit_home" data-za-l="top_navigation_home">首页</a>
</li>



<li class="top-nav-topic-selector zu-top-nav-li " id="zh-top-nav-topic">
<a class="zu-top-nav-link" href="/topic" id="top-nav-dd-topic">话�</a>
</li>

<li class="zu-top-nav-li " id="zh-top-nav-explore">
<a class="zu-top-nav-link" href="/explore">发现</a>
</li>

<li class="top-nav-noti zu-top-nav-li ">
<a class="zu-top-nav-link" href="javascript:;" id="zh-top-nav-count-wrap" role="button"><span class="mobi-arrow"></span>消息</a>
</li>



</ul>
<div class="zu-top-nav-live zu-noti7-popup zg-r5px no-hovercard" id="zh-top-nav-live-new" role="popup" tabindex="0">
<div class="zu-top-nav-live-inner zg-r5px">
<div class="zu-top-live-icon">&nbsp;</div>
<div class="zu-home-noti-inner" id="zh-top-nav-live-new-inner">
<div class="zm-noti7-popup-tab-container clearfix" tabindex="0">
<button class="zm-noti7-popup-tab-item message">
<span class="icon">消息</span>
</button>
<button class="zm-noti7-popup-tab-item user">
<span class="icon">用户</span>
</button>
<button class="zm-noti7-popup-tab-item thanks">
<span class="icon">赞同和感�</span>
</button>
</div>
</div>
<div class="zm-noti7-frame-border top"></div>
<div class="zm-noti7-frame">
<div class="zm-noti7-content message">
<div class="zm-noti7-content-inner">
<div class="zm-noti7-content-body">
<div class="zm-noti7-popup-loading">
<span class="noti-spinner-loading"></span>
</div>
</div>
</div>
</div>
<div class="zm-noti7-content user" style="display:none;">
<div class="zm-noti7-content-inner">
<div class="zm-noti7-content-body">
<div class="zm-noti7-popup-loading">
<span class="noti-spinner-loading"></span>
</div>
</div>
</div>
</div>
<div class="zm-noti7-content thanks" style="display:none;">
<div class="zm-noti7-content-inner">
<div class="zm-noti7-content-body">
<div class="zm-noti7-popup-loading">
<span class="noti-spinner-loading"></span>
</div>
</div>
</div>
</div>
</div>
<div class="zm-noti7-frame-border bottom"></div>
<div class="zm-noti7-popup-footer">
<a href="/notifications" class="zm-noti7-popup-footer-all zg-right">查看全部 &raquo;</a>
<a href="/settings/notification" class="zm-noti7-popup-footer-set" title="通知设置" ><i class="zg-icon zg-icon-settings"></i></a>
</div>
</div>
</div>

</div>

</div>
</div>


<div class="zu-global-notify" id="zh-global-message" style="display:none">
<div class="zg-wrap">
<div class="zu-global-nitify-inner">
<a class="zu-global-notify-close" href="javascript:;" title="关闭" name="close">x</a>
<span class="zu-global-notify-icon"></span>
<span class="zu-global-notify-msg"></span>
</div>
</div>
</div>




<div class="zg-wrap zu-main clearfix "  role="main">
<div class="zu-main-content">
<div class="zu-main-content-inner">






<div class="zm-profile-header ProfileCard">
<div class="zm-profile-header-main">
<div class="top">

<div class="title-section ellipsis">
<a class="name" href="/people/xin-zhi-xing-zhi">心之行至</a>�<span class="bio" title="高中�">高中�</span>
</div>
</div>
<div class="body clearfix">

<img class="Avatar Avatar--l" src="https://pic1.zhimg.com/da8e974dc_l.jpg" srcset="https://pic1.zhimg.com/da8e974dc_xl.jpg 2x" alt="心之行至" />

<div class="zm-profile-header-info">
<div class="zm-profile-header-user-describe">
<div class="items">

<div class="item editable-group" data-name="location">

<span class="info-wrap">




</span>
<span class="edit-wrap" style="display:none;">
<span class="topic-input-wrap"><input autocomplete="off" aria-haspopup="true" type="text" name="location" value="" class="zg-form-text-input location" placeholder="居住�"/></span>
<div class="business-selection">
<select name="business">
<option value="">选择行业</option>


<option value="高新科技">高新科技</option>

<option value="互联�">&nbsp;&nbsp;&nbsp;互联�</option>

<option value="电子商务">&nbsp;&nbsp;&nbsp;电子商务</option>

<option value="电子游戏">&nbsp;&nbsp;&nbsp;电子游戏</option>

<option value="计算机软�">&nbsp;&nbsp;&nbsp;计算机软�</option>

<option value="计算机硬�">&nbsp;&nbsp;&nbsp;计算机硬�</option>




<option value="信息传媒">信息传媒</option>

<option value="出版�">&nbsp;&nbsp;&nbsp;出版�</option>

<option value="电影录音">&nbsp;&nbsp;&nbsp;电影录音</option>

<option value="广播电�">&nbsp;&nbsp;&nbsp;广播电�</option>

<option value="通信">&nbsp;&nbsp;&nbsp;通信</option>




<option value="金融">金融</option>

<option value="银�">&nbsp;&nbsp;&nbsp;银�</option>

<option value="资本投资">&nbsp;&nbsp;&nbsp;资本投资</option>

<option value="证券投资">&nbsp;&nbsp;&nbsp;证券投资</option>

<option value="保险">&nbsp;&nbsp;&nbsp;保险</option>

<option value="信贷">&nbsp;&nbsp;&nbsp;信贷</option>

<option value="财务">&nbsp;&nbsp;&nbsp;财务</option>

<option value="审�">&nbsp;&nbsp;&nbsp;审�</option>




<option value="服务�">服务�</option>

<option value="法律">&nbsp;&nbsp;&nbsp;法律</option>

<option value="餐饮">&nbsp;&nbsp;&nbsp;餐饮</option>

<option value="酒店">&nbsp;&nbsp;&nbsp;酒店</option>

<option value="旅游">&nbsp;&nbsp;&nbsp;旅游</option>

<option value="广告">&nbsp;&nbsp;&nbsp;广告</option>

<option value="��">&nbsp;&nbsp;&nbsp;��</option>

<option value="��">&nbsp;&nbsp;&nbsp;��</option>

<option value="咨�分�">&nbsp;&nbsp;&nbsp;咨�分�</option>

<option value="市场推广">&nbsp;&nbsp;&nbsp;市场推广</option>

<option value="人力资源">&nbsp;&nbsp;&nbsp;人力资源</option>

<option value="社工服务">&nbsp;&nbsp;&nbsp;社工服务</option>

<option value="养�服�">&nbsp;&nbsp;&nbsp;养�服�</option>




<option value="教育">教育</option>

<option value="高等教育">&nbsp;&nbsp;&nbsp;高等教育</option>

<option value="基�教育">&nbsp;&nbsp;&nbsp;基�教育</option>

<option value="职业教育">&nbsp;&nbsp;&nbsp;职业教育</option>

<option value="幼儿教育">&nbsp;&nbsp;&nbsp;幼儿教育</option>

<option value="特殊教育">&nbsp;&nbsp;&nbsp;特殊教育</option>

<option value="培�">&nbsp;&nbsp;&nbsp;培�</option>




<option value="医疗服务">医疗服务</option>

<option value="临床医疗">&nbsp;&nbsp;&nbsp;临床医疗</option>

<option value="制药">&nbsp;&nbsp;&nbsp;制药</option>

<option value="保健">&nbsp;&nbsp;&nbsp;保健</option>

<option value="美�">&nbsp;&nbsp;&nbsp;美�</option>

<option value="医疗器材">&nbsp;&nbsp;&nbsp;医疗器材</option>

<option value="生物工程">&nbsp;&nbsp;&nbsp;生物工程</option>

<option value="疗养服务">&nbsp;&nbsp;&nbsp;疗养服务</option>

<option value="护理服务">&nbsp;&nbsp;&nbsp;护理服务</option>




<option value="艺术娱乐">艺术娱乐</option>

<option value="创意艺术">&nbsp;&nbsp;&nbsp;创意艺术</option>

<option value="体育健身">&nbsp;&nbsp;&nbsp;体育健身</option>

<option value="娱乐休闲">&nbsp;&nbsp;&nbsp;娱乐休闲</option>

<option value="图书�">&nbsp;&nbsp;&nbsp;图书�</option>

<option value="博物�">&nbsp;&nbsp;&nbsp;博物�</option>

<option value="策展">&nbsp;&nbsp;&nbsp;策展</option>

<option value="博彩">&nbsp;&nbsp;&nbsp;博彩</option>




<option value="制�加�">制�加�</option>

<option value="食品�料业">&nbsp;&nbsp;&nbsp;食品�料业</option>

<option value="纺织�革业">&nbsp;&nbsp;&nbsp;纺织�革业</option>

<option value="服�业">&nbsp;&nbsp;&nbsp;服�业</option>

<option value="烟草�">&nbsp;&nbsp;&nbsp;烟草�</option>

<option value="造纸�">&nbsp;&nbsp;&nbsp;造纸�</option>

<option value="印刷�">&nbsp;&nbsp;&nbsp;印刷�</option>

<option value="化工�">&nbsp;&nbsp;&nbsp;化工�</option>

<option value="汽车">&nbsp;&nbsp;&nbsp;汽车</option>

<option value="家具">&nbsp;&nbsp;&nbsp;家具</option>

<option value="电子电器">&nbsp;&nbsp;&nbsp;电子电器</option>

<option value="机���">&nbsp;&nbsp;&nbsp;机���</option>

<option value="塑料工业">&nbsp;&nbsp;&nbsp;塑料工业</option>

<option value="金属加工">&nbsp;&nbsp;&nbsp;金属加工</option>

<option value="军火">&nbsp;&nbsp;&nbsp;军火</option>




<option value="地产建筑">地产建筑</option>

<option value="房地�">&nbsp;&nbsp;&nbsp;房地�</option>

<option value="装饰装潢">&nbsp;&nbsp;&nbsp;装饰装潢</option>

<option value="物业服务">&nbsp;&nbsp;&nbsp;物业服务</option>

<option value="特殊建�">&nbsp;&nbsp;&nbsp;特殊建�</option>

<option value="建筑设�">&nbsp;&nbsp;&nbsp;建筑设�</option>




<option value="贸易零售">贸易零售</option>

<option value="零售">&nbsp;&nbsp;&nbsp;零售</option>

<option value="大宗交易">&nbsp;&nbsp;&nbsp;大宗交易</option>

<option value="进出口贸�">&nbsp;&nbsp;&nbsp;进出口贸�</option>




<option value="�共服�">�共服�</option>

<option value="政府">&nbsp;&nbsp;&nbsp;政府</option>

<option value="国防军事">&nbsp;&nbsp;&nbsp;国防军事</option>

<option value="��">&nbsp;&nbsp;&nbsp;��</option>

<option value="科研">&nbsp;&nbsp;&nbsp;科研</option>

<option value="给排�">&nbsp;&nbsp;&nbsp;给排�</option>

<option value="水利能源">&nbsp;&nbsp;&nbsp;水利能源</option>

<option value="电力电网">&nbsp;&nbsp;&nbsp;电力电网</option>

<option value="�共�理">&nbsp;&nbsp;&nbsp;�共�理</option>

<option value="�境保�">&nbsp;&nbsp;&nbsp;�境保�</option>

<option value="非营利组�">&nbsp;&nbsp;&nbsp;非营利组�</option>




<option value="�采冶�">�采冶�</option>

<option value="煤炭工业">&nbsp;&nbsp;&nbsp;煤炭工业</option>

<option value="石油工业">&nbsp;&nbsp;&nbsp;石油工业</option>

<option value="黑色金属">&nbsp;&nbsp;&nbsp;黑色金属</option>

<option value="有色金属">&nbsp;&nbsp;&nbsp;有色金属</option>

<option value="土砂石开�">&nbsp;&nbsp;&nbsp;土砂石开�</option>

<option value="地热��">&nbsp;&nbsp;&nbsp;地热��</option>




<option value="交�仓�">交�仓�</option>

<option value="��">&nbsp;&nbsp;&nbsp;��</option>

<option value="物流递�">&nbsp;&nbsp;&nbsp;物流递�</option>

<option value="地面运输">&nbsp;&nbsp;&nbsp;地面运输</option>

<option value="铁路运输">&nbsp;&nbsp;&nbsp;铁路运输</option>

<option value="管线运输">&nbsp;&nbsp;&nbsp;管线运输</option>

<option value="�运业">&nbsp;&nbsp;&nbsp;�运业</option>

<option value="民用�空业">&nbsp;&nbsp;&nbsp;民用�空业</option>




<option value="农林牧渔">农林牧渔</option>

<option value="种�业">&nbsp;&nbsp;&nbsp;种�业</option>

<option value="畜牧养殖�">&nbsp;&nbsp;&nbsp;畜牧养殖�</option>

<option value="林业">&nbsp;&nbsp;&nbsp;林业</option>

<option value="渔业">&nbsp;&nbsp;&nbsp;渔业</option>



</select>
</div>
<span class="zg-bull"></span>
<input type="radio" name="gender" value="1"  class="male"/> �&nbsp;&nbsp;
<input type="radio" name="gender" value="0"  class="female"/> �
<a class="zg-btn-blue" name="save" href="javascript:;">��</a>
</span>
</div>


<div class="item">

<a class="zm-profile-header-user-detail zg-link-litblue-normal zm-profile-icon-return" href="/people/xin-zhi-xing-zhi">
<i class="icon zm-profile-header-icon"></i>
<span>返回�人主�</span>
</a>

</div>

</div>

</div>
</div>
</div>
</div>



<div class="zm-profile-header-operation zg-clear ">
<div class="zm-profile-header-info-list">
<span class="zm-profile-header-info-title">获得</span>
<span class="zm-profile-header-user-agree"><span class="zm-profile-header-icon"></span><strong>0</strong>赞同</span>
<span class="zm-profile-header-user-thanks"><span class="zm-profile-header-icon"></span><strong>0</strong>感谢</span>

</div>

<div class="zm-profile-header-op-btns clearfix">


<button data-follow="m:button" data-id="47751156682dab9f01a00ae6f6e309d0" class="zg-btn zg-btn-follow zm-rich-follow-btn">关注</button>



<a href="/inbox/1277999300" class="zg-btn-white zm-profile-header-pm-btn" id="zm-profile-header-pm-btn"><i class="zg-icon">私信</i></a>


</div>

</div>
<div class="profile-navbar clearfix">
<a class="item home first "
href="/people/xin-zhi-xing-zhi">
<i class="icon icon-profile-tab-home"></i><span class="hide-text">主页</span>
</a>
<a class="item "
href="/people/xin-zhi-xing-zhi/asks">
提问
<span class="num">0</span>
</a>
<a class="item "
href="/people/xin-zhi-xing-zhi/answers">
回答
<span class="num">0</span>
</a>
<a class="item "
href="/people/xin-zhi-xing-zhi/posts">
文章
<span class="num">0</span>
</a>

<a class="item "
href="/people/xin-zhi-xing-zhi/collections">
收藏
<span class="num">0</span>
</a>
<a class="item "
href="/people/xin-zhi-xing-zhi/logs">
�共编�
<span class="num">0</span>
</a>

</div>

</div>


<div class="zm-profile-section-wrap">
<div class="zm-profile-section-head">
<span class="zm-profile-section-name"><a href="/people/xin-zhi-xing-zhi">心之行至</a> � 0 人关�</span>
<a class="zg-right zg-link-litblue-normal zm-profile-answer-page-return" href="/people/xin-zhi-xing-zhi">返回�人主�</a>

</div>
<div class="zm-profile-section-list">
<div id="zh-profile-follows-list">
<div class="zh-general-list clearfix" data-init="{&quot;params&quot;: {&quot;offset&quot;: 0, &quot;order_by&quot;: &quot;created&quot;, &quot;hash_id&quot;: &quot;47751156682dab9f01a00ae6f6e309d0&quot;}, &quot;nodename&quot;: &quot;ProfileFollowersListV2&quot;}">

</div>
</div>
</div>
</div>


</div>
</div>


<div class="zu-main-sidebar">

<div class="zm-profile-side-following zg-clear">
<a class="item" href="/people/xin-zhi-xing-zhi/followees">
<span class="zg-gray-normal">关注�</span><br />
<strong>4</strong><label> �</label>
</a>
<a class="item" href="/people/xin-zhi-xing-zhi/followers">
<span class="zg-gray-normal">关注�</span><br />
<strong>0</strong><label> �</label>
</a>
</div>

<div class="zm-profile-side-section">
<div class="zm-side-section-inner zg-clear">
<div class="zm-profile-side-section-title">
关注� <a href="/people/xin-zhi-xing-zhi/topics" class="zg-link-litblue"><strong>90 �话�</strong></a>
</div>
<div class="zm-profile-side-topics" id="zh-profile-following-topic">

<a class="link" data-tip="t$t$19554825" href="/topic/19554825">
<img class="Avatar Avatar--l" src="https://pic1.zhimg.com/5c5f5d55992d64aa8184b29c53e80af4_l.jpg" srcset="https://pic1.zhimg.com/5c5f5d55992d64aa8184b29c53e80af4_xl.jpg 2x" alt="职业发展" />
</a>

<a class="link" data-tip="t$t$19559424" href="/topic/19559424">
<img class="Avatar Avatar--l" src="https://pic2.zhimg.com/afa4afb3d_l.jpg" srcset="https://pic2.zhimg.com/afa4afb3d_xl.jpg 2x" alt="数据分析" />
</a>

<a class="link" data-tip="t$t$19553298" href="/topic/19553298">
<img class="Avatar Avatar--l" src="https://pic3.zhimg.com/2bd2e49d3f849155376393085edc1d9e_l.jpg" srcset="https://pic3.zhimg.com/2bd2e49d3f849155376393085edc1d9e_xl.jpg 2x" alt="�然��" />
</a>

<a class="link" data-tip="t$t$19557876" href="/topic/19557876">
<img class="Avatar Avatar--l" src="https://pic3.zhimg.com/386dc566a_l.jpg" srcset="https://pic3.zhimg.com/386dc566a_xl.jpg 2x" alt="职场" />
</a>

<a class="link" data-tip="t$t$19551003" href="/topic/19551003">
<img class="Avatar Avatar--l" src="https://pic1.zhimg.com/cc016b2b143aa0ecd91c2b2ac4fc7b0c_l.jpg" srcset="https://pic1.zhimg.com/cc016b2b143aa0ecd91c2b2ac4fc7b0c_xl.jpg 2x" alt="金融�" />
</a>

<a class="link" data-tip="t$t$19551762" href="/topic/19551762">
<img class="Avatar Avatar--l" src="https://pic3.zhimg.com/39420a7da_l.jpg" srcset="https://pic3.zhimg.com/39420a7da_xl.jpg 2x" alt="苹果�� (Apple Inc.)" />
</a>

<a class="link" data-tip="t$t$19557593" href="/topic/19557593">
<img class="Avatar Avatar--l" src="https://pic3.zhimg.com/d07c8a546_l.jpg" srcset="https://pic3.zhimg.com/d07c8a546_xl.jpg 2x" alt="互联网创�" />
</a>

</div>
</div>
</div>

<div class="zm-profile-side-section">
<div class="zm-side-section-inner">
<ul id="profile-side-op" class="profile-side-op">

<li><a href="javascript:void(0);" name="report" class="zg-link-gray-normal">举报用户</a></li>



<li><a href="javascript:void(0);" name="block" class="zg-link-gray-normal">屏蔽用户</a></li>


</ul>
</div>
</div>

<div class="zm-profile-side-section">
<div class="zm-side-section-inner">
<span class="zg-gray-normal">�人主页� <strong>1</strong> 人浏�</span>
</div>
</div>

<script type="text/json" class="json-inline" data-name="current_people">["\u5fc3\u4e4b\u884c\u81f3","xin-zhi-xing-zhi","https:\/\/pic1.zhimg.com\/da8e974dc_s.jpg","47751156682dab9f01a00ae6f6e309d0"]</script>
<div id="zh-footer" class="zh-footer">
<div class="content zg-wrap clearfix">
<ul>

<li><a href="https://liukanshan.zhihu.com" target="_blank">刘看�</a></li>

<li><a href="/question/19581624" target="_blank">知乎指南</a></li>
<li><a href="javascript:;" id="js-feedback-button">建�反�</a></li>

<li><a href="/app" target="_blank">移动应用</a></li>
<li><a href="/careers">加入知乎</a></li>
<li><a href="/terms" target="_blank">知乎协�</a></li>
<li><a href="/contact">联系我们</a></li>

</ul>

<span class="copy">&copy; 2016 知乎</span>

</div>
</div>


</div>


</div>



<script type="text/json" class="json-inline" data-name="guiders2">{"exclusive-popover":{},"section":{},"editor":[]}</script>
<script type="text/json" class="json-inline" data-name="current_user">["alex liu","alex-liu-90-89","https:\/\/pic1.zhimg.com\/da8e974dc_s.jpg","23a3f9208f774c3604303b4f5cfa5593","",0,0,true,"fly8421@outlook.com","http:\/\/login.live.com",0,false,false,false,"31251545194496",false]</script>
<script type="text/json" class="json-inline" data-name="user_status">[null,null]</script>
<script type="text/json" class="json-inline" data-name="env">["zhihu.com","comet.zhihu.com",false,null,false]</script>
<script type="text/json" class="json-inline" data-name="permissions">[]</script>


<script type="text/json" class="json-inline" data-name="ga_vars">{"user_created":1373859581000,"now":1468422158000,"abtest_mask":"---------1--------------------","user_attr":[1,0,0,"-",1],"user_hash":"23a3f9208f774c3604303b4f5cfa5593"}</script>

<script type="text/json" class="json-inline" data-name="ra-urls">{"Report":"https:\/\/static.zhihu.com\/static\/revved\/-\/apps\/Report.de4e9d17.js","Community":"https:\/\/static.zhihu.com\/static\/revved\/-\/apps\/Community.4e11c449.js","OrgAnalytics":"https:\/\/static.zhihu.com\/static\/revved\/-\/apps\/OrgAnalytics.47e1a483.js","common":"https:\/\/static.zhihu.com\/static\/revved\/-\/apps\/common.ed1d17c3.js","CommentApp":"https:\/\/static.zhihu.com\/static\/revved\/-\/apps\/CommentApp.2ab02258.js"}</script>

<script src="https://static.zhihu.com/static/revved/-/js/vendor.ff76fbae.js"></script>
<script src="https://static.zhihu.com/static/revved/-/js/closure/base.16f00cdc.js"></script>

<script src="https://static.zhihu.com/static/revved/-/js/closure/common.da58cddd.js"></script>


<script src="https://static.zhihu.com/static/revved/-/js/closure/richtexteditor.2366981a.js" async></script>
<script src="https://static.zhihu.com/static/revved/-/js/closure/page-profile.cefc86c5.js"></script>
<meta name="entry" content="ZH.entryProfile" data-module-id="page-profile">

<script type="text/zscript" znonce="318b4ebc7a5e42a583e595784bea01c4"></script>

<input type="hidden" name="_xsrf" value="e554d006e527eb151cf238216037498e"/>
</body>
</html>
status code:200
�������:liu-jian-jian-55
�������:yu-qian-wen-2
�������:yan-lu-53-63
�Ѿ�ץȡ:9����ץȡ--->fuyu-xu
url-->https://www.zhihu.com/people/fuyu-xu/followers
status code:200
ץȡ����
now here is the page of -------------> fuyu-xu
---------------------------------------------->
-----------------------------------------fuyu-xu
<!DOCTYPE html>
<html lang="zh-CN" dropEffect="none" class="no-js ">
<head>
<meta charset="utf-8" />

<meta http-equiv="X-UA-Compatible" content="IE=edge,chrome=1" />
<meta name="renderer" content="webkit" />
<meta http-equiv="X-ZA-Response-Id" content="ecceff4b49de47caa2e7f4d0c38ce638">

<title>FU雨吁 的关注� - 知乎</title>

<meta name="apple-itunes-app" content="app-id=432274380, app-argument=zhihu://people/fuyu-xu">


<meta name="viewport" content="width=device-width, initial-scale=1, maximum-scale=1"/>
<meta http-equiv="mobile-agent" content="format=html5;url=https://www.zhihu.com/people/fuyu-xu/followers">
<meta id="znonce" name="znonce" content="e55f97f8261647de8c2a0c4038ed6d8e">



<link rel="apple-touch-icon" href="https://static.zhihu.com/static/revved/img/ios/touch-icon-152.87c020b9.png" sizes="152x152">
<link rel="apple-touch-icon" href="https://static.zhihu.com/static/revved/img/ios/touch-icon-120.496c913b.png" sizes="120x120">
<link rel="apple-touch-icon" href="https://static.zhihu.com/static/revved/img/ios/touch-icon-76.dcf79352.png" sizes="76x76">
<link rel="apple-touch-icon" href="https://static.zhihu.com/static/revved/img/ios/touch-icon-60.9911cffb.png" sizes="60x60">


<link rel="shortcut icon" href="https://static.zhihu.com/static/favicon.ico" type="image/x-icon">

<link rel="search" type="application/opensearchdescription+xml" href="https://static.zhihu.com/static/search.xml" title="知乎" />
<link rel="stylesheet" href="https://static.zhihu.com/static/revved/-/css/z.f27e53b2.css">
<link rel="stylesheet" href="https://static.zhihu.com/static/revved/-/css/pages/profile/main.9f9b4fe5.css">




<!--[if lt IE 9]>
<script src="https://static.zhihu.com/static/components/respond/dest/respond.min.js"></script>
<link href="https://static.zhihu.com/static/components/respond/cross-domain/respond-proxy.html" id="respond-proxy" rel="respond-proxy" />
<link href="/static/components/respond/cross-domain/respond.proxy.gif" id="respond-redirect" rel="respond-redirect" />
<script src="/static/components/respond/cross-domain/respond.proxy.js"></script>
<![endif]-->
<script src="https://static.zhihu.com/static/revved/-/js/instant.e7a17de6.js"></script>

<style>
.zm-side-section + .zm-side-section {
margin: 20px 0 0 0;
}
.zm-profile-section-list .zm-item-answer-author-info .zm-item-link-avatar {
display: none;
}
</style>

</head>

<body class="zhi ">



<div role="navigation" class="zu-top">
<div class="zg-wrap modal-shifting clearfix" id="zh-top-inner">
<a href="/" class="zu-top-link-logo" id="zh-top-link-logo" data-za-c="view_home" data-za-a="visit_home" data-za-l="top_navigation_zhihu_logo">知乎</a>

<div class="top-nav-profile">
<a href="/people/alex-liu-90-89" class="zu-top-nav-userinfo ">
<span class="name">alex liu</span>
<img class="Avatar" src="https://pic1.zhimg.com/da8e974dc_s.jpg" srcset="https://pic1.zhimg.com/da8e974dc_xs.jpg 2x" alt="alex liu" />
<span id="zh-top-nav-new-pm" class="zg-noti-number zu-top-nav-pm-count"
style="visibility:hidden" data-count="0">

</span>
</a>
<ul class="top-nav-dropdown" id="top-nav-profile-dropdown">
<li>
<a href="/people/alex-liu-90-89">
<i class="zg-icon zg-icon-dd-home"></i>我的主页
</a>
</li>

<li>
<a href="/inbox">
<i class="zg-icon zg-icon-dd-pm"></i>私信
<span id="zh-top-nav-pm-count" class="zu-top-nav-pm-count zg-noti-number"
style="visibility:hidden" data-count="0">

</span>
</a>
</li>
<li>
<a href="/settings">
<i class="zg-icon zg-icon-dd-settings"></i>设置
</a>
</li>
<li>
<a href="/logout">
<i class="zg-icon zg-icon-dd-logout"></i>��
</a>
</li>
</ul>

</div>



<button class="zu-top-add-question" id="zu-top-add-question">提问</button>


<div role="search" id="zh-top-search" class="zu-top-search">
<form method="GET" action="/search" id="zh-top-search-form" class="zu-top-search-form">



<input type="hidden" name="type" value="content">
<label for="q" class="hide-text">知乎搜索</label><input type="text" class="zu-top-search-input" id="q" name="q" autocomplete="off" value="" placeholder="搜索你感兴趣的内�...">
<button type="submit" class="zu-top-search-button"><span class="hide-text">搜索</span><span class="sprite-global-icon-magnifier-dark"></span></button>
</form>
</div>



<div id="zg-top-nav" class="zu-top-nav">
<ul class="zu-top-nav-ul zg-clear">

<li class="zu-top-nav-li " id="zh-top-nav-home">
<a class="zu-top-nav-link" href="/" id="zh-top-link-home" data-za-c="view_home" data-za-a="visit_home" data-za-l="top_navigation_home">首页</a>
</li>



<li class="top-nav-topic-selector zu-top-nav-li " id="zh-top-nav-topic">
<a class="zu-top-nav-link" href="/topic" id="top-nav-dd-topic">话�</a>
</li>

<li class="zu-top-nav-li " id="zh-top-nav-explore">
<a class="zu-top-nav-link" href="/explore">发现</a>
</li>

<li class="top-nav-noti zu-top-nav-li ">
<a class="zu-top-nav-link" href="javascript:;" id="zh-top-nav-count-wrap" role="button"><span class="mobi-arrow"></span>消息</a>
</li>



</ul>
<div class="zu-top-nav-live zu-noti7-popup zg-r5px no-hovercard" id="zh-top-nav-live-new" role="popup" tabindex="0">
<div class="zu-top-nav-live-inner zg-r5px">
<div class="zu-top-live-icon">&nbsp;</div>
<div class="zu-home-noti-inner" id="zh-top-nav-live-new-inner">
<div class="zm-noti7-popup-tab-container clearfix" tabindex="0">
<button class="zm-noti7-popup-tab-item message">
<span class="icon">消息</span>
</button>
<button class="zm-noti7-popup-tab-item user">
<span class="icon">用户</span>
</button>
<button class="zm-noti7-popup-tab-item thanks">
<span class="icon">赞同和感�</span>
</button>
</div>
</div>
<div class="zm-noti7-frame-border top"></div>
<div class="zm-noti7-frame">
<div class="zm-noti7-content message">
<div class="zm-noti7-content-inner">
<div class="zm-noti7-content-body">
<div class="zm-noti7-popup-loading">
<span class="noti-spinner-loading"></span>
</div>
</div>
</div>
</div>
<div class="zm-noti7-content user" style="display:none;">
<div class="zm-noti7-content-inner">
<div class="zm-noti7-content-body">
<div class="zm-noti7-popup-loading">
<span class="noti-spinner-loading"></span>
</div>
</div>
</div>
</div>
<div class="zm-noti7-content thanks" style="display:none;">
<div class="zm-noti7-content-inner">
<div class="zm-noti7-content-body">
<div class="zm-noti7-popup-loading">
<span class="noti-spinner-loading"></span>
</div>
</div>
</div>
</div>
</div>
<div class="zm-noti7-frame-border bottom"></div>
<div class="zm-noti7-popup-footer">
<a href="/notifications" class="zm-noti7-popup-footer-all zg-right">查看全部 &raquo;</a>
<a href="/settings/notification" class="zm-noti7-popup-footer-set" title="通知设置" ><i class="zg-icon zg-icon-settings"></i></a>
</div>
</div>
</div>

</div>

</div>
</div>


<div class="zu-global-notify" id="zh-global-message" style="display:none">
<div class="zg-wrap">
<div class="zu-global-nitify-inner">
<a class="zu-global-notify-close" href="javascript:;" title="关闭" name="close">x</a>
<span class="zu-global-notify-icon"></span>
<span class="zu-global-notify-msg"></span>
</div>
</div>
</div>




<div class="zg-wrap zu-main clearfix "  role="main">
<div class="zu-main-content">
<div class="zu-main-content-inner">






<div class="zm-profile-header ProfileCard">
<div class="zm-profile-header-main">
<div class="top">

<div class='weibo-wrap'>

<a class="zm-profile-header-user-weibo" target="_blank" href="http://weibo.com/u/5307366565" data-tip="s$b$新浪��"><i class="zm-profile-header-icon sina"></i></a>

</div>

<div class="title-section ellipsis">
<a class="name" href="/people/fuyu-xu">FU雨吁</a>�<span class="bio" title="满地的六便士，他却抬头看到了月亮">满地的六便士，他却抬头看到了月亮</span>
</div>
</div>
<div class="body clearfix">

<img class="Avatar Avatar--l" src="https://pic3.zhimg.com/9a9fd0a8ceb21c009e1ec47246cf6ede_l.jpg" srcset="https://pic3.zhimg.com/9a9fd0a8ceb21c009e1ec47246cf6ede_xl.jpg 2x" alt="FU雨吁" />

<div class="zm-profile-header-info">
<div class="zm-profile-header-user-describe">
<div class="items">

<div class="item editable-group" data-name="location">

<span class="info-wrap">



<span class="item gender" ><i class="icon icon-profile-male"></i></span>


</span>
<span class="edit-wrap" style="display:none;">
<span class="topic-input-wrap"><input autocomplete="off" aria-haspopup="true" type="text" name="location" value="" class="zg-form-text-input location" placeholder="居住�"/></span>
<div class="business-selection">
<select name="business">
<option value="">选择行业</option>


<option value="高新科技">高新科技</option>

<option value="互联�">&nbsp;&nbsp;&nbsp;互联�</option>

<option value="电子商务">&nbsp;&nbsp;&nbsp;电子商务</option>

<option value="电子游戏">&nbsp;&nbsp;&nbsp;电子游戏</option>

<option value="计算机软�">&nbsp;&nbsp;&nbsp;计算机软�</option>

<option value="计算机硬�">&nbsp;&nbsp;&nbsp;计算机硬�</option>




<option value="信息传媒">信息传媒</option>

<option value="出版�">&nbsp;&nbsp;&nbsp;出版�</option>

<option value="电影录音">&nbsp;&nbsp;&nbsp;电影录音</option>

<option value="广播电�">&nbsp;&nbsp;&nbsp;广播电�</option>

<option value="通信">&nbsp;&nbsp;&nbsp;通信</option>




<option value="金融">金融</option>

<option value="银�">&nbsp;&nbsp;&nbsp;银�</option>

<option value="资本投资">&nbsp;&nbsp;&nbsp;资本投资</option>

<option value="证券投资">&nbsp;&nbsp;&nbsp;证券投资</option>

<option value="保险">&nbsp;&nbsp;&nbsp;保险</option>

<option value="信贷">&nbsp;&nbsp;&nbsp;信贷</option>

<option value="财务">&nbsp;&nbsp;&nbsp;财务</option>

<option value="审�">&nbsp;&nbsp;&nbsp;审�</option>




<option value="服务�">服务�</option>

<option value="法律">&nbsp;&nbsp;&nbsp;法律</option>

<option value="餐饮">&nbsp;&nbsp;&nbsp;餐饮</option>

<option value="酒店">&nbsp;&nbsp;&nbsp;酒店</option>

<option value="旅游">&nbsp;&nbsp;&nbsp;旅游</option>

<option value="广告">&nbsp;&nbsp;&nbsp;广告</option>

<option value="��">&nbsp;&nbsp;&nbsp;��</option>

<option value="��">&nbsp;&nbsp;&nbsp;��</option>

<option value="咨�分�">&nbsp;&nbsp;&nbsp;咨�分�</option>

<option value="市场推广">&nbsp;&nbsp;&nbsp;市场推广</option>

<option value="人力资源">&nbsp;&nbsp;&nbsp;人力资源</option>

<option value="社工服务">&nbsp;&nbsp;&nbsp;社工服务</option>

<option value="养�服�">&nbsp;&nbsp;&nbsp;养�服�</option>




<option value="教育">教育</option>

<option value="高等教育">&nbsp;&nbsp;&nbsp;高等教育</option>

<option value="基�教育">&nbsp;&nbsp;&nbsp;基�教育</option>

<option value="职业教育">&nbsp;&nbsp;&nbsp;职业教育</option>

<option value="幼儿教育">&nbsp;&nbsp;&nbsp;幼儿教育</option>

<option value="特殊教育">&nbsp;&nbsp;&nbsp;特殊教育</option>

<option value="培�">&nbsp;&nbsp;&nbsp;培�</option>




<option value="医疗服务">医疗服务</option>

<option value="临床医疗">&nbsp;&nbsp;&nbsp;临床医疗</option>

<option value="制药">&nbsp;&nbsp;&nbsp;制药</option>

<option value="保健">&nbsp;&nbsp;&nbsp;保健</option>

<option value="美�">&nbsp;&nbsp;&nbsp;美�</option>

<option value="医疗器材">&nbsp;&nbsp;&nbsp;医疗器材</option>

<option value="生物工程">&nbsp;&nbsp;&nbsp;生物工程</option>

<option value="疗养服务">&nbsp;&nbsp;&nbsp;疗养服务</option>

<option value="护理服务">&nbsp;&nbsp;&nbsp;护理服务</option>




<option value="艺术娱乐">艺术娱乐</option>

<option value="创意艺术">&nbsp;&nbsp;&nbsp;创意艺术</option>

<option value="体育健身">&nbsp;&nbsp;&nbsp;体育健身</option>

<option value="娱乐休闲">&nbsp;&nbsp;&nbsp;娱乐休闲</option>

<option value="图书�">&nbsp;&nbsp;&nbsp;图书�</option>

<option value="博物�">&nbsp;&nbsp;&nbsp;博物�</option>

<option value="策展">&nbsp;&nbsp;&nbsp;策展</option>

<option value="博彩">&nbsp;&nbsp;&nbsp;博彩</option>




<option value="制�加�">制�加�</option>

<option value="食品�料业">&nbsp;&nbsp;&nbsp;食品�料业</option>

<option value="纺织�革业">&nbsp;&nbsp;&nbsp;纺织�革业</option>

<option value="服�业">&nbsp;&nbsp;&nbsp;服�业</option>

<option value="烟草�">&nbsp;&nbsp;&nbsp;烟草�</option>

<option value="造纸�">&nbsp;&nbsp;&nbsp;造纸�</option>

<option value="印刷�">&nbsp;&nbsp;&nbsp;印刷�</option>

<option value="化工�">&nbsp;&nbsp;&nbsp;化工�</option>

<option value="汽车">&nbsp;&nbsp;&nbsp;汽车</option>

<option value="家具">&nbsp;&nbsp;&nbsp;家具</option>

<option value="电子电器">&nbsp;&nbsp;&nbsp;电子电器</option>

<option value="机���">&nbsp;&nbsp;&nbsp;机���</option>

<option value="塑料工业">&nbsp;&nbsp;&nbsp;塑料工业</option>

<option value="金属加工">&nbsp;&nbsp;&nbsp;金属加工</option>

<option value="军火">&nbsp;&nbsp;&nbsp;军火</option>




<option value="地产建筑">地产建筑</option>

<option value="房地�">&nbsp;&nbsp;&nbsp;房地�</option>

<option value="装饰装潢">&nbsp;&nbsp;&nbsp;装饰装潢</option>

<option value="物业服务">&nbsp;&nbsp;&nbsp;物业服务</option>

<option value="特殊建�">&nbsp;&nbsp;&nbsp;特殊建�</option>

<option value="建筑设�">&nbsp;&nbsp;&nbsp;建筑设�</option>




<option value="贸易零售">贸易零售</option>

<option value="零售">&nbsp;&nbsp;&nbsp;零售</option>

<option value="大宗交易">&nbsp;&nbsp;&nbsp;大宗交易</option>

<option value="进出口贸�">&nbsp;&nbsp;&nbsp;进出口贸�</option>




<option value="�共服�">�共服�</option>

<option value="政府">&nbsp;&nbsp;&nbsp;政府</option>

<option value="国防军事">&nbsp;&nbsp;&nbsp;国防军事</option>

<option value="��">&nbsp;&nbsp;&nbsp;��</option>

<option value="科研">&nbsp;&nbsp;&nbsp;科研</option>

<option value="给排�">&nbsp;&nbsp;&nbsp;给排�</option>

<option value="水利能源">&nbsp;&nbsp;&nbsp;水利能源</option>

<option value="电力电网">&nbsp;&nbsp;&nbsp;电力电网</option>

<option value="�共�理">&nbsp;&nbsp;&nbsp;�共�理</option>

<option value="�境保�">&nbsp;&nbsp;&nbsp;�境保�</option>

<option value="非营利组�">&nbsp;&nbsp;&nbsp;非营利组�</option>




<option value="�采冶�">�采冶�</option>

<option value="煤炭工业">&nbsp;&nbsp;&nbsp;煤炭工业</option>

<option value="石油工业">&nbsp;&nbsp;&nbsp;石油工业</option>

<option value="黑色金属">&nbsp;&nbsp;&nbsp;黑色金属</option>

<option value="有色金属">&nbsp;&nbsp;&nbsp;有色金属</option>

<option value="土砂石开�">&nbsp;&nbsp;&nbsp;土砂石开�</option>

<option value="地热��">&nbsp;&nbsp;&nbsp;地热��</option>




<option value="交�仓�">交�仓�</option>

<option value="��">&nbsp;&nbsp;&nbsp;��</option>

<option value="物流递�">&nbsp;&nbsp;&nbsp;物流递�</option>

<option value="地面运输">&nbsp;&nbsp;&nbsp;地面运输</option>

<option value="铁路运输">&nbsp;&nbsp;&nbsp;铁路运输</option>

<option value="管线运输">&nbsp;&nbsp;&nbsp;管线运输</option>

<option value="�运业">&nbsp;&nbsp;&nbsp;�运业</option>

<option value="民用�空业">&nbsp;&nbsp;&nbsp;民用�空业</option>




<option value="农林牧渔">农林牧渔</option>

<option value="种�业">&nbsp;&nbsp;&nbsp;种�业</option>

<option value="畜牧养殖�">&nbsp;&nbsp;&nbsp;畜牧养殖�</option>

<option value="林业">&nbsp;&nbsp;&nbsp;林业</option>

<option value="渔业">&nbsp;&nbsp;&nbsp;渔业</option>



</select>
</div>
<span class="zg-bull"></span>
<input type="radio" name="gender" value="1" checked="checked" class="male"/> �&nbsp;&nbsp;
<input type="radio" name="gender" value="0"  class="female"/> �
<a class="zg-btn-blue" name="save" href="javascript:;">��</a>
</span>
</div>


<div class="item">

<a class="zm-profile-header-user-detail zg-link-litblue-normal zm-profile-icon-return" href="/people/fuyu-xu">
<i class="icon zm-profile-header-icon"></i>
<span>返回�人主�</span>
</a>

</div>

</div>

</div>
</div>
</div>
</div>



<div class="zm-profile-header-operation zg-clear ">
<div class="zm-profile-header-info-list">
<span class="zm-profile-header-info-title">获得</span>
<span class="zm-profile-header-user-agree"><span class="zm-profile-header-icon"></span><strong>8</strong>赞同</span>
<span class="zm-profile-header-user-thanks"><span class="zm-profile-header-icon"></span><strong>2</strong>感谢</span>

</div>

<div class="zm-profile-header-op-btns clearfix">


<button data-follow="m:button" data-id="2da86bcb95653daaa1c878a816e5737b" class="zg-btn zg-btn-follow zm-rich-follow-btn">关注�</button>



<a href="/inbox/2056566900" class="zg-btn-white zm-profile-header-pm-btn" id="zm-profile-header-pm-btn"><i class="zg-icon">私信</i></a>


</div>

</div>
<div class="profile-navbar clearfix">
<a class="item home first "
href="/people/fuyu-xu">
<i class="icon icon-profile-tab-home"></i><span class="hide-text">主页</span>
</a>
<a class="item "
href="/people/fuyu-xu/asks">
提问
<span class="num">0</span>
</a>
<a class="item "
href="/people/fuyu-xu/answers">
回答
<span class="num">1</span>
</a>
<a class="item "
href="/people/fuyu-xu/posts">
文章
<span class="num">0</span>
</a>

<a class="item "
href="/people/fuyu-xu/collections">
收藏
<span class="num">8</span>
</a>
<a class="item "
href="/people/fuyu-xu/logs">
�共编�
<span class="num">5</span>
</a>

</div>

</div>


<div class="zm-profile-section-wrap">
<div class="zm-profile-section-head">
<span class="zm-profile-section-name"><a href="/people/fuyu-xu">FU雨吁</a> � 1 人关�</span>
<a class="zg-right zg-link-litblue-normal zm-profile-answer-page-return" href="/people/fuyu-xu">返回�人主�</a>

</div>
<div class="zm-profile-section-list">
<div id="zh-profile-follows-list">
<div class="zh-general-list clearfix" data-init="{&quot;params&quot;: {&quot;offset&quot;: 0, &quot;order_by&quot;: &quot;created&quot;, &quot;hash_id&quot;: &quot;2da86bcb95653daaa1c878a816e5737b&quot;}, &quot;nodename&quot;: &quot;ProfileFollowersListV2&quot;}">

<div class="zm-profile-card zm-profile-section-item zg-clear no-hovercard">
<div class="zg-right">
<button data-follow="m:button" data-id="4089eebf1bb1c8e549b287ade0c220be" class="zg-btn zg-btn-follow zm-rich-follow-btn small nth-0">关注�</button>
</div>
<a title="�吃谌��"
data-tip="p$t$che-chi-chen-zhao-lu"
class="zm-item-link-avatar"
href="/people/che-chi-chen-zhao-lu">
<img src="https://pic3.zhimg.com/43c1c46299ed8fd05a6e1e4e14f6bca6_m.jpg" class="zm-item-img-avatar">
</a>
<div class="zm-list-content-medium">
<h2 class="zm-list-content-title"><a data-tip="p$t$che-chi-chen-zhao-lu" href="https://www.zhihu.com/people/che-chi-chen-zhao-lu" class="zg-link" title="�吃谌��"
>�吃谌��</a></h2>

<div class="zg-big-gray"></div>
<div class="details zg-gray">
<a target="_blank" href="/people/che-chi-chen-zhao-lu/followers" class="zg-link-gray-normal">14 关注�</a>
/
<a target="_blank" href="/people/che-chi-chen-zhao-lu/asks" class="zg-link-gray-normal">0 提问</a>
/
<a target="_blank" href="/people/che-chi-chen-zhao-lu/answers" class="zg-link-gray-normal">0 回答</a>
/
<a target="_blank" href="/people/che-chi-chen-zhao-lu" class="zg-link-gray-normal">0 赞同</a>
</div>

</div>
</div>

</div>
<a href="javascript:;" id="zh-load-more" data-method="next" class="zg-btn-white zg-r3px zu-button-more" style="display:none">更�</a>
</div>
</div>
</div>


</div>
</div>


<div class="zu-main-sidebar">

<div class="zm-profile-side-following zg-clear">
<a class="item" href="/people/fuyu-xu/followees">
<span class="zg-gray-normal">关注�</span><br />
<strong>122</strong><label> �</label>
</a>
<a class="item" href="/people/fuyu-xu/followers">
<span class="zg-gray-normal">关注�</span><br />
<strong>1</strong><label> �</label>
</a>
</div>
<div class="zm-profile-side-section">
<div class="zm-side-section-inner zg-clear">
<div class="zm-profile-side-section-title">
关注� <a href="/people/fuyu-xu/columns/followed" class="zg-link-litblue"><strong>36 �专栏</strong></a>
</div>
<div class="zm-profile-side-columns">

<a href="http://zhuanlan.zhihu.com/c_32610885" data-tip="c$t$c_32610885" class="link" target="_blank">
<img class="Avatar Avatar--is" src="https://pic3.zhimg.com/f988f2a9dd42d0020b12a55424959fa2_l.jpeg" srcset="https://pic3.zhimg.com/f988f2a9dd42d0020b12a55424959fa2_l.jpeg 2x" alt="堆糖美好生活研究�" />
</a>

<a href="http://zhuanlan.zhihu.com/uavsdaily" data-tip="c$t$uavsdaily" class="link" target="_blank">
<img class="Avatar Avatar--is" src="https://pic4.zhimg.com/a821667badf6ad97ddea73f9c670ff4f_l.jpeg" srcset="https://pic4.zhimg.com/a821667badf6ad97ddea73f9c670ff4f_l.jpeg 2x" alt="无人机日�" />
</a>

<a href="http://zhuanlan.zhihu.com/MSFaith" data-tip="c$t$MSFaith" class="link" target="_blank">
<img class="Avatar Avatar--is" src="https://pic2.zhimg.com/a8d1a5c8f3e67b01d2d5c530856b2d95_l.jpeg" srcset="https://pic2.zhimg.com/a8d1a5c8f3e67b01d2d5c530856b2d95_l.jpeg 2x" alt="��信仰��" />
</a>

<a href="http://zhuanlan.zhihu.com/WebNotes" data-tip="c$t$WebNotes" class="link" target="_blank">
<img class="Avatar Avatar--is" src="https://pic1.zhimg.com/53d2d98a0_l.jpg" srcset="https://pic1.zhimg.com/53d2d98a0_l.jpg 2x" alt="小道消息" />
</a>

<a href="http://zhuanlan.zhihu.com/PictureWriter" data-tip="c$t$PictureWriter" class="link" target="_blank">
<img class="Avatar Avatar--is" src="https://pic2.zhimg.com/0c192adfa983a4f875007ca780143c11_l.jpg" srcset="https://pic2.zhimg.com/0c192adfa983a4f875007ca780143c11_l.jpg 2x" alt="论戏书影" />
</a>

<a href="http://zhuanlan.zhihu.com/marila" data-tip="c$t$marila" class="link" target="_blank">
<img class="Avatar Avatar--is" src="https://pic1.zhimg.com/f43cb5c68_l.jpg" srcset="https://pic1.zhimg.com/f43cb5c68_l.jpg 2x" alt="�锐拉的池�" />
</a>

<a href="http://zhuanlan.zhihu.com/qiyanxinshe" data-tip="c$t$qiyanxinshe" class="link" target="_blank">
<img class="Avatar Avatar--is" src="https://pic1.zhimg.com/8c2c7d7fc218e9c8697874a8a4f97fb8_l.jpeg" srcset="https://pic1.zhimg.com/8c2c7d7fc218e9c8697874a8a4f97fb8_l.jpeg 2x" alt="器研新舍" />
</a>

</div>
</div>
</div>
<div class="zm-profile-side-section">
<div class="zm-side-section-inner zg-clear">
<div class="zm-profile-side-section-title">
关注� <a href="/people/fuyu-xu/topics" class="zg-link-litblue"><strong>49 �话�</strong></a>
</div>
<div class="zm-profile-side-topics" id="zh-profile-following-topic">

<a class="link" data-tip="t$t$19550434" href="/topic/19550434">
<img class="Avatar Avatar--l" src="https://pic2.zhimg.com/eab85c3ad_l.jpg" srcset="https://pic2.zhimg.com/eab85c3ad_xl.jpg 2x" alt="艺术" />
</a>

<a class="link" data-tip="t$t$19554732" href="/topic/19554732">
<img class="Avatar Avatar--l" src="https://pic1.zhimg.com/12b25b708_l.jpg" srcset="https://pic1.zhimg.com/12b25b708_xl.jpg 2x" alt="民谣" />
</a>

<a class="link" data-tip="t$t$20010094" href="/topic/20010094">
<img class="Avatar Avatar--l" src="https://pic1.zhimg.com/0d333a67a60182817ab5f0f276baad2c_l.png" srcset="https://pic1.zhimg.com/0d333a67a60182817ab5f0f276baad2c_xl.png 2x" alt="黑�技" />
</a>

<a class="link" data-tip="t$t$19554074" href="/topic/19554074">
<img class="Avatar Avatar--l" src="https://pic3.zhimg.com/14321eff6_l.jpg" srcset="https://pic3.zhimg.com/14321eff6_xl.jpg 2x" alt="价��" />
</a>

<a class="link" data-tip="t$t$19569420" href="/topic/19569420">
<img class="Avatar Avatar--l" src="https://pic1.zhimg.com/8eff69244_l.jpg" srcset="https://pic1.zhimg.com/8eff69244_xl.jpg 2x" alt="冷知�" />
</a>

<a class="link" data-tip="t$t$19559083" href="/topic/19559083">
<img class="Avatar Avatar--l" src="https://pic4.zhimg.com/86c5020bf_l.jpg" srcset="https://pic4.zhimg.com/86c5020bf_xl.jpg 2x" alt="CAD" />
</a>

<a class="link" data-tip="t$t$19603917" href="/topic/19603917">
<img class="Avatar Avatar--l" src="https://pic1.zhimg.com/e82bab09c_l.jpg" srcset="https://pic1.zhimg.com/e82bab09c_xl.jpg 2x" alt="实用主义（Pragmatism�" />
</a>

</div>
</div>
</div>

<div class="zm-profile-side-section">
<div class="zm-side-section-inner">
<ul id="profile-side-op" class="profile-side-op">

<li><a href="javascript:void(0);" name="report" class="zg-link-gray-normal">举报用户</a></li>



<li><a href="javascript:void(0);" name="block" class="zg-link-gray-normal">屏蔽用户</a></li>


</ul>
</div>
</div>

<div class="zm-profile-side-section">
<div class="zm-side-section-inner">
<span class="zg-gray-normal">�人主页� <strong>86</strong> 人浏�</span>
</div>
</div>

<script type="text/json" class="json-inline" data-name="current_people">["FU\u96e8\u5401","fuyu-xu","https:\/\/pic3.zhimg.com\/9a9fd0a8ceb21c009e1ec47246cf6ede_s.jpg","2da86bcb95653daaa1c878a816e5737b"]</script>
<div id="zh-footer" class="zh-footer">
<div class="content zg-wrap clearfix">
<ul>

<li><a href="https://liukanshan.zhihu.com" target="_blank">刘看�</a></li>

<li><a href="/question/19581624" target="_blank">知乎指南</a></li>
<li><a href="javascript:;" id="js-feedback-button">建�反�</a></li>

<li><a href="/app" target="_blank">移动应用</a></li>
<li><a href="/careers">加入知乎</a></li>
<li><a href="/terms" target="_blank">知乎协�</a></li>
<li><a href="/contact">联系我们</a></li>

</ul>

<span class="copy">&copy; 2016 知乎</span>

</div>
</div>


</div>


</div>



<script type="text/json" class="json-inline" data-name="guiders2">{"exclusive-popover":{},"section":{},"editor":[]}</script>
<script type="text/json" class="json-inline" data-name="current_user">["alex liu","alex-liu-90-89","https:\/\/pic1.zhimg.com\/da8e974dc_s.jpg","23a3f9208f774c3604303b4f5cfa5593","",0,0,true,"fly8421@outlook.com","http:\/\/login.live.com",0,false,false,false,"31251545194496",false]</script>
<script type="text/json" class="json-inline" data-name="user_status">[null,null]</script>
<script type="text/json" class="json-inline" data-name="env">["zhihu.com","comet.zhihu.com",false,null,false]</script>
<script type="text/json" class="json-inline" data-name="permissions">[]</script>


<script type="text/json" class="json-inline" data-name="ga_vars">{"user_created":1373859581000,"now":1468422160000,"abtest_mask":"---------1--------------------","user_attr":[1,0,0,"-",1],"user_hash":"23a3f9208f774c3604303b4f5cfa5593"}</script>

<script type="text/json" class="json-inline" data-name="ra-urls">{"Report":"https:\/\/static.zhihu.com\/static\/revved\/-\/apps\/Report.de4e9d17.js","Community":"https:\/\/static.zhihu.com\/static\/revved\/-\/apps\/Community.4e11c449.js","OrgAnalytics":"https:\/\/static.zhihu.com\/static\/revved\/-\/apps\/OrgAnalytics.47e1a483.js","common":"https:\/\/static.zhihu.com\/static\/revved\/-\/apps\/common.ed1d17c3.js","CommentApp":"https:\/\/static.zhihu.com\/static\/revved\/-\/apps\/CommentApp.2ab02258.js"}</script>

<script src="https://static.zhihu.com/static/revved/-/js/vendor.ff76fbae.js"></script>
<script src="https://static.zhihu.com/static/revved/-/js/closure/base.16f00cdc.js"></script>

<script src="https://static.zhihu.com/static/revved/-/js/closure/common.da58cddd.js"></script>


<script src="https://static.zhihu.com/static/revved/-/js/closure/richtexteditor.2366981a.js" async></script>
<script src="https://static.zhihu.com/static/revved/-/js/closure/page-profile.cefc86c5.js"></script>
<meta name="entry" content="ZH.entryProfile" data-module-id="page-profile">

<script type="text/zscript" znonce="e55f97f8261647de8c2a0c4038ed6d8e"></script>

<input type="hidden" name="_xsrf" value="e554d006e527eb151cf238216037498e"/>
</body>
</html>
�������:che-chi-chen-zhao-lu
status code:200
�������:tong-da-wei-92
�������:ma-ming-88-17
�������:yue-meng
�������:he-ming-ke
�������:fenng
�������:hou-tian-tian-21
�������:zhuxiaobao
�������:enostyle
�������:huang-yi-han-73-5
�������:marilynlee
�������:wang-guang-he-41
�������:dora-chen-19
�������:gashero
�������:qian-zi-42-52
�������:yangqinghai
�������:yeka
�������:wangfeifei0516
�������:li-yi-rui-30
�������:zhang-jing-88-76
�Ѿ�ץȡ:10����ץȡ--->ruan-peng-73
url-->https://www.zhihu.com/people/ruan-peng-73/followers
status code:200
ץȡ����
now here is the page of -------------> ruan-peng-73
---------------------------------------------->
-----------------------------------------ruan-peng-73
<!DOCTYPE html>
<html lang="zh-CN" dropEffect="none" class="no-js ">
<head>
<meta charset="utf-8" />

<meta http-equiv="X-UA-Compatible" content="IE=edge,chrome=1" />
<meta name="renderer" content="webkit" />
<meta http-equiv="X-ZA-Response-Id" content="a7c2de166a2d42eca77ddfe19616d160">

<title>�� 的关注� - 知乎</title>

<meta name="apple-itunes-app" content="app-id=432274380, app-argument=zhihu://people/ruan-peng-73">


<meta name="viewport" content="width=device-width, initial-scale=1, maximum-scale=1"/>
<meta http-equiv="mobile-agent" content="format=html5;url=https://www.zhihu.com/people/ruan-peng-73/followers">
<meta id="znonce" name="znonce" content="d35c94eb03ea4c9d912af2237cee93af">



<link rel="apple-touch-icon" href="https://static.zhihu.com/static/revved/img/ios/touch-icon-152.87c020b9.png" sizes="152x152">
<link rel="apple-touch-icon" href="https://static.zhihu.com/static/revved/img/ios/touch-icon-120.496c913b.png" sizes="120x120">
<link rel="apple-touch-icon" href="https://static.zhihu.com/static/revved/img/ios/touch-icon-76.dcf79352.png" sizes="76x76">
<link rel="apple-touch-icon" href="https://static.zhihu.com/static/revved/img/ios/touch-icon-60.9911cffb.png" sizes="60x60">


<link rel="shortcut icon" href="https://static.zhihu.com/static/favicon.ico" type="image/x-icon">

<link rel="search" type="application/opensearchdescription+xml" href="https://static.zhihu.com/static/search.xml" title="知乎" />
<link rel="stylesheet" href="https://static.zhihu.com/static/revved/-/css/z.f27e53b2.css">
<link rel="stylesheet" href="https://static.zhihu.com/static/revved/-/css/pages/profile/main.9f9b4fe5.css">




<!--[if lt IE 9]>
<script src="https://static.zhihu.com/static/components/respond/dest/respond.min.js"></script>
<link href="https://static.zhihu.com/static/components/respond/cross-domain/respond-proxy.html" id="respond-proxy" rel="respond-proxy" />
<link href="/static/components/respond/cross-domain/respond.proxy.gif" id="respond-redirect" rel="respond-redirect" />
<script src="/static/components/respond/cross-domain/respond.proxy.js"></script>
<![endif]-->
<script src="https://static.zhihu.com/static/revved/-/js/instant.e7a17de6.js"></script>

<style>
.zm-side-section + .zm-side-section {
margin: 20px 0 0 0;
}
.zm-profile-section-list .zm-item-answer-author-info .zm-item-link-avatar {
display: none;
}
</style>

</head>

<body class="zhi ">



<div role="navigation" class="zu-top">
<div class="zg-wrap modal-shifting clearfix" id="zh-top-inner">
<a href="/" class="zu-top-link-logo" id="zh-top-link-logo" data-za-c="view_home" data-za-a="visit_home" data-za-l="top_navigation_zhihu_logo">知乎</a>

<div class="top-nav-profile">
<a href="/people/alex-liu-90-89" class="zu-top-nav-userinfo ">
<span class="name">alex liu</span>
<img class="Avatar" src="https://pic1.zhimg.com/da8e974dc_s.jpg" srcset="https://pic1.zhimg.com/da8e974dc_xs.jpg 2x" alt="alex liu" />
<span id="zh-top-nav-new-pm" class="zg-noti-number zu-top-nav-pm-count"
style="visibility:hidden" data-count="0">

</span>
</a>
<ul class="top-nav-dropdown" id="top-nav-profile-dropdown">
<li>
<a href="/people/alex-liu-90-89">
<i class="zg-icon zg-icon-dd-home"></i>我的主页
</a>
</li>

<li>
<a href="/inbox">
<i class="zg-icon zg-icon-dd-pm"></i>私信
<span id="zh-top-nav-pm-count" class="zu-top-nav-pm-count zg-noti-number"
style="visibility:hidden" data-count="0">

</span>
</a>
</li>
<li>
<a href="/settings">
<i class="zg-icon zg-icon-dd-settings"></i>设置
</a>
</li>
<li>
<a href="/logout">
<i class="zg-icon zg-icon-dd-logout"></i>��
</a>
</li>
</ul>

</div>



<button class="zu-top-add-question" id="zu-top-add-question">提问</button>


<div role="search" id="zh-top-search" class="zu-top-search">
<form method="GET" action="/search" id="zh-top-search-form" class="zu-top-search-form">



<input type="hidden" name="type" value="content">
<label for="q" class="hide-text">知乎搜索</label><input type="text" class="zu-top-search-input" id="q" name="q" autocomplete="off" value="" placeholder="搜索你感兴趣的内�...">
<button type="submit" class="zu-top-search-button"><span class="hide-text">搜索</span><span class="sprite-global-icon-magnifier-dark"></span></button>
</form>
</div>



<div id="zg-top-nav" class="zu-top-nav">
<ul class="zu-top-nav-ul zg-clear">

<li class="zu-top-nav-li " id="zh-top-nav-home">
<a class="zu-top-nav-link" href="/" id="zh-top-link-home" data-za-c="view_home" data-za-a="visit_home" data-za-l="top_navigation_home">首页</a>
</li>



<li class="top-nav-topic-selector zu-top-nav-li " id="zh-top-nav-topic">
<a class="zu-top-nav-link" href="/topic" id="top-nav-dd-topic">话�</a>
</li>

<li class="zu-top-nav-li " id="zh-top-nav-explore">
<a class="zu-top-nav-link" href="/explore">发现</a>
</li>

<li class="top-nav-noti zu-top-nav-li ">
<a class="zu-top-nav-link" href="javascript:;" id="zh-top-nav-count-wrap" role="button"><span class="mobi-arrow"></span>消息</a>
</li>



</ul>
<div class="zu-top-nav-live zu-noti7-popup zg-r5px no-hovercard" id="zh-top-nav-live-new" role="popup" tabindex="0">
<div class="zu-top-nav-live-inner zg-r5px">
<div class="zu-top-live-icon">&nbsp;</div>
<div class="zu-home-noti-inner" id="zh-top-nav-live-new-inner">
<div class="zm-noti7-popup-tab-container clearfix" tabindex="0">
<button class="zm-noti7-popup-tab-item message">
<span class="icon">消息</span>
</button>
<button class="zm-noti7-popup-tab-item user">
<span class="icon">用户</span>
</button>
<button class="zm-noti7-popup-tab-item thanks">
<span class="icon">赞同和感�</span>
</button>
</div>
</div>
<div class="zm-noti7-frame-border top"></div>
<div class="zm-noti7-frame">
<div class="zm-noti7-content message">
<div class="zm-noti7-content-inner">
<div class="zm-noti7-content-body">
<div class="zm-noti7-popup-loading">
<span class="noti-spinner-loading"></span>
</div>
</div>
</div>
</div>
<div class="zm-noti7-content user" style="display:none;">
<div class="zm-noti7-content-inner">
<div class="zm-noti7-content-body">
<div class="zm-noti7-popup-loading">
<span class="noti-spinner-loading"></span>
</div>
</div>
</div>
</div>
<div class="zm-noti7-content thanks" style="display:none;">
<div class="zm-noti7-content-inner">
<div class="zm-noti7-content-body">
<div class="zm-noti7-popup-loading">
<span class="noti-spinner-loading"></span>
</div>
</div>
</div>
</div>
</div>
<div class="zm-noti7-frame-border bottom"></div>
<div class="zm-noti7-popup-footer">
<a href="/notifications" class="zm-noti7-popup-footer-all zg-right">查看全部 &raquo;</a>
<a href="/settings/notification" class="zm-noti7-popup-footer-set" title="通知设置" ><i class="zg-icon zg-icon-settings"></i></a>
</div>
</div>
</div>

</div>

</div>
</div>


<div class="zu-global-notify" id="zh-global-message" style="display:none">
<div class="zg-wrap">
<div class="zu-global-nitify-inner">
<a class="zu-global-notify-close" href="javascript:;" title="关闭" name="close">x</a>
<span class="zu-global-notify-icon"></span>
<span class="zu-global-notify-msg"></span>
</div>
</div>
</div>




<div class="zg-wrap zu-main clearfix "  role="main">
<div class="zu-main-content">
<div class="zu-main-content-inner">






<div class="zm-profile-header ProfileCard">
<div class="zm-profile-header-main">
<div class="top">

<div class='weibo-wrap'>

</div>

<div class="title-section ellipsis">
<a class="name" href="/people/ruan-peng-73">��</a>
</div>
</div>
<div class="body clearfix">

<img class="Avatar Avatar--l" src="https://pic1.zhimg.com/c1bb6a4abacecb1ff0bbf838ab3a4e08_l.jpg" srcset="https://pic1.zhimg.com/c1bb6a4abacecb1ff0bbf838ab3a4e08_xl.jpg 2x" alt="��" />

<div class="zm-profile-header-info">
<div class="zm-profile-header-user-describe">
<div class="items">

<div class="item editable-group" data-name="location">

<span class="info-wrap">




</span>
<span class="edit-wrap" style="display:none;">
<span class="topic-input-wrap"><input autocomplete="off" aria-haspopup="true" type="text" name="location" value="" class="zg-form-text-input location" placeholder="居住�"/></span>
<div class="business-selection">
<select name="business">
<option value="">选择行业</option>


<option value="高新科技">高新科技</option>

<option value="互联�">&nbsp;&nbsp;&nbsp;互联�</option>

<option value="电子商务">&nbsp;&nbsp;&nbsp;电子商务</option>

<option value="电子游戏">&nbsp;&nbsp;&nbsp;电子游戏</option>

<option value="计算机软�">&nbsp;&nbsp;&nbsp;计算机软�</option>

<option value="计算机硬�">&nbsp;&nbsp;&nbsp;计算机硬�</option>




<option value="信息传媒">信息传媒</option>

<option value="出版�">&nbsp;&nbsp;&nbsp;出版�</option>

<option value="电影录音">&nbsp;&nbsp;&nbsp;电影录音</option>

<option value="广播电�">&nbsp;&nbsp;&nbsp;广播电�</option>

<option value="通信">&nbsp;&nbsp;&nbsp;通信</option>




<option value="金融">金融</option>

<option value="银�">&nbsp;&nbsp;&nbsp;银�</option>

<option value="资本投资">&nbsp;&nbsp;&nbsp;资本投资</option>

<option value="证券投资">&nbsp;&nbsp;&nbsp;证券投资</option>

<option value="保险">&nbsp;&nbsp;&nbsp;保险</option>

<option value="信贷">&nbsp;&nbsp;&nbsp;信贷</option>

<option value="财务">&nbsp;&nbsp;&nbsp;财务</option>

<option value="审�">&nbsp;&nbsp;&nbsp;审�</option>




<option value="服务�">服务�</option>

<option value="法律">&nbsp;&nbsp;&nbsp;法律</option>

<option value="餐饮">&nbsp;&nbsp;&nbsp;餐饮</option>

<option value="酒店">&nbsp;&nbsp;&nbsp;酒店</option>

<option value="旅游">&nbsp;&nbsp;&nbsp;旅游</option>

<option value="广告">&nbsp;&nbsp;&nbsp;广告</option>

<option value="��">&nbsp;&nbsp;&nbsp;��</option>

<option value="��">&nbsp;&nbsp;&nbsp;��</option>

<option value="咨�分�">&nbsp;&nbsp;&nbsp;咨�分�</option>

<option value="市场推广">&nbsp;&nbsp;&nbsp;市场推广</option>

<option value="人力资源">&nbsp;&nbsp;&nbsp;人力资源</option>

<option value="社工服务">&nbsp;&nbsp;&nbsp;社工服务</option>

<option value="养�服�">&nbsp;&nbsp;&nbsp;养�服�</option>




<option value="教育">教育</option>

<option value="高等教育">&nbsp;&nbsp;&nbsp;高等教育</option>

<option value="基�教育">&nbsp;&nbsp;&nbsp;基�教育</option>

<option value="职业教育">&nbsp;&nbsp;&nbsp;职业教育</option>

<option value="幼儿教育">&nbsp;&nbsp;&nbsp;幼儿教育</option>

<option value="特殊教育">&nbsp;&nbsp;&nbsp;特殊教育</option>

<option value="培�">&nbsp;&nbsp;&nbsp;培�</option>




<option value="医疗服务">医疗服务</option>

<option value="临床医疗">&nbsp;&nbsp;&nbsp;临床医疗</option>

<option value="制药">&nbsp;&nbsp;&nbsp;制药</option>

<option value="保健">&nbsp;&nbsp;&nbsp;保健</option>

<option value="美�">&nbsp;&nbsp;&nbsp;美�</option>

<option value="医疗器材">&nbsp;&nbsp;&nbsp;医疗器材</option>

<option value="生物工程">&nbsp;&nbsp;&nbsp;生物工程</option>

<option value="疗养服务">&nbsp;&nbsp;&nbsp;疗养服务</option>

<option value="护理服务">&nbsp;&nbsp;&nbsp;护理服务</option>




<option value="艺术娱乐">艺术娱乐</option>

<option value="创意艺术">&nbsp;&nbsp;&nbsp;创意艺术</option>

<option value="体育健身">&nbsp;&nbsp;&nbsp;体育健身</option>

<option value="娱乐休闲">&nbsp;&nbsp;&nbsp;娱乐休闲</option>

<option value="图书�">&nbsp;&nbsp;&nbsp;图书�</option>

<option value="博物�">&nbsp;&nbsp;&nbsp;博物�</option>

<option value="策展">&nbsp;&nbsp;&nbsp;策展</option>

<option value="博彩">&nbsp;&nbsp;&nbsp;博彩</option>




<option value="制�加�">制�加�</option>

<option value="食品�料业">&nbsp;&nbsp;&nbsp;食品�料业</option>

<option value="纺织�革业">&nbsp;&nbsp;&nbsp;纺织�革业</option>

<option value="服�业">&nbsp;&nbsp;&nbsp;服�业</option>

<option value="烟草�">&nbsp;&nbsp;&nbsp;烟草�</option>

<option value="造纸�">&nbsp;&nbsp;&nbsp;造纸�</option>

<option value="印刷�">&nbsp;&nbsp;&nbsp;印刷�</option>

<option value="化工�">&nbsp;&nbsp;&nbsp;化工�</option>

<option value="汽车">&nbsp;&nbsp;&nbsp;汽车</option>

<option value="家具">&nbsp;&nbsp;&nbsp;家具</option>

<option value="电子电器">&nbsp;&nbsp;&nbsp;电子电器</option>

<option value="机���">&nbsp;&nbsp;&nbsp;机���</option>

<option value="塑料工业">&nbsp;&nbsp;&nbsp;塑料工业</option>

<option value="金属加工">&nbsp;&nbsp;&nbsp;金属加工</option>

<option value="军火">&nbsp;&nbsp;&nbsp;军火</option>




<option value="地产建筑">地产建筑</option>

<option value="房地�">&nbsp;&nbsp;&nbsp;房地�</option>

<option value="装饰装潢">&nbsp;&nbsp;&nbsp;装饰装潢</option>

<option value="物业服务">&nbsp;&nbsp;&nbsp;物业服务</option>

<option value="特殊建�">&nbsp;&nbsp;&nbsp;特殊建�</option>

<option value="建筑设�">&nbsp;&nbsp;&nbsp;建筑设�</option>




<option value="贸易零售">贸易零售</option>

<option value="零售">&nbsp;&nbsp;&nbsp;零售</option>

<option value="大宗交易">&nbsp;&nbsp;&nbsp;大宗交易</option>

<option value="进出口贸�">&nbsp;&nbsp;&nbsp;进出口贸�</option>




<option value="�共服�">�共服�</option>

<option value="政府">&nbsp;&nbsp;&nbsp;政府</option>

<option value="国防军事">&nbsp;&nbsp;&nbsp;国防军事</option>

<option value="��">&nbsp;&nbsp;&nbsp;��</option>

<option value="科研">&nbsp;&nbsp;&nbsp;科研</option>

<option value="给排�">&nbsp;&nbsp;&nbsp;给排�</option>

<option value="水利能源">&nbsp;&nbsp;&nbsp;水利能源</option>

<option value="电力电网">&nbsp;&nbsp;&nbsp;电力电网</option>

<option value="�共�理">&nbsp;&nbsp;&nbsp;�共�理</option>

<option value="�境保�">&nbsp;&nbsp;&nbsp;�境保�</option>

<option value="非营利组�">&nbsp;&nbsp;&nbsp;非营利组�</option>




<option value="�采冶�">�采冶�</option>

<option value="煤炭工业">&nbsp;&nbsp;&nbsp;煤炭工业</option>

<option value="石油工业">&nbsp;&nbsp;&nbsp;石油工业</option>

<option value="黑色金属">&nbsp;&nbsp;&nbsp;黑色金属</option>

<option value="有色金属">&nbsp;&nbsp;&nbsp;有色金属</option>

<option value="土砂石开�">&nbsp;&nbsp;&nbsp;土砂石开�</option>

<option value="地热��">&nbsp;&nbsp;&nbsp;地热��</option>




<option value="交�仓�">交�仓�</option>

<option value="��">&nbsp;&nbsp;&nbsp;��</option>

<option value="物流递�">&nbsp;&nbsp;&nbsp;物流递�</option>

<option value="地面运输">&nbsp;&nbsp;&nbsp;地面运输</option>

<option value="铁路运输">&nbsp;&nbsp;&nbsp;铁路运输</option>

<option value="管线运输">&nbsp;&nbsp;&nbsp;管线运输</option>

<option value="�运业">&nbsp;&nbsp;&nbsp;�运业</option>

<option value="民用�空业">&nbsp;&nbsp;&nbsp;民用�空业</option>




<option value="农林牧渔">农林牧渔</option>

<option value="种�业">&nbsp;&nbsp;&nbsp;种�业</option>

<option value="畜牧养殖�">&nbsp;&nbsp;&nbsp;畜牧养殖�</option>

<option value="林业">&nbsp;&nbsp;&nbsp;林业</option>

<option value="渔业">&nbsp;&nbsp;&nbsp;渔业</option>



</select>
</div>
<span class="zg-bull"></span>
<input type="radio" name="gender" value="1"  class="male"/> �&nbsp;&nbsp;
<input type="radio" name="gender" value="0"  class="female"/> �
<a class="zg-btn-blue" name="save" href="javascript:;">��</a>
</span>
</div>


<div class="item">

<a class="zm-profile-header-user-detail zg-link-litblue-normal zm-profile-icon-return" href="/people/ruan-peng-73">
<i class="icon zm-profile-header-icon"></i>
<span>返回�人主�</span>
</a>

</div>

</div>

</div>
</div>
</div>
</div>



<div class="zm-profile-header-operation zg-clear ">
<div class="zm-profile-header-info-list">
<span class="zm-profile-header-info-title">获得</span>
<span class="zm-profile-header-user-agree"><span class="zm-profile-header-icon"></span><strong>0</strong>赞同</span>
<span class="zm-profile-header-user-thanks"><span class="zm-profile-header-icon"></span><strong>0</strong>感谢</span>

</div>

<div class="zm-profile-header-op-btns clearfix">


<button data-follow="m:button" data-id="55115f55832f69c855e02cc21109ca54" class="zg-btn zg-btn-follow zm-rich-follow-btn">关注</button>



<a href="/inbox/1056227800" class="zg-btn-white zm-profile-header-pm-btn" id="zm-profile-header-pm-btn"><i class="zg-icon">私信</i></a>


</div>

</div>
<div class="profile-navbar clearfix">
<a class="item home first "
href="/people/ruan-peng-73">
<i class="icon icon-profile-tab-home"></i><span class="hide-text">主页</span>
</a>
<a class="item "
href="/people/ruan-peng-73/asks">
提问
<span class="num">0</span>
</a>
<a class="item "
href="/people/ruan-peng-73/answers">
回答
<span class="num">0</span>
</a>
<a class="item "
href="/people/ruan-peng-73/posts">
文章
<span class="num">0</span>
</a>

<a class="item "
href="/people/ruan-peng-73/collections">
收藏
<span class="num">1</span>
</a>
<a class="item "
href="/people/ruan-peng-73/logs">
�共编�
<span class="num">0</span>
</a>

</div>

</div>


<div class="zm-profile-section-wrap">
<div class="zm-profile-section-head">
<span class="zm-profile-section-name"><a href="/people/ruan-peng-73">��</a> � 0 人关�</span>
<a class="zg-right zg-link-litblue-normal zm-profile-answer-page-return" href="/people/ruan-peng-73">返回�人主�</a>

</div>
<div class="zm-profile-section-list">
<div id="zh-profile-follows-list">
<div class="zh-general-list clearfix" data-init="{&quot;params&quot;: {&quot;offset&quot;: 0, &quot;order_by&quot;: &quot;created&quot;, &quot;hash_id&quot;: &quot;55115f55832f69c855e02cc21109ca54&quot;}, &quot;nodename&quot;: &quot;ProfileFollowersListV2&quot;}">

</div>
</div>
</div>
</div>


</div>
</div>


<div class="zu-main-sidebar">

<div class="zm-profile-side-following zg-clear">
<a class="item" href="/people/ruan-peng-73/followees">
<span class="zg-gray-normal">关注�</span><br />
<strong>235</strong><label> �</label>
</a>
<a class="item" href="/people/ruan-peng-73/followers">
<span class="zg-gray-normal">关注�</span><br />
<strong>0</strong><label> �</label>
</a>
</div>

<div class="zm-profile-side-section">
<div class="zm-side-section-inner zg-clear">
<div class="zm-profile-side-section-title">
关注� <a href="/people/ruan-peng-73/topics" class="zg-link-litblue"><strong>24 �话�</strong></a>
</div>
<div class="zm-profile-side-topics" id="zh-profile-following-topic">

<a class="link" data-tip="t$t$19554825" href="/topic/19554825">
<img class="Avatar Avatar--l" src="https://pic1.zhimg.com/5c5f5d55992d64aa8184b29c53e80af4_l.jpg" srcset="https://pic1.zhimg.com/5c5f5d55992d64aa8184b29c53e80af4_xl.jpg 2x" alt="职业发展" />
</a>

<a class="link" data-tip="t$t$19554827" href="/topic/19554827">
<img class="Avatar Avatar--l" src="https://pic2.zhimg.com/c8f2d728879d05657d86ca6fa6b0336d_l.jpg" srcset="https://pic2.zhimg.com/c8f2d728879d05657d86ca6fa6b0336d_xl.jpg 2x" alt="体育" />
</a>

<a class="link" data-tip="t$t$19553298" href="/topic/19553298">
<img class="Avatar Avatar--l" src="https://pic3.zhimg.com/2bd2e49d3f849155376393085edc1d9e_l.jpg" srcset="https://pic3.zhimg.com/2bd2e49d3f849155376393085edc1d9e_xl.jpg 2x" alt="�然��" />
</a>

<a class="link" data-tip="t$t$19550429" href="/topic/19550429">
<img class="Avatar Avatar--l" src="https://pic4.zhimg.com/7d8c15df29ce6900c80f9cf630992687_l.jpg" srcset="https://pic4.zhimg.com/7d8c15df29ce6900c80f9cf630992687_xl.jpg 2x" alt="电影" />
</a>

<a class="link" data-tip="t$t$19550874" href="/topic/19550874">
<img class="Avatar Avatar--l" src="https://pic2.zhimg.com/f126e096216e4554289b0996539b79b5_l.jpg" srcset="https://pic2.zhimg.com/f126e096216e4554289b0996539b79b5_xl.jpg 2x" alt="法律" />
</a>

<a class="link" data-tip="t$t$19555457" href="/topic/19555457">
<img class="Avatar Avatar--l" src="https://pic4.zhimg.com/34799a68980175b37acfd487a46bce43_l.jpg" srcset="https://pic4.zhimg.com/34799a68980175b37acfd487a46bce43_xl.jpg 2x" alt="商业" />
</a>

<a class="link" data-tip="t$t$19552192" href="/topic/19552192">
<img class="Avatar Avatar--l" src="https://pic4.zhimg.com/5bda61313f8e3767edaa6134941e207b_l.jpg" srcset="https://pic4.zhimg.com/5bda61313f8e3767edaa6134941e207b_xl.jpg 2x" alt="健身" />
</a>

</div>
</div>
</div>

<div class="zm-profile-side-section">
<div class="zm-side-section-inner">
<ul id="profile-side-op" class="profile-side-op">

<li><a href="javascript:void(0);" name="report" class="zg-link-gray-normal">举报用户</a></li>



<li><a href="javascript:void(0);" name="block" class="zg-link-gray-normal">屏蔽用户</a></li>


</ul>
</div>
</div>

<div class="zm-profile-side-section">
<div class="zm-side-section-inner">
<span class="zg-gray-normal">�人主页� <strong>1</strong> 人浏�</span>
</div>
</div>

<script type="text/json" class="json-inline" data-name="current_people">["\u962e\u9e4f","ruan-peng-73","https:\/\/pic1.zhimg.com\/c1bb6a4abacecb1ff0bbf838ab3a4e08_s.jpg","55115f55832f69c855e02cc21109ca54"]</script>
<div id="zh-footer" class="zh-footer">
<div class="content zg-wrap clearfix">
<ul>

<li><a href="https://liukanshan.zhihu.com" target="_blank">刘看�</a></li>

<li><a href="/question/19581624" target="_blank">知乎指南</a></li>
<li><a href="javascript:;" id="js-feedback-button">建�反�</a></li>

<li><a href="/app" target="_blank">移动应用</a></li>
<li><a href="/careers">加入知乎</a></li>
<li><a href="/terms" target="_blank">知乎协�</a></li>
<li><a href="/contact">联系我们</a></li>

</ul>

<span class="copy">&copy; 2016 知乎</span>

</div>
</div>


</div>


</div>



<script type="text/json" class="json-inline" data-name="guiders2">{"exclusive-popover":{},"section":{},"editor":[]}</script>
<script type="text/json" class="json-inline" data-name="current_user">["alex liu","alex-liu-90-89","https:\/\/pic1.zhimg.com\/da8e974dc_s.jpg","23a3f9208f774c3604303b4f5cfa5593","",0,0,true,"fly8421@outlook.com","http:\/\/login.live.com",0,false,false,false,"31251545194496",false]</script>
<script type="text/json" class="json-inline" data-name="user_status">[null,null]</script>
<script type="text/json" class="json-inline" data-name="env">["zhihu.com","comet.zhihu.com",false,null,false]</script>
<script type="text/json" class="json-inline" data-name="permissions">[]</script>


<script type="text/json" class="json-inline" data-name="ga_vars">{"user_created":1373859581000,"now":1468422162000,"abtest_mask":"---------1--------------------","user_attr":[1,0,0,"-",1],"user_hash":"23a3f9208f774c3604303b4f5cfa5593"}</script>

<script type="text/json" class="json-inline" data-name="ra-urls">{"Report":"https:\/\/static.zhihu.com\/static\/revved\/-\/apps\/Report.de4e9d17.js","Community":"https:\/\/static.zhihu.com\/static\/revved\/-\/apps\/Community.4e11c449.js","OrgAnalytics":"https:\/\/static.zhihu.com\/static\/revved\/-\/apps\/OrgAnalytics.47e1a483.js","common":"https:\/\/static.zhihu.com\/static\/revved\/-\/apps\/common.ed1d17c3.js","CommentApp":"https:\/\/static.zhihu.com\/static\/revved\/-\/apps\/CommentApp.2ab02258.js"}</script>

<script src="https://static.zhihu.com/static/revved/-/js/vendor.ff76fbae.js"></script>
<script src="https://static.zhihu.com/static/revved/-/js/closure/base.16f00cdc.js"></script>

<script src="https://static.zhihu.com/static/revved/-/js/closure/common.da58cddd.js"></script>


<script src="https://static.zhihu.com/static/revved/-/js/closure/richtexteditor.2366981a.js" async></script>
<script src="https://static.zhihu.com/static/revved/-/js/closure/page-profile.cefc86c5.js"></script>
<meta name="entry" content="ZH.entryProfile" data-module-id="page-profile">

<script type="text/zscript" znonce="d35c94eb03ea4c9d912af2237cee93af"></script>

<input type="hidden" name="_xsrf" value="e554d006e527eb151cf238216037498e"/>
</body>
</html>
status code:200
�������:cinyi
�������:huazong
�������:calliope
�������:pewu
�������:madouling
�������:ni-lao
�������:fanquanquan
�������:rethink
�������:liang-yuan-76
�������:shang-ai-lan
�������:zhuang-biao-wei
�������:ChenZhangyu
�������:cha-men-hu-de-xiao-bei-xin
�������:Coffeewong
�������:johnxu
�������:zhang-xiao-hang-38
�������:pydison
�������:warfalcon
�������:raymond-wang
�������:xiaoqiushui
�Ѿ�ץȡ:11����ץȡ--->bee-64-20
url-->https://www.zhihu.com/people/bee-64-20/followers
status code:200
ץȡ����
now here is the page of -------------> bee-64-20
---------------------------------------------->
-----------------------------------------bee-64-20
<!DOCTYPE html>
<html lang="zh-CN" dropEffect="none" class="no-js ">
<head>
<meta charset="utf-8" />

<meta http-equiv="X-UA-Compatible" content="IE=edge,chrome=1" />
<meta name="renderer" content="webkit" />
<meta http-equiv="X-ZA-Response-Id" content="dffe20b5300f4a5a911653a128a16cad">

<title>bee 的关注� - 知乎</title>

<meta name="apple-itunes-app" content="app-id=432274380, app-argument=zhihu://people/bee-64-20">


<meta name="viewport" content="width=device-width, initial-scale=1, maximum-scale=1"/>
<meta http-equiv="mobile-agent" content="format=html5;url=https://www.zhihu.com/people/bee-64-20/followers">
<meta id="znonce" name="znonce" content="6deb62880d5f4cb6a4cfa4cb98ed71eb">



<link rel="apple-touch-icon" href="https://static.zhihu.com/static/revved/img/ios/touch-icon-152.87c020b9.png" sizes="152x152">
<link rel="apple-touch-icon" href="https://static.zhihu.com/static/revved/img/ios/touch-icon-120.496c913b.png" sizes="120x120">
<link rel="apple-touch-icon" href="https://static.zhihu.com/static/revved/img/ios/touch-icon-76.dcf79352.png" sizes="76x76">
<link rel="apple-touch-icon" href="https://static.zhihu.com/static/revved/img/ios/touch-icon-60.9911cffb.png" sizes="60x60">


<link rel="shortcut icon" href="https://static.zhihu.com/static/favicon.ico" type="image/x-icon">

<link rel="search" type="application/opensearchdescription+xml" href="https://static.zhihu.com/static/search.xml" title="知乎" />
<link rel="stylesheet" href="https://static.zhihu.com/static/revved/-/css/z.f27e53b2.css">
<link rel="stylesheet" href="https://static.zhihu.com/static/revved/-/css/pages/profile/main.9f9b4fe5.css">




<!--[if lt IE 9]>
<script src="https://static.zhihu.com/static/components/respond/dest/respond.min.js"></script>
<link href="https://static.zhihu.com/static/components/respond/cross-domain/respond-proxy.html" id="respond-proxy" rel="respond-proxy" />
<link href="/static/components/respond/cross-domain/respond.proxy.gif" id="respond-redirect" rel="respond-redirect" />
<script src="/static/components/respond/cross-domain/respond.proxy.js"></script>
<![endif]-->
<script src="https://static.zhihu.com/static/revved/-/js/instant.e7a17de6.js"></script>

<style>
.zm-side-section + .zm-side-section {
margin: 20px 0 0 0;
}
.zm-profile-section-list .zm-item-answer-author-info .zm-item-link-avatar {
display: none;
}
</style>

</head>

<body class="zhi ">



<div role="navigation" class="zu-top">
<div class="zg-wrap modal-shifting clearfix" id="zh-top-inner">
<a href="/" class="zu-top-link-logo" id="zh-top-link-logo" data-za-c="view_home" data-za-a="visit_home" data-za-l="top_navigation_zhihu_logo">知乎</a>

<div class="top-nav-profile">
<a href="/people/alex-liu-90-89" class="zu-top-nav-userinfo ">
<span class="name">alex liu</span>
<img class="Avatar" src="https://pic1.zhimg.com/da8e974dc_s.jpg" srcset="https://pic1.zhimg.com/da8e974dc_xs.jpg 2x" alt="alex liu" />
<span id="zh-top-nav-new-pm" class="zg-noti-number zu-top-nav-pm-count"
style="visibility:hidden" data-count="0">

</span>
</a>
<ul class="top-nav-dropdown" id="top-nav-profile-dropdown">
<li>
<a href="/people/alex-liu-90-89">
<i class="zg-icon zg-icon-dd-home"></i>我的主页
</a>
</li>

<li>
<a href="/inbox">
<i class="zg-icon zg-icon-dd-pm"></i>私信
<span id="zh-top-nav-pm-count" class="zu-top-nav-pm-count zg-noti-number"
style="visibility:hidden" data-count="0">

</span>
</a>
</li>
<li>
<a href="/settings">
<i class="zg-icon zg-icon-dd-settings"></i>设置
</a>
</li>
<li>
<a href="/logout">
<i class="zg-icon zg-icon-dd-logout"></i>��
</a>
</li>
</ul>

</div>



<button class="zu-top-add-question" id="zu-top-add-question">提问</button>


<div role="search" id="zh-top-search" class="zu-top-search">
<form method="GET" action="/search" id="zh-top-search-form" class="zu-top-search-form">



<input type="hidden" name="type" value="content">
<label for="q" class="hide-text">知乎搜索</label><input type="text" class="zu-top-search-input" id="q" name="q" autocomplete="off" value="" placeholder="搜索你感兴趣的内�...">
<button type="submit" class="zu-top-search-button"><span class="hide-text">搜索</span><span class="sprite-global-icon-magnifier-dark"></span></button>
</form>
</div>



<div id="zg-top-nav" class="zu-top-nav">
<ul class="zu-top-nav-ul zg-clear">

<li class="zu-top-nav-li " id="zh-top-nav-home">
<a class="zu-top-nav-link" href="/" id="zh-top-link-home" data-za-c="view_home" data-za-a="visit_home" data-za-l="top_navigation_home">首页</a>
</li>



<li class="top-nav-topic-selector zu-top-nav-li " id="zh-top-nav-topic">
<a class="zu-top-nav-link" href="/topic" id="top-nav-dd-topic">话�</a>
</li>

<li class="zu-top-nav-li " id="zh-top-nav-explore">
<a class="zu-top-nav-link" href="/explore">发现</a>
</li>

<li class="top-nav-noti zu-top-nav-li ">
<a class="zu-top-nav-link" href="javascript:;" id="zh-top-nav-count-wrap" role="button"><span class="mobi-arrow"></span>消息</a>
</li>



</ul>
<div class="zu-top-nav-live zu-noti7-popup zg-r5px no-hovercard" id="zh-top-nav-live-new" role="popup" tabindex="0">
<div class="zu-top-nav-live-inner zg-r5px">
<div class="zu-top-live-icon">&nbsp;</div>
<div class="zu-home-noti-inner" id="zh-top-nav-live-new-inner">
<div class="zm-noti7-popup-tab-container clearfix" tabindex="0">
<button class="zm-noti7-popup-tab-item message">
<span class="icon">消息</span>
</button>
<button class="zm-noti7-popup-tab-item user">
<span class="icon">用户</span>
</button>
<button class="zm-noti7-popup-tab-item thanks">
<span class="icon">赞同和感�</span>
</button>
</div>
</div>
<div class="zm-noti7-frame-border top"></div>
<div class="zm-noti7-frame">
<div class="zm-noti7-content message">
<div class="zm-noti7-content-inner">
<div class="zm-noti7-content-body">
<div class="zm-noti7-popup-loading">
<span class="noti-spinner-loading"></span>
</div>
</div>
</div>
</div>
<div class="zm-noti7-content user" style="display:none;">
<div class="zm-noti7-content-inner">
<div class="zm-noti7-content-body">
<div class="zm-noti7-popup-loading">
<span class="noti-spinner-loading"></span>
</div>
</div>
</div>
</div>
<div class="zm-noti7-content thanks" style="display:none;">
<div class="zm-noti7-content-inner">
<div class="zm-noti7-content-body">
<div class="zm-noti7-popup-loading">
<span class="noti-spinner-loading"></span>
</div>
</div>
</div>
</div>
</div>
<div class="zm-noti7-frame-border bottom"></div>
<div class="zm-noti7-popup-footer">
<a href="/notifications" class="zm-noti7-popup-footer-all zg-right">查看全部 &raquo;</a>
<a href="/settings/notification" class="zm-noti7-popup-footer-set" title="通知设置" ><i class="zg-icon zg-icon-settings"></i></a>
</div>
</div>
</div>

</div>

</div>
</div>


<div class="zu-global-notify" id="zh-global-message" style="display:none">
<div class="zg-wrap">
<div class="zu-global-nitify-inner">
<a class="zu-global-notify-close" href="javascript:;" title="关闭" name="close">x</a>
<span class="zu-global-notify-icon"></span>
<span class="zu-global-notify-msg"></span>
</div>
</div>
</div>




<div class="zg-wrap zu-main clearfix "  role="main">
<div class="zu-main-content">
<div class="zu-main-content-inner">






<div class="zm-profile-header ProfileCard">
<div class="zm-profile-header-main">
<div class="top">

<div class='weibo-wrap'>

</div>

<div class="title-section ellipsis">
<a class="name" href="/people/bee-64-20">bee</a>�<span class="bio" title="医生">医生</span>
</div>
</div>
<div class="body clearfix">

<img class="Avatar Avatar--l" src="https://pic1.zhimg.com/da8e974dc_l.jpg" srcset="https://pic1.zhimg.com/da8e974dc_xl.jpg 2x" alt="bee" />

<div class="zm-profile-header-info">
<div class="zm-profile-header-user-describe">
<div class="items">

<div class="item editable-group" data-name="location">

<span class="info-wrap">




</span>
<span class="edit-wrap" style="display:none;">
<span class="topic-input-wrap"><input autocomplete="off" aria-haspopup="true" type="text" name="location" value="" class="zg-form-text-input location" placeholder="居住�"/></span>
<div class="business-selection">
<select name="business">
<option value="">选择行业</option>


<option value="高新科技">高新科技</option>

<option value="互联�">&nbsp;&nbsp;&nbsp;互联�</option>

<option value="电子商务">&nbsp;&nbsp;&nbsp;电子商务</option>

<option value="电子游戏">&nbsp;&nbsp;&nbsp;电子游戏</option>

<option value="计算机软�">&nbsp;&nbsp;&nbsp;计算机软�</option>

<option value="计算机硬�">&nbsp;&nbsp;&nbsp;计算机硬�</option>




<option value="信息传媒">信息传媒</option>

<option value="出版�">&nbsp;&nbsp;&nbsp;出版�</option>

<option value="电影录音">&nbsp;&nbsp;&nbsp;电影录音</option>

<option value="广播电�">&nbsp;&nbsp;&nbsp;广播电�</option>

<option value="通信">&nbsp;&nbsp;&nbsp;通信</option>




<option value="金融">金融</option>

<option value="银�">&nbsp;&nbsp;&nbsp;银�</option>

<option value="资本投资">&nbsp;&nbsp;&nbsp;资本投资</option>

<option value="证券投资">&nbsp;&nbsp;&nbsp;证券投资</option>

<option value="保险">&nbsp;&nbsp;&nbsp;保险</option>

<option value="信贷">&nbsp;&nbsp;&nbsp;信贷</option>

<option value="财务">&nbsp;&nbsp;&nbsp;财务</option>

<option value="审�">&nbsp;&nbsp;&nbsp;审�</option>




<option value="服务�">服务�</option>

<option value="法律">&nbsp;&nbsp;&nbsp;法律</option>

<option value="餐饮">&nbsp;&nbsp;&nbsp;餐饮</option>

<option value="酒店">&nbsp;&nbsp;&nbsp;酒店</option>

<option value="旅游">&nbsp;&nbsp;&nbsp;旅游</option>

<option value="广告">&nbsp;&nbsp;&nbsp;广告</option>

<option value="��">&nbsp;&nbsp;&nbsp;��</option>

<option value="��">&nbsp;&nbsp;&nbsp;��</option>

<option value="咨�分�">&nbsp;&nbsp;&nbsp;咨�分�</option>

<option value="市场推广">&nbsp;&nbsp;&nbsp;市场推广</option>

<option value="人力资源">&nbsp;&nbsp;&nbsp;人力资源</option>

<option value="社工服务">&nbsp;&nbsp;&nbsp;社工服务</option>

<option value="养�服�">&nbsp;&nbsp;&nbsp;养�服�</option>




<option value="教育">教育</option>

<option value="高等教育">&nbsp;&nbsp;&nbsp;高等教育</option>

<option value="基�教育">&nbsp;&nbsp;&nbsp;基�教育</option>

<option value="职业教育">&nbsp;&nbsp;&nbsp;职业教育</option>

<option value="幼儿教育">&nbsp;&nbsp;&nbsp;幼儿教育</option>

<option value="特殊教育">&nbsp;&nbsp;&nbsp;特殊教育</option>

<option value="培�">&nbsp;&nbsp;&nbsp;培�</option>




<option value="医疗服务">医疗服务</option>

<option value="临床医疗">&nbsp;&nbsp;&nbsp;临床医疗</option>

<option value="制药">&nbsp;&nbsp;&nbsp;制药</option>

<option value="保健">&nbsp;&nbsp;&nbsp;保健</option>

<option value="美�">&nbsp;&nbsp;&nbsp;美�</option>

<option value="医疗器材">&nbsp;&nbsp;&nbsp;医疗器材</option>

<option value="生物工程">&nbsp;&nbsp;&nbsp;生物工程</option>

<option value="疗养服务">&nbsp;&nbsp;&nbsp;疗养服务</option>

<option value="护理服务">&nbsp;&nbsp;&nbsp;护理服务</option>




<option value="艺术娱乐">艺术娱乐</option>

<option value="创意艺术">&nbsp;&nbsp;&nbsp;创意艺术</option>

<option value="体育健身">&nbsp;&nbsp;&nbsp;体育健身</option>

<option value="娱乐休闲">&nbsp;&nbsp;&nbsp;娱乐休闲</option>

<option value="图书�">&nbsp;&nbsp;&nbsp;图书�</option>

<option value="博物�">&nbsp;&nbsp;&nbsp;博物�</option>

<option value="策展">&nbsp;&nbsp;&nbsp;策展</option>

<option value="博彩">&nbsp;&nbsp;&nbsp;博彩</option>




<option value="制�加�">制�加�</option>

<option value="食品�料业">&nbsp;&nbsp;&nbsp;食品�料业</option>

<option value="纺织�革业">&nbsp;&nbsp;&nbsp;纺织�革业</option>

<option value="服�业">&nbsp;&nbsp;&nbsp;服�业</option>

<option value="烟草�">&nbsp;&nbsp;&nbsp;烟草�</option>

<option value="造纸�">&nbsp;&nbsp;&nbsp;造纸�</option>

<option value="印刷�">&nbsp;&nbsp;&nbsp;印刷�</option>

<option value="化工�">&nbsp;&nbsp;&nbsp;化工�</option>

<option value="汽车">&nbsp;&nbsp;&nbsp;汽车</option>

<option value="家具">&nbsp;&nbsp;&nbsp;家具</option>

<option value="电子电器">&nbsp;&nbsp;&nbsp;电子电器</option>

<option value="机���">&nbsp;&nbsp;&nbsp;机���</option>

<option value="塑料工业">&nbsp;&nbsp;&nbsp;塑料工业</option>

<option value="金属加工">&nbsp;&nbsp;&nbsp;金属加工</option>

<option value="军火">&nbsp;&nbsp;&nbsp;军火</option>




<option value="地产建筑">地产建筑</option>

<option value="房地�">&nbsp;&nbsp;&nbsp;房地�</option>

<option value="装饰装潢">&nbsp;&nbsp;&nbsp;装饰装潢</option>

<option value="物业服务">&nbsp;&nbsp;&nbsp;物业服务</option>

<option value="特殊建�">&nbsp;&nbsp;&nbsp;特殊建�</option>

<option value="建筑设�">&nbsp;&nbsp;&nbsp;建筑设�</option>




<option value="贸易零售">贸易零售</option>

<option value="零售">&nbsp;&nbsp;&nbsp;零售</option>

<option value="大宗交易">&nbsp;&nbsp;&nbsp;大宗交易</option>

<option value="进出口贸�">&nbsp;&nbsp;&nbsp;进出口贸�</option>




<option value="�共服�">�共服�</option>

<option value="政府">&nbsp;&nbsp;&nbsp;政府</option>

<option value="国防军事">&nbsp;&nbsp;&nbsp;国防军事</option>

<option value="��">&nbsp;&nbsp;&nbsp;��</option>

<option value="科研">&nbsp;&nbsp;&nbsp;科研</option>

<option value="给排�">&nbsp;&nbsp;&nbsp;给排�</option>

<option value="水利能源">&nbsp;&nbsp;&nbsp;水利能源</option>

<option value="电力电网">&nbsp;&nbsp;&nbsp;电力电网</option>

<option value="�共�理">&nbsp;&nbsp;&nbsp;�共�理</option>

<option value="�境保�">&nbsp;&nbsp;&nbsp;�境保�</option>

<option value="非营利组�">&nbsp;&nbsp;&nbsp;非营利组�</option>




<option value="�采冶�">�采冶�</option>

<option value="煤炭工业">&nbsp;&nbsp;&nbsp;煤炭工业</option>

<option value="石油工业">&nbsp;&nbsp;&nbsp;石油工业</option>

<option value="黑色金属">&nbsp;&nbsp;&nbsp;黑色金属</option>

<option value="有色金属">&nbsp;&nbsp;&nbsp;有色金属</option>

<option value="土砂石开�">&nbsp;&nbsp;&nbsp;土砂石开�</option>

<option value="地热��">&nbsp;&nbsp;&nbsp;地热��</option>




<option value="交�仓�">交�仓�</option>

<option value="��">&nbsp;&nbsp;&nbsp;��</option>

<option value="物流递�">&nbsp;&nbsp;&nbsp;物流递�</option>

<option value="地面运输">&nbsp;&nbsp;&nbsp;地面运输</option>

<option value="铁路运输">&nbsp;&nbsp;&nbsp;铁路运输</option>

<option value="管线运输">&nbsp;&nbsp;&nbsp;管线运输</option>

<option value="�运业">&nbsp;&nbsp;&nbsp;�运业</option>

<option value="民用�空业">&nbsp;&nbsp;&nbsp;民用�空业</option>




<option value="农林牧渔">农林牧渔</option>

<option value="种�业">&nbsp;&nbsp;&nbsp;种�业</option>

<option value="畜牧养殖�">&nbsp;&nbsp;&nbsp;畜牧养殖�</option>

<option value="林业">&nbsp;&nbsp;&nbsp;林业</option>

<option value="渔业">&nbsp;&nbsp;&nbsp;渔业</option>



</select>
</div>
<span class="zg-bull"></span>
<input type="radio" name="gender" value="1"  class="male"/> �&nbsp;&nbsp;
<input type="radio" name="gender" value="0"  class="female"/> �
<a class="zg-btn-blue" name="save" href="javascript:;">��</a>
</span>
</div>


<div class="item">

<a class="zm-profile-header-user-detail zg-link-litblue-normal zm-profile-icon-return" href="/people/bee-64-20">
<i class="icon zm-profile-header-icon"></i>
<span>返回�人主�</span>
</a>

</div>

</div>

</div>
</div>
</div>
</div>



<div class="zm-profile-header-operation zg-clear ">
<div class="zm-profile-header-info-list">
<span class="zm-profile-header-info-title">获得</span>
<span class="zm-profile-header-user-agree"><span class="zm-profile-header-icon"></span><strong>0</strong>赞同</span>
<span class="zm-profile-header-user-thanks"><span class="zm-profile-header-icon"></span><strong>0</strong>感谢</span>

</div>

<div class="zm-profile-header-op-btns clearfix">


<button data-follow="m:button" data-id="8831bf1501749bc5bd4a48e310ea66cd" class="zg-btn zg-btn-follow zm-rich-follow-btn">关注</button>



<a href="/inbox/0495399000" class="zg-btn-white zm-profile-header-pm-btn" id="zm-profile-header-pm-btn"><i class="zg-icon">私信</i></a>


</div>

</div>
<div class="profile-navbar clearfix">
<a class="item home first "
href="/people/bee-64-20">
<i class="icon icon-profile-tab-home"></i><span class="hide-text">主页</span>
</a>
<a class="item "
href="/people/bee-64-20/asks">
提问
<span class="num">0</span>
</a>
<a class="item "
href="/people/bee-64-20/answers">
回答
<span class="num">0</span>
</a>
<a class="item "
href="/people/bee-64-20/posts">
文章
<span class="num">0</span>
</a>

<a class="item "
href="/people/bee-64-20/collections">
收藏
<span class="num">0</span>
</a>
<a class="item "
href="/people/bee-64-20/logs">
�共编�
<span class="num">0</span>
</a>

</div>

</div>


<div class="zm-profile-section-wrap">
<div class="zm-profile-section-head">
<span class="zm-profile-section-name"><a href="/people/bee-64-20">bee</a> � 0 人关�</span>
<a class="zg-right zg-link-litblue-normal zm-profile-answer-page-return" href="/people/bee-64-20">返回�人主�</a>

</div>
<div class="zm-profile-section-list">
<div id="zh-profile-follows-list">
<div class="zh-general-list clearfix" data-init="{&quot;params&quot;: {&quot;offset&quot;: 0, &quot;order_by&quot;: &quot;created&quot;, &quot;hash_id&quot;: &quot;8831bf1501749bc5bd4a48e310ea66cd&quot;}, &quot;nodename&quot;: &quot;ProfileFollowersListV2&quot;}">

</div>
</div>
</div>
</div>


</div>
</div>


<div class="zu-main-sidebar">

<div class="zm-profile-side-following zg-clear">
<a class="item" href="/people/bee-64-20/followees">
<span class="zg-gray-normal">关注�</span><br />
<strong>26</strong><label> �</label>
</a>
<a class="item" href="/people/bee-64-20/followers">
<span class="zg-gray-normal">关注�</span><br />
<strong>0</strong><label> �</label>
</a>
</div>

<div class="zm-profile-side-section">
<div class="zm-side-section-inner zg-clear">
<div class="zm-profile-side-section-title">
关注� <a href="/people/bee-64-20/topics" class="zg-link-litblue"><strong>12 �话�</strong></a>
</div>
<div class="zm-profile-side-topics" id="zh-profile-following-topic">

<a class="link" data-tip="t$t$19617007" href="/topic/19617007">
<img class="Avatar Avatar--l" src="https://pic1.zhimg.com/e82bab09c_l.jpg" srcset="https://pic1.zhimg.com/e82bab09c_xl.jpg 2x" alt="桶�水" />
</a>

<a class="link" data-tip="t$t$19559424" href="/topic/19559424">
<img class="Avatar Avatar--l" src="https://pic2.zhimg.com/afa4afb3d_l.jpg" srcset="https://pic2.zhimg.com/afa4afb3d_xl.jpg 2x" alt="数据分析" />
</a>

<a class="link" data-tip="t$t$20024362" href="/topic/20024362">
<img class="Avatar Avatar--l" src="https://pic1.zhimg.com/6ca8196251247fad9e87aa1551ce993c_l.png" srcset="https://pic1.zhimg.com/6ca8196251247fad9e87aa1551ce993c_xl.png 2x" alt="熔断机制" />
</a>

<a class="link" data-tip="t$t$19604128" href="/topic/19604128">
<img class="Avatar Avatar--l" src="https://pic1.zhimg.com/a78b253d8f27af0933c63bae17bb5cb0_l.jpg" srcset="https://pic1.zhimg.com/a78b253d8f27af0933c63bae17bb5cb0_xl.jpg 2x" alt="医�" />
</a>

<a class="link" data-tip="t$t$19570709" href="/topic/19570709">
<img class="Avatar Avatar--l" src="https://pic3.zhimg.com/cafae465b8ea283498c69ab9757f86ba_l.jpg" srcset="https://pic3.zhimg.com/cafae465b8ea283498c69ab9757f86ba_xl.jpg 2x" alt="对冲基金" />
</a>

<a class="link" data-tip="t$t$19555457" href="/topic/19555457">
<img class="Avatar Avatar--l" src="https://pic4.zhimg.com/34799a68980175b37acfd487a46bce43_l.jpg" srcset="https://pic4.zhimg.com/34799a68980175b37acfd487a46bce43_xl.jpg 2x" alt="商业" />
</a>

<a class="link" data-tip="t$t$19550560" href="/topic/19550560">
<img class="Avatar Avatar--l" src="https://pic4.zhimg.com/b75f995419ff775ff71fca685d7825af_l.jpg" srcset="https://pic4.zhimg.com/b75f995419ff775ff71fca685d7825af_xl.jpg 2x" alt="创业" />
</a>

</div>
</div>
</div>

<div class="zm-profile-side-section">
<div class="zm-side-section-inner">
<ul id="profile-side-op" class="profile-side-op">

<li><a href="javascript:void(0);" name="report" class="zg-link-gray-normal">举报用户</a></li>



<li><a href="javascript:void(0);" name="block" class="zg-link-gray-normal">屏蔽用户</a></li>


</ul>
</div>
</div>

<div class="zm-profile-side-section">
<div class="zm-side-section-inner">
<span class="zg-gray-normal">�人主页� <strong>1</strong> 人浏�</span>
</div>
</div>

<script type="text/json" class="json-inline" data-name="current_people">["bee","bee-64-20","https:\/\/pic1.zhimg.com\/da8e974dc_s.jpg","8831bf1501749bc5bd4a48e310ea66cd"]</script>
<div id="zh-footer" class="zh-footer">
<div class="content zg-wrap clearfix">
<ul>

<li><a href="https://liukanshan.zhihu.com" target="_blank">刘看�</a></li>

<li><a href="/question/19581624" target="_blank">知乎指南</a></li>
<li><a href="javascript:;" id="js-feedback-button">建�反�</a></li>

<li><a href="/app" target="_blank">移动应用</a></li>
<li><a href="/careers">加入知乎</a></li>
<li><a href="/terms" target="_blank">知乎协�</a></li>
<li><a href="/contact">联系我们</a></li>

</ul>

<span class="copy">&copy; 2016 知乎</span>

</div>
</div>


</div>


</div>



<script type="text/json" class="json-inline" data-name="guiders2">{"exclusive-popover":{},"section":{},"editor":[]}</script>
<script type="text/json" class="json-inline" data-name="current_user">["alex liu","alex-liu-90-89","https:\/\/pic1.zhimg.com\/da8e974dc_s.jpg","23a3f9208f774c3604303b4f5cfa5593","",0,0,true,"fly8421@outlook.com","http:\/\/login.live.com",0,false,false,false,"31251545194496",false]</script>
<script type="text/json" class="json-inline" data-name="user_status">[null,null]</script>
<script type="text/json" class="json-inline" data-name="env">["zhihu.com","comet.zhihu.com",false,null,false]</script>
<script type="text/json" class="json-inline" data-name="permissions">[]</script>


<script type="text/json" class="json-inline" data-name="ga_vars">{"user_created":1373859581000,"now":1468422164000,"abtest_mask":"---------1--------------------","user_attr":[1,0,0,"-",1],"user_hash":"23a3f9208f774c3604303b4f5cfa5593"}</script>

<script type="text/json" class="json-inline" data-name="ra-urls">{"Report":"https:\/\/static.zhihu.com\/static\/revved\/-\/apps\/Report.de4e9d17.js","Community":"https:\/\/static.zhihu.com\/static\/revved\/-\/apps\/Community.4e11c449.js","OrgAnalytics":"https:\/\/static.zhihu.com\/static\/revved\/-\/apps\/OrgAnalytics.47e1a483.js","common":"https:\/\/static.zhihu.com\/static\/revved\/-\/apps\/common.ed1d17c3.js","CommentApp":"https:\/\/static.zhihu.com\/static\/revved\/-\/apps\/CommentApp.2ab02258.js"}</script>

<script src="https://static.zhihu.com/static/revved/-/js/vendor.ff76fbae.js"></script>
<script src="https://static.zhihu.com/static/revved/-/js/closure/base.16f00cdc.js"></script>

<script src="https://static.zhihu.com/static/revved/-/js/closure/common.da58cddd.js"></script>


<script src="https://static.zhihu.com/static/revved/-/js/closure/richtexteditor.2366981a.js" async></script>
<script src="https://static.zhihu.com/static/revved/-/js/closure/page-profile.cefc86c5.js"></script>
<meta name="entry" content="ZH.entryProfile" data-module-id="page-profile">

<script type="text/zscript" znonce="6deb62880d5f4cb6a4cfa4cb98ed71eb"></script>

<input type="hidden" name="_xsrf" value="e554d006e527eb151cf238216037498e"/>
</body>
</html>
status code:200
�������:liu-peng-cheng-sai-l
�������:johnxu
�������:he-zi-yin-57
�������:evenstar
�������:laobeiao
�������:zhang-meng-10-38
�������:pan-ying-1
�������:luo-chuan-32-10
�������:FalconLeo
�������:qushixingxing
�������:yuan-shi-qia-liao
�������:zhang-ying-chao-37
�������:ma-bo-yong
�������:198Q
�������:kuaidaoqingyi
�������:simona-wen
�������:excited-vczh
�������:diipxl
�������:wu-ke-57-1
�Ѿ�ץȡ:12����ץȡ--->tao-tao-xiao
url-->https://www.zhihu.com/people/tao-tao-xiao/followers
status code:200
ץȡ����
now here is the page of -------------> tao-tao-xiao
---------------------------------------------->
-----------------------------------------tao-tao-xiao
<!DOCTYPE html>
<html lang="zh-CN" dropEffect="none" class="no-js ">
<head>
<meta charset="utf-8" />

<meta http-equiv="X-UA-Compatible" content="IE=edge,chrome=1" />
<meta name="renderer" content="webkit" />
<meta http-equiv="X-ZA-Response-Id" content="e4a6a29ef92b4939883a8679934abd37">

<title>滔滔� 的关注� - 知乎</title>

<meta name="apple-itunes-app" content="app-id=432274380, app-argument=zhihu://people/tao-tao-xiao">


<meta name="viewport" content="width=device-width, initial-scale=1, maximum-scale=1"/>
<meta http-equiv="mobile-agent" content="format=html5;url=https://www.zhihu.com/people/tao-tao-xiao/followers">
<meta id="znonce" name="znonce" content="a78d7a8673af4520b5219812bfccb27a">



<link rel="apple-touch-icon" href="https://static.zhihu.com/static/revved/img/ios/touch-icon-152.87c020b9.png" sizes="152x152">
<link rel="apple-touch-icon" href="https://static.zhihu.com/static/revved/img/ios/touch-icon-120.496c913b.png" sizes="120x120">
<link rel="apple-touch-icon" href="https://static.zhihu.com/static/revved/img/ios/touch-icon-76.dcf79352.png" sizes="76x76">
<link rel="apple-touch-icon" href="https://static.zhihu.com/static/revved/img/ios/touch-icon-60.9911cffb.png" sizes="60x60">


<link rel="shortcut icon" href="https://static.zhihu.com/static/favicon.ico" type="image/x-icon">

<link rel="search" type="application/opensearchdescription+xml" href="https://static.zhihu.com/static/search.xml" title="知乎" />
<link rel="stylesheet" href="https://static.zhihu.com/static/revved/-/css/z.f27e53b2.css">
<link rel="stylesheet" href="https://static.zhihu.com/static/revved/-/css/pages/profile/main.9f9b4fe5.css">




<!--[if lt IE 9]>
<script src="https://static.zhihu.com/static/components/respond/dest/respond.min.js"></script>
<link href="https://static.zhihu.com/static/components/respond/cross-domain/respond-proxy.html" id="respond-proxy" rel="respond-proxy" />
<link href="/static/components/respond/cross-domain/respond.proxy.gif" id="respond-redirect" rel="respond-redirect" />
<script src="/static/components/respond/cross-domain/respond.proxy.js"></script>
<![endif]-->
<script src="https://static.zhihu.com/static/revved/-/js/instant.e7a17de6.js"></script>

<style>
.zm-side-section + .zm-side-section {
margin: 20px 0 0 0;
}
.zm-profile-section-list .zm-item-answer-author-info .zm-item-link-avatar {
display: none;
}
</style>

</head>

<body class="zhi ">



<div role="navigation" class="zu-top">
<div class="zg-wrap modal-shifting clearfix" id="zh-top-inner">
<a href="/" class="zu-top-link-logo" id="zh-top-link-logo" data-za-c="view_home" data-za-a="visit_home" data-za-l="top_navigation_zhihu_logo">知乎</a>

<div class="top-nav-profile">
<a href="/people/alex-liu-90-89" class="zu-top-nav-userinfo ">
<span class="name">alex liu</span>
<img class="Avatar" src="https://pic1.zhimg.com/da8e974dc_s.jpg" srcset="https://pic1.zhimg.com/da8e974dc_xs.jpg 2x" alt="alex liu" />
<span id="zh-top-nav-new-pm" class="zg-noti-number zu-top-nav-pm-count"
style="visibility:hidden" data-count="0">

</span>
</a>
<ul class="top-nav-dropdown" id="top-nav-profile-dropdown">
<li>
<a href="/people/alex-liu-90-89">
<i class="zg-icon zg-icon-dd-home"></i>我的主页
</a>
</li>

<li>
<a href="/inbox">
<i class="zg-icon zg-icon-dd-pm"></i>私信
<span id="zh-top-nav-pm-count" class="zu-top-nav-pm-count zg-noti-number"
style="visibility:hidden" data-count="0">

</span>
</a>
</li>
<li>
<a href="/settings">
<i class="zg-icon zg-icon-dd-settings"></i>设置
</a>
</li>
<li>
<a href="/logout">
<i class="zg-icon zg-icon-dd-logout"></i>��
</a>
</li>
</ul>

</div>



<button class="zu-top-add-question" id="zu-top-add-question">提问</button>


<div role="search" id="zh-top-search" class="zu-top-search">
<form method="GET" action="/search" id="zh-top-search-form" class="zu-top-search-form">



<input type="hidden" name="type" value="content">
<label for="q" class="hide-text">知乎搜索</label><input type="text" class="zu-top-search-input" id="q" name="q" autocomplete="off" value="" placeholder="搜索你感兴趣的内�...">
<button type="submit" class="zu-top-search-button"><span class="hide-text">搜索</span><span class="sprite-global-icon-magnifier-dark"></span></button>
</form>
</div>



<div id="zg-top-nav" class="zu-top-nav">
<ul class="zu-top-nav-ul zg-clear">

<li class="zu-top-nav-li " id="zh-top-nav-home">
<a class="zu-top-nav-link" href="/" id="zh-top-link-home" data-za-c="view_home" data-za-a="visit_home" data-za-l="top_navigation_home">首页</a>
</li>



<li class="top-nav-topic-selector zu-top-nav-li " id="zh-top-nav-topic">
<a class="zu-top-nav-link" href="/topic" id="top-nav-dd-topic">话�</a>
</li>

<li class="zu-top-nav-li " id="zh-top-nav-explore">
<a class="zu-top-nav-link" href="/explore">发现</a>
</li>

<li class="top-nav-noti zu-top-nav-li ">
<a class="zu-top-nav-link" href="javascript:;" id="zh-top-nav-count-wrap" role="button"><span class="mobi-arrow"></span>消息</a>
</li>



</ul>
<div class="zu-top-nav-live zu-noti7-popup zg-r5px no-hovercard" id="zh-top-nav-live-new" role="popup" tabindex="0">
<div class="zu-top-nav-live-inner zg-r5px">
<div class="zu-top-live-icon">&nbsp;</div>
<div class="zu-home-noti-inner" id="zh-top-nav-live-new-inner">
<div class="zm-noti7-popup-tab-container clearfix" tabindex="0">
<button class="zm-noti7-popup-tab-item message">
<span class="icon">消息</span>
</button>
<button class="zm-noti7-popup-tab-item user">
<span class="icon">用户</span>
</button>
<button class="zm-noti7-popup-tab-item thanks">
<span class="icon">赞同和感�</span>
</button>
</div>
</div>
<div class="zm-noti7-frame-border top"></div>
<div class="zm-noti7-frame">
<div class="zm-noti7-content message">
<div class="zm-noti7-content-inner">
<div class="zm-noti7-content-body">
<div class="zm-noti7-popup-loading">
<span class="noti-spinner-loading"></span>
</div>
</div>
</div>
</div>
<div class="zm-noti7-content user" style="display:none;">
<div class="zm-noti7-content-inner">
<div class="zm-noti7-content-body">
<div class="zm-noti7-popup-loading">
<span class="noti-spinner-loading"></span>
</div>
</div>
</div>
</div>
<div class="zm-noti7-content thanks" style="display:none;">
<div class="zm-noti7-content-inner">
<div class="zm-noti7-content-body">
<div class="zm-noti7-popup-loading">
<span class="noti-spinner-loading"></span>
</div>
</div>
</div>
</div>
</div>
<div class="zm-noti7-frame-border bottom"></div>
<div class="zm-noti7-popup-footer">
<a href="/notifications" class="zm-noti7-popup-footer-all zg-right">查看全部 &raquo;</a>
<a href="/settings/notification" class="zm-noti7-popup-footer-set" title="通知设置" ><i class="zg-icon zg-icon-settings"></i></a>
</div>
</div>
</div>

</div>

</div>
</div>


<div class="zu-global-notify" id="zh-global-message" style="display:none">
<div class="zg-wrap">
<div class="zu-global-nitify-inner">
<a class="zu-global-notify-close" href="javascript:;" title="关闭" name="close">x</a>
<span class="zu-global-notify-icon"></span>
<span class="zu-global-notify-msg"></span>
</div>
</div>
</div>




<div class="zg-wrap zu-main clearfix "  role="main">
<div class="zu-main-content">
<div class="zu-main-content-inner">






<div class="zm-profile-header ProfileCard">
<div class="zm-profile-header-main">
<div class="top">

<div class='weibo-wrap'>

</div>

<div class="title-section ellipsis">
<a class="name" href="/people/tao-tao-xiao">滔滔�</a>
</div>
</div>
<div class="body clearfix">

<img class="Avatar Avatar--l" src="https://pic1.zhimg.com/d4f06e92c1173dae5dae897f97ea0154_l.png" srcset="https://pic1.zhimg.com/d4f06e92c1173dae5dae897f97ea0154_xl.png 2x" alt="滔滔�" />

<div class="zm-profile-header-info">
<div class="zm-profile-header-user-describe">
<div class="items">

<div class="item editable-group" data-name="location">

<span class="info-wrap">




</span>
<span class="edit-wrap" style="display:none;">
<span class="topic-input-wrap"><input autocomplete="off" aria-haspopup="true" type="text" name="location" value="" class="zg-form-text-input location" placeholder="居住�"/></span>
<div class="business-selection">
<select name="business">
<option value="">选择行业</option>


<option value="高新科技">高新科技</option>

<option value="互联�">&nbsp;&nbsp;&nbsp;互联�</option>

<option value="电子商务">&nbsp;&nbsp;&nbsp;电子商务</option>

<option value="电子游戏">&nbsp;&nbsp;&nbsp;电子游戏</option>

<option value="计算机软�">&nbsp;&nbsp;&nbsp;计算机软�</option>

<option value="计算机硬�">&nbsp;&nbsp;&nbsp;计算机硬�</option>




<option value="信息传媒">信息传媒</option>

<option value="出版�">&nbsp;&nbsp;&nbsp;出版�</option>

<option value="电影录音">&nbsp;&nbsp;&nbsp;电影录音</option>

<option value="广播电�">&nbsp;&nbsp;&nbsp;广播电�</option>

<option value="通信">&nbsp;&nbsp;&nbsp;通信</option>




<option value="金融">金融</option>

<option value="银�">&nbsp;&nbsp;&nbsp;银�</option>

<option value="资本投资">&nbsp;&nbsp;&nbsp;资本投资</option>

<option value="证券投资">&nbsp;&nbsp;&nbsp;证券投资</option>

<option value="保险">&nbsp;&nbsp;&nbsp;保险</option>

<option value="信贷">&nbsp;&nbsp;&nbsp;信贷</option>

<option value="财务">&nbsp;&nbsp;&nbsp;财务</option>

<option value="审�">&nbsp;&nbsp;&nbsp;审�</option>




<option value="服务�">服务�</option>

<option value="法律">&nbsp;&nbsp;&nbsp;法律</option>

<option value="餐饮">&nbsp;&nbsp;&nbsp;餐饮</option>

<option value="酒店">&nbsp;&nbsp;&nbsp;酒店</option>

<option value="旅游">&nbsp;&nbsp;&nbsp;旅游</option>

<option value="广告">&nbsp;&nbsp;&nbsp;广告</option>

<option value="��">&nbsp;&nbsp;&nbsp;��</option>

<option value="��">&nbsp;&nbsp;&nbsp;��</option>

<option value="咨�分�">&nbsp;&nbsp;&nbsp;咨�分�</option>

<option value="市场推广">&nbsp;&nbsp;&nbsp;市场推广</option>

<option value="人力资源">&nbsp;&nbsp;&nbsp;人力资源</option>

<option value="社工服务">&nbsp;&nbsp;&nbsp;社工服务</option>

<option value="养�服�">&nbsp;&nbsp;&nbsp;养�服�</option>




<option value="教育">教育</option>

<option value="高等教育">&nbsp;&nbsp;&nbsp;高等教育</option>

<option value="基�教育">&nbsp;&nbsp;&nbsp;基�教育</option>

<option value="职业教育">&nbsp;&nbsp;&nbsp;职业教育</option>

<option value="幼儿教育">&nbsp;&nbsp;&nbsp;幼儿教育</option>

<option value="特殊教育">&nbsp;&nbsp;&nbsp;特殊教育</option>

<option value="培�">&nbsp;&nbsp;&nbsp;培�</option>




<option value="医疗服务">医疗服务</option>

<option value="临床医疗">&nbsp;&nbsp;&nbsp;临床医疗</option>

<option value="制药">&nbsp;&nbsp;&nbsp;制药</option>

<option value="保健">&nbsp;&nbsp;&nbsp;保健</option>

<option value="美�">&nbsp;&nbsp;&nbsp;美�</option>

<option value="医疗器材">&nbsp;&nbsp;&nbsp;医疗器材</option>

<option value="生物工程">&nbsp;&nbsp;&nbsp;生物工程</option>

<option value="疗养服务">&nbsp;&nbsp;&nbsp;疗养服务</option>

<option value="护理服务">&nbsp;&nbsp;&nbsp;护理服务</option>




<option value="艺术娱乐">艺术娱乐</option>

<option value="创意艺术">&nbsp;&nbsp;&nbsp;创意艺术</option>

<option value="体育健身">&nbsp;&nbsp;&nbsp;体育健身</option>

<option value="娱乐休闲">&nbsp;&nbsp;&nbsp;娱乐休闲</option>

<option value="图书�">&nbsp;&nbsp;&nbsp;图书�</option>

<option value="博物�">&nbsp;&nbsp;&nbsp;博物�</option>

<option value="策展">&nbsp;&nbsp;&nbsp;策展</option>

<option value="博彩">&nbsp;&nbsp;&nbsp;博彩</option>




<option value="制�加�">制�加�</option>

<option value="食品�料业">&nbsp;&nbsp;&nbsp;食品�料业</option>

<option value="纺织�革业">&nbsp;&nbsp;&nbsp;纺织�革业</option>

<option value="服�业">&nbsp;&nbsp;&nbsp;服�业</option>

<option value="烟草�">&nbsp;&nbsp;&nbsp;烟草�</option>

<option value="造纸�">&nbsp;&nbsp;&nbsp;造纸�</option>

<option value="印刷�">&nbsp;&nbsp;&nbsp;印刷�</option>

<option value="化工�">&nbsp;&nbsp;&nbsp;化工�</option>

<option value="汽车">&nbsp;&nbsp;&nbsp;汽车</option>

<option value="家具">&nbsp;&nbsp;&nbsp;家具</option>

<option value="电子电器">&nbsp;&nbsp;&nbsp;电子电器</option>

<option value="机���">&nbsp;&nbsp;&nbsp;机���</option>

<option value="塑料工业">&nbsp;&nbsp;&nbsp;塑料工业</option>

<option value="金属加工">&nbsp;&nbsp;&nbsp;金属加工</option>

<option value="军火">&nbsp;&nbsp;&nbsp;军火</option>




<option value="地产建筑">地产建筑</option>

<option value="房地�">&nbsp;&nbsp;&nbsp;房地�</option>

<option value="装饰装潢">&nbsp;&nbsp;&nbsp;装饰装潢</option>

<option value="物业服务">&nbsp;&nbsp;&nbsp;物业服务</option>

<option value="特殊建�">&nbsp;&nbsp;&nbsp;特殊建�</option>

<option value="建筑设�">&nbsp;&nbsp;&nbsp;建筑设�</option>




<option value="贸易零售">贸易零售</option>

<option value="零售">&nbsp;&nbsp;&nbsp;零售</option>

<option value="大宗交易">&nbsp;&nbsp;&nbsp;大宗交易</option>

<option value="进出口贸�">&nbsp;&nbsp;&nbsp;进出口贸�</option>




<option value="�共服�">�共服�</option>

<option value="政府">&nbsp;&nbsp;&nbsp;政府</option>

<option value="国防军事">&nbsp;&nbsp;&nbsp;国防军事</option>

<option value="��">&nbsp;&nbsp;&nbsp;��</option>

<option value="科研">&nbsp;&nbsp;&nbsp;科研</option>

<option value="给排�">&nbsp;&nbsp;&nbsp;给排�</option>

<option value="水利能源">&nbsp;&nbsp;&nbsp;水利能源</option>

<option value="电力电网">&nbsp;&nbsp;&nbsp;电力电网</option>

<option value="�共�理">&nbsp;&nbsp;&nbsp;�共�理</option>

<option value="�境保�">&nbsp;&nbsp;&nbsp;�境保�</option>

<option value="非营利组�">&nbsp;&nbsp;&nbsp;非营利组�</option>




<option value="�采冶�">�采冶�</option>

<option value="煤炭工业">&nbsp;&nbsp;&nbsp;煤炭工业</option>

<option value="石油工业">&nbsp;&nbsp;&nbsp;石油工业</option>

<option value="黑色金属">&nbsp;&nbsp;&nbsp;黑色金属</option>

<option value="有色金属">&nbsp;&nbsp;&nbsp;有色金属</option>

<option value="土砂石开�">&nbsp;&nbsp;&nbsp;土砂石开�</option>

<option value="地热��">&nbsp;&nbsp;&nbsp;地热��</option>




<option value="交�仓�">交�仓�</option>

<option value="��">&nbsp;&nbsp;&nbsp;��</option>

<option value="物流递�">&nbsp;&nbsp;&nbsp;物流递�</option>

<option value="地面运输">&nbsp;&nbsp;&nbsp;地面运输</option>

<option value="铁路运输">&nbsp;&nbsp;&nbsp;铁路运输</option>

<option value="管线运输">&nbsp;&nbsp;&nbsp;管线运输</option>

<option value="�运业">&nbsp;&nbsp;&nbsp;�运业</option>

<option value="民用�空业">&nbsp;&nbsp;&nbsp;民用�空业</option>




<option value="农林牧渔">农林牧渔</option>

<option value="种�业">&nbsp;&nbsp;&nbsp;种�业</option>

<option value="畜牧养殖�">&nbsp;&nbsp;&nbsp;畜牧养殖�</option>

<option value="林业">&nbsp;&nbsp;&nbsp;林业</option>

<option value="渔业">&nbsp;&nbsp;&nbsp;渔业</option>



</select>
</div>
<span class="zg-bull"></span>
<input type="radio" name="gender" value="1"  class="male"/> �&nbsp;&nbsp;
<input type="radio" name="gender" value="0"  class="female"/> �
<a class="zg-btn-blue" name="save" href="javascript:;">��</a>
</span>
</div>


<div class="item">

<a class="zm-profile-header-user-detail zg-link-litblue-normal zm-profile-icon-return" href="/people/tao-tao-xiao">
<i class="icon zm-profile-header-icon"></i>
<span>返回�人主�</span>
</a>

</div>

</div>

</div>
</div>
</div>
</div>



<div class="zm-profile-header-operation zg-clear ">
<div class="zm-profile-header-info-list">
<span class="zm-profile-header-info-title">获得</span>
<span class="zm-profile-header-user-agree"><span class="zm-profile-header-icon"></span><strong>0</strong>赞同</span>
<span class="zm-profile-header-user-thanks"><span class="zm-profile-header-icon"></span><strong>0</strong>感谢</span>

</div>

<div class="zm-profile-header-op-btns clearfix">


<button data-follow="m:button" data-id="1a58cb7e00a9609c9cfc5a41da769c6b" class="zg-btn zg-btn-follow zm-rich-follow-btn">关注</button>



<a href="/inbox/8217167300" class="zg-btn-white zm-profile-header-pm-btn" id="zm-profile-header-pm-btn"><i class="zg-icon">私信</i></a>


</div>

</div>
<div class="profile-navbar clearfix">
<a class="item home first "
href="/people/tao-tao-xiao">
<i class="icon icon-profile-tab-home"></i><span class="hide-text">主页</span>
</a>
<a class="item "
href="/people/tao-tao-xiao/asks">
提问
<span class="num">0</span>
</a>
<a class="item "
href="/people/tao-tao-xiao/answers">
回答
<span class="num">0</span>
</a>
<a class="item "
href="/people/tao-tao-xiao/posts">
文章
<span class="num">0</span>
</a>

<a class="item "
href="/people/tao-tao-xiao/collections">
收藏
<span class="num">1</span>
</a>
<a class="item "
href="/people/tao-tao-xiao/logs">
�共编�
<span class="num">0</span>
</a>

</div>

</div>


<div class="zm-profile-section-wrap">
<div class="zm-profile-section-head">
<span class="zm-profile-section-name"><a href="/people/tao-tao-xiao">滔滔�</a> � 0 人关�</span>
<a class="zg-right zg-link-litblue-normal zm-profile-answer-page-return" href="/people/tao-tao-xiao">返回�人主�</a>

</div>
<div class="zm-profile-section-list">
<div id="zh-profile-follows-list">
<div class="zh-general-list clearfix" data-init="{&quot;params&quot;: {&quot;offset&quot;: 0, &quot;order_by&quot;: &quot;created&quot;, &quot;hash_id&quot;: &quot;1a58cb7e00a9609c9cfc5a41da769c6b&quot;}, &quot;nodename&quot;: &quot;ProfileFollowersListV2&quot;}">

</div>
</div>
</div>
</div>


</div>
</div>


<div class="zu-main-sidebar">

<div class="zm-profile-side-following zg-clear">
<a class="item" href="/people/tao-tao-xiao/followees">
<span class="zg-gray-normal">关注�</span><br />
<strong>21</strong><label> �</label>
</a>
<a class="item" href="/people/tao-tao-xiao/followers">
<span class="zg-gray-normal">关注�</span><br />
<strong>0</strong><label> �</label>
</a>
</div>
<div class="zm-profile-side-section">
<div class="zm-side-section-inner zg-clear">
<div class="zm-profile-side-section-title">
关注� <a href="/people/tao-tao-xiao/columns/followed" class="zg-link-litblue"><strong>5 �专栏</strong></a>
</div>
<div class="zm-profile-side-columns">

<a href="http://zhuanlan.zhihu.com/dataman" data-tip="c$t$dataman" class="link" target="_blank">
<img class="Avatar Avatar--is" src="https://pic1.zhimg.com/c27b2f16ccd2bd961744cef12cc333c4_l.jpg" srcset="https://pic1.zhimg.com/c27b2f16ccd2bd961744cef12cc333c4_l.jpg 2x" alt="数据分析�" />
</a>

<a href="http://zhuanlan.zhihu.com/passer" data-tip="c$t$passer" class="link" target="_blank">
<img class="Avatar Avatar--is" src="https://pic3.zhimg.com/a778f2637fd0cd3bfce5ddb4ff441662_l.jpeg" srcset="https://pic3.zhimg.com/a778f2637fd0cd3bfce5ddb4ff441662_l.jpeg 2x" alt="学习编程" />
</a>

<a href="http://zhuanlan.zhihu.com/haohaozhu" data-tip="c$t$haohaozhu" class="link" target="_blank">
<img class="Avatar Avatar--is" src="https://pic2.zhimg.com/4195a75f4e562902834f7762357b3581_l.jpeg" srcset="https://pic2.zhimg.com/4195a75f4e562902834f7762357b3581_l.jpeg 2x" alt="好好住App" />
</a>

<a href="http://zhuanlan.zhihu.com/pythonpx" data-tip="c$t$pythonpx" class="link" target="_blank">
<img class="Avatar Avatar--is" src="https://pic4.zhimg.com/4b70deef7_l.jpg" srcset="https://pic4.zhimg.com/4b70deef7_l.jpg 2x" alt="通过python学会编程" />
</a>

</div>
</div>
</div>
<div class="zm-profile-side-section">
<div class="zm-side-section-inner zg-clear">
<div class="zm-profile-side-section-title">
关注� <a href="/people/tao-tao-xiao/topics" class="zg-link-litblue"><strong>83 �话�</strong></a>
</div>
<div class="zm-profile-side-topics" id="zh-profile-following-topic">

<a class="link" data-tip="t$t$19554051" href="/topic/19554051">
<img class="Avatar Avatar--l" src="https://pic1.zhimg.com/bb001daf610146168242bff98cf514ec_l.png" srcset="https://pic1.zhimg.com/bb001daf610146168242bff98cf514ec_xl.png 2x" alt="装修" />
</a>

<a class="link" data-tip="t$t$19554825" href="/topic/19554825">
<img class="Avatar Avatar--l" src="https://pic1.zhimg.com/5c5f5d55992d64aa8184b29c53e80af4_l.jpg" srcset="https://pic1.zhimg.com/5c5f5d55992d64aa8184b29c53e80af4_xl.jpg 2x" alt="职业发展" />
</a>

<a class="link" data-tip="t$t$19554827" href="/topic/19554827">
<img class="Avatar Avatar--l" src="https://pic2.zhimg.com/c8f2d728879d05657d86ca6fa6b0336d_l.jpg" srcset="https://pic2.zhimg.com/c8f2d728879d05657d86ca6fa6b0336d_xl.jpg 2x" alt="体育" />
</a>

<a class="link" data-tip="t$t$19553298" href="/topic/19553298">
<img class="Avatar Avatar--l" src="https://pic3.zhimg.com/2bd2e49d3f849155376393085edc1d9e_l.jpg" srcset="https://pic3.zhimg.com/2bd2e49d3f849155376393085edc1d9e_xl.jpg 2x" alt="�然��" />
</a>

<a class="link" data-tip="t$t$19554074" href="/topic/19554074">
<img class="Avatar Avatar--l" src="https://pic3.zhimg.com/14321eff6_l.jpg" srcset="https://pic3.zhimg.com/14321eff6_xl.jpg 2x" alt="价��" />
</a>

<a class="link" data-tip="t$t$19600073" href="/topic/19600073">
<img class="Avatar Avatar--l" src="https://pic1.zhimg.com/2903ea1f20ba4d67eeee996953893b68_l.png" srcset="https://pic1.zhimg.com/2903ea1f20ba4d67eeee996953893b68_xl.png 2x" alt="装修设�" />
</a>

<a class="link" data-tip="t$t$19551805" href="/topic/19551805">
<img class="Avatar Avatar--l" src="https://pic4.zhimg.com/4f52595ab_l.jpg" srcset="https://pic4.zhimg.com/4f52595ab_xl.jpg 2x" alt="烹饪" />
</a>

</div>
</div>
</div>

<div class="zm-profile-side-section">
<div class="zm-side-section-inner">
<ul id="profile-side-op" class="profile-side-op">

<li><a href="javascript:void(0);" name="report" class="zg-link-gray-normal">举报用户</a></li>



<li><a href="javascript:void(0);" name="block" class="zg-link-gray-normal">屏蔽用户</a></li>


</ul>
</div>
</div>

<div class="zm-profile-side-section">
<div class="zm-side-section-inner">
<span class="zg-gray-normal">�人主页� <strong>23</strong> 人浏�</span>
</div>
</div>

<script type="text/json" class="json-inline" data-name="current_people">["\u6ed4\u6ed4\u6f47","tao-tao-xiao","https:\/\/pic1.zhimg.com\/d4f06e92c1173dae5dae897f97ea0154_s.png","1a58cb7e00a9609c9cfc5a41da769c6b"]</script>
<div id="zh-footer" class="zh-footer">
<div class="content zg-wrap clearfix">
<ul>

<li><a href="https://liukanshan.zhihu.com" target="_blank">刘看�</a></li>

<li><a href="/question/19581624" target="_blank">知乎指南</a></li>
<li><a href="javascript:;" id="js-feedback-button">建�反�</a></li>

<li><a href="/app" target="_blank">移动应用</a></li>
<li><a href="/careers">加入知乎</a></li>
<li><a href="/terms" target="_blank">知乎协�</a></li>
<li><a href="/contact">联系我们</a></li>

</ul>

<span class="copy">&copy; 2016 知乎</span>

</div>
</div>


</div>


</div>



<script type="text/json" class="json-inline" data-name="guiders2">{"exclusive-popover":{},"section":{},"editor":[]}</script>
<script type="text/json" class="json-inline" data-name="current_user">["alex liu","alex-liu-90-89","https:\/\/pic1.zhimg.com\/da8e974dc_s.jpg","23a3f9208f774c3604303b4f5cfa5593","",0,0,true,"fly8421@outlook.com","http:\/\/login.live.com",0,false,false,false,"31251545194496",false]</script>
<script type="text/json" class="json-inline" data-name="user_status">[null,null]</script>
<script type="text/json" class="json-inline" data-name="env">["zhihu.com","comet.zhihu.com",false,null,false]</script>
<script type="text/json" class="json-inline" data-name="permissions">[]</script>


<script type="text/json" class="json-inline" data-name="ga_vars">{"user_created":1373859581000,"now":1468422166000,"abtest_mask":"---------1--------------------","user_attr":[1,0,0,"-",1],"user_hash":"23a3f9208f774c3604303b4f5cfa5593"}</script>

<script type="text/json" class="json-inline" data-name="ra-urls">{"Report":"https:\/\/static.zhihu.com\/static\/revved\/-\/apps\/Report.de4e9d17.js","Community":"https:\/\/static.zhihu.com\/static\/revved\/-\/apps\/Community.4e11c449.js","OrgAnalytics":"https:\/\/static.zhihu.com\/static\/revved\/-\/apps\/OrgAnalytics.47e1a483.js","common":"https:\/\/static.zhihu.com\/static\/revved\/-\/apps\/common.ed1d17c3.js","CommentApp":"https:\/\/static.zhihu.com\/static\/revved\/-\/apps\/CommentApp.2ab02258.js"}</script>

<script src="https://static.zhihu.com/static/revved/-/js/vendor.ff76fbae.js"></script>
<script src="https://static.zhihu.com/static/revved/-/js/closure/base.16f00cdc.js"></script>

<script src="https://static.zhihu.com/static/revved/-/js/closure/common.da58cddd.js"></script>


<script src="https://static.zhihu.com/static/revved/-/js/closure/richtexteditor.2366981a.js" async></script>
<script src="https://static.zhihu.com/static/revved/-/js/closure/page-profile.cefc86c5.js"></script>
<meta name="entry" content="ZH.entryProfile" data-module-id="page-profile">

<script type="text/zscript" znonce="a78d7a8673af4520b5219812bfccb27a"></script>

<input type="hidden" name="_xsrf" value="e554d006e527eb151cf238216037498e"/>
</body>
</html>
status code:200
�������:Kirio
�������:xu-ming-liang-21
�������:tan-man-ru-28
�������:jiejie_my_lover
�������:sgai
�������:sizhuren
�������:wei-guang-76-4
�������:excited-vczh
�������:lin-qian-qian
�������:comboo_seo
�������:tian-tian-72-27
�������:jiafeimao
�������:python-4
�������:li-wen-chao-99
�������:nekosuke
�������:hua-hua-66-34
�������:fan-qiang-63-90
�������:teeaa
�������:zhu-jing-wen-62
�Ѿ�ץȡ:13����ץȡ--->bi-jin-jin
url-->https://www.zhihu.com/people/bi-jin-jin/followers
status code:200
ץȡ����
now here is the page of -------------> bi-jin-jin
---------------------------------------------->
-----------------------------------------bi-jin-jin
<!DOCTYPE html>
<html lang="zh-CN" dropEffect="none" class="no-js ">
<head>
<meta charset="utf-8" />

<meta http-equiv="X-UA-Compatible" content="IE=edge,chrome=1" />
<meta name="renderer" content="webkit" />
<meta http-equiv="X-ZA-Response-Id" content="b1ada19e0992484ab23abb90d7a7a897">

<title>毕金� 的关注� - 知乎</title>

<meta name="apple-itunes-app" content="app-id=432274380, app-argument=zhihu://people/bi-jin-jin">


<meta name="viewport" content="width=device-width, initial-scale=1, maximum-scale=1"/>
<meta http-equiv="mobile-agent" content="format=html5;url=https://www.zhihu.com/people/bi-jin-jin/followers">
<meta id="znonce" name="znonce" content="a0dd9df8b2644b15ac839fbf21818022">



<link rel="apple-touch-icon" href="https://static.zhihu.com/static/revved/img/ios/touch-icon-152.87c020b9.png" sizes="152x152">
<link rel="apple-touch-icon" href="https://static.zhihu.com/static/revved/img/ios/touch-icon-120.496c913b.png" sizes="120x120">
<link rel="apple-touch-icon" href="https://static.zhihu.com/static/revved/img/ios/touch-icon-76.dcf79352.png" sizes="76x76">
<link rel="apple-touch-icon" href="https://static.zhihu.com/static/revved/img/ios/touch-icon-60.9911cffb.png" sizes="60x60">


<link rel="shortcut icon" href="https://static.zhihu.com/static/favicon.ico" type="image/x-icon">

<link rel="search" type="application/opensearchdescription+xml" href="https://static.zhihu.com/static/search.xml" title="知乎" />
<link rel="stylesheet" href="https://static.zhihu.com/static/revved/-/css/z.f27e53b2.css">
<link rel="stylesheet" href="https://static.zhihu.com/static/revved/-/css/pages/profile/main.9f9b4fe5.css">




<!--[if lt IE 9]>
<script src="https://static.zhihu.com/static/components/respond/dest/respond.min.js"></script>
<link href="https://static.zhihu.com/static/components/respond/cross-domain/respond-proxy.html" id="respond-proxy" rel="respond-proxy" />
<link href="/static/components/respond/cross-domain/respond.proxy.gif" id="respond-redirect" rel="respond-redirect" />
<script src="/static/components/respond/cross-domain/respond.proxy.js"></script>
<![endif]-->
<script src="https://static.zhihu.com/static/revved/-/js/instant.e7a17de6.js"></script>

<style>
.zm-side-section + .zm-side-section {
margin: 20px 0 0 0;
}
.zm-profile-section-list .zm-item-answer-author-info .zm-item-link-avatar {
display: none;
}
</style>

</head>

<body class="zhi ">



<div role="navigation" class="zu-top">
<div class="zg-wrap modal-shifting clearfix" id="zh-top-inner">
<a href="/" class="zu-top-link-logo" id="zh-top-link-logo" data-za-c="view_home" data-za-a="visit_home" data-za-l="top_navigation_zhihu_logo">知乎</a>

<div class="top-nav-profile">
<a href="/people/alex-liu-90-89" class="zu-top-nav-userinfo ">
<span class="name">alex liu</span>
<img class="Avatar" src="https://pic1.zhimg.com/da8e974dc_s.jpg" srcset="https://pic1.zhimg.com/da8e974dc_xs.jpg 2x" alt="alex liu" />
<span id="zh-top-nav-new-pm" class="zg-noti-number zu-top-nav-pm-count"
style="visibility:hidden" data-count="0">

</span>
</a>
<ul class="top-nav-dropdown" id="top-nav-profile-dropdown">
<li>
<a href="/people/alex-liu-90-89">
<i class="zg-icon zg-icon-dd-home"></i>我的主页
</a>
</li>

<li>
<a href="/inbox">
<i class="zg-icon zg-icon-dd-pm"></i>私信
<span id="zh-top-nav-pm-count" class="zu-top-nav-pm-count zg-noti-number"
style="visibility:hidden" data-count="0">

</span>
</a>
</li>
<li>
<a href="/settings">
<i class="zg-icon zg-icon-dd-settings"></i>设置
</a>
</li>
<li>
<a href="/logout">
<i class="zg-icon zg-icon-dd-logout"></i>��
</a>
</li>
</ul>

</div>



<button class="zu-top-add-question" id="zu-top-add-question">提问</button>


<div role="search" id="zh-top-search" class="zu-top-search">
<form method="GET" action="/search" id="zh-top-search-form" class="zu-top-search-form">



<input type="hidden" name="type" value="content">
<label for="q" class="hide-text">知乎搜索</label><input type="text" class="zu-top-search-input" id="q" name="q" autocomplete="off" value="" placeholder="搜索你感兴趣的内�...">
<button type="submit" class="zu-top-search-button"><span class="hide-text">搜索</span><span class="sprite-global-icon-magnifier-dark"></span></button>
</form>
</div>



<div id="zg-top-nav" class="zu-top-nav">
<ul class="zu-top-nav-ul zg-clear">

<li class="zu-top-nav-li " id="zh-top-nav-home">
<a class="zu-top-nav-link" href="/" id="zh-top-link-home" data-za-c="view_home" data-za-a="visit_home" data-za-l="top_navigation_home">首页</a>
</li>



<li class="top-nav-topic-selector zu-top-nav-li " id="zh-top-nav-topic">
<a class="zu-top-nav-link" href="/topic" id="top-nav-dd-topic">话�</a>
</li>

<li class="zu-top-nav-li " id="zh-top-nav-explore">
<a class="zu-top-nav-link" href="/explore">发现</a>
</li>

<li class="top-nav-noti zu-top-nav-li ">
<a class="zu-top-nav-link" href="javascript:;" id="zh-top-nav-count-wrap" role="button"><span class="mobi-arrow"></span>消息</a>
</li>



</ul>
<div class="zu-top-nav-live zu-noti7-popup zg-r5px no-hovercard" id="zh-top-nav-live-new" role="popup" tabindex="0">
<div class="zu-top-nav-live-inner zg-r5px">
<div class="zu-top-live-icon">&nbsp;</div>
<div class="zu-home-noti-inner" id="zh-top-nav-live-new-inner">
<div class="zm-noti7-popup-tab-container clearfix" tabindex="0">
<button class="zm-noti7-popup-tab-item message">
<span class="icon">消息</span>
</button>
<button class="zm-noti7-popup-tab-item user">
<span class="icon">用户</span>
</button>
<button class="zm-noti7-popup-tab-item thanks">
<span class="icon">赞同和感�</span>
</button>
</div>
</div>
<div class="zm-noti7-frame-border top"></div>
<div class="zm-noti7-frame">
<div class="zm-noti7-content message">
<div class="zm-noti7-content-inner">
<div class="zm-noti7-content-body">
<div class="zm-noti7-popup-loading">
<span class="noti-spinner-loading"></span>
</div>
</div>
</div>
</div>
<div class="zm-noti7-content user" style="display:none;">
<div class="zm-noti7-content-inner">
<div class="zm-noti7-content-body">
<div class="zm-noti7-popup-loading">
<span class="noti-spinner-loading"></span>
</div>
</div>
</div>
</div>
<div class="zm-noti7-content thanks" style="display:none;">
<div class="zm-noti7-content-inner">
<div class="zm-noti7-content-body">
<div class="zm-noti7-popup-loading">
<span class="noti-spinner-loading"></span>
</div>
</div>
</div>
</div>
</div>
<div class="zm-noti7-frame-border bottom"></div>
<div class="zm-noti7-popup-footer">
<a href="/notifications" class="zm-noti7-popup-footer-all zg-right">查看全部 &raquo;</a>
<a href="/settings/notification" class="zm-noti7-popup-footer-set" title="通知设置" ><i class="zg-icon zg-icon-settings"></i></a>
</div>
</div>
</div>

</div>

</div>
</div>


<div class="zu-global-notify" id="zh-global-message" style="display:none">
<div class="zg-wrap">
<div class="zu-global-nitify-inner">
<a class="zu-global-notify-close" href="javascript:;" title="关闭" name="close">x</a>
<span class="zu-global-notify-icon"></span>
<span class="zu-global-notify-msg"></span>
</div>
</div>
</div>




<div class="zg-wrap zu-main clearfix "  role="main">
<div class="zu-main-content">
<div class="zu-main-content-inner">






<div class="zm-profile-header ProfileCard">
<div class="zm-profile-header-main">
<div class="top">

<div class='weibo-wrap'>

<a class="zm-profile-header-user-weibo" target="_blank" href="http://weibo.com/8023yyf" data-tip="s$b$新浪��"><i class="zm-profile-header-icon sina"></i></a>

</div>

<div class="title-section ellipsis">
<a class="name" href="/people/bi-jin-jin">毕金�</a>
</div>
</div>
<div class="body clearfix">

<img class="Avatar Avatar--l" src="https://pic1.zhimg.com/da8e974dc_l.jpg" srcset="https://pic1.zhimg.com/da8e974dc_xl.jpg 2x" alt="毕金�" />

<div class="zm-profile-header-info">
<div class="zm-profile-header-user-describe">
<div class="items">

<div class="item editable-group" data-name="location">

<span class="info-wrap">



<span class="item gender" ><i class="icon icon-profile-female"></i></span>


</span>
<span class="edit-wrap" style="display:none;">
<span class="topic-input-wrap"><input autocomplete="off" aria-haspopup="true" type="text" name="location" value="" class="zg-form-text-input location" placeholder="居住�"/></span>
<div class="business-selection">
<select name="business">
<option value="">选择行业</option>


<option value="高新科技">高新科技</option>

<option value="互联�">&nbsp;&nbsp;&nbsp;互联�</option>

<option value="电子商务">&nbsp;&nbsp;&nbsp;电子商务</option>

<option value="电子游戏">&nbsp;&nbsp;&nbsp;电子游戏</option>

<option value="计算机软�">&nbsp;&nbsp;&nbsp;计算机软�</option>

<option value="计算机硬�">&nbsp;&nbsp;&nbsp;计算机硬�</option>




<option value="信息传媒">信息传媒</option>

<option value="出版�">&nbsp;&nbsp;&nbsp;出版�</option>

<option value="电影录音">&nbsp;&nbsp;&nbsp;电影录音</option>

<option value="广播电�">&nbsp;&nbsp;&nbsp;广播电�</option>

<option value="通信">&nbsp;&nbsp;&nbsp;通信</option>




<option value="金融">金融</option>

<option value="银�">&nbsp;&nbsp;&nbsp;银�</option>

<option value="资本投资">&nbsp;&nbsp;&nbsp;资本投资</option>

<option value="证券投资">&nbsp;&nbsp;&nbsp;证券投资</option>

<option value="保险">&nbsp;&nbsp;&nbsp;保险</option>

<option value="信贷">&nbsp;&nbsp;&nbsp;信贷</option>

<option value="财务">&nbsp;&nbsp;&nbsp;财务</option>

<option value="审�">&nbsp;&nbsp;&nbsp;审�</option>




<option value="服务�">服务�</option>

<option value="法律">&nbsp;&nbsp;&nbsp;法律</option>

<option value="餐饮">&nbsp;&nbsp;&nbsp;餐饮</option>

<option value="酒店">&nbsp;&nbsp;&nbsp;酒店</option>

<option value="旅游">&nbsp;&nbsp;&nbsp;旅游</option>

<option value="广告">&nbsp;&nbsp;&nbsp;广告</option>

<option value="��">&nbsp;&nbsp;&nbsp;��</option>

<option value="��">&nbsp;&nbsp;&nbsp;��</option>

<option value="咨�分�">&nbsp;&nbsp;&nbsp;咨�分�</option>

<option value="市场推广">&nbsp;&nbsp;&nbsp;市场推广</option>

<option value="人力资源">&nbsp;&nbsp;&nbsp;人力资源</option>

<option value="社工服务">&nbsp;&nbsp;&nbsp;社工服务</option>

<option value="养�服�">&nbsp;&nbsp;&nbsp;养�服�</option>




<option value="教育">教育</option>

<option value="高等教育">&nbsp;&nbsp;&nbsp;高等教育</option>

<option value="基�教育">&nbsp;&nbsp;&nbsp;基�教育</option>

<option value="职业教育">&nbsp;&nbsp;&nbsp;职业教育</option>

<option value="幼儿教育">&nbsp;&nbsp;&nbsp;幼儿教育</option>

<option value="特殊教育">&nbsp;&nbsp;&nbsp;特殊教育</option>

<option value="培�">&nbsp;&nbsp;&nbsp;培�</option>




<option value="医疗服务">医疗服务</option>

<option value="临床医疗">&nbsp;&nbsp;&nbsp;临床医疗</option>

<option value="制药">&nbsp;&nbsp;&nbsp;制药</option>

<option value="保健">&nbsp;&nbsp;&nbsp;保健</option>

<option value="美�">&nbsp;&nbsp;&nbsp;美�</option>

<option value="医疗器材">&nbsp;&nbsp;&nbsp;医疗器材</option>

<option value="生物工程">&nbsp;&nbsp;&nbsp;生物工程</option>

<option value="疗养服务">&nbsp;&nbsp;&nbsp;疗养服务</option>

<option value="护理服务">&nbsp;&nbsp;&nbsp;护理服务</option>




<option value="艺术娱乐">艺术娱乐</option>

<option value="创意艺术">&nbsp;&nbsp;&nbsp;创意艺术</option>

<option value="体育健身">&nbsp;&nbsp;&nbsp;体育健身</option>

<option value="娱乐休闲">&nbsp;&nbsp;&nbsp;娱乐休闲</option>

<option value="图书�">&nbsp;&nbsp;&nbsp;图书�</option>

<option value="博物�">&nbsp;&nbsp;&nbsp;博物�</option>

<option value="策展">&nbsp;&nbsp;&nbsp;策展</option>

<option value="博彩">&nbsp;&nbsp;&nbsp;博彩</option>




<option value="制�加�">制�加�</option>

<option value="食品�料业">&nbsp;&nbsp;&nbsp;食品�料业</option>

<option value="纺织�革业">&nbsp;&nbsp;&nbsp;纺织�革业</option>

<option value="服�业">&nbsp;&nbsp;&nbsp;服�业</option>

<option value="烟草�">&nbsp;&nbsp;&nbsp;烟草�</option>

<option value="造纸�">&nbsp;&nbsp;&nbsp;造纸�</option>

<option value="印刷�">&nbsp;&nbsp;&nbsp;印刷�</option>

<option value="化工�">&nbsp;&nbsp;&nbsp;化工�</option>

<option value="汽车">&nbsp;&nbsp;&nbsp;汽车</option>

<option value="家具">&nbsp;&nbsp;&nbsp;家具</option>

<option value="电子电器">&nbsp;&nbsp;&nbsp;电子电器</option>

<option value="机���">&nbsp;&nbsp;&nbsp;机���</option>

<option value="塑料工业">&nbsp;&nbsp;&nbsp;塑料工业</option>

<option value="金属加工">&nbsp;&nbsp;&nbsp;金属加工</option>

<option value="军火">&nbsp;&nbsp;&nbsp;军火</option>




<option value="地产建筑">地产建筑</option>

<option value="房地�">&nbsp;&nbsp;&nbsp;房地�</option>

<option value="装饰装潢">&nbsp;&nbsp;&nbsp;装饰装潢</option>

<option value="物业服务">&nbsp;&nbsp;&nbsp;物业服务</option>

<option value="特殊建�">&nbsp;&nbsp;&nbsp;特殊建�</option>

<option value="建筑设�">&nbsp;&nbsp;&nbsp;建筑设�</option>




<option value="贸易零售">贸易零售</option>

<option value="零售">&nbsp;&nbsp;&nbsp;零售</option>

<option value="大宗交易">&nbsp;&nbsp;&nbsp;大宗交易</option>

<option value="进出口贸�">&nbsp;&nbsp;&nbsp;进出口贸�</option>




<option value="�共服�">�共服�</option>

<option value="政府">&nbsp;&nbsp;&nbsp;政府</option>

<option value="国防军事">&nbsp;&nbsp;&nbsp;国防军事</option>

<option value="��">&nbsp;&nbsp;&nbsp;��</option>

<option value="科研">&nbsp;&nbsp;&nbsp;科研</option>

<option value="给排�">&nbsp;&nbsp;&nbsp;给排�</option>

<option value="水利能源">&nbsp;&nbsp;&nbsp;水利能源</option>

<option value="电力电网">&nbsp;&nbsp;&nbsp;电力电网</option>

<option value="�共�理">&nbsp;&nbsp;&nbsp;�共�理</option>

<option value="�境保�">&nbsp;&nbsp;&nbsp;�境保�</option>

<option value="非营利组�">&nbsp;&nbsp;&nbsp;非营利组�</option>




<option value="�采冶�">�采冶�</option>

<option value="煤炭工业">&nbsp;&nbsp;&nbsp;煤炭工业</option>

<option value="石油工业">&nbsp;&nbsp;&nbsp;石油工业</option>

<option value="黑色金属">&nbsp;&nbsp;&nbsp;黑色金属</option>

<option value="有色金属">&nbsp;&nbsp;&nbsp;有色金属</option>

<option value="土砂石开�">&nbsp;&nbsp;&nbsp;土砂石开�</option>

<option value="地热��">&nbsp;&nbsp;&nbsp;地热��</option>




<option value="交�仓�">交�仓�</option>

<option value="��">&nbsp;&nbsp;&nbsp;��</option>

<option value="物流递�">&nbsp;&nbsp;&nbsp;物流递�</option>

<option value="地面运输">&nbsp;&nbsp;&nbsp;地面运输</option>

<option value="铁路运输">&nbsp;&nbsp;&nbsp;铁路运输</option>

<option value="管线运输">&nbsp;&nbsp;&nbsp;管线运输</option>

<option value="�运业">&nbsp;&nbsp;&nbsp;�运业</option>

<option value="民用�空业">&nbsp;&nbsp;&nbsp;民用�空业</option>




<option value="农林牧渔">农林牧渔</option>

<option value="种�业">&nbsp;&nbsp;&nbsp;种�业</option>

<option value="畜牧养殖�">&nbsp;&nbsp;&nbsp;畜牧养殖�</option>

<option value="林业">&nbsp;&nbsp;&nbsp;林业</option>

<option value="渔业">&nbsp;&nbsp;&nbsp;渔业</option>



</select>
</div>
<span class="zg-bull"></span>
<input type="radio" name="gender" value="1"  class="male"/> �&nbsp;&nbsp;
<input type="radio" name="gender" value="0" checked="checked" class="female"/> �
<a class="zg-btn-blue" name="save" href="javascript:;">��</a>
</span>
</div>


<div class="item">

<a class="zm-profile-header-user-detail zg-link-litblue-normal zm-profile-icon-return" href="/people/bi-jin-jin">
<i class="icon zm-profile-header-icon"></i>
<span>返回�人主�</span>
</a>

</div>

</div>

</div>
</div>
</div>
</div>



<div class="zm-profile-header-operation zg-clear ">
<div class="zm-profile-header-info-list">
<span class="zm-profile-header-info-title">获得</span>
<span class="zm-profile-header-user-agree"><span class="zm-profile-header-icon"></span><strong>0</strong>赞同</span>
<span class="zm-profile-header-user-thanks"><span class="zm-profile-header-icon"></span><strong>0</strong>感谢</span>

</div>

<div class="zm-profile-header-op-btns clearfix">


<button data-follow="m:button" data-id="2243583979bb826d5404d64868b31347" class="zg-btn zg-btn-follow zm-rich-follow-btn">关注�</button>



<a href="/inbox/5783794800" class="zg-btn-white zm-profile-header-pm-btn" id="zm-profile-header-pm-btn"><i class="zg-icon">私信</i></a>


</div>

</div>
<div class="profile-navbar clearfix">
<a class="item home first "
href="/people/bi-jin-jin">
<i class="icon icon-profile-tab-home"></i><span class="hide-text">主页</span>
</a>
<a class="item "
href="/people/bi-jin-jin/asks">
提问
<span class="num">0</span>
</a>
<a class="item "
href="/people/bi-jin-jin/answers">
回答
<span class="num">0</span>
</a>
<a class="item "
href="/people/bi-jin-jin/posts">
文章
<span class="num">0</span>
</a>

<a class="item "
href="/people/bi-jin-jin/collections">
收藏
<span class="num">0</span>
</a>
<a class="item "
href="/people/bi-jin-jin/logs">
�共编�
<span class="num">0</span>
</a>

</div>

</div>


<div class="zm-profile-section-wrap">
<div class="zm-profile-section-head">
<span class="zm-profile-section-name"><a href="/people/bi-jin-jin">毕金�</a> � 0 人关�</span>
<a class="zg-right zg-link-litblue-normal zm-profile-answer-page-return" href="/people/bi-jin-jin">返回�人主�</a>

</div>
<div class="zm-profile-section-list">
<div id="zh-profile-follows-list">
<div class="zh-general-list clearfix" data-init="{&quot;params&quot;: {&quot;offset&quot;: 0, &quot;order_by&quot;: &quot;created&quot;, &quot;hash_id&quot;: &quot;2243583979bb826d5404d64868b31347&quot;}, &quot;nodename&quot;: &quot;ProfileFollowersListV2&quot;}">

</div>
</div>
</div>
</div>


</div>
</div>


<div class="zu-main-sidebar">

<div class="zm-profile-side-following zg-clear">
<a class="item" href="/people/bi-jin-jin/followees">
<span class="zg-gray-normal">关注�</span><br />
<strong>61</strong><label> �</label>
</a>
<a class="item" href="/people/bi-jin-jin/followers">
<span class="zg-gray-normal">关注�</span><br />
<strong>0</strong><label> �</label>
</a>
</div>
<div class="zm-profile-side-section">
<div class="zm-side-section-inner zg-clear">
<div class="zm-profile-side-section-title">
关注� <a href="/people/bi-jin-jin/columns/followed" class="zg-link-litblue"><strong>1 �专栏</strong></a>
</div>
<div class="zm-profile-side-columns">

<a href="http://zhuanlan.zhihu.com/phos-study" data-tip="c$t$phos-study" class="link" target="_blank">
<img class="Avatar Avatar--is" src="https://pic2.zhimg.com/0bd536ab9_l.jpg" srcset="https://pic2.zhimg.com/0bd536ab9_l.jpg 2x" alt="万物为师" />
</a>

</div>
</div>
</div>
<div class="zm-profile-side-section">
<div class="zm-side-section-inner zg-clear">
<div class="zm-profile-side-section-title">
关注� <a href="/people/bi-jin-jin/topics" class="zg-link-litblue"><strong>64 �话�</strong></a>
</div>
<div class="zm-profile-side-topics" id="zh-profile-following-topic">

<a class="link" data-tip="t$t$19554051" href="/topic/19554051">
<img class="Avatar Avatar--l" src="https://pic1.zhimg.com/bb001daf610146168242bff98cf514ec_l.png" srcset="https://pic1.zhimg.com/bb001daf610146168242bff98cf514ec_xl.png 2x" alt="装修" />
</a>

<a class="link" data-tip="t$t$19695712" href="/topic/19695712">
<img class="Avatar Avatar--l" src="https://pic2.zhimg.com/03803fe41f331b3c48f9230a34cc9fa9_l.jpg" srcset="https://pic2.zhimg.com/03803fe41f331b3c48f9230a34cc9fa9_xl.jpg 2x" alt="加州大�洛杉矶分校 ( UCLA )" />
</a>

<a class="link" data-tip="t$t$19550262" href="/topic/19550262">
<img class="Avatar Avatar--l" src="https://pic3.zhimg.com/b287a6708874fede0307b73cf0cfeb32_l.jpg" srcset="https://pic3.zhimg.com/b287a6708874fede0307b73cf0cfeb32_xl.jpg 2x" alt="MacBook" />
</a>

<a class="link" data-tip="t$t$19584904" href="/topic/19584904">
<img class="Avatar Avatar--l" src="https://pic3.zhimg.com/52537cc66_l.jpg" srcset="https://pic3.zhimg.com/52537cc66_xl.jpg 2x" alt="雅�" />
</a>

<a class="link" data-tip="t$t$19555763" href="/topic/19555763">
<img class="Avatar Avatar--l" src="https://pic3.zhimg.com/14761edf5f1d748c6a3c3bcb6a4c86ea_l.jpg" srcset="https://pic3.zhimg.com/14761edf5f1d748c6a3c3bcb6a4c86ea_xl.jpg 2x" alt="命运" />
</a>

<a class="link" data-tip="t$t$19588006" href="/topic/19588006">
<img class="Avatar Avatar--l" src="https://pic2.zhimg.com/a384af665_l.jpg" srcset="https://pic2.zhimg.com/a384af665_xl.jpg 2x" alt="工作" />
</a>

<a class="link" data-tip="t$t$19553437" href="/topic/19553437">
<img class="Avatar Avatar--l" src="https://pic1.zhimg.com/a901e6841f071b29c4010b00ebcc5664_l.jpg" srcset="https://pic1.zhimg.com/a901e6841f071b29c4010b00ebcc5664_xl.jpg 2x" alt="台湾" />
</a>

</div>
</div>
</div>

<div class="zm-profile-side-section">
<div class="zm-side-section-inner">
<ul id="profile-side-op" class="profile-side-op">

<li><a href="javascript:void(0);" name="report" class="zg-link-gray-normal">举报用户</a></li>



<li><a href="javascript:void(0);" name="block" class="zg-link-gray-normal">屏蔽用户</a></li>


</ul>
</div>
</div>

<div class="zm-profile-side-section">
<div class="zm-side-section-inner">
<span class="zg-gray-normal">�人主页� <strong>36</strong> 人浏�</span>
</div>
</div>

<script type="text/json" class="json-inline" data-name="current_people">["\u6bd5\u91d1\u91d1","bi-jin-jin","https:\/\/pic1.zhimg.com\/da8e974dc_s.jpg","2243583979bb826d5404d64868b31347"]</script>
<div id="zh-footer" class="zh-footer">
<div class="content zg-wrap clearfix">
<ul>

<li><a href="https://liukanshan.zhihu.com" target="_blank">刘看�</a></li>

<li><a href="/question/19581624" target="_blank">知乎指南</a></li>
<li><a href="javascript:;" id="js-feedback-button">建�反�</a></li>

<li><a href="/app" target="_blank">移动应用</a></li>
<li><a href="/careers">加入知乎</a></li>
<li><a href="/terms" target="_blank">知乎协�</a></li>
<li><a href="/contact">联系我们</a></li>

</ul>

<span class="copy">&copy; 2016 知乎</span>

</div>
</div>


</div>


</div>



<script type="text/json" class="json-inline" data-name="guiders2">{"exclusive-popover":{},"section":{},"editor":[]}</script>
<script type="text/json" class="json-inline" data-name="current_user">["alex liu","alex-liu-90-89","https:\/\/pic1.zhimg.com\/da8e974dc_s.jpg","23a3f9208f774c3604303b4f5cfa5593","",0,0,true,"fly8421@outlook.com","http:\/\/login.live.com",0,false,false,false,"31251545194496",false]</script>
<script type="text/json" class="json-inline" data-name="user_status">[null,null]</script>
<script type="text/json" class="json-inline" data-name="env">["zhihu.com","comet.zhihu.com",false,null,false]</script>
<script type="text/json" class="json-inline" data-name="permissions">[]</script>


<script type="text/json" class="json-inline" data-name="ga_vars">{"user_created":1373859581000,"now":1468422168000,"abtest_mask":"---------1--------------------","user_attr":[1,0,0,"-",1],"user_hash":"23a3f9208f774c3604303b4f5cfa5593"}</script>

<script type="text/json" class="json-inline" data-name="ra-urls">{"Report":"https:\/\/static.zhihu.com\/static\/revved\/-\/apps\/Report.de4e9d17.js","Community":"https:\/\/static.zhihu.com\/static\/revved\/-\/apps\/Community.4e11c449.js","OrgAnalytics":"https:\/\/static.zhihu.com\/static\/revved\/-\/apps\/OrgAnalytics.47e1a483.js","common":"https:\/\/static.zhihu.com\/static\/revved\/-\/apps\/common.ed1d17c3.js","CommentApp":"https:\/\/static.zhihu.com\/static\/revved\/-\/apps\/CommentApp.2ab02258.js"}</script>

<script src="https://static.zhihu.com/static/revved/-/js/vendor.ff76fbae.js"></script>
<script src="https://static.zhihu.com/static/revved/-/js/closure/base.16f00cdc.js"></script>

<script src="https://static.zhihu.com/static/revved/-/js/closure/common.da58cddd.js"></script>


<script src="https://static.zhihu.com/static/revved/-/js/closure/richtexteditor.2366981a.js" async></script>
<script src="https://static.zhihu.com/static/revved/-/js/closure/page-profile.cefc86c5.js"></script>
<meta name="entry" content="ZH.entryProfile" data-module-id="page-profile">

<script type="text/zscript" znonce="a0dd9df8b2644b15ac839fbf21818022"></script>

<input type="hidden" name="_xsrf" value="e554d006e527eb151cf238216037498e"/>
</body>
</html>